python : 
所在位置 行:1 字符: 24
+ ... ig_caching; python train_single_agent.py --algorithm OPTIMIZED_TD3 -- ...
+                 ~~~~~~~~~~~~~~~~~~~~~~~~~~~~~~~~~~~~~~~~~~~~~~~~~~~~~~~~~
    + CategoryInfo          : NotSpecified: (:String) [], RemoteException
    + FullyQualifiedErrorId : NativeCommandError
 
[璧勬簮鍒嗛厤妯″紡妫€鏌
  CENTRAL_RESOURCE 鐜鍙橀噺: '1'
  use_central_resource: True
鉁?鍚敤涓ぎ璧勬簮鍒嗛厤鏋舵瀯锛歅hase 1(鍐崇瓥) + Phase 2(鎵ц)
   鐜绫诲瀷: OptimizedTD3Wrapper
   鍩虹鍔ㄤ綔缁村害: 19
   涓ぎ璧勬簮鍔ㄤ綔缁村害: 30
   鐘舵€佹墿灞曠淮搴? +16
[OK] Unified reward calculator (GENERAL)
   Core weights: delay=2.00, energy=0.70, drop=0.100
   Normalisation: delay/0.40, energy/1200
[OK] Unified reward calculator (SAC)
   Core weights: delay=2.00, energy=0.70, drop=0.100
   Normalisation: delay/0.40, energy/1200
馃攼 鍏ㄥ眬闅忔満绉嶅瓙宸茶缃负 42
馃幆 鍚敤涓ぎ璧勬簮鍒嗛厤鏋舵瀯锛圥hase 1 + Phase 2锛塠榛樿妯″紡]

================================================================================
馃殌 CAMTD3 璁粌绯荤粺鍚姩
================================================================================
绯荤粺鍚嶇О: CAMTD3 (Cache-Aware Migration with Twin Delayed DDPG)
浣跨敤绠楁硶: OPTIMIZED_TD3
绯荤粺鏋舵瀯: Phase 1 (涓ぎ璧勬簮鍒嗛厤) + Phase 2 (浠诲姟鎵ц)
璁粌杞暟: 50
闅忔満绉嶅瓙: 42
瀹屾暣鍚嶇О: CAMTD3-OPTIMIZED_TD3
================================================================================


>> 寮€濮婳PTIMIZED_TD3鍗曟櫤鑳戒綋绠楁硶璁粌
============================================================
馃殌 [Training] Using Enhanced Cache System (Default) with:
   - Hierarchical L1/L2 caching (3GB + 7GB)
   - Adaptive HeatBasedCacheStrategy
   - Inter-RSU collaboration
杞﹁締鍒濆鍖栧畬鎴愶細涓诲共閬撳弻璺彛鍦烘櫙
鍒涘缓浜?12 杞﹁締, 4 RSU, 2 UAV
涓ぎRSU璋冨害鍣ㄥ凡鍚敤: RSU_2
[Topology] Central RSU configured as RSU_2 for coordination.
[EnhancedSimulator] Initializing advanced caching system...
[EnhancedSimulator] Using adaptive HeatBasedCacheStrategy
[EnhancedSimulator] Advanced caching initialized
馃 鑷€傚簲缂撳瓨鎺у埗鍣ㄥ垵濮嬪寲瀹屾垚
馃 鑷€傚簲杩佺Щ鎺у埗鍣ㄥ垵濮嬪寲瀹屾垚
馃 宸插惎鐢ㄨ嚜閫傚簲缂撳瓨鍜岃縼绉绘帶鍒跺姛鑳?
[EnhancedTD3] 浣跨敤GAT璺敱鍣ㄦ瀯寤篈ctor
[EnhancedTD3] 浣跨敤闃熷垪鎰熺煡鍥炴斁 (queue_priority_weight=0.5)
[EnhancedTD3] 鍒濆鍖栧畬鎴?
  - 鍒嗗竷寮廋ritic: False
  - 鐔垫鍒欏寲: False
  - 妯″瀷鍖栭娴? False
  - 闃熷垪鎰熺煡鍥炴斁: True
  - GAT璺敱鍣? True
[OptimizedTD3] init done
  topology: vehicles=12, rsus=4, uavs=2
  state_dim: 114
  action_dim: 49
  optimizations: Queue-aware Replay + GNN Attention
[OptimizedTD3] 浣跨敤绮剧畝浼樺寲閰嶇疆 (Queue+GNN)
鈿栵笍 鍔ㄦ€佽皟鏁磋兘鑰楃洰鏍? 2160.0J (杞﹁締鏁?12, 姣忚溅棰勭畻=180.0J)
鉁?OPTIMIZED_TD3璁粌鐜鍒濆鍖栧畬鎴?
鉁?绠楁硶绫诲瀷: 鍗曟櫤鑳戒綋
馃寪 鍚姩瀹炴椂鍙鍖栨湇鍔″櫒 (绔彛: 5000)
馃寪 鍚姩瀹炴椂鍙鍖栨湇鍔″櫒鍦?http://localhost:5000
 * Serving Flask app 'scripts.visualize.realtime_visualization'
 * Debug mode: off
INFO:werkzeug:[31m[1mWARNING: This is a development server. Do not use it in a pro
duction deployment. Use a production WSGI server instead.[0m
 * Running on all addresses (0.0.0.0)
 * Running on http://127.0.0.1:5000
 * Running on http://198.18.0.1:5000
INFO:werkzeug:[33mPress CTRL+C to quit[0m
鉁?娴忚鍣ㄥ凡鎵撳紑锛岃闂?http://localhost:5000 鏌ョ湅瀹炴椂鍙鍖?
鉁?瀹炴椂鍙鍖栧凡鍚敤锛岃闂?http://localhost:5000
璁粌閰嶇疆:
  绠楁硶: OPTIMIZED_TD3
  鎬昏疆娆? 50
  璇勪及闂撮殧: 10 (鑷姩璋冩暣)
  淇濆瓨闂撮殧: 50 (鑷姩璋冩暣)
  楂樼鍙鍖? 绂佺敤
  瀹炴椂鍙鍖? 鍚敤 鉁?
  濂栧姳鏉冮噸: 寤惰繜=2.00, 鑳借€?0.70, 涓㈠純=0.18
  鐩爣绾︽潫: 鏃跺欢鈮?.40s, 鑳借€椻墹2160J
------------------------------------------------------------

馃搳 宸插惎鐢ㄤ换鍔″鐞嗘柟寮忓垎甯冪粺璁★紙姣?涓猠pisode杈撳嚭涓€娆★級
杞﹁締鍒濆鍖栧畬鎴愶細涓诲共閬撳弻璺彛鍦烘櫙
鍒涘缓浜?12 杞﹁締, 4 RSU, 2 UAV
涓ぎRSU璋冨害鍣ㄥ凡鍚敤: RSU_2
[Topology] Central RSU configured as RSU_2 for coordination.
鍒濆鍖栦簡 6 涓紦瀛樼鐞嗗櫒
[璋冭瘯] Episode 0001: 寤惰繜 0.058s, 鑳借€?0.32J, 瀹屾垚鐜?100.0%, 杩佺Щ鎴愬姛鐜?0.0%, 缂撳瓨鍛戒腑 0.0%, 鏁版嵁鎹熷け 0.0%, 缂撳瓨娣樻卑鐜?0.0%
[璋冭瘯] Episode 0001: 寤惰繜 5.000s, 鑳借€?156.28J, 瀹屾垚鐜?100.0%, 杩佺Щ鎴愬姛鐜?0.0%, 缂撳瓨鍛戒腑 0.0%, 鏁版嵁鎹熷け 0.0%, 缂撳瓨娣樻卑鐜?0.0%
[璋冭瘯] Episode 0001: 寤惰繜 5.000s, 鑳借€?176.10J, 瀹屾垚鐜?100.0%, 杩佺Щ鎴愬姛鐜?0.0%, 缂撳瓨鍛戒腑 0.0%, 鏁版嵁鎹熷け 0.0%, 缂撳瓨娣樻卑鐜?0.0%
[璋冭瘯] Episode 0001: 寤惰繜 5.000s, 鑳借€?176.10J, 瀹屾垚鐜?100.0%, 杩佺Щ鎴愬姛鐜?0.0%, 缂撳瓨鍛戒腑 0.0%, 鏁版嵁鎹熷け 0.0%, 缂撳瓨娣樻卑鐜?0.0%
[璋冭瘯] Episode 0001: 寤惰繜 5.000s, 鑳借€?223.03J, 瀹屾垚鐜?83.3%, 杩佺Щ鎴愬姛鐜?0.0%, 缂撳瓨鍛戒腑 0.0%, 鏁版嵁鎹熷け 0.4%, 缂撳瓨娣樻卑鐜?0.0%
[璋冭瘯] Episode 0001: 寤惰繜 5.000s, 鑳借€?240.39J, 瀹屾垚鐜?85.7%, 杩佺Щ鎴愬姛鐜?0.0%, 缂撳瓨鍛戒腑 0.0%, 鏁版嵁鎹熷け 0.4%, 缂撳瓨娣樻卑鐜?0.0%
[璋冭瘯] Episode 0001: 寤惰繜 4.552s, 鑳借€?258.20J, 瀹屾垚鐜?87.5%, 杩佺Щ鎴愬姛鐜?0.0%, 缂撳瓨鍛戒腑 0.0%, 鏁版嵁鎹熷け 0.4%, 缂撳瓨娣樻卑鐜?0.0%
[璋冭瘯] Episode 0001: 寤惰繜 3.564s, 鑳借€?293.05J, 瀹屾垚鐜?90.0%, 杩佺Щ鎴愬姛鐜?0.0%, 缂撳瓨鍛戒腑 0.0%, 鏁版嵁鎹熷け 0.4%, 缂撳瓨娣樻卑鐜?0.0%
[璋冭瘯] Episode 0001: 寤惰繜 3.541s, 鑳借€?303.41J, 瀹屾垚鐜?90.9%, 杩佺Щ鎴愬姛鐜?0.0%, 缂撳瓨鍛戒腑 0.0%, 鏁版嵁鎹熷け 0.1%, 缂撳瓨娣樻卑鐜?0.0%
[璋冭瘯] Episode 0001: 寤惰繜 3.264s, 鑳借€?306.11J, 瀹屾垚鐜?84.6%, 杩佺Щ鎴愬姛鐜?0.0%, 缂撳瓨鍛戒腑 0.0%, 鏁版嵁鎹熷け 0.1%, 缂撳瓨娣樻卑鐜?0.0%
[璋冭瘯] Episode 0001: 寤惰繜 2.596s, 鑳借€?356.80J, 瀹屾垚鐜?87.5%, 杩佺Щ鎴愬姛鐜?0.0%, 缂撳瓨鍛戒腑 0.0%, 鏁版嵁鎹熷け 0.1%, 缂撳瓨娣樻卑鐜?0.0%
[璋冭瘯] Episode 0001: 寤惰繜 2.616s, 鑳借€?364.17J, 瀹屾垚鐜?88.2%, 杩佺Щ鎴愬姛鐜?0.0%, 缂撳瓨鍛戒腑 0.0%, 鏁版嵁鎹熷け 0.1%, 缂撳瓨娣樻卑鐜?0.0%
[璋冭瘯] Episode 0001: 寤惰繜 2.420s, 鑳借€?368.11J, 瀹屾垚鐜?89.5%, 杩佺Щ鎴愬姛鐜?0.0%, 缂撳瓨鍛戒腑 0.0%, 鏁版嵁鎹熷け 0.1%, 缂撳瓨娣樻卑鐜?0.0%
[璋冭瘯] Episode 0001: 寤惰繜 2.078s, 鑳借€?411.10J, 瀹屾垚鐜?90.9%, 杩佺Щ鎴愬姛鐜?0.0%, 缂撳瓨鍛戒腑 0.0%, 鏁版嵁鎹熷け 0.1%, 缂撳瓨娣樻卑鐜?0.0%
棣冨箚 uav_1 鐟欙箑褰傛潻浣盒? 涓嶳SU璐熻浇宸繃澶?33.3%) (缁毖勨偓銉ュ:0.244)
馃攳 杩佺Щ缁熻: 鎵ц1娆? 鎴愬姛1娆? 鎴愬姛鐜?00.0%
[璋冭瘯] Episode 0001: 寤惰繜 2.009s, 鑳借€?432.17J, 瀹屾垚鐜?91.7%, 杩佺Щ鎴愬姛鐜?100.0%, 缂撳瓨鍛戒腑 0.0%, 鏁版嵁鎹熷け 0.1%, 缂撳瓨娣樻卑鐜?0.0%
棣冨箚 rsu_1 鐟欙箑褰傛潻浣盒? 鐑棬鍐呭棰勭儹 + 璧勬簮杩囪浇(甯﹀:99.0%) + 璐熻浇宸?34.8%) (缁毖勨偓銉ュ:1.797)
馃攲 鏈夌嚎鍥炰紶缃戠粶妯″瀷鍒濆鍖栧畬鎴?
馃攳 杩佺Щ缁熻: 鎵ц2娆? 鎴愬姛2娆? 鎴愬姛鐜?00.0%
[璋冭瘯] Episode 0001: 寤惰繜 1.770s, 鑳借€?494.79J, 瀹屾垚鐜?92.6%, 杩佺Щ鎴愬姛鐜?100.0%, 缂撳瓨鍛戒腑 0.0%, 鏁版嵁鎹熷け 0.1%, 缂撳瓨娣樻卑鐜?0.0%
棣冨箚 rsu_0 鐟欙箑褰傛潻浣盒? 鐑棬鍐呭棰勭儹 + 璧勬簮杩囪浇(甯﹀:99.0%) + 璐熻浇宸?41.5%) (缁毖勨偓銉ュ:1.870)
馃攳 杩佺Щ缁熻: 鎵ц3娆? 鎴愬姛3娆? 鎴愬姛鐜?00.0%
[璋冭瘯] Episode 0001: 寤惰繜 1.727s, 鑳借€?516.34J, 瀹屾垚鐜?93.3%, 杩佺Щ鎴愬姛鐜?100.0%, 缂撳瓨鍛戒腑 0.0%, 鏁版嵁鎹熷け 0.1%, 缂撳瓨娣樻卑鐜?0.0%
棣冨箚 rsu_2 鐟欙箑褰傛潻浣盒? 鐑棬鍐呭棰勭儹 + 璧勬簮杩囪浇(甯﹀:99.0%) + 璐熻浇宸?36.8%) (缁毖勨偓銉ュ:1.854)
馃攳 杩佺Щ缁熻: 鎵ц4娆? 鎴愬姛4娆? 鎴愬姛鐜?00.0%
[璋冭瘯] Episode 0001: 寤惰繜 1.728s, 鑳借€?516.34J, 瀹屾垚鐜?93.3%, 杩佺Щ鎴愬姛鐜?100.0%, 缂撳瓨鍛戒腑 0.0%, 鏁版嵁鎹熷け 0.1%, 缂撳瓨娣樻卑鐜?0.0%
馃攳 杩佺Щ缁熻: 鎵ц4娆? 鎴愬姛4娆? 鎴愬姛鐜?00.0%
[璋冭瘯] Episode 0001: 寤惰繜 1.479s, 鑳借€?582.86J, 瀹屾垚鐜?94.3%, 杩佺Щ鎴愬姛鐜?100.0%, 缂撳瓨鍛戒腑 0.0%, 鏁版嵁鎹熷け 0.1%, 缂撳瓨娣樻卑鐜?0.0%
馃攳 杩佺Щ缁熻: 鎵ц4娆? 鎴愬姛4娆? 鎴愬姛鐜?00.0%
[璋冭瘯] Episode 0001: 寤惰繜 1.435s, 鑳借€?592.77J, 瀹屾垚鐜?94.4%, 杩佺Щ鎴愬姛鐜?100.0%, 缂撳瓨鍛戒腑 0.0%, 鏁版嵁鎹熷け 0.1%, 缂撳瓨娣樻卑鐜?0.0%
馃攳 杩佺Щ缁熻: 鎵ц4娆? 鎴愬姛4娆? 鎴愬姛鐜?00.0%
[璋冭瘯] Episode 0001: 寤惰繜 1.387s, 鑳借€?616.46J, 瀹屾垚鐜?94.7%, 杩佺Щ鎴愬姛鐜?100.0%, 缂撳瓨鍛戒腑 0.0%, 鏁版嵁鎹熷け 0.1%, 缂撳瓨娣樻卑鐜?0.0%
馃攳 杩佺Щ缁熻: 鎵ц4娆? 鎴愬姛4娆? 鎴愬姛鐜?00.0%
[璋冭瘯] Episode 0001: 寤惰繜 1.292s, 鑳借€?653.54J, 瀹屾垚鐜?95.1%, 杩佺Щ鎴愬姛鐜?100.0%, 缂撳瓨鍛戒腑 0.0%, 鏁版嵁鎹熷け 0.1%, 缂撳瓨娣樻卑鐜?0.0%
馃攳 杩佺Щ缁熻: 鎵ц4娆? 鎴愬姛4娆? 鎴愬姛鐜?00.0%
[璋冭瘯] Episode 0001: 寤惰繜 1.260s, 鑳借€?668.74J, 瀹屾垚鐜?93.0%, 杩佺Щ鎴愬姛鐜?100.0%, 缂撳瓨鍛戒腑 0.0%, 鏁版嵁鎹熷け 33.3%, 缂撳瓨娣樻卑鐜?0.0%
馃攳 杩佺Щ缁熻: 鎵ц4娆? 鎴愬姛4娆? 鎴愬姛鐜?00.0%
[璋冭瘯] Episode 0001: 寤惰繜 1.299s, 鑳借€?687.42J, 瀹屾垚鐜?93.3%, 杩佺Щ鎴愬姛鐜?100.0%, 缂撳瓨鍛戒腑 0.0%, 鏁版嵁鎹熷け 33.1%, 缂撳瓨娣樻卑鐜?0.0%
馃攳 杩佺Щ缁熻: 鎵ц4娆? 鎴愬姛4娆? 鎴愬姛鐜?00.0%
[璋冭瘯] Episode 0001: 寤惰繜 1.300s, 鑳借€?687.43J, 瀹屾垚鐜?93.3%, 杩佺Щ鎴愬姛鐜?100.0%, 缂撳瓨鍛戒腑 0.0%, 鏁版嵁鎹熷け 32.9%, 缂撳瓨娣樻卑鐜?0.0%
馃攳 杩佺Щ缁熻: 鎵ц4娆? 鎴愬姛4娆? 鎴愬姛鐜?00.0%
[璋冭瘯] Episode 0001: 寤惰繜 1.245s, 鑳借€?720.62J, 瀹屾垚鐜?93.6%, 杩佺Щ鎴愬姛鐜?100.0%, 缂撳瓨鍛戒腑 0.0%, 鏁版嵁鎹熷け 32.9%, 缂撳瓨娣樻卑鐜?0.0%
馃攳 杩佺Щ缁熻: 鎵ц4娆? 鎴愬姛4娆? 鎴愬姛鐜?00.0%
[璋冭瘯] Episode 0001: 寤惰繜 1.171s, 鑳借€?782.83J, 瀹屾垚鐜?92.2%, 杩佺Щ鎴愬姛鐜?100.0%, 缂撳瓨鍛戒腑 0.0%, 鏁版嵁鎹熷け 32.9%, 缂撳瓨娣樻卑鐜?0.0%
馃攳 杩佺Щ缁熻: 鎵ц4娆? 鎴愬姛4娆? 鎴愬姛鐜?00.0%
[璋冭瘯] Episode 0001: 寤惰繜 1.131s, 鑳借€?785.06J, 瀹屾垚鐜?92.5%, 杩佺Щ鎴愬姛鐜?100.0%, 缂撳瓨鍛戒腑 0.0%, 鏁版嵁鎹熷け 32.8%, 缂撳瓨娣樻卑鐜?0.0%
馃攳 杩佺Щ缁熻: 鎵ц4娆? 鎴愬姛4娆? 鎴愬姛鐜?00.0%
[璋冭瘯] Episode 0001: 寤惰繜 1.078s, 鑳借€?815.91J, 瀹屾垚鐜?92.9%, 杩佺Щ鎴愬姛鐜?100.0%, 缂撳瓨鍛戒腑 0.0%, 鏁版嵁鎹熷け 32.7%, 缂撳瓨娣樻卑鐜?0.0%
馃攳 杩佺Щ缁熻: 鎵ц4娆? 鎴愬姛4娆? 鎴愬姛鐜?00.0%
[璋冭瘯] Episode 0001: 寤惰繜 1.047s, 鑳借€?827.66J, 瀹屾垚鐜?93.1%, 杩佺Щ鎴愬姛鐜?100.0%, 缂撳瓨鍛戒腑 0.0%, 鏁版嵁鎹熷け 32.7%, 缂撳瓨娣樻卑鐜?0.0%
馃攳 杩佺Щ缁熻: 鎵ц4娆? 鎴愬姛4娆? 鎴愬姛鐜?00.0%
[璋冭瘯] Episode 0001: 寤惰繜 1.033s, 鑳借€?839.89J, 瀹屾垚鐜?93.3%, 杩佺Щ鎴愬姛鐜?100.0%, 缂撳瓨鍛戒腑 0.0%, 鏁版嵁鎹熷け 32.7%, 缂撳瓨娣樻卑鐜?0.0%
馃攳 杩佺Щ缁熻: 鎵ц4娆? 鎴愬姛4娆? 鎴愬姛鐜?00.0%
[璋冭瘯] Episode 0001: 寤惰繜 1.043s, 鑳借€?866.26J, 瀹屾垚鐜?93.5%, 杩佺Щ鎴愬姛鐜?100.0%, 缂撳瓨鍛戒腑 0.0%, 鏁版嵁鎹熷け 32.5%, 缂撳瓨娣樻卑鐜?0.0%
馃攳 杩佺Щ缁熻: 鎵ц4娆? 鎴愬姛4娆? 鎴愬姛鐜?00.0%
[璋冭瘯] Episode 0001: 寤惰繜 1.050s, 鑳借€?891.17J, 瀹屾垚鐜?93.7%, 杩佺Щ鎴愬姛鐜?100.0%, 缂撳瓨鍛戒腑 0.0%, 鏁版嵁鎹熷け 32.3%, 缂撳瓨娣樻卑鐜?0.0%
馃攳 杩佺Щ缁熻: 鎵ц4娆? 鎴愬姛4娆? 鎴愬姛鐜?00.0%
[璋冭瘯] Episode 0001: 寤惰繜 1.022s, 鑳借€?949.62J, 瀹屾垚鐜?93.8%, 杩佺Щ鎴愬姛鐜?100.0%, 缂撳瓨鍛戒腑 0.0%, 鏁版嵁鎹熷け 32.3%, 缂撳瓨娣樻卑鐜?0.0%
馃攳 杩佺Щ缁熻: 鎵ц4娆? 鎴愬姛4娆? 鎴愬姛鐜?00.0%
[璋冭瘯] Episode 0001: 寤惰繜 1.043s, 鑳借€?984.25J, 瀹屾垚鐜?94.1%, 杩佺Щ鎴愬姛鐜?100.0%, 缂撳瓨鍛戒腑 0.0%, 鏁版嵁鎹熷け 32.1%, 缂撳瓨娣樻卑鐜?0.0%
棣冨箚 uav_0 鐟欙箑褰傛潻浣盒? 涓嶳SU璐熻浇宸繃澶?33.3%) (缁毖勨偓銉ュ:0.183)
馃攳 杩佺Щ缁熻: 鎵ц5娆? 鎴愬姛5娆? 鎴愬姛鐜?00.0%
[璋冭瘯] Episode 0001: 寤惰繜 1.014s, 鑳借€?1032.84J, 瀹屾垚鐜?94.4%, 杩佺Щ鎴愬姛鐜?100.0%, 缂撳瓨鍛戒腑 0.0%, 鏁版嵁鎹熷け 32.0%, 缂撳瓨娣樻卑鐜?0.0%
馃攳 杩佺Щ缁熻: 鎵ц5娆? 鎴愬姛5娆? 鎴愬姛鐜?00.0%
[璋冭瘯] Episode 0001: 寤惰繜 1.023s, 鑳借€?1078.16J, 瀹屾垚鐜?93.2%, 杩佺Щ鎴愬姛鐜?100.0%, 缂撳瓨鍛戒腑 0.0%, 鏁版嵁鎹熷け 31.8%, 缂撳瓨娣樻卑鐜?0.0%
馃攳 杩佺Щ缁熻: 鎵ц5娆? 鎴愬姛5娆? 鎴愬姛鐜?00.0%
[璋冭瘯] Episode 0001: 寤惰繜 1.023s, 鑳借€?1078.17J, 瀹屾垚鐜?91.9%, 杩佺Щ鎴愬姛鐜?100.0%, 缂撳瓨鍛戒腑 0.0%, 鏁版嵁鎹熷け 62.3%, 缂撳瓨娣樻卑鐜?0.0%
馃攳 杩佺Щ缁熻: 鎵ц5娆? 鎴愬姛5娆? 鎴愬姛鐜?00.0%
[璋冭瘯] Episode 0001: 寤惰繜 1.014s, 鑳借€?1154.33J, 瀹屾垚鐜?92.3%, 杩佺Щ鎴愬姛鐜?100.0%, 缂撳瓨鍛戒腑 0.0%, 鏁版嵁鎹熷け 62.1%, 缂撳瓨娣樻卑鐜?0.0%
馃攳 杩佺Щ缁熻: 鎵ц5娆? 鎴愬姛5娆? 鎴愬姛鐜?00.0%
[璋冭瘯] Episode 0001: 寤惰繜 1.039s, 鑳借€?1154.59J, 瀹屾垚鐜?92.3%, 杩佺Щ鎴愬姛鐜?100.0%, 缂撳瓨鍛戒腑 0.0%, 鏁版嵁鎹熷け 61.9%, 缂撳瓨娣樻卑鐜?0.0%
馃攳 杩佺Щ缁熻: 鎵ц5娆? 鎴愬姛5娆? 鎴愬姛鐜?00.0%
[璋冭瘯] Episode 0001: 寤惰繜 1.014s, 鑳借€?1209.89J, 瀹屾垚鐜?92.6%, 杩佺Щ鎴愬姛鐜?100.0%, 缂撳瓨鍛戒腑 1.6%, 鏁版嵁鎹熷け 61.7%, 缂撳瓨娣樻卑鐜?0.0%
馃攳 杩佺Щ缁熻: 鎵ц5娆? 鎴愬姛5娆? 鎴愬姛鐜?00.0%
[璋冭瘯] Episode 0001: 寤惰繜 2.795s, 鑳借€?2114.31J, 瀹屾垚鐜?91.9%, 杩佺Щ鎴愬姛鐜?100.0%, 缂撳瓨鍛戒腑 1.6%, 鏁版嵁鎹熷け 47.6%, 缂撳瓨娣樻卑鐜?0.0%
馃攳 杩佺Щ缁熻: 鎵ц5娆? 鎴愬姛5娆? 鎴愬姛鐜?00.0%
[璋冭瘯] Episode 0001: 寤惰繜 2.738s, 鑳借€?2120.19J, 瀹屾垚鐜?92.0%, 杩佺Щ鎴愬姛鐜?100.0%, 缂撳瓨鍛戒腑 1.6%, 鏁版嵁鎹熷け 47.5%, 缂撳瓨娣樻卑鐜?0.0%
馃攳 杩佺Щ缁熻: 鎵ц5娆? 鎴愬姛5娆? 鎴愬姛鐜?00.0%
[璋冭瘯] Episode 0001: 寤惰繜 2.748s, 鑳借€?2120.29J, 瀹屾垚鐜?92.0%, 杩佺Щ鎴愬姛鐜?100.0%, 缂撳瓨鍛戒腑 1.6%, 鏁版嵁鎹熷け 47.5%, 缂撳瓨娣樻卑鐜?0.0%
馃攳 杩佺Щ缁熻: 鎵ц5娆? 鎴愬姛5娆? 鎴愬姛鐜?00.0%
[璋冭瘯] Episode 0001: 寤惰繜 2.704s, 鑳借€?2123.86J, 瀹屾垚鐜?92.2%, 杩佺Щ鎴愬姛鐜?100.0%, 缂撳瓨鍛戒腑 1.5%, 鏁版嵁鎹熷け 47.4%, 缂撳瓨娣樻卑鐜?0.0%
馃攳 杩佺Щ缁熻: 鎵ц5娆? 鎴愬姛5娆? 鎴愬姛鐜?00.0%
[璋冭瘯] Episode 0001: 寤惰繜 2.617s, 鑳借€?2165.74J, 瀹屾垚鐜?92.5%, 杩佺Щ鎴愬姛鐜?100.0%, 缂撳瓨鍛戒腑 1.5%, 鏁版嵁鎹熷け 47.3%, 缂撳瓨娣樻卑鐜?0.0%
浠诲姟鍒嗙被缁熻(100): 绫诲瀷1=0.0%, 绫诲瀷2=7.0%, 绫诲瀷3=42.0%, 绫诲瀷4=51.0%
   褰撳墠浠诲姟: traffic_info, 1.14s 鈫?绫诲瀷4, 鏁版嵁0.09MB
   馃捑 缂撳瓨缁熻: 鍛戒腑鐜?1.47% (鎬诲懡涓?2, 鏈湴:0, 鏈懡涓?134)
馃攳 杩佺Щ缁熻: 鎵ц5娆? 鎴愬姛5娆? 鎴愬姛鐜?00.0%
[璋冭瘯] Episode 0001: 寤惰繜 2.574s, 鑳借€?2176.62J, 瀹屾垚鐜?92.6%, 杩佺Щ鎴愬姛鐜?100.0%, 缂撳瓨鍛戒腑 1.5%, 鏁版嵁鎹熷け 47.2%, 缂撳瓨娣樻卑鐜?0.0%
馃攳 杩佺Щ缁熻: 鎵ц5娆? 鎴愬姛5娆? 鎴愬姛鐜?00.0%
[璋冭瘯] Episode 0001: 寤惰繜 2.527s, 鑳借€?2206.15J, 瀹屾垚鐜?92.8%, 杩佺Щ鎴愬姛鐜?100.0%, 缂撳瓨鍛戒腑 1.4%, 鏁版嵁鎹熷け 47.2%, 缂撳瓨娣樻卑鐜?0.0%
馃攳 杩佺Щ缁熻: 鎵ц5娆? 鎴愬姛5娆? 鎴愬姛鐜?00.0%
[璋冭瘯] Episode 0001: 寤惰繜 2.450s, 鑳借€?2272.33J, 瀹屾垚鐜?93.1%, 杩佺Щ鎴愬姛鐜?100.0%, 缂撳瓨鍛戒腑 1.4%, 鏁版嵁鎹熷け 46.9%, 缂撳瓨娣樻卑鐜?0.0%
馃攳 杩佺Щ缁熻: 鎵ц5娆? 鎴愬姛5娆? 鎴愬姛鐜?00.0%
[璋冭瘯] Episode 0001: 寤惰繜 2.454s, 鑳借€?2272.38J, 瀹屾垚鐜?93.1%, 杩佺Щ鎴愬姛鐜?100.0%, 缂撳瓨鍛戒腑 1.4%, 鏁版嵁鎹熷け 46.9%, 缂撳瓨娣樻卑鐜?0.0%
馃攳 杩佺Щ缁熻: 鎵ц5娆? 鎴愬姛5娆? 鎴愬姛鐜?00.0%
[璋冭瘯] Episode 0001: 寤惰繜 2.431s, 鑳借€?2312.44J, 瀹屾垚鐜?93.2%, 杩佺Щ鎴愬姛鐜?100.0%, 缂撳瓨鍛戒腑 1.3%, 鏁版嵁鎹熷け 46.8%, 缂撳瓨娣樻卑鐜?0.0%
馃攳 杩佺Щ缁熻: 鎵ц5娆? 鎴愬姛5娆? 鎴愬姛鐜?00.0%
[璋冭瘯] Episode 0001: 寤惰繜 2.384s, 鑳借€?2352.07J, 瀹屾垚鐜?93.3%, 杩佺Щ鎴愬姛鐜?100.0%, 缂撳瓨鍛戒腑 1.3%, 鏁版嵁鎹熷け 46.8%, 缂撳瓨娣樻卑鐜?0.0%
馃攳 杩佺Щ缁熻: 鎵ц5娆? 鎴愬姛5娆? 鎴愬姛鐜?00.0%
[璋冭瘯] Episode 0001: 寤惰繜 2.355s, 鑳借€?2440.83J, 瀹屾垚鐜?93.5%, 杩佺Щ鎴愬姛鐜?100.0%, 缂撳瓨鍛戒腑 1.3%, 鏁版嵁鎹熷け 46.7%, 缂撳瓨娣樻卑鐜?0.0%
馃攳 杩佺Щ缁熻: 鎵ц5娆? 鎴愬姛5娆? 鎴愬姛鐜?00.0%
[璋冭瘯] Episode 0001: 寤惰繜 2.332s, 鑳借€?2443.85J, 瀹屾垚鐜?93.6%, 杩佺Щ鎴愬姛鐜?100.0%, 缂撳瓨鍛戒腑 1.3%, 鏁版嵁鎹熷け 46.7%, 缂撳瓨娣樻卑鐜?0.0%
馃攳 杩佺Щ缁熻: 鎵ц5娆? 鎴愬姛5娆? 鎴愬姛鐜?00.0%
[璋冭瘯] Episode 0001: 寤惰繜 2.278s, 鑳借€?2474.36J, 瀹屾垚鐜?93.8%, 杩佺Щ鎴愬姛鐜?100.0%, 缂撳瓨鍛戒腑 1.2%, 鏁版嵁鎹熷け 46.5%, 缂撳瓨娣樻卑鐜?0.0%
棣冨箚 rsu_1 鐟欙箑褰傛潻浣盒? 鐑棬鍐呭棰勭儹 + 璧勬簮杩囪浇(甯﹀:99.0%) + 璐熻浇宸?40.7%) (缁毖勨偓銉ュ:1.896)
馃攳 杩佺Щ缁熻: 鎵ц6娆? 鎴愬姛6娆? 鎴愬姛鐜?00.0%
[璋冭瘯] Episode 0001: 寤惰繜 2.262s, 鑳借€?2477.45J, 瀹屾垚鐜?93.8%, 杩佺Щ鎴愬姛鐜?100.0%, 缂撳瓨鍛戒腑 1.2%, 鏁版嵁鎹熷け 37.4%, 缂撳瓨娣樻卑鐜?0.0%
棣冨箚 rsu_0 鐟欙箑褰傛潻浣盒? 鐑棬鍐呭棰勭儹 + 璧勬簮杩囪浇(甯﹀:99.0%) + 璐熻浇宸?39.4%) (缁毖勨偓銉ュ:1.833)
馃攳 杩佺Щ缁熻: 鎵ц7娆? 鎴愬姛7娆? 鎴愬姛鐜?00.0%
[璋冭瘯] Episode 0001: 寤惰繜 2.167s, 鑳借€?2534.99J, 瀹屾垚鐜?94.1%, 杩佺Щ鎴愬姛鐜?100.0%, 缂撳瓨鍛戒腑 1.2%, 鏁版嵁鎹熷け 37.3%, 缂撳瓨娣樻卑鐜?0.0%
棣冨箚 rsu_2 鐟欙箑褰傛潻浣盒? 鐑棬鍐呭棰勭儹 + 璧勬簮杩囪浇(甯﹀:99.0%) + 璐熻浇宸?42.9%) (缁毖勨偓銉ュ:1.836)
馃攳 杩佺Щ缁熻: 鎵ц8娆? 鎴愬姛8娆? 鎴愬姛鐜?00.0%
[璋冭瘯] Episode 0001: 寤惰繜 2.116s, 鑳借€?2610.34J, 瀹屾垚鐜?94.3%, 杩佺Щ鎴愬姛鐜?100.0%, 缂撳瓨鍛戒腑 1.1%, 鏁版嵁鎹熷け 37.2%, 缂撳瓨娣樻卑鐜?0.0%
馃攳 杩佺Щ缁熻: 鎵ц8娆? 鎴愬姛8娆? 鎴愬姛鐜?00.0%
[璋冭瘯] Episode 0001: 寤惰繜 2.127s, 鑳借€?2610.48J, 瀹屾垚鐜?94.3%, 杩佺Щ鎴愬姛鐜?100.0%, 缂撳瓨鍛戒腑 1.1%, 鏁版嵁鎹熷け 37.1%, 缂撳瓨娣樻卑鐜?0.0%
馃攳 杩佺Щ缁熻: 鎵ц8娆? 鎴愬姛8娆? 鎴愬姛鐜?00.0%
[璋冭瘯] Episode 0001: 寤惰繜 2.109s, 鑳借€?2646.65J, 瀹屾垚鐜?94.3%, 杩佺Щ鎴愬姛鐜?100.0%, 缂撳瓨鍛戒腑 1.1%, 鏁版嵁鎹熷け 37.1%, 缂撳瓨娣樻卑鐜?0.0%
馃攳 杩佺Щ缁熻: 鎵ц8娆? 鎴愬姛8娆? 鎴愬姛鐜?00.0%
[璋冭瘯] Episode 0001: 寤惰繜 2.105s, 鑳借€?2700.31J, 瀹屾垚鐜?94.4%, 杩佺Щ鎴愬姛鐜?100.0%, 缂撳瓨鍛戒腑 1.1%, 鏁版嵁鎹熷け 37.0%, 缂撳瓨娣樻卑鐜?0.0%
馃攳 杩佺Щ缁熻: 鎵ц8娆? 鎴愬姛8娆? 鎴愬姛鐜?00.0%
[璋冭瘯] Episode 0001: 寤惰繜 2.050s, 鑳借€?2782.96J, 瀹屾垚鐜?94.6%, 杩佺Щ鎴愬姛鐜?100.0%, 缂撳瓨鍛戒腑 1.1%, 鏁版嵁鎹熷け 36.9%, 缂撳瓨娣樻卑鐜?0.0%
馃攳 杩佺Щ缁熻: 鎵ц8娆? 鎴愬姛8娆? 鎴愬姛鐜?00.0%
[璋冭瘯] Episode 0001: 寤惰繜 2.025s, 鑳借€?2802.89J, 瀹屾垚鐜?94.7%, 杩佺Щ鎴愬姛鐜?100.0%, 缂撳瓨鍛戒腑 1.0%, 鏁版嵁鎹熷け 36.9%, 缂撳瓨娣樻卑鐜?0.0%
馃攳 杩佺Щ缁熻: 鎵ц8娆? 鎴愬姛8娆? 鎴愬姛鐜?00.0%
[璋冭瘯] Episode 0001: 寤惰繜 2.034s, 鑳借€?2803.03J, 瀹屾垚鐜?94.7%, 杩佺Щ鎴愬姛鐜?100.0%, 缂撳瓨鍛戒腑 1.0%, 鏁版嵁鎹熷け 36.8%, 缂撳瓨娣樻卑鐜?0.0%
馃攳 杩佺Щ缁熻: 鎵ц8娆? 鎴愬姛8娆? 鎴愬姛鐜?00.0%
[璋冭瘯] Episode 0001: 寤惰繜 2.004s, 鑳借€?2822.85J, 瀹屾垚鐜?94.7%, 杩佺Щ鎴愬姛鐜?100.0%, 缂撳瓨鍛戒腑 1.0%, 鏁版嵁鎹熷け 36.8%, 缂撳瓨娣樻卑鐜?0.0%
馃攳 杩佺Щ缁熻: 鎵ц8娆? 鎴愬姛8娆? 鎴愬姛鐜?00.0%
[璋冭瘯] Episode 0001: 寤惰繜 3.142s, 鑳借€?3706.03J, 瀹屾垚鐜?94.9%, 杩佺Щ鎴愬姛鐜?100.0%, 缂撳瓨鍛戒腑 1.0%, 鏁版嵁鎹熷け 31.0%, 缂撳瓨娣樻卑鐜?0.0%
馃攳 杩佺Щ缁熻: 鎵ц8娆? 鎴愬姛8娆? 鎴愬姛鐜?00.0%
[璋冭瘯] Episode 0001: 寤惰繜 3.107s, 鑳借€?3715.12J, 瀹屾垚鐜?94.9%, 杩佺Щ鎴愬姛鐜?100.0%, 缂撳瓨鍛戒腑 1.0%, 鏁版嵁鎹熷け 30.9%, 缂撳瓨娣樻卑鐜?0.0%
馃攳 杩佺Щ缁熻: 鎵ц8娆? 鎴愬姛8娆? 鎴愬姛鐜?00.0%
[璋冭瘯] Episode 0001: 寤惰繜 3.084s, 鑳借€?3715.54J, 瀹屾垚鐜?94.3%, 杩佺Щ鎴愬姛鐜?100.0%, 缂撳瓨鍛戒腑 1.0%, 鏁版嵁鎹熷け 30.9%, 缂撳瓨娣樻卑鐜?0.0%
馃攳 杩佺Щ缁熻: 鎵ц8娆? 鎴愬姛8娆? 鎴愬姛鐜?00.0%
[璋冭瘯] Episode 0001: 寤惰繜 3.074s, 鑳借€?3718.71J, 瀹屾垚鐜?94.3%, 杩佺Щ鎴愬姛鐜?100.0%, 缂撳瓨鍛戒腑 1.0%, 鏁版嵁鎹熷け 30.8%, 缂撳瓨娣樻卑鐜?0.0%
馃攳 杩佺Щ缁熻: 鎵ц8娆? 鎴愬姛8娆? 鎴愬姛鐜?00.0%
[璋冭瘯] Episode 0001: 寤惰繜 3.038s, 鑳借€?3742.30J, 瀹屾垚鐜?94.4%, 杩佺Щ鎴愬姛鐜?100.0%, 缂撳瓨鍛戒腑 1.0%, 鏁版嵁鎹熷け 30.8%, 缂撳瓨娣樻卑鐜?0.0%
馃攳 杩佺Щ缁熻: 鎵ц8娆? 鎴愬姛8娆? 鎴愬姛鐜?00.0%
[璋冭瘯] Episode 0001: 寤惰繜 2.984s, 鑳借€?3770.70J, 瀹屾垚鐜?94.6%, 杩佺Щ鎴愬姛鐜?100.0%, 缂撳瓨鍛戒腑 1.4%, 鏁版嵁鎹熷け 30.7%, 缂撳瓨娣樻卑鐜?0.0%
馃攳 杩佺Щ缁熻: 鎵ц8娆? 鎴愬姛8娆? 鎴愬姛鐜?00.0%
[璋冭瘯] Episode 0001: 寤惰繜 2.942s, 鑳借€?3786.90J, 瀹屾垚鐜?94.7%, 杩佺Щ鎴愬姛鐜?100.0%, 缂撳瓨鍛戒腑 1.9%, 鏁版嵁鎹熷け 26.6%, 缂撳瓨娣樻卑鐜?0.0%
馃攳 杩佺Щ缁熻: 鎵ц8娆? 鎴愬姛8娆? 鎴愬姛鐜?00.0%
[璋冭瘯] Episode 0001: 寤惰繜 2.892s, 鑳借€?3809.44J, 瀹屾垚鐜?94.8%, 杩佺Щ鎴愬姛鐜?100.0%, 缂撳瓨鍛戒腑 1.8%, 鏁版嵁鎹熷け 26.5%, 缂撳瓨娣樻卑鐜?0.0%
馃攳 杩佺Щ缁熻: 鎵ц8娆? 鎴愬姛8娆? 鎴愬姛鐜?00.0%
[璋冭瘯] Episode 0001: 寤惰繜 2.831s, 鑳借€?3873.44J, 瀹屾垚鐜?94.9%, 杩佺Щ鎴愬姛鐜?100.0%, 缂撳瓨鍛戒腑 1.8%, 鏁版嵁鎹熷け 26.5%, 缂撳瓨娣樻卑鐜?0.0%
馃攳 杩佺Щ缁熻: 鎵ц8娆? 鎴愬姛8娆? 鎴愬姛鐜?00.0%
[璋冭瘯] Episode 0001: 寤惰繜 2.782s, 鑳借€?3938.03J, 瀹屾垚鐜?95.0%, 杩佺Щ鎴愬姛鐜?100.0%, 缂撳瓨鍛戒腑 1.8%, 鏁版嵁鎹熷け 26.5%, 缂撳瓨娣樻卑鐜?0.0%
馃攳 杩佺Щ缁熻: 鎵ц8娆? 鎴愬姛8娆? 鎴愬姛鐜?00.0%
[璋冭瘯] Episode 0001: 寤惰繜 2.732s, 鑳借€?4000.92J, 瀹屾垚鐜?95.1%, 杩佺Щ鎴愬姛鐜?100.0%, 缂撳瓨鍛戒腑 1.7%, 鏁版嵁鎹熷け 26.5%, 缂撳瓨娣樻卑鐜?0.0%
馃攳 杩佺Щ缁熻: 鎵ц8娆? 鎴愬姛8娆? 鎴愬姛鐜?00.0%
[璋冭瘯] Episode 0001: 寤惰繜 2.714s, 鑳借€?4046.10J, 瀹屾垚鐜?95.1%, 杩佺Щ鎴愬姛鐜?100.0%, 缂撳瓨鍛戒腑 1.7%, 鏁版嵁鎹熷け 26.4%, 缂撳瓨娣樻卑鐜?0.0%
馃攳 杩佺Щ缁熻: 鎵ц8娆? 鎴愬姛8娆? 鎴愬姛鐜?00.0%
[璋冭瘯] Episode 0001: 寤惰繜 2.657s, 鑳借€?4087.13J, 瀹屾垚鐜?95.2%, 杩佺Щ鎴愬姛鐜?100.0%, 缂撳瓨鍛戒腑 2.1%, 鏁版嵁鎹熷け 26.4%, 缂撳瓨娣樻卑鐜?0.0%
[VehicleMigration] handover #1: vehicle V_2 task task_159 RSU_0 -> RSU_1
   Trigger: distance 277.6m > threshold 275.3m (speed 16.4 m/s)
   Score: 407.6 -> 237.7 (improvement 41.7%)
   Queue trend: RSU_0: 1 -> 0, RSU_1: 2 -> 3
[Migration] Executed 1 vehicle-following migrations.
馃攳 杩佺Щ缁熻: 鎵ц9娆? 鎴愬姛9娆? 鎴愬姛鐜?00.0%
[璋冭瘯] Episode 0001: 寤惰繜 2.596s, 鑳借€?4133.92J, 瀹屾垚鐜?95.3%, 杩佺Щ鎴愬姛鐜?100.0%, 缂撳瓨鍛戒腑 2.9%, 鏁版嵁鎹熷け 26.4%, 缂撳瓨娣樻卑鐜?0.0%
馃攳 杩佺Щ缁熻: 鎵ц9娆? 鎴愬姛9娆? 鎴愬姛鐜?00.0%
[璋冭瘯] Episode 0001: 寤惰繜 2.559s, 鑳借€?4147.69J, 瀹屾垚鐜?95.4%, 杩佺Щ鎴愬姛鐜?100.0%, 缂撳瓨鍛戒腑 3.3%, 鏁版嵁鎹熷け 26.4%, 缂撳瓨娣樻卑鐜?0.0%
馃攳 杩佺Щ缁熻: 鎵ц9娆? 鎴愬姛9娆? 鎴愬姛鐜?00.0%
[璋冭瘯] Episode 0001: 寤惰繜 2.526s, 鑳借€?4154.81J, 瀹屾垚鐜?95.5%, 杩佺Щ鎴愬姛鐜?100.0%, 缂撳瓨鍛戒腑 3.2%, 鏁版嵁鎹熷け 26.3%, 缂撳瓨娣樻卑鐜?0.0%
馃攳 杩佺Щ缁熻: 鎵ц9娆? 鎴愬姛9娆? 鎴愬姛鐜?00.0%
[璋冭瘯] Episode 0001: 寤惰繜 2.490s, 鑳借€?4191.68J, 瀹屾垚鐜?95.6%, 杩佺Щ鎴愬姛鐜?100.0%, 缂撳瓨鍛戒腑 3.2%, 鏁版嵁鎹熷け 25.7%, 缂撳瓨娣樻卑鐜?0.0%
馃攳 杩佺Щ缁熻: 鎵ц9娆? 鎴愬姛9娆? 鎴愬姛鐜?00.0%
[璋冭瘯] Episode 0001: 寤惰繜 2.445s, 鑳借€?4222.50J, 瀹屾垚鐜?95.2%, 杩佺Щ鎴愬姛鐜?100.0%, 缂撳瓨鍛戒腑 3.2%, 鏁版嵁鎹熷け 25.7%, 缂撳瓨娣樻卑鐜?0.0%
馃攳 杩佺Щ缁熻: 鎵ц9娆? 鎴愬姛9娆? 鎴愬姛鐜?00.0%
[璋冭瘯] Episode 0001: 寤惰繜 2.447s, 鑳借€?4238.62J, 瀹屾垚鐜?95.2%, 杩佺Щ鎴愬姛鐜?100.0%, 缂撳瓨鍛戒腑 3.1%, 鏁版嵁鎹熷け 25.6%, 缂撳瓨娣樻卑鐜?0.0%
浠诲姟鍒嗙被缁熻(200): 绫诲瀷1=0.0%, 绫诲瀷2=7.0%, 绫诲瀷3=45.0%, 绫诲瀷4=48.0%
   褰撳墠浠诲姟: safety_alert, 0.14s 鈫?绫诲瀷4, 鏁版嵁0.05MB
   馃捑 缂撳瓨缁熻: 鍛戒腑鐜?3.10% (鎬诲懡涓?8, 鏈湴:0, 鏈懡涓?250)
馃攳 杩佺Щ缁熻: 鎵ц9娆? 鎴愬姛9娆? 鎴愬姛鐜?00.0%
[璋冭瘯] Episode 0001: 寤惰繜 2.416s, 鑳借€?4255.72J, 瀹屾垚鐜?95.3%, 杩佺Щ鎴愬姛鐜?100.0%, 缂撳瓨鍛戒腑 3.1%, 鏁版嵁鎹熷け 25.5%, 缂撳瓨娣樻卑鐜?0.0%
馃攳 杩佺Щ缁熻: 鎵ц9娆? 鎴愬姛9娆? 鎴愬姛鐜?00.0%
[璋冭瘯] Episode 0001: 寤惰繜 2.420s, 鑳借€?4300.91J, 瀹屾垚鐜?95.4%, 杩佺Щ鎴愬姛鐜?100.0%, 缂撳瓨鍛戒腑 3.0%, 鏁版嵁鎹熷け 25.5%, 缂撳瓨娣樻卑鐜?0.0%
馃攳 杩佺Щ缁熻: 鎵ц9娆? 鎴愬姛9娆? 鎴愬姛鐜?00.0%
[璋冭瘯] Episode 0001: 寤惰繜 2.401s, 鑳借€?4347.24J, 瀹屾垚鐜?95.4%, 杩佺Щ鎴愬姛鐜?100.0%, 缂撳瓨鍛戒腑 3.0%, 鏁版嵁鎹熷け 25.4%, 缂撳瓨娣樻卑鐜?0.0%
棣冨箚 rsu_1 鐟欙箑褰傛潻浣盒? 鐑棬鍐呭棰勭儹 + 璧勬簮杩囪浇(甯﹀:99.0%) + 璐熻浇宸?50.9%) (缁毖勨偓銉ュ:2.018)
棣冨箚 uav_1 鐟欙箑褰傛潻浣盒? 涓嶳SU璐熻浇宸繃澶?33.3%) (缁毖勨偓銉ュ:0.146)
馃攳 杩佺Щ缁熻: 鎵ц11娆? 鎴愬姛11娆? 鎴愬姛鐜?00.0%
[璋冭瘯] Episode 0001: 寤惰繜 2.370s, 鑳借€?4390.65J, 瀹屾垚鐜?95.5%, 杩佺Щ鎴愬姛鐜?100.0%, 缂撳瓨鍛戒腑 3.7%, 鏁版嵁鎹熷け 25.4%, 缂撳瓨娣樻卑鐜?0.0%
馃攳 杩佺Щ缁熻: 鎵ц11娆? 鎴愬姛11娆? 鎴愬姛鐜?00.0%
[璋冭瘯] Episode 0001: 寤惰繜 2.318s, 鑳借€?4481.07J, 瀹屾垚鐜?95.6%, 杩佺Щ鎴愬姛鐜?100.0%, 缂撳瓨鍛戒腑 3.7%, 鏁版嵁鎹熷け 25.3%, 缂撳瓨娣樻卑鐜?0.0%
馃攳 杩佺Щ缁熻: 鎵ц11娆? 鎴愬姛11娆? 鎴愬姛鐜?00.0%
[璋冭瘯] Episode 0001: 寤惰繜 2.274s, 鑳借€?4559.06J, 瀹屾垚鐜?95.8%, 杩佺Щ鎴愬姛鐜?100.0%, 缂撳瓨鍛戒腑 3.6%, 鏁版嵁鎹熷け 25.2%, 缂撳瓨娣樻卑鐜?0.0%
馃攳 杩佺Щ缁熻: 鎵ц11娆? 鎴愬姛11娆? 鎴愬姛鐜?00.0%
[璋冭瘯] Episode 0001: 寤惰繜 2.280s, 鑳借€?4559.28J, 瀹屾垚鐜?95.8%, 杩佺Щ鎴愬姛鐜?100.0%, 缂撳瓨鍛戒腑 3.6%, 鏁版嵁鎹熷け 25.2%, 缂撳瓨娣樻卑鐜?0.0%
馃攳 杩佺Щ缁熻: 鎵ц11娆? 鎴愬姛11娆? 鎴愬姛鐜?00.0%
[璋冭瘯] Episode 0001: 寤惰繜 2.254s, 鑳借€?4611.87J, 瀹屾垚鐜?95.8%, 杩佺Щ鎴愬姛鐜?100.0%, 缂撳瓨鍛戒腑 3.5%, 鏁版嵁鎹熷け 25.1%, 缂撳瓨娣樻卑鐜?0.0%
馃攳 杩佺Щ缁熻: 鎵ц11娆? 鎴愬姛11娆? 鎴愬姛鐜?00.0%
[璋冭瘯] Episode 0001: 寤惰繜 2.220s, 鑳借€?4675.61J, 瀹屾垚鐜?95.9%, 杩佺Щ鎴愬姛鐜?100.0%, 缂撳瓨鍛戒腑 3.5%, 鏁版嵁鎹熷け 24.4%, 缂撳瓨娣樻卑鐜?0.0%
馃攳 杩佺Щ缁熻: 鎵ц11娆? 鎴愬姛11娆? 鎴愬姛鐜?00.0%
[璋冭瘯] Episode 0001: 寤惰繜 2.187s, 鑳借€?4714.46J, 瀹屾垚鐜?96.0%, 杩佺Щ鎴愬姛鐜?100.0%, 缂撳瓨鍛戒腑 3.4%, 鏁版嵁鎹熷け 24.3%, 缂撳瓨娣樻卑鐜?0.0%
馃攳 杩佺Щ缁熻: 鎵ц11娆? 鎴愬姛11娆? 鎴愬姛鐜?00.0%
[璋冭瘯] Episode 0001: 寤惰繜 2.178s, 鑳借€?4741.96J, 瀹屾垚鐜?96.0%, 杩佺Щ鎴愬姛鐜?100.0%, 缂撳瓨鍛戒腑 3.4%, 鏁版嵁鎹熷け 24.3%, 缂撳瓨娣樻卑鐜?0.0%
棣冨箚 rsu_0 鐟欙箑褰傛潻浣盒? 鐑棬鍐呭棰勭儹 + 璐熻浇宸?25.0%) (缁毖勨偓銉ュ:0.158)
馃攳 杩佺Щ缁熻: 鎵ц12娆? 鎴愬姛12娆? 鎴愬姛鐜?00.0%
[璋冭瘯] Episode 0001: 寤惰繜 2.141s, 鑳借€?4798.66J, 瀹屾垚鐜?96.1%, 杩佺Щ鎴愬姛鐜?100.0%, 缂撳瓨鍛戒腑 3.3%, 鏁版嵁鎹熷け 24.3%, 缂撳瓨娣樻卑鐜?0.0%
馃攳 杩佺Щ缁熻: 鎵ц12娆? 鎴愬姛12娆? 鎴愬姛鐜?00.0%
[璋冭瘯] Episode 0001: 寤惰繜 2.123s, 鑳借€?4847.42J, 瀹屾垚鐜?96.2%, 杩佺Щ鎴愬姛鐜?100.0%, 缂撳瓨鍛戒腑 3.3%, 鏁版嵁鎹熷け 24.2%, 缂撳瓨娣樻卑鐜?0.0%
棣冨箚 rsu_2 鐟欙箑褰傛潻浣盒? 鐑棬鍐呭棰勭儹 + 璧勬簮杩囪浇(甯﹀:95.9%) + 璐熻浇宸?36.9%) (缁毖勨偓銉ュ:1.675)
馃攳 杩佺Щ缁熻: 鎵ц13娆? 鎴愬姛13娆? 鎴愬姛鐜?00.0%
[璋冭瘯] Episode 0001: 寤惰繜 2.107s, 鑳借€?4890.65J, 瀹屾垚鐜?96.2%, 杩佺Щ鎴愬姛鐜?100.0%, 缂撳瓨鍛戒腑 3.5%, 鏁版嵁鎹熷け 21.9%, 缂撳瓨娣樻卑鐜?0.0%
馃攳 杩佺Щ缁熻: 鎵ц13娆? 鎴愬姛13娆? 鎴愬姛鐜?00.0%
[璋冭瘯] Episode 0001: 寤惰繜 2.616s, 鑳借€?5583.83J, 瀹屾垚鐜?96.2%, 杩佺Щ鎴愬姛鐜?100.0%, 缂撳瓨鍛戒腑 4.4%, 鏁版嵁鎹熷け 20.1%, 缂撳瓨娣樻卑鐜?0.0%
馃攳 杩佺Щ缁熻: 鎵ц13娆? 鎴愬姛13娆? 鎴愬姛鐜?00.0%
[璋冭瘯] Episode 0001: 寤惰繜 2.575s, 鑳借€?5640.97J, 瀹屾垚鐜?96.3%, 杩佺Щ鎴愬姛鐜?100.0%, 缂撳瓨鍛戒腑 4.3%, 鏁版嵁鎹熷け 20.1%, 缂撳瓨娣樻卑鐜?0.0%
馃攳 杩佺Щ缁熻: 鎵ц13娆? 鎴愬姛13娆? 鎴愬姛鐜?00.0%
[璋冭瘯] Episode 0001: 寤惰繜 2.553s, 鑳借€?5715.12J, 瀹屾垚鐜?96.4%, 杩佺Щ鎴愬姛鐜?100.0%, 缂撳瓨鍛戒腑 4.3%, 鏁版嵁鎹熷け 20.0%, 缂撳瓨娣樻卑鐜?0.0%
馃攳 杩佺Щ缁熻: 鎵ц13娆? 鎴愬姛13娆? 鎴愬姛鐜?00.0%
[璋冭瘯] Episode 0001: 寤惰繜 2.515s, 鑳借€?5719.61J, 瀹屾垚鐜?96.4%, 杩佺Щ鎴愬姛鐜?100.0%, 缂撳瓨鍛戒腑 4.5%, 鏁版嵁鎹熷け 20.0%, 缂撳瓨娣樻卑鐜?0.0%
馃攳 杩佺Щ缁熻: 鎵ц13娆? 鎴愬姛13娆? 鎴愬姛鐜?00.0%
[璋冭瘯] Episode 0001: 寤惰繜 2.485s, 鑳借€?5771.92J, 瀹屾垚鐜?96.5%, 杩佺Щ鎴愬姛鐜?100.0%, 缂撳瓨鍛戒腑 4.8%, 鏁版嵁鎹熷け 18.3%, 缂撳瓨娣樻卑鐜?0.0%
馃攳 杩佺Щ缁熻: 鎵ц13娆? 鎴愬姛13娆? 鎴愬姛鐜?00.0%
[璋冭瘯] Episode 0001: 寤惰繜 2.438s, 鑳借€?5824.14J, 瀹屾垚鐜?96.6%, 杩佺Щ鎴愬姛鐜?100.0%, 缂撳瓨鍛戒腑 5.0%, 鏁版嵁鎹熷け 18.2%, 缂撳瓨娣樻卑鐜?0.0%
馃攳 杩佺Щ缁熻: 鎵ц13娆? 鎴愬姛13娆? 鎴愬姛鐜?00.0%
[璋冭瘯] Episode 0001: 寤惰繜 2.411s, 鑳借€?5844.26J, 瀹屾垚鐜?96.6%, 杩佺Щ鎴愬姛鐜?100.0%, 缂撳瓨鍛戒腑 5.6%, 鏁版嵁鎹熷け 18.2%, 缂撳瓨娣樻卑鐜?0.0%
馃攳 杩佺Щ缁熻: 鎵ц13娆? 鎴愬姛13娆? 鎴愬姛鐜?00.0%
[璋冭瘯] Episode 0001: 寤惰繜 2.384s, 鑳借€?5916.92J, 瀹屾垚鐜?96.6%, 杩佺Щ鎴愬姛鐜?100.0%, 缂撳瓨鍛戒腑 5.6%, 鏁版嵁鎹熷け 18.2%, 缂撳瓨娣樻卑鐜?0.0%
馃攳 杩佺Щ缁熻: 鎵ц13娆? 鎴愬姛13娆? 鎴愬姛鐜?00.0%
[璋冭瘯] Episode 0001: 寤惰繜 2.377s, 鑳借€?5918.14J, 瀹屾垚鐜?96.7%, 杩佺Щ鎴愬姛鐜?100.0%, 缂撳瓨鍛戒腑 5.8%, 鏁版嵁鎹熷け 18.2%, 缂撳瓨娣樻卑鐜?0.0%
馃攳 杩佺Щ缁熻: 鎵ц13娆? 鎴愬姛13娆? 鎴愬姛鐜?00.0%
[璋冭瘯] Episode 0001: 寤惰繜 2.364s, 鑳借€?5919.47J, 瀹屾垚鐜?96.7%, 杩佺Щ鎴愬姛鐜?100.0%, 缂撳瓨鍛戒腑 6.0%, 鏁版嵁鎹熷け 18.2%, 缂撳瓨娣樻卑鐜?0.0%
馃攳 杩佺Щ缁熻: 鎵ц13娆? 鎴愬姛13娆? 鎴愬姛鐜?00.0%
[璋冭瘯] Episode 0001: 寤惰繜 2.364s, 鑳借€?5919.47J, 瀹屾垚鐜?96.7%, 杩佺Щ鎴愬姛鐜?100.0%, 缂撳瓨鍛戒腑 6.0%, 鏁版嵁鎹熷け 18.2%, 缂撳瓨娣樻卑鐜?0.0%
馃攳 杩佺Щ缁熻: 鎵ц13娆? 鎴愬姛13娆? 鎴愬姛鐜?00.0%
[璋冭瘯] Episode 0001: 寤惰繜 2.343s, 鑳借€?5930.67J, 瀹屾垚鐜?96.0%, 杩佺Щ鎴愬姛鐜?100.0%, 缂撳瓨鍛戒腑 6.3%, 鏁版嵁鎹熷け 18.2%, 缂撳瓨娣樻卑鐜?0.0%
馃攳 杩佺Щ缁熻: 鎵ц13娆? 鎴愬姛13娆? 鎴愬姛鐜?00.0%
[璋冭瘯] Episode 0001: 寤惰繜 2.301s, 鑳借€?5932.31J, 瀹屾垚鐜?96.1%, 杩佺Щ鎴愬姛鐜?100.0%, 缂撳瓨鍛戒腑 7.6%, 鏁版嵁鎹熷け 18.2%, 缂撳瓨娣樻卑鐜?0.0%
馃攳 杩佺Щ缁熻: 鎵ц13娆? 鎴愬姛13娆? 鎴愬姛鐜?00.0%
[璋冭瘯] Episode 0001: 寤惰繜 2.293s, 鑳借€?5932.68J, 瀹屾垚鐜?96.1%, 杩佺Щ鎴愬姛鐜?100.0%, 缂撳瓨鍛戒腑 7.6%, 鏁版嵁鎹熷け 18.2%, 缂撳瓨娣樻卑鐜?0.0%
馃攳 杩佺Щ缁熻: 鎵ц13娆? 鎴愬姛13娆? 鎴愬姛鐜?00.0%
[璋冭瘯] Episode 0001: 寤惰繜 2.276s, 鑳借€?5959.30J, 瀹屾垚鐜?96.1%, 杩佺Щ鎴愬姛鐜?100.0%, 缂撳瓨鍛戒腑 8.0%, 鏁版嵁鎹熷け 18.2%, 缂撳瓨娣樻卑鐜?0.0%
馃攳 杩佺Щ缁熻: 鎵ц13娆? 鎴愬姛13娆? 鎴愬姛鐜?00.0%
[璋冭瘯] Episode 0001: 寤惰繜 2.281s, 鑳借€?5959.52J, 瀹屾垚鐜?96.1%, 杩佺Щ鎴愬姛鐜?100.0%, 缂撳瓨鍛戒腑 8.2%, 鏁版嵁鎹熷け 17.8%, 缂撳瓨娣樻卑鐜?0.0%
馃攳 杩佺Щ缁熻: 鎵ц13娆? 鎴愬姛13娆? 鎴愬姛鐜?00.0%
[璋冭瘯] Episode 0001: 寤惰繜 2.376s, 鑳借€?6230.92J, 瀹屾垚鐜?96.2%, 杩佺Щ鎴愬姛鐜?100.0%, 缂撳瓨鍛戒腑 8.6%, 鏁版嵁鎹熷け 17.5%, 缂撳瓨娣樻卑鐜?0.0%
浠诲姟鍒嗙被缁熻(300): 绫诲瀷1=0.0%, 绫诲瀷2=6.7%, 绫诲瀷3=44.7%, 绫诲瀷4=48.7%
   褰撳墠浠诲姟: safety_alert, 0.60s 鈫?绫诲瀷4, 鏁版嵁0.04MB
   馃捑 缂撳瓨缁熻: 鍛戒腑鐜?8.60% (鎬诲懡涓?32, 鏈湴:0, 鏈懡涓?340)
棣冨箚 rsu_1 鐟欙箑褰傛潻浣盒? 鐑棬鍐呭棰勭儹 + 璧勬簮杩囪浇(甯﹀:99.0%) + 璐熻浇宸?47.1%) (缁毖勨偓銉ュ:2.016)
馃攳 杩佺Щ缁熻: 鎵ц14娆? 鎴愬姛14娆? 鎴愬姛鐜?00.0%
[璋冭瘯] Episode 0001: 寤惰繜 2.346s, 鑳借€?6303.01J, 瀹屾垚鐜?95.9%, 杩佺Щ鎴愬姛鐜?100.0%, 缂撳瓨鍛戒腑 8.5%, 鏁版嵁鎹熷け 19.0%, 缂撳瓨娣樻卑鐜?0.0%
馃攳 杩佺Щ缁熻: 鎵ц14娆? 鎴愬姛14娆? 鎴愬姛鐜?00.0%
[璋冭瘯] Episode 0001: 寤惰繜 2.346s, 鑳借€?6303.01J, 瀹屾垚鐜?95.9%, 杩佺Щ鎴愬姛鐜?100.0%, 缂撳瓨鍛戒腑 8.5%, 鏁版嵁鎹熷け 19.0%, 缂撳瓨娣樻卑鐜?0.0%
馃攳 杩佺Щ缁熻: 鎵ц14娆? 鎴愬姛14娆? 鎴愬姛鐜?00.0%
[璋冭瘯] Episode 0001: 寤惰繜 2.343s, 鑳借€?6313.13J, 瀹屾垚鐜?95.9%, 杩佺Щ鎴愬姛鐜?100.0%, 缂撳瓨鍛戒腑 8.4%, 鏁版嵁鎹熷け 19.0%, 缂撳瓨娣樻卑鐜?0.0%
馃攳 杩佺Щ缁熻: 鎵ц14娆? 鎴愬姛14娆? 鎴愬姛鐜?00.0%
[璋冭瘯] Episode 0001: 寤惰繜 2.336s, 鑳借€?6314.49J, 瀹屾垚鐜?96.0%, 杩佺Щ鎴愬姛鐜?100.0%, 缂撳瓨鍛戒腑 8.4%, 鏁版嵁鎹熷け 19.0%, 缂撳瓨娣樻卑鐜?0.0%
馃攳 杩佺Щ缁熻: 鎵ц14娆? 鎴愬姛14娆? 鎴愬姛鐜?00.0%
[璋冭瘯] Episode 0001: 寤惰繜 2.337s, 鑳借€?6334.33J, 瀹屾垚鐜?95.7%, 杩佺Щ鎴愬姛鐜?100.0%, 缂撳瓨鍛戒腑 8.3%, 鏁版嵁鎹熷け 26.2%, 缂撳瓨娣樻卑鐜?0.0%
[VehicleMigration] handover #1: vehicle V_7 task task_309 RSU_0 -> RSU_2
   Trigger: distance 285.0m > threshold 283.9m (speed 10.7 m/s)
   Score: 475.0 -> 215.0 (improvement 54.7%)
   Queue trend: RSU_0: 3 -> 2, RSU_2: 0 -> 1
[Migration] Executed 1 vehicle-following migrations.
馃攳 杩佺Щ缁熻: 鎵ц15娆? 鎴愬姛15娆? 鎴愬姛鐜?00.0%
[璋冭瘯] Episode 0001: 寤惰繜 2.317s, 鑳借€?6380.33J, 瀹屾垚鐜?95.7%, 杩佺Щ鎴愬姛鐜?100.0%, 缂撳瓨鍛戒腑 8.7%, 鏁版嵁鎹熷け 26.1%, 缂撳瓨娣樻卑鐜?0.0%
馃攳 杩佺Щ缁熻: 鎵ц15娆? 鎴愬姛15娆? 鎴愬姛鐜?00.0%
[璋冭瘯] Episode 0001: 寤惰繜 2.281s, 鑳借€?6418.65J, 瀹屾垚鐜?95.8%, 杩佺Щ鎴愬姛鐜?100.0%, 缂撳瓨鍛戒腑 8.6%, 鏁版嵁鎹熷け 26.1%, 缂撳瓨娣樻卑鐜?0.0%
馃攳 杩佺Щ缁熻: 鎵ц15娆? 鎴愬姛15娆? 鎴愬姛鐜?00.0%
[璋冭瘯] Episode 0001: 寤惰繜 2.253s, 鑳借€?6470.62J, 瀹屾垚鐜?95.8%, 杩佺Щ鎴愬姛鐜?100.0%, 缂撳瓨鍛戒腑 8.8%, 鏁版嵁鎹熷け 26.1%, 缂撳瓨娣樻卑鐜?0.0%
馃攳 杩佺Щ缁熻: 鎵ц15娆? 鎴愬姛15娆? 鎴愬姛鐜?00.0%
[璋冭瘯] Episode 0001: 寤惰繜 2.248s, 鑳借€?6480.01J, 瀹屾垚鐜?95.8%, 杩佺Щ鎴愬姛鐜?100.0%, 缂撳瓨鍛戒腑 9.2%, 鏁版嵁鎹熷け 26.0%, 缂撳瓨娣樻卑鐜?0.0%
馃攳 杩佺Щ缁熻: 鎵ц15娆? 鎴愬姛15娆? 鎴愬姛鐜?00.0%
[璋冭瘯] Episode 0001: 寤惰繜 2.241s, 鑳借€?6499.83J, 瀹屾垚鐜?95.9%, 杩佺Щ鎴愬姛鐜?100.0%, 缂撳瓨鍛戒腑 9.2%, 鏁版嵁鎹熷け 26.0%, 缂撳瓨娣樻卑鐜?0.0%
馃攳 杩佺Щ缁熻: 鎵ц15娆? 鎴愬姛15娆? 鎴愬姛鐜?00.0%
[璋冭瘯] Episode 0001: 寤惰繜 2.730s, 鑳借€?7339.52J, 瀹屾垚鐜?95.9%, 杩佺Щ鎴愬姛鐜?100.0%, 缂撳瓨鍛戒腑 9.2%, 鏁版嵁鎹熷け 23.9%, 缂撳瓨娣樻卑鐜?0.0%
馃攳 杩佺Щ缁熻: 鎵ц15娆? 鎴愬姛15娆? 鎴愬姛鐜?00.0%
[璋冭瘯] Episode 0001: 寤惰繜 2.730s, 鑳借€?7339.52J, 瀹屾垚鐜?95.9%, 杩佺Щ鎴愬姛鐜?100.0%, 缂撳瓨鍛戒腑 9.2%, 鏁版嵁鎹熷け 23.9%, 缂撳瓨娣樻卑鐜?0.0%
棣冨箚 uav_1 鐟欙箑褰傛潻浣盒? 涓嶳SU璐熻浇宸繃澶?33.3%) (缁毖勨偓銉ュ:0.186)
[VehicleMigration] handover #1: vehicle V_4 task task_322 UAV_0 -> RSU_2
   Trigger: distance 492.8m > threshold 486.6m (speed 5.3 m/s)
   Score: 622.8 -> 208.0 (improvement 66.6%)
   Queue trend: UAV_0: 1 -> 0, RSU_2: 1 -> 2
[Migration] Executed 1 vehicle-following migrations.
馃攳 杩佺Щ缁熻: 鎵ц17娆? 鎴愬姛17娆? 鎴愬姛鐜?00.0%
[璋冭瘯] Episode 0001: 寤惰繜 2.721s, 鑳借€?7385.03J, 瀹屾垚鐜?95.9%, 杩佺Щ鎴愬姛鐜?100.0%, 缂撳瓨鍛戒腑 9.7%, 鏁版嵁鎹熷け 23.9%, 缂撳瓨娣樻卑鐜?0.0%
馃攳 杩佺Щ缁熻: 鎵ц17娆? 鎴愬姛17娆? 鎴愬姛鐜?00.0%
[璋冭瘯] Episode 0001: 寤惰繜 2.696s, 鑳借€?7398.11J, 瀹屾垚鐜?96.0%, 杩佺Щ鎴愬姛鐜?100.0%, 缂撳瓨鍛戒腑 10.1%, 鏁版嵁鎹熷け 23.6%, 缂撳瓨娣樻卑鐜?0.0%
馃攳 杩佺Щ缁熻: 鎵ц17娆? 鎴愬姛17娆? 鎴愬姛鐜?00.0%
[璋冭瘯] Episode 0001: 寤惰繜 2.685s, 鑳借€?7446.21J, 瀹屾垚鐜?96.0%, 杩佺Щ鎴愬姛鐜?100.0%, 缂撳瓨鍛戒腑 10.0%, 鏁版嵁鎹熷け 23.6%, 缂撳瓨娣樻卑鐜?0.0%
馃攳 杩佺Щ缁熻: 鎵ц17娆? 鎴愬姛17娆? 鎴愬姛鐜?00.0%
[璋冭瘯] Episode 0001: 寤惰繜 2.670s, 鑳借€?7462.61J, 瀹屾垚鐜?96.0%, 杩佺Щ鎴愬姛鐜?100.0%, 缂撳瓨鍛戒腑 10.0%, 鏁版嵁鎹熷け 23.6%, 缂撳瓨娣樻卑鐜?0.0%
馃攳 杩佺Щ缁熻: 鎵ц17娆? 鎴愬姛17娆? 鎴愬姛鐜?00.0%
[璋冭瘯] Episode 0001: 寤惰繜 2.659s, 鑳借€?7487.71J, 瀹屾垚鐜?96.0%, 杩佺Щ鎴愬姛鐜?100.0%, 缂撳瓨鍛戒腑 10.0%, 鏁版嵁鎹熷け 23.6%, 缂撳瓨娣樻卑鐜?0.0%
馃攳 杩佺Щ缁熻: 鎵ц17娆? 鎴愬姛17娆? 鎴愬姛鐜?00.0%
[璋冭瘯] Episode 0001: 寤惰繜 2.638s, 鑳借€?7515.14J, 瀹屾垚鐜?96.1%, 杩佺Щ鎴愬姛鐜?100.0%, 缂撳瓨鍛戒腑 9.9%, 鏁版嵁鎹熷け 23.5%, 缂撳瓨娣樻卑鐜?0.0%
馃攳 杩佺Щ缁熻: 鎵ц17娆? 鎴愬姛17娆? 鎴愬姛鐜?00.0%
[璋冭瘯] Episode 0001: 寤惰繜 2.619s, 鑳借€?7531.72J, 瀹屾垚鐜?96.1%, 杩佺Щ鎴愬姛鐜?100.0%, 缂撳瓨鍛戒腑 9.8%, 鏁版嵁鎹熷け 23.2%, 缂撳瓨娣樻卑鐜?0.0%
馃攳 杩佺Щ缁熻: 鎵ц17娆? 鎴愬姛17娆? 鎴愬姛鐜?00.0%
[璋冭瘯] Episode 0001: 寤惰繜 2.608s, 鑳借€?7553.44J, 瀹屾垚鐜?96.1%, 杩佺Щ鎴愬姛鐜?100.0%, 缂撳瓨鍛戒腑 9.8%, 鏁版嵁鎹熷け 23.2%, 缂撳瓨娣樻卑鐜?0.0%
馃攳 杩佺Щ缁熻: 鎵ц17娆? 鎴愬姛17娆? 鎴愬姛鐜?00.0%
[璋冭瘯] Episode 0001: 寤惰繜 2.601s, 鑳借€?7555.66J, 瀹屾垚鐜?96.1%, 杩佺Щ鎴愬姛鐜?100.0%, 缂撳瓨鍛戒腑 9.8%, 鏁版嵁鎹熷け 23.2%, 缂撳瓨娣樻卑鐜?0.0%
馃攳 杩佺Щ缁熻: 鎵ц17娆? 鎴愬姛17娆? 鎴愬姛鐜?00.0%
[璋冭瘯] Episode 0001: 寤惰繜 2.580s, 鑳借€?7575.45J, 瀹屾垚鐜?96.2%, 杩佺Щ鎴愬姛鐜?100.0%, 缂撳瓨鍛戒腑 10.2%, 鏁版嵁鎹熷け 23.1%, 缂撳瓨娣樻卑鐜?0.0%
[VehicleMigration] handover #1: vehicle V_4 task task_345 UAV_0 -> RSU_2
   Trigger: distance 499.1m > threshold 482.1m (speed 7.2 m/s)
   Score: 659.1 -> 214.5 (improvement 67.5%)
   Queue trend: UAV_0: 2 -> 1, RSU_2: 1 -> 2
[Migration] Executed 1 vehicle-following migrations.
馃攳 杩佺Щ缁熻: 鎵ц18娆? 鎴愬姛18娆? 鎴愬姛鐜?00.0%
[璋冭瘯] Episode 0001: 寤惰繜 2.576s, 鑳借€?7578.20J, 瀹屾垚鐜?96.2%, 杩佺Щ鎴愬姛鐜?100.0%, 缂撳瓨鍛戒腑 10.1%, 鏁版嵁鎹熷け 23.1%, 缂撳瓨娣樻卑鐜?0.0%
馃攳 杩佺Щ缁熻: 鎵ц18娆? 鎴愬姛18娆? 鎴愬姛鐜?00.0%
[璋冭瘯] Episode 0001: 寤惰繜 2.580s, 鑳借€?7578.42J, 瀹屾垚鐜?96.2%, 杩佺Щ鎴愬姛鐜?100.0%, 缂撳瓨鍛戒腑 10.1%, 鏁版嵁鎹熷け 23.1%, 缂撳瓨娣樻卑鐜?0.0%
馃攳 杩佺Щ缁熻: 鎵ц18娆? 鎴愬姛18娆? 鎴愬姛鐜?00.0%
[璋冭瘯] Episode 0001: 寤惰繜 2.547s, 鑳借€?7677.30J, 瀹屾垚鐜?96.2%, 杩佺Щ鎴愬姛鐜?100.0%, 缂撳瓨鍛戒腑 10.0%, 鏁版嵁鎹熷け 23.1%, 缂撳瓨娣樻卑鐜?0.0%
馃攳 杩佺Щ缁熻: 鎵ц18娆? 鎴愬姛18娆? 鎴愬姛鐜?00.0%
[璋冭瘯] Episode 0001: 寤惰繜 2.547s, 鑳借€?7677.30J, 瀹屾垚鐜?96.2%, 杩佺Щ鎴愬姛鐜?100.0%, 缂撳瓨鍛戒腑 9.9%, 鏁版嵁鎹熷け 23.1%, 缂撳瓨娣樻卑鐜?0.0%
馃攳 杩佺Щ缁熻: 鎵ц18娆? 鎴愬姛18娆? 鎴愬姛鐜?00.0%
[璋冭瘯] Episode 0001: 寤惰繜 2.533s, 鑳借€?7680.43J, 瀹屾垚鐜?96.0%, 杩佺Щ鎴愬姛鐜?100.0%, 缂撳瓨鍛戒腑 9.9%, 鏁版嵁鎹熷け 23.1%, 缂撳瓨娣樻卑鐜?0.0%
棣冨箚 uav_0 鐟欙箑褰傛潻浣盒? 涓嶳SU璐熻浇宸繃澶?33.3%) (缁毖勨偓銉ュ:0.173)
馃攳 杩佺Щ缁熻: 鎵ц19娆? 鎴愬姛18娆? 鎴愬姛鐜?4.7%
[璋冭瘯] Episode 0001: 寤惰繜 2.514s, 鑳借€?7721.09J, 瀹屾垚鐜?96.0%, 杩佺Щ鎴愬姛鐜?94.7%, 缂撳瓨鍛戒腑 9.7%, 鏁版嵁鎹熷け 23.1%, 缂撳瓨娣樻卑鐜?0.0%
[VehicleMigration] handover #1: vehicle V_1 task task_355 RSU_3 -> RSU_1
   Trigger: distance 282.2m > threshold 281.6m (speed 12.3 m/s)
   Score: 472.2 -> 217.9 (improvement 53.9%)
   Queue trend: RSU_3: 3 -> 2, RSU_1: 0 -> 1
[Migration] Executed 1 vehicle-following migrations.
馃攳 杩佺Щ缁熻: 鎵ц20娆? 鎴愬姛19娆? 鎴愬姛鐜?5.0%
[璋冭瘯] Episode 0001: 寤惰繜 2.505s, 鑳借€?7749.92J, 瀹屾垚鐜?96.0%, 杩佺Щ鎴愬姛鐜?95.0%, 缂撳瓨鍛戒腑 10.0%, 鏁版嵁鎹熷け 23.0%, 缂撳瓨娣樻卑鐜?0.0%
馃攳 杩佺Щ缁熻: 鎵ц20娆? 鎴愬姛19娆? 鎴愬姛鐜?5.0%
[璋冭瘯] Episode 0001: 寤惰繜 2.491s, 鑳借€?7769.74J, 瀹屾垚鐜?95.8%, 杩佺Щ鎴愬姛鐜?95.0%, 缂撳瓨鍛戒腑 10.0%, 鏁版嵁鎹熷け 23.0%, 缂撳瓨娣樻卑鐜?0.0%
馃攳 杩佺Щ缁熻: 鎵ц20娆? 鎴愬姛19娆? 鎴愬姛鐜?5.0%
[璋冭瘯] Episode 0001: 寤惰繜 2.460s, 鑳借€?7825.02J, 瀹屾垚鐜?95.8%, 杩佺Щ鎴愬姛鐜?95.0%, 缂撳瓨鍛戒腑 10.4%, 鏁版嵁鎹熷け 23.0%, 缂撳瓨娣樻卑鐜?0.0%
馃攳 杩佺Щ缁熻: 鎵ц20娆? 鎴愬姛19娆? 鎴愬姛鐜?5.0%
[璋冭瘯] Episode 0001: 寤惰繜 2.461s, 鑳借€?7825.07J, 瀹屾垚鐜?95.8%, 杩佺Щ鎴愬姛鐜?95.0%, 缂撳瓨鍛戒腑 10.3%, 鏁版嵁鎹熷け 23.0%, 缂撳瓨娣樻卑鐜?0.0%
馃攳 杩佺Щ缁熻: 鎵ц20娆? 鎴愬姛19娆? 鎴愬姛鐜?5.0%
[璋冭瘯] Episode 0001: 寤惰繜 2.460s, 鑳借€?7840.18J, 瀹屾垚鐜?95.9%, 杩佺Щ鎴愬姛鐜?95.0%, 缂撳瓨鍛戒腑 10.2%, 鏁版嵁鎹熷け 23.0%, 缂撳瓨娣樻卑鐜?0.0%
馃攳 杩佺Щ缁熻: 鎵ц20娆? 鎴愬姛19娆? 鎴愬姛鐜?5.0%
[璋冭瘯] Episode 0001: 寤惰繜 2.440s, 鑳借€?7841.54J, 瀹屾垚鐜?95.9%, 杩佺Щ鎴愬姛鐜?95.0%, 缂撳瓨鍛戒腑 10.3%, 鏁版嵁鎹熷け 22.7%, 缂撳瓨娣樻卑鐜?0.0%
[VehicleMigration] handover #1: vehicle V_1 task task_374 RSU_3 -> RSU_2
   Trigger: distance 289.4m > threshold 282.2m (speed 11.9 m/s)
   Score: 479.4 -> 249.5 (improvement 48.0%)
   Queue trend: RSU_3: 3 -> 2, RSU_2: 2 -> 3
[VehicleMigration] handover #2: vehicle V_8 task task_375 RSU_3 -> RSU_1
   Trigger: distance 293.9m > threshold 286.0m (speed 9.4 m/s)
   Score: 453.9 -> 266.1 (improvement 41.4%)
   Queue trend: RSU_3: 2 -> 1, RSU_1: 2 -> 3
[Migration] Executed 2 vehicle-following migrations.
馃攳 杩佺Щ缁熻: 鎵ц22娆? 鎴愬姛21娆? 鎴愬姛鐜?5.5%
[璋冭瘯] Episode 0001: 寤惰繜 2.429s, 鑳借€?7900.07J, 瀹屾垚鐜?95.9%, 杩佺Щ鎴愬姛鐜?95.5%, 缂撳瓨鍛戒腑 10.4%, 鏁版嵁鎹熷け 22.7%, 缂撳瓨娣樻卑鐜?0.0%
棣冨箚 rsu_2 鐟欙箑褰傛潻浣盒? 鐑棬鍐呭棰勭儹 + 璐熻浇宸?29.9%) (缁毖勨偓銉ュ:0.169)
馃攳 杩佺Щ缁熻: 鎵ц23娆? 鎴愬姛22娆? 鎴愬姛鐜?5.7%
[璋冭瘯] Episode 0001: 寤惰繜 2.418s, 鑳借€?7949.22J, 瀹屾垚鐜?95.9%, 杩佺Щ鎴愬姛鐜?95.7%, 缂撳瓨鍛戒腑 10.4%, 鏁版嵁鎹熷け 22.7%, 缂撳瓨娣樻卑鐜?0.0%
馃攳 杩佺Щ缁熻: 鎵ц23娆? 鎴愬姛22娆? 鎴愬姛鐜?5.7%
[璋冭瘯] Episode 0001: 寤惰繜 2.395s, 鑳借€?8041.08J, 瀹屾垚鐜?96.0%, 杩佺Щ鎴愬姛鐜?95.7%, 缂撳瓨鍛戒腑 10.6%, 鏁版嵁鎹熷け 22.4%, 缂撳瓨娣樻卑鐜?0.0%
馃攳 杩佺Щ缁熻: 鎵ц23娆? 鎴愬姛22娆? 鎴愬姛鐜?5.7%
[璋冭瘯] Episode 0001: 寤惰繜 2.372s, 鑳借€?8133.68J, 瀹屾垚鐜?96.0%, 杩佺Щ鎴愬姛鐜?95.7%, 缂撳瓨鍛戒腑 10.6%, 鏁版嵁鎹熷け 22.4%, 缂撳瓨娣樻卑鐜?0.0%
馃攳 杩佺Щ缁熻: 鎵ц23娆? 鎴愬姛22娆? 鎴愬姛鐜?5.7%
[璋冭瘯] Episode 0001: 寤惰繜 2.365s, 鑳借€?8133.68J, 瀹屾垚鐜?96.0%, 杩佺Щ鎴愬姛鐜?95.7%, 缂撳瓨鍛戒腑 10.9%, 鏁版嵁鎹熷け 22.4%, 缂撳瓨娣樻卑鐜?0.0%
馃攳 杩佺Щ缁熻: 鎵ц23娆? 鎴愬姛22娆? 鎴愬姛鐜?5.7%
[璋冭瘯] Episode 0001: 寤惰繜 2.363s, 鑳借€?8145.01J, 瀹屾垚鐜?96.1%, 杩佺Щ鎴愬姛鐜?95.7%, 缂撳瓨鍛戒腑 10.9%, 鏁版嵁鎹熷け 22.3%, 缂撳瓨娣樻卑鐜?0.0%
[VehicleMigration] handover #1: vehicle V_8 task task_388 RSU_3 -> RSU_1
   Trigger: distance 299.4m > threshold 286.9m (speed 8.7 m/s)
   Score: 489.4 -> 200.6 (improvement 59.0%)
   Queue trend: RSU_3: 3 -> 2, RSU_1: 0 -> 1
[Migration] Executed 1 vehicle-following migrations.
馃攳 杩佺Щ缁熻: 鎵ц24娆? 鎴愬姛23娆? 鎴愬姛鐜?5.8%
[璋冭瘯] Episode 0001: 寤惰繜 2.348s, 鑳借€?8171.38J, 瀹屾垚鐜?96.1%, 杩佺Щ鎴愬姛鐜?95.8%, 缂撳瓨鍛戒腑 10.8%, 鏁版嵁鎹熷け 22.3%, 缂撳瓨娣樻卑鐜?0.0%
馃攳 杩佺Щ缁熻: 鎵ц24娆? 鎴愬姛23娆? 鎴愬姛鐜?5.8%
[璋冭瘯] Episode 0001: 寤惰繜 2.352s, 鑳借€?8171.60J, 瀹屾垚鐜?96.1%, 杩佺Щ鎴愬姛鐜?95.8%, 缂撳瓨鍛戒腑 10.7%, 鏁版嵁鎹熷け 22.3%, 缂撳瓨娣樻卑鐜?0.0%
馃攳 杩佺Щ缁熻: 鎵ц24娆? 鎴愬姛23娆? 鎴愬姛鐜?5.8%
[璋冭瘯] Episode 0001: 寤惰繜 2.337s, 鑳借€?8200.01J, 瀹屾垚鐜?96.1%, 杩佺Щ鎴愬姛鐜?95.8%, 缂撳瓨鍛戒腑 10.7%, 鏁版嵁鎹熷け 21.0%, 缂撳瓨娣樻卑鐜?0.0%
馃攳 杩佺Щ缁熻: 鎵ц24娆? 鎴愬姛23娆? 鎴愬姛鐜?5.8%
[璋冭瘯] Episode 0001: 寤惰繜 2.322s, 鑳借€?8225.67J, 瀹屾垚鐜?96.2%, 杩佺Щ鎴愬姛鐜?95.8%, 缂撳瓨鍛戒腑 10.7%, 鏁版嵁鎹熷け 21.0%, 缂撳瓨娣樻卑鐜?0.0%
馃攳 杩佺Щ缁熻: 鎵ц24娆? 鎴愬姛23娆? 鎴愬姛鐜?5.8%
[璋冭瘯] Episode 0001: 寤惰繜 2.309s, 鑳借€?8274.51J, 瀹屾垚鐜?96.2%, 杩佺Щ鎴愬姛鐜?95.8%, 缂撳瓨鍛戒腑 10.7%, 鏁版嵁鎹熷け 21.0%, 缂撳瓨娣樻卑鐜?0.0%
馃攳 杩佺Щ缁熻: 鎵ц24娆? 鎴愬姛23娆? 鎴愬姛鐜?5.8%
[璋冭瘯] Episode 0001: 寤惰繜 2.306s, 鑳借€?8275.85J, 瀹屾垚鐜?96.2%, 杩佺Щ鎴愬姛鐜?95.8%, 缂撳瓨鍛戒腑 10.7%, 鏁版嵁鎹熷け 21.0%, 缂撳瓨娣樻卑鐜?0.0%
浠诲姟鍒嗙被缁熻(400): 绫诲瀷1=0.0%, 绫诲瀷2=7.8%, 绫诲瀷3=45.0%, 绫诲瀷4=47.2%
   褰撳墠浠诲姟: navigation_0004, 1.69s 鈫?绫诲瀷3, 鏁版嵁0.59MB
   馃捑 缂撳瓨缁熻: 鍛戒腑鐜?10.63% (鎬诲懡涓?54, 鏈湴:0, 鏈懡涓?454)
[VehicleMigration] handover #1: vehicle V_9 task task_403 RSU_2 -> RSU_0
   Trigger: distance 287.0m > threshold 285.3m (speed 9.8 m/s)
   Score: 417.0 -> 213.0 (improvement 48.9%)
   Queue trend: RSU_2: 1 -> 0, RSU_0: 0 -> 1
[Migration] Executed 1 vehicle-following migrations.
馃攳 杩佺Щ缁熻: 鎵ц25娆? 鎴愬姛24娆? 鎴愬姛鐜?6.0%
[璋冭瘯] Episode 0001: 寤惰繜 2.304s, 鑳借€?8284.50J, 瀹屾垚鐜?96.2%, 杩佺Щ鎴愬姛鐜?96.0%, 缂撳瓨鍛戒腑 10.5%, 鏁版嵁鎹熷け 21.0%, 缂撳瓨娣樻卑鐜?0.0%
馃攳 杩佺Щ缁熻: 鎵ц25娆? 鎴愬姛24娆? 鎴愬姛鐜?6.0%
[璋冭瘯] Episode 0001: 寤惰繜 2.290s, 鑳借€?8305.25J, 瀹屾垚鐜?96.2%, 杩佺Щ鎴愬姛鐜?96.0%, 缂撳瓨鍛戒腑 10.8%, 鏁版嵁鎹熷け 20.9%, 缂撳瓨娣樻卑鐜?0.0%
[VehicleMigration] handover #1: vehicle V_1 task task_407 RSU_0 -> RSU_2
   Trigger: distance 292.6m > threshold 278.7m (speed 14.2 m/s)
   Score: 422.6 -> 207.5 (improvement 50.9%)
   Queue trend: RSU_0: 1 -> 0, RSU_2: 0 -> 1
[Migration] Executed 1 vehicle-following migrations.
馃攳 杩佺Щ缁熻: 鎵ц26娆? 鎴愬姛25娆? 鎴愬姛鐜?6.2%
[璋冭瘯] Episode 0001: 寤惰繜 2.273s, 鑳借€?8349.93J, 瀹屾垚鐜?96.3%, 杩佺Щ鎴愬姛鐜?96.2%, 缂撳瓨鍛戒腑 10.9%, 鏁版嵁鎹熷け 20.9%, 缂撳瓨娣樻卑鐜?0.0%
馃攳 杩佺Щ缁熻: 鎵ц26娆? 鎴愬姛25娆? 鎴愬姛鐜?6.2%
[璋冭瘯] Episode 0001: 寤惰繜 2.245s, 鑳借€?8414.10J, 瀹屾垚鐜?96.3%, 杩佺Щ鎴愬姛鐜?96.2%, 缂撳瓨鍛戒腑 11.2%, 鏁版嵁鎹熷け 20.9%, 缂撳瓨娣樻卑鐜?0.0%
馃攳 杩佺Щ缁熻: 鎵ц26娆? 鎴愬姛25娆? 鎴愬姛鐜?6.2%
[璋冭瘯] Episode 0001: 寤惰繜 2.239s, 鑳借€?8414.11J, 瀹屾垚鐜?96.3%, 杩佺Щ鎴愬姛鐜?96.2%, 缂撳瓨鍛戒腑 11.6%, 鏁版嵁鎹熷け 20.9%, 缂撳瓨娣樻卑鐜?0.0%
馃攳 杩佺Щ缁熻: 鎵ц26娆? 鎴愬姛25娆? 鎴愬姛鐜?6.2%
[璋冭瘯] Episode 0001: 寤惰繜 2.224s, 鑳借€?8451.85J, 瀹屾垚鐜?96.3%, 杩佺Щ鎴愬姛鐜?96.2%, 缂撳瓨鍛戒腑 12.0%, 鏁版嵁鎹熷け 20.9%, 缂撳瓨娣樻卑鐜?0.0%
馃攳 杩佺Щ缁熻: 鎵ц26娆? 鎴愬姛25娆? 鎴愬姛鐜?6.2%
[璋冭瘯] Episode 0001: 寤惰繜 2.213s, 鑳借€?8471.67J, 瀹屾垚鐜?96.4%, 杩佺Щ鎴愬姛鐜?96.2%, 缂撳瓨鍛戒腑 12.1%, 鏁版嵁鎹熷け 20.9%, 缂撳瓨娣樻卑鐜?0.0%
馃攳 杩佺Щ缁熻: 鎵ц26娆? 鎴愬姛25娆? 鎴愬姛鐜?6.2%
[璋冭瘯] Episode 0001: 寤惰繜 2.213s, 鑳借€?8471.67J, 瀹屾垚鐜?96.1%, 杩佺Щ鎴愬姛鐜?96.2%, 缂撳瓨鍛戒腑 12.1%, 鏁版嵁鎹熷け 20.9%, 缂撳瓨娣樻卑鐜?0.0%
馃攳 杩佺Щ缁熻: 鎵ц26娆? 鎴愬姛25娆? 鎴愬姛鐜?6.2%
[璋冭瘯] Episode 0001: 寤惰繜 2.216s, 鑳借€?8471.89J, 瀹屾垚鐜?96.1%, 杩佺Щ鎴愬姛鐜?96.2%, 缂撳瓨鍛戒腑 12.2%, 鏁版嵁鎹熷け 20.9%, 缂撳瓨娣樻卑鐜?0.0%
馃攳 杩佺Щ缁熻: 鎵ц26娆? 鎴愬姛25娆? 鎴愬姛鐜?6.2%
[璋冭瘯] Episode 0001: 寤惰繜 2.206s, 鑳借€?8503.95J, 瀹屾垚鐜?96.2%, 杩佺Щ鎴愬姛鐜?96.2%, 缂撳瓨鍛戒腑 12.3%, 鏁版嵁鎹熷け 20.9%, 缂撳瓨娣樻卑鐜?0.0%
[VehicleMigration] handover #1: vehicle V_1 task task_424 RSU_0 -> RSU_1
   Trigger: distance 281.9m > threshold 278.8m (speed 14.1 m/s)
   Score: 471.9 -> 182.0 (improvement 61.4%)
   Queue trend: RSU_0: 3 -> 2, RSU_1: 0 -> 1
[Migration] Executed 1 vehicle-following migrations.
馃攳 杩佺Щ缁熻: 鎵ц27娆? 鎴愬姛26娆? 鎴愬姛鐜?6.3%
[璋冭瘯] Episode 0001: 寤惰繜 2.192s, 鑳借€?8577.45J, 瀹屾垚鐜?96.2%, 杩佺Щ鎴愬姛鐜?96.3%, 缂撳瓨鍛戒腑 12.6%, 鏁版嵁鎹熷け 20.8%, 缂撳瓨娣樻卑鐜?0.0%
馃攳 杩佺Щ缁熻: 鎵ц27娆? 鎴愬姛26娆? 鎴愬姛鐜?6.3%
[璋冭瘯] Episode 0001: 寤惰繜 2.181s, 鑳借€?8628.04J, 瀹屾垚鐜?96.2%, 杩佺Щ鎴愬姛鐜?96.3%, 缂撳瓨鍛戒腑 12.7%, 鏁版嵁鎹熷け 20.8%, 缂撳瓨娣樻卑鐜?0.0%
馃攳 杩佺Щ缁熻: 鎵ц27娆? 鎴愬姛26娆? 鎴愬姛鐜?6.3%
[璋冭瘯] Episode 0001: 寤惰繜 2.162s, 鑳借€?8641.52J, 瀹屾垚鐜?96.3%, 杩佺Щ鎴愬姛鐜?96.3%, 缂撳瓨鍛戒腑 12.9%, 鏁版嵁鎹熷け 20.8%, 缂撳瓨娣樻卑鐜?0.0%
馃攳 杩佺Щ缁熻: 鎵ц27娆? 鎴愬姛26娆? 鎴愬姛鐜?6.3%
[璋冭瘯] Episode 0001: 寤惰繜 2.152s, 鑳借€?8674.68J, 瀹屾垚鐜?96.3%, 杩佺Щ鎴愬姛鐜?96.3%, 缂撳瓨鍛戒腑 12.9%, 鏁版嵁鎹熷け 20.8%, 缂撳瓨娣樻卑鐜?0.0%
馃攳 杩佺Щ缁熻: 鎵ц27娆? 鎴愬姛26娆? 鎴愬姛鐜?6.3%
[璋冭瘯] Episode 0001: 寤惰繜 2.148s, 鑳借€?8703.14J, 瀹屾垚鐜?96.3%, 杩佺Щ鎴愬姛鐜?96.3%, 缂撳瓨鍛戒腑 12.8%, 鏁版嵁鎹熷け 19.4%, 缂撳瓨娣樻卑鐜?0.0%
馃攳 杩佺Щ缁熻: 鎵ц27娆? 鎴愬姛26娆? 鎴愬姛鐜?6.3%
[璋冭瘯] Episode 0001: 寤惰繜 2.144s, 鑳借€?8734.43J, 瀹屾垚鐜?96.3%, 杩佺Щ鎴愬姛鐜?96.3%, 缂撳瓨鍛戒腑 12.8%, 鏁版嵁鎹熷け 19.4%, 缂撳瓨娣樻卑鐜?0.0%
馃攳 杩佺Щ缁熻: 鎵ц27娆? 鎴愬姛26娆? 鎴愬姛鐜?6.3%
[璋冭瘯] Episode 0001: 寤惰繜 2.137s, 鑳借€?8825.00J, 瀹屾垚鐜?96.3%, 杩佺Щ鎴愬姛鐜?96.3%, 缂撳瓨鍛戒腑 12.7%, 鏁版嵁鎹熷け 19.4%, 缂撳瓨娣樻卑鐜?0.0%
馃攳 杩佺Щ缁熻: 鎵ц27娆? 鎴愬姛26娆? 鎴愬姛鐜?6.3%
[璋冭瘯] Episode 0001: 寤惰繜 2.108s, 鑳借€?8826.74J, 瀹屾垚鐜?96.4%, 杩佺Щ鎴愬姛鐜?96.3%, 缂撳瓨鍛戒腑 13.3%, 鏁版嵁鎹熷け 18.5%, 缂撳瓨娣樻卑鐜?0.0%
馃攳 杩佺Щ缁熻: 鎵ц27娆? 鎴愬姛26娆? 鎴愬姛鐜?6.3%
[璋冭瘯] Episode 0001: 寤惰繜 2.096s, 鑳借€?8878.11J, 瀹屾垚鐜?96.4%, 杩佺Щ鎴愬姛鐜?96.3%, 缂撳瓨鍛戒腑 13.5%, 鏁版嵁鎹熷け 18.5%, 缂撳瓨娣樻卑鐜?0.0%
馃攳 杩佺Щ缁熻: 鎵ц27娆? 鎴愬姛26娆? 鎴愬姛鐜?6.3%
[璋冭瘯] Episode 0001: 寤惰繜 2.086s, 鑳借€?8940.09J, 瀹屾垚鐜?96.4%, 杩佺Щ鎴愬姛鐜?96.3%, 缂撳瓨鍛戒腑 13.5%, 鏁版嵁鎹熷け 18.5%, 缂撳瓨娣樻卑鐜?0.0%
馃攳 杩佺Щ缁熻: 鎵ц27娆? 鎴愬姛26娆? 鎴愬姛鐜?6.3%
[璋冭瘯] Episode 0001: 寤惰繜 2.082s, 鑳借€?8959.91J, 瀹屾垚鐜?96.4%, 杩佺Щ鎴愬姛鐜?96.3%, 缂撳瓨鍛戒腑 13.5%, 鏁版嵁鎹熷け 18.5%, 缂撳瓨娣樻卑鐜?0.0%
馃攳 杩佺Щ缁熻: 鎵ц27娆? 鎴愬姛26娆? 鎴愬姛鐜?6.3%
[璋冭瘯] Episode 0001: 寤惰繜 2.084s, 鑳借€?8979.92J, 瀹屾垚鐜?96.4%, 杩佺Щ鎴愬姛鐜?96.3%, 缂撳瓨鍛戒腑 13.4%, 鏁版嵁鎹熷け 18.5%, 缂撳瓨娣樻卑鐜?0.0%
馃攳 杩佺Щ缁熻: 鎵ц27娆? 鎴愬姛26娆? 鎴愬姛鐜?6.3%
[璋冭瘯] Episode 0001: 寤惰繜 2.074s, 鑳借€?8979.92J, 瀹屾垚鐜?96.4%, 杩佺Щ鎴愬姛鐜?96.3%, 缂撳瓨鍛戒腑 13.8%, 鏁版嵁鎹熷け 18.5%, 缂撳瓨娣樻卑鐜?0.0%
馃攳 杩佺Щ缁熻: 鎵ц27娆? 鎴愬姛26娆? 鎴愬姛鐜?6.3%
[璋冭瘯] Episode 0001: 寤惰繜 2.069s, 鑳借€?8979.92J, 瀹屾垚鐜?96.5%, 杩佺Щ鎴愬姛鐜?96.3%, 缂撳瓨鍛戒腑 14.1%, 鏁版嵁鎹熷け 18.5%, 缂撳瓨娣樻卑鐜?0.0%
馃攳 杩佺Щ缁熻: 鎵ц27娆? 鎴愬姛26娆? 鎴愬姛鐜?6.3%
[璋冭瘯] Episode 0001: 寤惰繜 2.060s, 鑳借€?8999.74J, 瀹屾垚鐜?96.5%, 杩佺Щ鎴愬姛鐜?96.3%, 缂撳瓨鍛戒腑 14.4%, 鏁版嵁鎹熷け 18.5%, 缂撳瓨娣樻卑鐜?0.0%
馃攳 杩佺Щ缁熻: 鎵ц27娆? 鎴愬姛26娆? 鎴愬姛鐜?6.3%
[璋冭瘯] Episode 0001: 寤惰繜 2.063s, 鑳借€?8999.95J, 瀹屾垚鐜?96.5%, 杩佺Щ鎴愬姛鐜?96.3%, 缂撳瓨鍛戒腑 14.6%, 鏁版嵁鎹熷け 18.4%, 缂撳瓨娣樻卑鐜?0.0%
馃攳 杩佺Щ缁熻: 鎵ц27娆? 鎴愬姛26娆? 鎴愬姛鐜?6.3%
[璋冭瘯] Episode 0001: 寤惰繜 2.063s, 鑳借€?8999.95J, 瀹屾垚鐜?96.5%, 杩佺Щ鎴愬姛鐜?96.3%, 缂撳瓨鍛戒腑 14.6%, 鏁版嵁鎹熷け 18.4%, 缂撳瓨娣樻卑鐜?0.0%
馃攳 杩佺Щ缁熻: 鎵ц27娆? 鎴愬姛26娆? 鎴愬姛鐜?6.3%
[璋冭瘯] Episode 0001: 寤惰繜 2.049s, 鑳借€?9001.59J, 瀹屾垚鐜?96.5%, 杩佺Щ鎴愬姛鐜?96.3%, 缂撳瓨鍛戒腑 14.7%, 鏁版嵁鎹熷け 18.4%, 缂撳瓨娣樻卑鐜?0.0%
馃攳 杩佺Щ缁熻: 鎵ц27娆? 鎴愬姛26娆? 鎴愬姛鐜?6.3%
[璋冭瘯] Episode 0001: 寤惰繜 2.041s, 鑳借€?9001.65J, 瀹屾垚鐜?96.5%, 杩佺Щ鎴愬姛鐜?96.3%, 缂撳瓨鍛戒腑 15.2%, 鏁版嵁鎹熷け 18.4%, 缂撳瓨娣樻卑鐜?0.0%
馃攳 杩佺Щ缁熻: 鎵ц27娆? 鎴愬姛26娆? 鎴愬姛鐜?6.3%
[璋冭瘯] Episode 0001: 寤惰繜 2.024s, 鑳借€?9060.59J, 瀹屾垚鐜?96.5%, 杩佺Щ鎴愬姛鐜?96.3%, 缂撳瓨鍛戒腑 15.2%, 鏁版嵁鎹熷け 18.4%, 缂撳瓨娣樻卑鐜?0.0%
馃攳 杩佺Щ缁熻: 鎵ц27娆? 鎴愬姛26娆? 鎴愬姛鐜?6.3%
[璋冭瘯] Episode 0001: 寤惰繜 2.019s, 鑳借€?9098.98J, 瀹屾垚鐜?96.6%, 杩佺Щ鎴愬姛鐜?96.3%, 缂撳瓨鍛戒腑 15.1%, 鏁版嵁鎹熷け 18.4%, 缂撳瓨娣樻卑鐜?0.0%
棣冨箚 uav_0 鐟欙箑褰傛潻浣盒? 涓嶳SU璐熻浇宸繃澶?33.3%) (缁毖勨偓銉ュ:0.157)
馃攳 杩佺Щ缁熻: 鎵ц28娆? 鎴愬姛27娆? 鎴愬姛鐜?6.4%
[璋冭瘯] Episode 0001: 寤惰繜 2.005s, 鑳借€?9107.64J, 瀹屾垚鐜?96.6%, 杩佺Щ鎴愬姛鐜?96.4%, 缂撳瓨鍛戒腑 15.2%, 鏁版嵁鎹熷け 18.4%, 缂撳瓨娣樻卑鐜?0.0%
馃攳 杩佺Щ缁熻: 鎵ц28娆? 鎴愬姛27娆? 鎴愬姛鐜?6.4%
[璋冭瘯] Episode 0001: 寤惰繜 1.995s, 鑳借€?9116.73J, 瀹屾垚鐜?96.6%, 杩佺Щ鎴愬姛鐜?96.4%, 缂撳瓨鍛戒腑 15.2%, 鏁版嵁鎹熷け 18.4%, 缂撳瓨娣樻卑鐜?0.0%
馃攳 杩佺Щ缁熻: 鎵ц28娆? 鎴愬姛27娆? 鎴愬姛鐜?6.4%
[璋冭瘯] Episode 0001: 寤惰繜 1.974s, 鑳借€?9138.74J, 瀹屾垚鐜?96.6%, 杩佺Щ鎴愬姛鐜?96.4%, 缂撳瓨鍛戒腑 16.3%, 鏁版嵁鎹熷け 18.4%, 缂撳瓨娣樻卑鐜?0.0%
馃攳 杩佺Щ缁熻: 鎵ц28娆? 鎴愬姛27娆? 鎴愬姛鐜?6.4%
[璋冭瘯] Episode 0001: 寤惰繜 1.968s, 鑳借€?9159.73J, 瀹屾垚鐜?96.7%, 杩佺Щ鎴愬姛鐜?96.4%, 缂撳瓨鍛戒腑 16.4%, 鏁版嵁鎹熷け 18.4%, 缂撳瓨娣樻卑鐜?0.0%
馃攳 杩佺Щ缁熻: 鎵ц28娆? 鎴愬姛27娆? 鎴愬姛鐜?6.4%
[璋冭瘯] Episode 0001: 寤惰繜 1.958s, 鑳借€?9193.68J, 瀹屾垚鐜?96.7%, 杩佺Щ鎴愬姛鐜?96.4%, 缂撳瓨鍛戒腑 16.6%, 鏁版嵁鎹熷け 18.3%, 缂撳瓨娣樻卑鐜?0.0%
馃攳 杩佺Щ缁熻: 鎵ц28娆? 鎴愬姛27娆? 鎴愬姛鐜?6.4%
[璋冭瘯] Episode 0001: 寤惰繜 1.957s, 鑳借€?9194.99J, 瀹屾垚鐜?96.7%, 杩佺Щ鎴愬姛鐜?96.4%, 缂撳瓨鍛戒腑 16.5%, 鏁版嵁鎹熷け 18.3%, 缂撳瓨娣樻卑鐜?0.0%
馃攳 杩佺Щ缁熻: 鎵ц28娆? 鎴愬姛27娆? 鎴愬姛鐜?6.4%
[璋冭瘯] Episode 0001: 寤惰繜 1.941s, 鑳借€?9232.64J, 瀹屾垚鐜?96.5%, 杩佺Щ鎴愬姛鐜?96.4%, 缂撳瓨鍛戒腑 16.9%, 鏁版嵁鎹熷け 22.7%, 缂撳瓨娣樻卑鐜?0.0%
馃攳 杩佺Щ缁熻: 鎵ц28娆? 鎴愬姛27娆? 鎴愬姛鐜?6.4%
[璋冭瘯] Episode 0001: 寤惰繜 1.937s, 鑳借€?9232.64J, 瀹屾垚鐜?96.5%, 杩佺Щ鎴愬姛鐜?96.4%, 缂撳瓨鍛戒腑 17.2%, 鏁版嵁鎹熷け 22.7%, 缂撳瓨娣樻卑鐜?0.0%
[Episode 1, Step 1] Tasks: generated=2, local=1(50.0%), rsu=0(0.0%), uav=1(50.0%), dropped=0(0.0%)
[Episode 1, Step 3] Tasks: generated=1, local=0(0.0%), rsu=1(100.0%), uav=0(0.0%), dropped=0(0.0%)
[Episode 1, Step 5] Tasks: generated=1, local=0(0.0%), rsu=0(0.0%), uav=1(100.0%), dropped=0(0.0%)
[Episode 1, Step 7] Tasks: generated=0, local=0(0.0%), rsu=0(0.0%), uav=0(0.0%), dropped=0(0.0%)
[Episode 1, Step 9] Tasks: generated=1, local=1(100.0%), rsu=0(0.0%), uav=0(0.0%), dropped=1(100.0%)
[Episode 1, Step 11] Tasks: generated=3, local=1(33.3%), rsu=2(66.7%), uav=0(0.0%), dropped=0(0.0%)
[Episode 1, Step 13] Tasks: generated=2, local=2(100.0%), rsu=0(0.0%), uav=0(0.0%), dropped=0(0.0%)
[Episode 1, Step 15] Tasks: generated=1, local=0(0.0%), rsu=1(100.0%), uav=0(0.0%), dropped=0(0.0%)
[Episode 1, Step 17] Tasks: generated=2, local=0(0.0%), rsu=1(50.0%), uav=1(50.0%), dropped=0(0.0%)
[Episode 1, Step 19] Tasks: generated=0, local=0(0.0%), rsu=0(0.0%), uav=0(0.0%), dropped=0(0.0%)
[Episode 1, Step 21] Tasks: generated=3, local=1(33.3%), rsu=0(0.0%), uav=2(66.7%), dropped=0(0.0%)
[Episode 1, Step 23] Tasks: generated=4, local=1(25.0%), rsu=2(50.0%), uav=1(25.0%), dropped=0(0.0%)
[Episode 1, Step 25] Tasks: generated=0, local=0(0.0%), rsu=0(0.0%), uav=0(0.0%), dropped=0(0.0%)
[Episode 1, Step 27] Tasks: generated=3, local=2(66.7%), rsu=0(0.0%), uav=1(33.3%), dropped=0(0.0%)
[Episode 1, Step 29] Tasks: generated=1, local=1(100.0%), rsu=0(0.0%), uav=0(0.0%), dropped=0(0.0%)
[Episode 1, Step 31] Tasks: generated=2, local=1(50.0%), rsu=1(50.0%), uav=0(0.0%), dropped=0(0.0%)
[Episode 1, Step 33] Tasks: generated=1, local=0(0.0%), rsu=0(0.0%), uav=1(100.0%), dropped=0(0.0%)
[Episode 1, Step 35] Tasks: generated=2, local=1(50.0%), rsu=0(0.0%), uav=1(50.0%), dropped=0(0.0%)
[Episode 1, Step 37] Tasks: generated=3, local=0(0.0%), rsu=3(100.0%), uav=0(0.0%), dropped=1(33.3%)
[Episode 1, Step 39] Tasks: generated=2, local=0(0.0%), rsu=1(50.0%), uav=1(50.0%), dropped=0(0.0%)
[Episode 1, Step 41] Tasks: generated=1, local=1(100.0%), rsu=0(0.0%), uav=0(0.0%), dropped=1(100.0%)
[Episode 1, Step 43] Tasks: generated=2, local=0(0.0%), rsu=0(0.0%), uav=2(100.0%), dropped=0(0.0%)
[Episode 1, Step 45] Tasks: generated=2, local=1(50.0%), rsu=0(0.0%), uav=1(50.0%), dropped=0(0.0%)
[Episode 1, Step 47] Tasks: generated=2, local=0(0.0%), rsu=1(50.0%), uav=1(50.0%), dropped=0(0.0%)
[Episode 1, Step 49] Tasks: generated=1, local=0(0.0%), rsu=0(0.0%), uav=1(100.0%), dropped=0(0.0%)
[Episode 1, Step 51] Tasks: generated=0, local=0(0.0%), rsu=0(0.0%), uav=0(0.0%), dropped=0(0.0%)
[Episode 1, Step 53] Tasks: generated=0, local=0(0.0%), rsu=0(0.0%), uav=0(0.0%), dropped=0(0.0%)
[Episode 1, Step 55] Tasks: generated=3, local=1(33.3%), rsu=1(33.3%), uav=1(33.3%), dropped=0(0.0%)
[Episode 1, Step 57] Tasks: generated=4, local=2(50.0%), rsu=2(50.0%), uav=0(0.0%), dropped=0(0.0%)
[Episode 1, Step 59] Tasks: generated=2, local=0(0.0%), rsu=2(100.0%), uav=0(0.0%), dropped=0(0.0%)
[Episode 1, Step 61] Tasks: generated=1, local=1(100.0%), rsu=0(0.0%), uav=0(0.0%), dropped=0(0.0%)
[Episode 1, Step 63] Tasks: generated=1, local=0(0.0%), rsu=0(0.0%), uav=1(100.0%), dropped=0(0.0%)
[Episode 1, Step 65] Tasks: generated=1, local=1(100.0%), rsu=0(0.0%), uav=0(0.0%), dropped=0(0.0%)
[Episode 1, Step 67] Tasks: generated=1, local=1(100.0%), rsu=0(0.0%), uav=0(0.0%), dropped=1(100.0%)
[Episode 1, Step 69] Tasks: generated=2, local=1(50.0%), rsu=0(0.0%), uav=1(50.0%), dropped=0(0.0%)
[Episode 1, Step 71] Tasks: generated=5, local=3(60.0%), rsu=1(20.0%), uav=1(20.0%), dropped=0(0.0%)
[Episode 1, Step 73] Tasks: generated=3, local=1(33.3%), rsu=2(66.7%), uav=0(0.0%), dropped=0(0.0%)
[Episode 1, Step 75] Tasks: generated=1, local=0(0.0%), rsu=0(0.0%), uav=1(100.0%), dropped=0(0.0%)
[Episode 1, Step 77] Tasks: generated=3, local=1(33.3%), rsu=1(33.3%), uav=1(33.3%), dropped=0(0.0%)
[Episode 1, Step 79] Tasks: generated=3, local=2(66.7%), rsu=0(0.0%), uav=1(33.3%), dropped=0(0.0%)
[Episode 1, Step 81] Tasks: generated=4, local=2(50.0%), rsu=2(50.0%), uav=0(0.0%), dropped=0(0.0%)
[Episode 1, Step 83] Tasks: generated=4, local=1(25.0%), rsu=3(75.0%), uav=0(0.0%), dropped=0(0.0%)
[Episode 1, Step 85] Tasks: generated=2, local=0(0.0%), rsu=2(100.0%), uav=0(0.0%), dropped=0(0.0%)
[Episode 1, Step 87] Tasks: generated=2, local=0(0.0%), rsu=0(0.0%), uav=2(100.0%), dropped=0(0.0%)
[Episode 1, Step 89] Tasks: generated=3, local=2(66.7%), rsu=0(0.0%), uav=1(33.3%), dropped=0(0.0%)
[Episode 1, Step 91] Tasks: generated=5, local=3(60.0%), rsu=0(0.0%), uav=2(40.0%), dropped=0(0.0%)
[Episode 1, Step 93] Tasks: generated=5, local=2(40.0%), rsu=2(40.0%), uav=1(20.0%), dropped=0(0.0%)
[Episode 1, Step 95] Tasks: generated=2, local=1(50.0%), rsu=1(50.0%), uav=0(0.0%), dropped=0(0.0%)
[Episode 1, Step 97] Tasks: generated=6, local=1(16.7%), rsu=3(50.0%), uav=2(33.3%), dropped=0(0.0%)
[Episode 1, Step 99] Tasks: generated=5, local=3(60.0%), rsu=2(40.0%), uav=0(0.0%), dropped=0(0.0%)
[Episode 1, Step 101] Tasks: generated=4, local=3(75.0%), rsu=0(0.0%), uav=1(25.0%), dropped=0(0.0%)
[Episode 1, Step 103] Tasks: generated=3, local=1(33.3%), rsu=0(0.0%), uav=2(66.7%), dropped=0(0.0%)
[Episode 1, Step 105] Tasks: generated=2, local=2(100.0%), rsu=0(0.0%), uav=0(0.0%), dropped=0(0.0%)
[Episode 1, Step 107] Tasks: generated=3, local=1(33.3%), rsu=1(33.3%), uav=1(33.3%), dropped=0(0.0%)
[Episode 1, Step 109] Tasks: generated=3, local=2(66.7%), rsu=1(33.3%), uav=0(0.0%), dropped=2(66.7%)
[Episode 1, Step 111] Tasks: generated=1, local=1(100.0%), rsu=0(0.0%), uav=0(0.0%), dropped=0(0.0%)
[Episode 1, Step 113] Tasks: generated=2, local=0(0.0%), rsu=2(100.0%), uav=0(0.0%), dropped=0(0.0%)
[Episode 1, Step 115] Tasks: generated=5, local=3(60.0%), rsu=0(0.0%), uav=2(40.0%), dropped=1(20.0%)
[Episode 1, Step 117] Tasks: generated=2, local=0(0.0%), rsu=2(100.0%), uav=0(0.0%), dropped=0(0.0%)
[Episode 1, Step 119] Tasks: generated=3, local=0(0.0%), rsu=1(33.3%), uav=2(66.7%), dropped=1(33.3%)
[Episode 1, Step 121] Tasks: generated=4, local=3(75.0%), rsu=0(0.0%), uav=1(25.0%), dropped=0(0.0%)
[Episode 1, Step 123] Tasks: generated=2, local=0(0.0%), rsu=0(0.0%), uav=2(100.0%), dropped=0(0.0%)
[Episode 1, Step 125] Tasks: generated=2, local=2(100.0%), rsu=0(0.0%), uav=0(0.0%), dropped=0(0.0%)
[Episode 1, Step 127] Tasks: generated=5, local=0(0.0%), rsu=2(40.0%), uav=3(60.0%), dropped=0(0.0%)
[Episode 1, Step 129] Tasks: generated=2, local=0(0.0%), rsu=1(50.0%), uav=1(50.0%), dropped=0(0.0%)
[Episode 1, Step 131] Tasks: generated=0, local=0(0.0%), rsu=0(0.0%), uav=0(0.0%), dropped=0(0.0%)
[Episode 1, Step 133] Tasks: generated=4, local=2(50.0%), rsu=1(25.0%), uav=1(25.0%), dropped=0(0.0%)
[Episode 1, Step 135] Tasks: generated=1, local=1(100.0%), rsu=0(0.0%), uav=0(0.0%), dropped=0(0.0%)
[Episode 1, Step 137] Tasks: generated=3, local=1(33.3%), rsu=0(0.0%), uav=2(66.7%), dropped=0(0.0%)
[Episode 1, Step 139] Tasks: generated=2, local=1(50.0%), rsu=1(50.0%), uav=0(0.0%), dropped=0(0.0%)
[Episode 1, Step 141] Tasks: generated=3, local=2(66.7%), rsu=0(0.0%), uav=1(33.3%), dropped=1(33.3%)
[Episode 1, Step 143] Tasks: generated=3, local=0(0.0%), rsu=0(0.0%), uav=3(100.0%), dropped=0(0.0%)
[Episode 1, Step 145] Tasks: generated=3, local=1(33.3%), rsu=1(33.3%), uav=1(33.3%), dropped=0(0.0%)
[Episode 1, Step 147] Tasks: generated=1, local=0(0.0%), rsu=1(100.0%), uav=0(0.0%), dropped=0(0.0%)
[Episode 1, Step 149] Tasks: generated=3, local=0(0.0%), rsu=2(66.7%), uav=1(33.3%), dropped=0(0.0%)
[Episode 1, Step 151] Tasks: generated=3, local=0(0.0%), rsu=1(33.3%), uav=2(66.7%), dropped=0(0.0%)
[Episode 1, Step 153] Tasks: generated=2, local=0(0.0%), rsu=0(0.0%), uav=2(100.0%), dropped=0(0.0%)
[Episode 1, Step 155] Tasks: generated=2, local=1(50.0%), rsu=1(50.0%), uav=0(0.0%), dropped=0(0.0%)
[Episode 1, Step 157] Tasks: generated=3, local=2(66.7%), rsu=0(0.0%), uav=1(33.3%), dropped=0(0.0%)
[Episode 1, Step 159] Tasks: generated=2, local=2(100.0%), rsu=0(0.0%), uav=0(0.0%), dropped=0(0.0%)
[Episode 1, Step 161] Tasks: generated=4, local=1(25.0%), rsu=2(50.0%), uav=1(25.0%), dropped=0(0.0%)
[Episode 1, Step 163] Tasks: generated=2, local=0(0.0%), rsu=1(50.0%), uav=1(50.0%), dropped=0(0.0%)
[Episode 1, Step 165] Tasks: generated=1, local=0(0.0%), rsu=0(0.0%), uav=1(100.0%), dropped=0(0.0%)
[Episode 1, Step 167] Tasks: generated=1, local=0(0.0%), rsu=0(0.0%), uav=1(100.0%), dropped=0(0.0%)
[Episode 1, Step 169] Tasks: generated=2, local=0(0.0%), rsu=2(100.0%), uav=0(0.0%), dropped=0(0.0%)
[Episode 1, Step 171] Tasks: generated=3, local=1(33.3%), rsu=2(66.7%), uav=0(0.0%), dropped=0(0.0%)
[Episode 1, Step 173] Tasks: generated=5, local=2(40.0%), rsu=1(20.0%), uav=2(40.0%), dropped=0(0.0%)
[Episode 1, Step 175] Tasks: generated=4, local=1(25.0%), rsu=2(50.0%), uav=1(25.0%), dropped=0(0.0%)
[Episode 1, Step 177] Tasks: generated=2, local=0(0.0%), rsu=2(100.0%), uav=0(0.0%), dropped=0(0.0%)
[Episode 1, Step 179] Tasks: generated=2, local=1(50.0%), rsu=1(50.0%), uav=0(0.0%), dropped=0(0.0%)
[Episode 1, Step 181] Tasks: generated=0, local=0(0.0%), rsu=0(0.0%), uav=0(0.0%), dropped=0(0.0%)
[Episode 1, Step 183] Tasks: generated=2, local=0(0.0%), rsu=1(50.0%), uav=1(50.0%), dropped=0(0.0%)
[Episode 1, Step 185] Tasks: generated=1, local=0(0.0%), rsu=1(100.0%), uav=0(0.0%), dropped=0(0.0%)
[Episode 1, Step 187] Tasks: generated=0, local=0(0.0%), rsu=0(0.0%), uav=0(0.0%), dropped=0(0.0%)
[Episode 1, Step 189] Tasks: generated=5, local=0(0.0%), rsu=2(40.0%), uav=3(60.0%), dropped=0(0.0%)
[Episode 1, Step 191] Tasks: generated=2, local=0(0.0%), rsu=0(0.0%), uav=2(100.0%), dropped=0(0.0%)
[Episode 1, Step 193] Tasks: generated=3, local=3(100.0%), rsu=0(0.0%), uav=0(0.0%), dropped=0(0.0%)
[Episode 1, Step 195] Tasks: generated=2, local=1(50.0%), rsu=1(50.0%), uav=0(0.0%), dropped=0(0.0%)
[Episode 1, Step 197] Tasks: generated=2, local=1(50.0%), rsu=1(50.0%), uav=0(0.0%), dropped=0(0.0%)
[Episode 1, Step 199] Tasks: generated=1, local=0(0.0%), rsu=1(100.0%), uav=0(0.0%), dropped=0(0.0%)

================================================================================
馃搳 Episode 1 浠诲姟澶勭悊鏂瑰紡鍒嗗竷缁熻
================================================================================
鎬绘鏁? 200
鎬荤敓鎴愪换鍔℃暟: 490

浠诲姟鍒嗗竷鍗犳瘮:
  鉁?鏈湴澶勭悊:    172 浠诲姟 ( 35.1%)
  鉁?RSU澶勭悊:     164 浠诲姟 ( 33.5%)
  鉁?UAV澶勭悊:     154 浠诲姟 ( 31.4%)
  鉁?琚涪寮?       17 浠诲姟 (  3.5%)

琛ュ厖鎸囨爣:
  浠诲姟鎴愬姛鐜? 96.5%
  RSU缂撳瓨鍛戒腑鐜? 17.3%
  骞冲潎鏈湴鍗犳瘮: 32.1%
  骞冲潎RSU鍗犳瘮: 29.9%
  骞冲潎UAV鍗犳瘮: 29.4%
================================================================================

杞﹁締鍒濆鍖栧畬鎴愶細涓诲共閬撳弻璺彛鍦烘櫙
鍒涘缓浜?12 杞﹁締, 4 RSU, 2 UAV
涓ぎRSU璋冨害鍣ㄥ凡鍚敤: RSU_2
[Topology] Central RSU configured as RSU_2 for coordination.
鍒濆鍖栦簡 6 涓紦瀛樼鐞嗗櫒
[璋冭瘯] Episode 0002: 寤惰繜 1.721s, 鑳借€?5.97J, 瀹屾垚鐜?100.0%, 杩佺Щ鎴愬姛鐜?0.0%, 缂撳瓨鍛戒腑 17.1%, 鏁版嵁鎹熷け 0.0%, 缂撳瓨娣樻卑鐜?0.0%
[璋冭瘯] Episode 0002: 寤惰繜 1.228s, 鑳借€?22.01J, 瀹屾垚鐜?100.0%, 杩佺Щ鎴愬姛鐜?0.0%, 缂撳瓨鍛戒腑 17.1%, 鏁版嵁鎹熷け 0.0%, 缂撳瓨娣樻卑鐜?0.0%
[璋冭瘯] Episode 0002: 寤惰繜 1.224s, 鑳借€?32.13J, 瀹屾垚鐜?100.0%, 杩佺Щ鎴愬姛鐜?0.0%, 缂撳瓨鍛戒腑 17.0%, 鏁版嵁鎹熷け 0.0%, 缂撳瓨娣樻卑鐜?0.0%
[璋冭瘯] Episode 0002: 寤惰繜 0.886s, 鑳借€?44.94J, 瀹屾垚鐜?100.0%, 杩佺Щ鎴愬姛鐜?0.0%, 缂撳瓨鍛戒腑 17.0%, 鏁版嵁鎹熷け 0.0%, 缂撳瓨娣樻卑鐜?0.0%
[璋冭瘯] Episode 0002: 寤惰繜 0.886s, 鑳借€?44.94J, 瀹屾垚鐜?100.0%, 杩佺Щ鎴愬姛鐜?0.0%, 缂撳瓨鍛戒腑 17.0%, 鏁版嵁鎹熷け 0.0%, 缂撳瓨娣樻卑鐜?0.0%
[璋冭瘯] Episode 0002: 寤惰繜 1.070s, 鑳借€?46.36J, 瀹屾垚鐜?100.0%, 杩佺Щ鎴愬姛鐜?0.0%, 缂撳瓨鍛戒腑 16.9%, 鏁版嵁鎹熷け 0.0%, 缂撳瓨娣樻卑鐜?0.0%
[璋冭瘯] Episode 0002: 寤惰繜 0.890s, 鑳借€?93.06J, 瀹屾垚鐜?100.0%, 杩佺Щ鎴愬姛鐜?0.0%, 缂撳瓨鍛戒腑 16.7%, 鏁版嵁鎹熷け 0.0%, 缂撳瓨娣樻卑鐜?0.0%
[璋冭瘯] Episode 0002: 寤惰繜 1.017s, 鑳借€?147.72J, 瀹屾垚鐜?100.0%, 杩佺Щ鎴愬姛鐜?0.0%, 缂撳瓨鍛戒腑 16.6%, 鏁版嵁鎹熷け 0.0%, 缂撳瓨娣樻卑鐜?0.0%
[璋冭瘯] Episode 0002: 寤惰繜 0.911s, 鑳借€?190.54J, 瀹屾垚鐜?100.0%, 杩佺Щ鎴愬姛鐜?0.0%, 缂撳瓨鍛戒腑 16.5%, 鏁版嵁鎹熷け 0.0%, 缂撳瓨娣樻卑鐜?0.0%
[璋冭瘯] Episode 0002: 寤惰繜 0.736s, 鑳借€?240.06J, 瀹屾垚鐜?100.0%, 杩佺Щ鎴愬姛鐜?0.0%, 缂撳瓨鍛戒腑 16.4%, 鏁版嵁鎹熷け 0.0%, 缂撳瓨娣樻卑鐜?0.0%
[璋冭瘯] Episode 0002: 寤惰繜 0.741s, 鑳借€?285.34J, 瀹屾垚鐜?100.0%, 杩佺Щ鎴愬姛鐜?0.0%, 缂撳瓨鍛戒腑 16.4%, 鏁版嵁鎹熷け 0.0%, 缂撳瓨娣樻卑鐜?0.0%
[璋冭瘯] Episode 0002: 寤惰繜 0.741s, 鑳借€?285.34J, 瀹屾垚鐜?100.0%, 杩佺Щ鎴愬姛鐜?0.0%, 缂撳瓨鍛戒腑 16.4%, 鏁版嵁鎹熷け 0.0%, 缂撳瓨娣樻卑鐜?0.0%
[璋冭瘯] Episode 0002: 寤惰繜 0.786s, 鑳借€?312.95J, 瀹屾垚鐜?100.0%, 杩佺Щ鎴愬姛鐜?0.0%, 缂撳瓨鍛戒腑 16.2%, 鏁版嵁鎹熷け 0.0%, 缂撳瓨娣樻卑鐜?0.0%
[璋冭瘯] Episode 0002: 寤惰繜 0.721s, 鑳借€?402.85J, 瀹屾垚鐜?100.0%, 杩佺Щ鎴愬姛鐜?0.0%, 缂撳瓨鍛戒腑 16.2%, 鏁版嵁鎹熷け 0.0%, 缂撳瓨娣樻卑鐜?0.0%
[璋冭瘯] Episode 0002: 寤惰繜 0.764s, 鑳借€?494.82J, 瀹屾垚鐜?100.0%, 杩佺Щ鎴愬姛鐜?0.0%, 缂撳瓨鍛戒腑 16.0%, 鏁版嵁鎹熷け 0.0%, 缂撳瓨娣樻卑鐜?0.0%
[璋冭瘯] Episode 0002: 寤惰繜 0.704s, 鑳借€?539.92J, 瀹屾垚鐜?100.0%, 杩佺Щ鎴愬姛鐜?0.0%, 缂撳瓨鍛戒腑 15.9%, 鏁版嵁鎹熷け 0.0%, 缂撳瓨娣樻卑鐜?0.0%
[璋冭瘯] Episode 0002: 寤惰繜 0.720s, 鑳借€?542.90J, 瀹屾垚鐜?97.3%, 杩佺Щ鎴愬姛鐜?0.0%, 缂撳瓨鍛戒腑 15.9%, 鏁版嵁鎹熷け 0.1%, 缂撳瓨娣樻卑鐜?0.0%
[璋冭瘯] Episode 0002: 寤惰繜 0.667s, 鑳借€?581.54J, 瀹屾垚鐜?97.5%, 杩佺Щ鎴愬姛鐜?0.0%, 缂撳瓨鍛戒腑 15.8%, 鏁版嵁鎹熷け 0.1%, 缂撳瓨娣樻卑鐜?0.0%
[璋冭瘯] Episode 0002: 寤惰繜 0.668s, 鑳借€?615.43J, 瀹屾垚鐜?97.7%, 杩佺Щ鎴愬姛鐜?0.0%, 缂撳瓨鍛戒腑 15.7%, 鏁版嵁鎹熷け 0.1%, 缂撳瓨娣樻卑鐜?0.0%
[璋冭瘯] Episode 0002: 寤惰繜 0.642s, 鑳借€?658.23J, 瀹屾垚鐜?97.9%, 杩佺Щ鎴愬姛鐜?0.0%, 缂撳瓨鍛戒腑 15.6%, 鏁版嵁鎹熷け 0.1%, 缂撳瓨娣樻卑鐜?0.0%
[璋冭瘯] Episode 0002: 寤惰繜 0.633s, 鑳借€?659.54J, 瀹屾垚鐜?97.9%, 杩佺Щ鎴愬姛鐜?0.0%, 缂撳瓨鍛戒腑 15.6%, 鏁版嵁鎹熷け 0.1%, 缂撳瓨娣樻卑鐜?0.0%
[璋冭瘯] Episode 0002: 寤惰繜 0.610s, 鑳借€?706.39J, 瀹屾垚鐜?98.0%, 杩佺Щ鎴愬姛鐜?0.0%, 缂撳瓨鍛戒腑 15.6%, 鏁版嵁鎹熷け 0.1%, 缂撳瓨娣樻卑鐜?0.0%
[璋冭瘯] Episode 0002: 寤惰繜 0.649s, 鑳借€?709.00J, 瀹屾垚鐜?96.3%, 杩佺Щ鎴愬姛鐜?0.0%, 缂撳瓨鍛戒腑 15.4%, 鏁版嵁鎹熷け 0.1%, 缂撳瓨娣樻卑鐜?0.0%
[璋冭瘯] Episode 0002: 寤惰繜 0.629s, 鑳借€?720.17J, 瀹屾垚鐜?96.4%, 杩佺Щ鎴愬姛鐜?0.0%, 缂撳瓨鍛戒腑 15.4%, 鏁版嵁鎹熷け 0.1%, 缂撳瓨娣樻卑鐜?0.0%
[璋冭瘯] Episode 0002: 寤惰繜 0.617s, 鑳借€?753.34J, 瀹屾垚鐜?96.6%, 杩佺Щ鎴愬姛鐜?0.0%, 缂撳瓨鍛戒腑 15.4%, 鏁版嵁鎹熷け 0.1%, 缂撳瓨娣樻卑鐜?0.0%
[璋冭瘯] Episode 0002: 寤惰繜 0.649s, 鑳借€?760.64J, 瀹屾垚鐜?96.7%, 杩佺Щ鎴愬姛鐜?0.0%, 缂撳瓨鍛戒腑 15.3%, 鏁版嵁鎹熷け 0.1%, 缂撳瓨娣樻卑鐜?0.0%
[璋冭瘯] Episode 0002: 寤惰繜 0.691s, 鑳借€?811.90J, 瀹屾垚鐜?93.8%, 杩佺Щ鎴愬姛鐜?0.0%, 缂撳瓨鍛戒腑 15.2%, 鏁版嵁鎹熷け 64.5%, 缂撳瓨娣樻卑鐜?0.0%
[璋冭瘯] Episode 0002: 寤惰繜 0.652s, 鑳借€?883.14J, 瀹屾垚鐜?94.2%, 杩佺Щ鎴愬姛鐜?0.0%, 缂撳瓨鍛戒腑 15.2%, 鏁版嵁鎹熷け 64.4%, 缂撳瓨娣樻卑鐜?0.0%
[璋冭瘯] Episode 0002: 寤惰繜 0.660s, 鑳借€?889.49J, 瀹屾垚鐜?94.3%, 杩佺Щ鎴愬姛鐜?0.0%, 缂撳瓨鍛戒腑 15.2%, 鏁版嵁鎹熷け 64.0%, 缂撳瓨娣樻卑鐜?0.0%
[璋冭瘯] Episode 0002: 寤惰繜 0.639s, 鑳借€?917.24J, 瀹屾垚鐜?94.5%, 杩佺Щ鎴愬姛鐜?0.0%, 缂撳瓨鍛戒腑 15.2%, 鏁版嵁鎹熷け 63.8%, 缂撳瓨娣樻卑鐜?0.0%
[璋冭瘯] Episode 0002: 寤惰繜 0.649s, 鑳借€?924.77J, 瀹屾垚鐜?94.6%, 杩佺Щ鎴愬姛鐜?0.0%, 缂撳瓨鍛戒腑 15.2%, 鏁版嵁鎹熷け 63.3%, 缂撳瓨娣樻卑鐜?0.0%
[璋冭瘯] Episode 0002: 寤惰繜 0.641s, 鑳借€?925.20J, 瀹屾垚鐜?94.7%, 杩佺Щ鎴愬姛鐜?0.0%, 缂撳瓨鍛戒腑 15.2%, 鏁版嵁鎹熷け 63.2%, 缂撳瓨娣樻卑鐜?0.0%
[VehicleMigration] handover #1: vehicle V_1 task task_77 UAV_1 -> RSU_0
   Trigger: distance 487.8m > threshold 486.4m (speed 5.4 m/s)
   Score: 617.8 -> 173.0 (improvement 72.0%)
   Queue trend: UAV_1: 1 -> 0, RSU_0: 0 -> 1
[Migration] Executed 1 vehicle-following migrations.
馃攳 杩佺Щ缁熻: 鎵ц1娆? 鎴愬姛1娆? 鎴愬姛鐜?00.0%
[璋冭瘯] Episode 0002: 寤惰繜 0.680s, 鑳借€?941.37J, 瀹屾垚鐜?94.9%, 杩佺Щ鎴愬姛鐜?100.0%, 缂撳瓨鍛戒腑 15.0%, 鏁版嵁鎹熷け 61.8%, 缂撳瓨娣樻卑鐜?0.0%
馃攳 杩佺Щ缁熻: 鎵ц1娆? 鎴愬姛1娆? 鎴愬姛鐜?00.0%
[璋冭瘯] Episode 0002: 寤惰繜 0.672s, 鑳借€?976.68J, 瀹屾垚鐜?94.9%, 杩佺Щ鎴愬姛鐜?100.0%, 缂撳瓨鍛戒腑 15.0%, 鏁版嵁鎹熷け 61.8%, 缂撳瓨娣樻卑鐜?0.0%
馃攳 杩佺Щ缁熻: 鎵ц1娆? 鎴愬姛1娆? 鎴愬姛鐜?00.0%
[璋冭瘯] Episode 0002: 寤惰繜 0.685s, 鑳借€?979.76J, 瀹屾垚鐜?93.8%, 杩佺Щ鎴愬姛鐜?100.0%, 缂撳瓨鍛戒腑 15.0%, 鏁版嵁鎹熷け 61.4%, 缂撳瓨娣樻卑鐜?0.0%
馃攳 杩佺Щ缁熻: 鎵ц1娆? 鎴愬姛1娆? 鎴愬姛鐜?00.0%
[璋冭瘯] Episode 0002: 寤惰繜 0.671s, 鑳借€?990.86J, 瀹屾垚鐜?94.0%, 杩佺Щ鎴愬姛鐜?100.0%, 缂撳瓨鍛戒腑 15.0%, 鏁版嵁鎹熷け 61.3%, 缂撳瓨娣樻卑鐜?0.0%
馃攳 杩佺Щ缁熻: 鎵ц1娆? 鎴愬姛1娆? 鎴愬姛鐜?00.0%
[璋冭瘯] Episode 0002: 寤惰繜 0.686s, 鑳借€?991.00J, 瀹屾垚鐜?94.0%, 杩佺Щ鎴愬姛鐜?100.0%, 缂撳瓨鍛戒腑 14.9%, 鏁版嵁鎹熷け 52.6%, 缂撳瓨娣樻卑鐜?0.0%
馃攳 杩佺Щ缁熻: 鎵ц1娆? 鎴愬姛1娆? 鎴愬姛鐜?00.0%
[璋冭瘯] Episode 0002: 寤惰繜 0.689s, 鑳借€?1015.98J, 瀹屾垚鐜?94.0%, 杩佺Щ鎴愬姛鐜?100.0%, 缂撳瓨鍛戒腑 14.8%, 鏁版嵁鎹熷け 52.2%, 缂撳瓨娣樻卑鐜?0.0%
馃攳 杩佺Щ缁熻: 鎵ц1娆? 鎴愬姛1娆? 鎴愬姛鐜?00.0%
[璋冭瘯] Episode 0002: 寤惰繜 0.674s, 鑳借€?1026.84J, 瀹屾垚鐜?94.2%, 杩佺Щ鎴愬姛鐜?100.0%, 缂撳瓨鍛戒腑 14.8%, 鏁版嵁鎹熷け 52.1%, 缂撳瓨娣樻卑鐜?0.0%
馃攳 杩佺Щ缁熻: 鎵ц1娆? 鎴愬姛1娆? 鎴愬姛鐜?00.0%
[璋冭瘯] Episode 0002: 寤惰繜 0.675s, 鑳借€?1027.27J, 瀹屾垚鐜?94.3%, 杩佺Щ鎴愬姛鐜?100.0%, 缂撳瓨鍛戒腑 14.8%, 鏁版嵁鎹熷け 52.1%, 缂撳瓨娣樻卑鐜?0.0%
馃攳 杩佺Щ缁熻: 鎵ц1娆? 鎴愬姛1娆? 鎴愬姛鐜?00.0%
[璋冭瘯] Episode 0002: 寤惰繜 0.673s, 鑳借€?1045.89J, 瀹屾垚鐜?93.3%, 杩佺Щ鎴愬姛鐜?100.0%, 缂撳瓨鍛戒腑 14.8%, 鏁版嵁鎹熷け 63.5%, 缂撳瓨娣樻卑鐜?0.0%
馃攳 杩佺Щ缁熻: 鎵ц1娆? 鎴愬姛1娆? 鎴愬姛鐜?00.0%
[璋冭瘯] Episode 0002: 寤惰繜 0.687s, 鑳借€?1046.03J, 瀹屾垚鐜?93.3%, 杩佺Щ鎴愬姛鐜?100.0%, 缂撳瓨鍛戒腑 14.7%, 鏁版嵁鎹熷け 63.0%, 缂撳瓨娣樻卑鐜?0.0%
馃攳 杩佺Щ缁熻: 鎵ц1娆? 鎴愬姛1娆? 鎴愬姛鐜?00.0%
[璋冭瘯] Episode 0002: 寤惰繜 0.683s, 鑳借€?1057.62J, 瀹屾垚鐜?93.5%, 杩佺Щ鎴愬姛鐜?100.0%, 缂撳瓨鍛戒腑 14.7%, 鏁版嵁鎹熷け 62.9%, 缂撳瓨娣樻卑鐜?0.0%
浠诲姟鍒嗙被缁熻(100): 绫诲瀷1=0.0%, 绫诲瀷2=5.0%, 绫诲瀷3=42.0%, 绫诲瀷4=53.0%
   褰撳墠浠诲姟: safety_alert, 0.65s 鈫?绫诲瀷4, 鏁版嵁0.06MB
   馃捑 缂撳瓨缁熻: 鍛戒腑鐜?0.00% (鎬诲懡涓?0, 鏈湴:0, 鏈懡涓?112)
馃攳 杩佺Щ缁熻: 鎵ц1娆? 鎴愬姛1娆? 鎴愬姛鐜?00.0%
[璋冭瘯] Episode 0002: 寤惰繜 0.703s, 鑳借€?1148.31J, 瀹屾垚鐜?93.6%, 杩佺Щ鎴愬姛鐜?100.0%, 缂撳瓨鍛戒腑 14.5%, 鏁版嵁鎹熷け 62.4%, 缂撳瓨娣樻卑鐜?0.0%
馃攳 杩佺Щ缁熻: 鎵ц1娆? 鎴愬姛1娆? 鎴愬姛鐜?00.0%
[璋冭瘯] Episode 0002: 寤惰繜 0.699s, 鑳借€?1169.71J, 瀹屾垚鐜?93.8%, 杩佺Щ鎴愬姛鐜?100.0%, 缂撳瓨鍛戒腑 14.5%, 鏁版嵁鎹熷け 62.2%, 缂撳瓨娣樻卑鐜?0.0%
馃攳 杩佺Щ缁熻: 鎵ц1娆? 鎴愬姛1娆? 鎴愬姛鐜?00.0%
[璋冭瘯] Episode 0002: 寤惰繜 0.696s, 鑳借€?1211.74J, 瀹屾垚鐜?93.9%, 杩佺Щ鎴愬姛鐜?100.0%, 缂撳瓨鍛戒腑 14.4%, 鏁版嵁鎹熷け 61.9%, 缂撳瓨娣樻卑鐜?0.0%
馃攳 杩佺Щ缁熻: 鎵ц1娆? 鎴愬姛1娆? 鎴愬姛鐜?00.0%
[璋冭瘯] Episode 0002: 寤惰繜 0.668s, 鑳借€?1265.97J, 瀹屾垚鐜?94.2%, 杩佺Щ鎴愬姛鐜?100.0%, 缂撳瓨鍛戒腑 14.4%, 鏁版嵁鎹熷け 61.6%, 缂撳瓨娣樻卑鐜?0.0%
馃攳 杩佺Щ缁熻: 鎵ц1娆? 鎴愬姛1娆? 鎴愬姛鐜?00.0%
[璋冭瘯] Episode 0002: 寤惰繜 2.010s, 鑳借€?2042.16J, 瀹屾垚鐜?94.3%, 杩佺Щ鎴愬姛鐜?100.0%, 缂撳瓨鍛戒腑 14.3%, 鏁版嵁鎹熷け 39.2%, 缂撳瓨娣樻卑鐜?0.0%
馃攳 杩佺Щ缁熻: 鎵ц1娆? 鎴愬姛1娆? 鎴愬姛鐜?00.0%
[璋冭瘯] Episode 0002: 寤惰繜 1.968s, 鑳借€?2079.90J, 瀹屾垚鐜?94.5%, 杩佺Щ鎴愬姛鐜?100.0%, 缂撳瓨鍛戒腑 14.1%, 鏁版嵁鎹熷け 39.0%, 缂撳瓨娣樻卑鐜?0.0%
馃攳 杩佺Щ缁熻: 鎵ц1娆? 鎴愬姛1娆? 鎴愬姛鐜?00.0%
[璋冭瘯] Episode 0002: 寤惰繜 1.962s, 鑳借€?2080.95J, 瀹屾垚鐜?94.5%, 杩佺Щ鎴愬姛鐜?100.0%, 缂撳瓨鍛戒腑 14.1%, 鏁版嵁鎹熷け 39.0%, 缂撳瓨娣樻卑鐜?0.0%
馃攳 杩佺Щ缁熻: 鎵ц1娆? 鎴愬姛1娆? 鎴愬姛鐜?00.0%
[璋冭瘯] Episode 0002: 寤惰繜 1.861s, 鑳借€?2181.66J, 瀹屾垚鐜?94.8%, 杩佺Щ鎴愬姛鐜?100.0%, 缂撳瓨鍛戒腑 14.1%, 鏁版嵁鎹熷け 38.9%, 缂撳瓨娣樻卑鐜?0.0%
馃攳 杩佺Щ缁熻: 鎵ц1娆? 鎴愬姛1娆? 鎴愬姛鐜?00.0%
[璋冭瘯] Episode 0002: 寤惰繜 1.802s, 鑳借€?2245.46J, 瀹屾垚鐜?95.0%, 杩佺Щ鎴愬姛鐜?100.0%, 缂撳瓨鍛戒腑 14.0%, 鏁版嵁鎹熷け 38.9%, 缂撳瓨娣樻卑鐜?0.0%
馃攳 杩佺Щ缁熻: 鎵ц1娆? 鎴愬姛1娆? 鎴愬姛鐜?00.0%
[璋冭瘯] Episode 0002: 寤惰繜 1.781s, 鑳借€?2286.98J, 瀹屾垚鐜?95.1%, 杩佺Щ鎴愬姛鐜?100.0%, 缂撳瓨鍛戒腑 13.9%, 鏁版嵁鎹熷け 27.5%, 缂撳瓨娣樻卑鐜?0.0%
馃攳 杩佺Щ缁熻: 鎵ц1娆? 鎴愬姛1娆? 鎴愬姛鐜?00.0%
[璋冭瘯] Episode 0002: 寤惰繜 1.777s, 鑳借€?2287.48J, 瀹屾垚鐜?95.2%, 杩佺Щ鎴愬姛鐜?100.0%, 缂撳瓨鍛戒腑 13.8%, 鏁版嵁鎹熷け 27.4%, 缂撳瓨娣樻卑鐜?0.0%
馃攳 杩佺Щ缁熻: 鎵ц1娆? 鎴愬姛1娆? 鎴愬姛鐜?00.0%
[璋冭瘯] Episode 0002: 寤惰繜 1.761s, 鑳借€?2342.76J, 瀹屾垚鐜?95.2%, 杩佺Щ鎴愬姛鐜?100.0%, 缂撳瓨鍛戒腑 13.6%, 鏁版嵁鎹熷け 27.2%, 缂撳瓨娣樻卑鐜?0.0%
馃攳 杩佺Щ缁熻: 鎵ц1娆? 鎴愬姛1娆? 鎴愬姛鐜?00.0%
[璋冭瘯] Episode 0002: 寤惰繜 1.686s, 鑳借€?2500.19J, 瀹屾垚鐜?95.5%, 杩佺Щ鎴愬姛鐜?100.0%, 缂撳瓨鍛戒腑 1.2%, 鏁版嵁鎹熷け 27.0%, 缂撳瓨娣樻卑鐜?0.0%
馃攳 杩佺Щ缁熻: 鎵ц1娆? 鎴愬姛1娆? 鎴愬姛鐜?00.0%
[璋冭瘯] Episode 0002: 寤惰繜 1.667s, 鑳借€?2533.22J, 瀹屾垚鐜?94.9%, 杩佺Щ鎴愬姛鐜?100.0%, 缂撳瓨鍛戒腑 1.2%, 鏁版嵁鎹熷け 26.9%, 缂撳瓨娣樻卑鐜?0.0%
馃攳 杩佺Щ缁熻: 鎵ц1娆? 鎴愬姛1娆? 鎴愬姛鐜?00.0%
[璋冭瘯] Episode 0002: 寤惰繜 1.650s, 鑳借€?2553.05J, 瀹屾垚鐜?95.0%, 杩佺Щ鎴愬姛鐜?100.0%, 缂撳瓨鍛戒腑 1.1%, 鏁版嵁鎹熷け 26.9%, 缂撳瓨娣樻卑鐜?0.0%
馃攳 杩佺Щ缁熻: 鎵ц1娆? 鎴愬姛1娆? 鎴愬姛鐜?00.0%
[璋冭瘯] Episode 0002: 寤惰繜 1.637s, 鑳借€?2575.80J, 瀹屾垚鐜?95.0%, 杩佺Щ鎴愬姛鐜?100.0%, 缂撳瓨鍛戒腑 1.1%, 鏁版嵁鎹熷け 26.9%, 缂撳瓨娣樻卑鐜?0.0%
馃攳 杩佺Щ缁熻: 鎵ц1娆? 鎴愬姛1娆? 鎴愬姛鐜?00.0%
[璋冭瘯] Episode 0002: 寤惰繜 1.605s, 鑳借€?2580.81J, 瀹屾垚鐜?95.1%, 杩佺Щ鎴愬姛鐜?100.0%, 缂撳瓨鍛戒腑 1.1%, 鏁版嵁鎹熷け 26.8%, 缂撳瓨娣樻卑鐜?0.0%
馃攳 杩佺Щ缁熻: 鎵ц1娆? 鎴愬姛1娆? 鎴愬姛鐜?00.0%
[璋冭瘯] Episode 0002: 寤惰繜 1.595s, 鑳借€?2612.62J, 瀹屾垚鐜?95.2%, 杩佺Щ鎴愬姛鐜?100.0%, 缂撳瓨鍛戒腑 1.1%, 鏁版嵁鎹熷け 26.7%, 缂撳瓨娣樻卑鐜?0.0%
馃攳 杩佺Щ缁熻: 鎵ц1娆? 鎴愬姛1娆? 鎴愬姛鐜?00.0%
[璋冭瘯] Episode 0002: 寤惰繜 1.594s, 鑳借€?2631.78J, 瀹屾垚鐜?95.2%, 杩佺Щ鎴愬姛鐜?100.0%, 缂撳瓨鍛戒腑 1.1%, 鏁版嵁鎹熷け 26.6%, 缂撳瓨娣樻卑鐜?0.0%
馃攳 杩佺Щ缁熻: 鎵ц1娆? 鎴愬姛1娆? 鎴愬姛鐜?00.0%
[璋冭瘯] Episode 0002: 寤惰繜 1.590s, 鑳借€?2633.02J, 瀹屾垚鐜?95.3%, 杩佺Щ鎴愬姛鐜?100.0%, 缂撳瓨鍛戒腑 1.0%, 鏁版嵁鎹熷け 26.5%, 缂撳瓨娣樻卑鐜?0.0%
馃攳 杩佺Щ缁熻: 鎵ц1娆? 鎴愬姛1娆? 鎴愬姛鐜?00.0%
[璋冭瘯] Episode 0002: 寤惰繜 1.585s, 鑳借€?2677.37J, 瀹屾垚鐜?95.3%, 杩佺Щ鎴愬姛鐜?100.0%, 缂撳瓨鍛戒腑 1.0%, 鏁版嵁鎹熷け 26.5%, 缂撳瓨娣樻卑鐜?0.0%
馃攳 杩佺Щ缁熻: 鎵ц1娆? 鎴愬姛1娆? 鎴愬姛鐜?00.0%
[璋冭瘯] Episode 0002: 寤惰繜 1.555s, 鑳借€?2770.17J, 瀹屾垚鐜?95.5%, 杩佺Щ鎴愬姛鐜?100.0%, 缂撳瓨鍛戒腑 1.0%, 鏁版嵁鎹熷け 26.4%, 缂撳瓨娣樻卑鐜?0.0%
馃攳 杩佺Щ缁熻: 鎵ц1娆? 鎴愬姛1娆? 鎴愬姛鐜?00.0%
[璋冭瘯] Episode 0002: 寤惰繜 2.288s, 鑳借€?3505.83J, 瀹屾垚鐜?95.1%, 杩佺Щ鎴愬姛鐜?100.0%, 缂撳瓨鍛戒腑 1.5%, 鏁版嵁鎹熷け 44.4%, 缂撳瓨娣樻卑鐜?0.0%
馃攳 杩佺Щ缁熻: 鎵ц1娆? 鎴愬姛1娆? 鎴愬姛鐜?00.0%
[璋冭瘯] Episode 0002: 寤惰繜 2.267s, 鑳借€?3512.51J, 瀹屾垚鐜?95.1%, 杩佺Щ鎴愬姛鐜?100.0%, 缂撳瓨鍛戒腑 2.5%, 鏁版嵁鎹熷け 44.4%, 缂撳瓨娣樻卑鐜?0.0%
馃攳 杩佺Щ缁熻: 鎵ц1娆? 鎴愬姛1娆? 鎴愬姛鐜?00.0%
[璋冭瘯] Episode 0002: 寤惰繜 2.231s, 鑳借€?3526.53J, 瀹屾垚鐜?95.2%, 杩佺Щ鎴愬姛鐜?100.0%, 缂撳瓨鍛戒腑 3.9%, 鏁版嵁鎹熷け 44.3%, 缂撳瓨娣樻卑鐜?0.0%
馃攳 杩佺Щ缁熻: 鎵ц1娆? 鎴愬姛1娆? 鎴愬姛鐜?00.0%
[璋冭瘯] Episode 0002: 寤惰繜 2.219s, 鑳借€?3534.10J, 瀹屾垚鐜?95.3%, 杩佺Щ鎴愬姛鐜?100.0%, 缂撳瓨鍛戒腑 4.7%, 鏁版嵁鎹熷け 44.0%, 缂撳瓨娣樻卑鐜?0.0%
馃攳 杩佺Щ缁熻: 鎵ц1娆? 鎴愬姛1娆? 鎴愬姛鐜?00.0%
[璋冭瘯] Episode 0002: 寤惰繜 2.181s, 鑳借€?3566.57J, 瀹屾垚鐜?95.3%, 杩佺Щ鎴愬姛鐜?100.0%, 缂撳瓨鍛戒腑 4.7%, 鏁版嵁鎹熷け 44.0%, 缂撳瓨娣樻卑鐜?0.0%
馃攳 杩佺Щ缁熻: 鎵ц1娆? 鎴愬姛1娆? 鎴愬姛鐜?00.0%
[璋冭瘯] Episode 0002: 寤惰繜 2.143s, 鑳借€?3613.77J, 瀹屾垚鐜?95.4%, 杩佺Щ鎴愬姛鐜?100.0%, 缂撳瓨鍛戒腑 5.1%, 鏁版嵁鎹熷け 43.9%, 缂撳瓨娣樻卑鐜?0.0%
馃攳 杩佺Щ缁熻: 鎵ц1娆? 鎴愬姛1娆? 鎴愬姛鐜?00.0%
[璋冭瘯] Episode 0002: 寤惰繜 2.126s, 鑳借€?3614.97J, 瀹屾垚鐜?95.5%, 杩佺Щ鎴愬姛鐜?100.0%, 缂撳瓨鍛戒腑 5.9%, 鏁版嵁鎹熷け 43.8%, 缂撳瓨娣樻卑鐜?0.0%
[VehicleMigration] handover #1: vehicle V_5 task task_180 RSU_1 -> RSU_3
   Trigger: distance 299.9m > threshold 289.5m (speed 7.0 m/s)
   Score: 429.9 -> 200.1 (improvement 53.4%)
   Queue trend: RSU_1: 1 -> 0, RSU_3: 0 -> 1
[Migration] Executed 1 vehicle-following migrations.
馃攳 杩佺Щ缁熻: 鎵ц2娆? 鎴愬姛2娆? 鎴愬姛鐜?00.0%
[璋冭瘯] Episode 0002: 寤惰繜 2.103s, 鑳借€?3630.86J, 瀹屾垚鐜?95.5%, 杩佺Щ鎴愬姛鐜?100.0%, 缂撳瓨鍛戒腑 6.3%, 鏁版嵁鎹熷け 43.7%, 缂撳瓨娣樻卑鐜?0.0%
馃攳 杩佺Щ缁熻: 鎵ц2娆? 鎴愬姛2娆? 鎴愬姛鐜?00.0%
[璋冭瘯] Episode 0002: 寤惰繜 2.099s, 鑳借€?3649.75J, 瀹屾垚鐜?95.6%, 杩佺Щ鎴愬姛鐜?100.0%, 缂撳瓨鍛戒腑 6.2%, 鏁版嵁鎹熷け 43.7%, 缂撳瓨娣樻卑鐜?0.0%
馃攳 杩佺Щ缁熻: 鎵ц2娆? 鎴愬姛2娆? 鎴愬姛鐜?00.0%
[璋冭瘯] Episode 0002: 寤惰繜 2.076s, 鑳借€?3650.99J, 瀹屾垚鐜?95.6%, 杩佺Щ鎴愬姛鐜?100.0%, 缂撳瓨鍛戒腑 6.6%, 鏁版嵁鎹熷け 43.7%, 缂撳瓨娣樻卑鐜?0.0%
馃攳 杩佺Щ缁熻: 鎵ц2娆? 鎴愬姛2娆? 鎴愬姛鐜?00.0%
[璋冭瘯] Episode 0002: 寤惰繜 2.054s, 鑳借€?3706.08J, 瀹屾垚鐜?95.7%, 杩佺Щ鎴愬姛鐜?100.0%, 缂撳瓨鍛戒腑 7.0%, 鏁版嵁鎹熷け 43.6%, 缂撳瓨娣樻卑鐜?0.0%
馃攳 杩佺Щ缁熻: 鎵ц2娆? 鎴愬姛2娆? 鎴愬姛鐜?00.0%
[璋冭瘯] Episode 0002: 寤惰繜 2.003s, 鑳借€?3726.06J, 瀹屾垚鐜?95.8%, 杩佺Щ鎴愬姛鐜?100.0%, 缂撳瓨鍛戒腑 7.4%, 鏁版嵁鎹熷け 43.4%, 缂撳瓨娣樻卑鐜?0.0%
馃攳 杩佺Щ缁熻: 鎵ц2娆? 鎴愬姛2娆? 鎴愬姛鐜?00.0%
[璋冭瘯] Episode 0002: 寤惰繜 2.018s, 鑳借€?3726.57J, 瀹屾垚鐜?95.8%, 杩佺Щ鎴愬姛鐜?100.0%, 缂撳瓨鍛戒腑 7.4%, 鏁版嵁鎹熷け 43.2%, 缂撳瓨娣樻卑鐜?0.0%
浠诲姟鍒嗙被缁熻(200): 绫诲瀷1=0.0%, 绫诲瀷2=4.5%, 绫诲瀷3=40.0%, 绫诲瀷4=55.5%
   褰撳墠浠诲姟: sensor_data, 0.64s 鈫?绫诲瀷4, 鏁版嵁0.08MB
   馃捑 缂撳瓨缁熻: 鍛戒腑鐜?7.38% (鎬诲懡涓?18, 鏈湴:0, 鏈懡涓?226)
馃攳 杩佺Щ缁熻: 鎵ц2娆? 鎴愬姛2娆? 鎴愬姛鐜?00.0%
[璋冭瘯] Episode 0002: 寤惰繜 1.988s, 鑳借€?3740.02J, 瀹屾垚鐜?95.9%, 杩佺Щ鎴愬姛鐜?100.0%, 缂撳瓨鍛戒腑 7.3%, 鏁版嵁鎹熷け 42.9%, 缂撳瓨娣樻卑鐜?0.0%
馃攳 杩佺Щ缁熻: 鎵ц2娆? 鎴愬姛2娆? 鎴愬姛鐜?00.0%
[璋冭瘯] Episode 0002: 寤惰繜 1.974s, 鑳借€?3792.11J, 瀹屾垚鐜?95.9%, 杩佺Щ鎴愬姛鐜?100.0%, 缂撳瓨鍛戒腑 7.0%, 鏁版嵁鎹熷け 42.7%, 缂撳瓨娣樻卑鐜?0.0%
馃攳 杩佺Щ缁熻: 鎵ц2娆? 鎴愬姛2娆? 鎴愬姛鐜?00.0%
[璋冭瘯] Episode 0002: 寤惰繜 1.935s, 鑳借€?3821.70J, 瀹屾垚鐜?96.0%, 杩佺Щ鎴愬姛鐜?100.0%, 缂撳瓨鍛戒腑 7.3%, 鏁版嵁鎹熷け 42.5%, 缂撳瓨娣樻卑鐜?0.0%
馃攳 杩佺Щ缁熻: 鎵ц2娆? 鎴愬姛2娆? 鎴愬姛鐜?00.0%
[璋冭瘯] Episode 0002: 寤惰繜 1.879s, 鑳借€?3961.92J, 瀹屾垚鐜?96.2%, 杩佺Щ鎴愬姛鐜?100.0%, 缂撳瓨鍛戒腑 8.3%, 鏁版嵁鎹熷け 42.4%, 缂撳瓨娣樻卑鐜?0.0%
馃攳 杩佺Щ缁熻: 鎵ц2娆? 鎴愬姛2娆? 鎴愬姛鐜?00.0%
[璋冭瘯] Episode 0002: 寤惰繜 1.873s, 鑳借€?3982.10J, 瀹屾垚鐜?96.2%, 杩佺Щ鎴愬姛鐜?100.0%, 缂撳瓨鍛戒腑 8.1%, 鏁版嵁鎹熷け 42.2%, 缂撳瓨娣樻卑鐜?0.0%
馃攳 杩佺Щ缁熻: 鎵ц2娆? 鎴愬姛2娆? 鎴愬姛鐜?00.0%
[璋冭瘯] Episode 0002: 寤惰繜 1.853s, 鑳借€?4010.62J, 瀹屾垚鐜?96.3%, 杩佺Щ鎴愬姛鐜?100.0%, 缂撳瓨鍛戒腑 8.6%, 鏁版嵁鎹熷け 42.0%, 缂撳瓨娣樻卑鐜?0.0%
馃攳 杩佺Щ缁熻: 鎵ц2娆? 鎴愬姛2娆? 鎴愬姛鐜?00.0%
[璋冭瘯] Episode 0002: 寤惰繜 1.810s, 鑳借€?4070.11J, 瀹屾垚鐜?96.4%, 杩佺Щ鎴愬姛鐜?100.0%, 缂撳瓨鍛戒腑 8.6%, 鏁版嵁鎹熷け 41.9%, 缂撳瓨娣樻卑鐜?0.0%
馃攳 杩佺Щ缁熻: 鎵ц2娆? 鎴愬姛2娆? 鎴愬姛鐜?00.0%
[璋冭瘯] Episode 0002: 寤惰繜 1.813s, 鑳借€?4080.38J, 瀹屾垚鐜?96.4%, 杩佺Щ鎴愬姛鐜?100.0%, 缂撳瓨鍛戒腑 8.5%, 鏁版嵁鎹熷け 41.8%, 缂撳瓨娣樻卑鐜?0.0%
馃攳 杩佺Щ缁熻: 鎵ц2娆? 鎴愬姛2娆? 鎴愬姛鐜?00.0%
[璋冭瘯] Episode 0002: 寤惰繜 1.767s, 鑳借€?4177.59J, 瀹屾垚鐜?96.5%, 杩佺Щ鎴愬姛鐜?100.0%, 缂撳瓨鍛戒腑 8.5%, 鏁版嵁鎹熷け 41.8%, 缂撳瓨娣樻卑鐜?0.0%
馃攳 杩佺Щ缁熻: 鎵ц2娆? 鎴愬姛2娆? 鎴愬姛鐜?00.0%
[璋冭瘯] Episode 0002: 寤惰繜 1.766s, 鑳借€?4180.86J, 瀹屾垚鐜?96.5%, 杩佺Щ鎴愬姛鐜?100.0%, 缂撳瓨鍛戒腑 8.3%, 鏁版嵁鎹熷け 41.7%, 缂撳瓨娣樻卑鐜?0.0%
馃攳 杩佺Щ缁熻: 鎵ц2娆? 鎴愬姛2娆? 鎴愬姛鐜?00.0%
[璋冭瘯] Episode 0002: 寤惰繜 1.766s, 鑳借€?4180.86J, 瀹屾垚鐜?96.5%, 杩佺Щ鎴愬姛鐜?100.0%, 缂撳瓨鍛戒腑 8.2%, 鏁版嵁鎹熷け 41.6%, 缂撳瓨娣樻卑鐜?0.0%
馃攳 杩佺Щ缁熻: 鎵ц2娆? 鎴愬姛2娆? 鎴愬姛鐜?00.0%
[璋冭瘯] Episode 0002: 寤惰繜 1.748s, 鑳借€?4252.07J, 瀹屾垚鐜?96.5%, 杩佺Щ鎴愬姛鐜?100.0%, 缂撳瓨鍛戒腑 8.2%, 鏁版嵁鎹熷け 41.5%, 缂撳瓨娣樻卑鐜?0.0%
馃攳 杩佺Щ缁熻: 鎵ц2娆? 鎴愬姛2娆? 鎴愬姛鐜?00.0%
[璋冭瘯] Episode 0002: 寤惰繜 1.754s, 鑳借€?4279.11J, 瀹屾垚鐜?96.6%, 杩佺Щ鎴愬姛鐜?100.0%, 缂撳瓨鍛戒腑 8.0%, 鏁版嵁鎹熷け 40.0%, 缂撳瓨娣樻卑鐜?0.0%
馃攳 杩佺Щ缁熻: 鎵ц2娆? 鎴愬姛2娆? 鎴愬姛鐜?00.0%
[璋冭瘯] Episode 0002: 寤惰繜 1.736s, 鑳借€?4290.40J, 瀹屾垚鐜?96.6%, 杩佺Щ鎴愬姛鐜?100.0%, 缂撳瓨鍛戒腑 8.5%, 鏁版嵁鎹熷け 39.9%, 缂撳瓨娣樻卑鐜?0.0%
馃攳 杩佺Щ缁熻: 鎵ц2娆? 鎴愬姛2娆? 鎴愬姛鐜?00.0%
[璋冭瘯] Episode 0002: 寤惰繜 1.722s, 鑳借€?4307.23J, 瀹屾垚鐜?96.7%, 杩佺Щ鎴愬姛鐜?100.0%, 缂撳瓨鍛戒腑 8.9%, 鏁版嵁鎹熷け 39.6%, 缂撳瓨娣樻卑鐜?0.0%
馃攳 杩佺Щ缁熻: 鎵ц2娆? 鎴愬姛2娆? 鎴愬姛鐜?00.0%
[璋冭瘯] Episode 0002: 寤惰繜 1.685s, 鑳借€?4398.56J, 瀹屾垚鐜?96.4%, 杩佺Щ鎴愬姛鐜?100.0%, 缂撳瓨鍛戒腑 8.9%, 鏁版嵁鎹熷け 39.6%, 缂撳瓨娣樻卑鐜?0.0%
馃攳 杩佺Щ缁熻: 鎵ц2娆? 鎴愬姛2娆? 鎴愬姛鐜?00.0%
[璋冭瘯] Episode 0002: 寤惰繜 1.678s, 鑳借€?4455.31J, 瀹屾垚鐜?96.4%, 杩佺Щ鎴愬姛鐜?100.0%, 缂撳瓨鍛戒腑 8.9%, 鏁版嵁鎹熷け 38.2%, 缂撳瓨娣樻卑鐜?0.0%
馃攳 杩佺Щ缁熻: 鎵ц2娆? 鎴愬姛2娆? 鎴愬姛鐜?00.0%
[璋冭瘯] Episode 0002: 寤惰繜 1.673s, 鑳借€?4465.54J, 瀹屾垚鐜?96.4%, 杩佺Щ鎴愬姛鐜?100.0%, 缂撳瓨鍛戒腑 8.7%, 鏁版嵁鎹熷け 38.0%, 缂撳瓨娣樻卑鐜?0.0%
馃攳 杩佺Щ缁熻: 鎵ц2娆? 鎴愬姛2娆? 鎴愬姛鐜?00.0%
[璋冭瘯] Episode 0002: 寤惰繜 1.646s, 鑳借€?4519.25J, 瀹屾垚鐜?96.5%, 杩佺Щ鎴愬姛鐜?100.0%, 缂撳瓨鍛戒腑 10.1%, 鏁版嵁鎹熷け 37.8%, 缂撳瓨娣樻卑鐜?0.0%
馃攳 杩佺Щ缁熻: 鎵ц2娆? 鎴愬姛2娆? 鎴愬姛鐜?00.0%
[璋冭瘯] Episode 0002: 寤惰繜 1.642s, 鑳借€?4527.11J, 瀹屾垚鐜?96.5%, 杩佺Щ鎴愬姛鐜?100.0%, 缂撳瓨鍛戒腑 10.9%, 鏁版嵁鎹熷け 37.7%, 缂撳瓨娣樻卑鐜?0.0%
馃攳 杩佺Щ缁熻: 鎵ц2娆? 鎴愬姛2娆? 鎴愬姛鐜?00.0%
[璋冭瘯] Episode 0002: 寤惰繜 1.636s, 鑳借€?4528.69J, 瀹屾垚鐜?96.5%, 杩佺Щ鎴愬姛鐜?100.0%, 缂撳瓨鍛戒腑 10.9%, 鏁版嵁鎹熷け 37.7%, 缂撳瓨娣樻卑鐜?0.0%
馃攳 杩佺Щ缁熻: 鎵ц2娆? 鎴愬姛2娆? 鎴愬姛鐜?00.0%
[璋冭瘯] Episode 0002: 寤惰繜 1.619s, 鑳借€?4580.29J, 瀹屾垚鐜?96.6%, 杩佺Щ鎴愬姛鐜?100.0%, 缂撳瓨鍛戒腑 10.9%, 鏁版嵁鎹熷け 37.7%, 缂撳瓨娣樻卑鐜?0.0%
馃攳 杩佺Щ缁熻: 鎵ц2娆? 鎴愬姛2娆? 鎴愬姛鐜?00.0%
[璋冭瘯] Episode 0002: 寤惰繜 1.622s, 鑳借€?4580.39J, 瀹屾垚鐜?96.6%, 杩佺Щ鎴愬姛鐜?100.0%, 缂撳瓨鍛戒腑 10.6%, 鏁版嵁鎹熷け 37.5%, 缂撳瓨娣樻卑鐜?0.0%
馃攳 杩佺Щ缁熻: 鎵ц2娆? 鎴愬姛2娆? 鎴愬姛鐜?00.0%
[璋冭瘯] Episode 0002: 寤惰繜 2.059s, 鑳借€?5199.69J, 瀹屾垚鐜?96.6%, 杩佺Щ鎴愬姛鐜?100.0%, 缂撳瓨鍛戒腑 10.5%, 鏁版嵁鎹熷け 32.9%, 缂撳瓨娣樻卑鐜?0.0%
馃攳 杩佺Щ缁熻: 鎵ц2娆? 鎴愬姛2娆? 鎴愬姛鐜?00.0%
[璋冭瘯] Episode 0002: 寤惰繜 2.046s, 鑳借€?5232.20J, 瀹屾垚鐜?96.6%, 杩佺Щ鎴愬姛鐜?100.0%, 缂撳瓨鍛戒腑 10.8%, 鏁版嵁鎹熷け 32.8%, 缂撳瓨娣樻卑鐜?0.0%
馃攳 杩佺Щ缁熻: 鎵ц2娆? 鎴愬姛2娆? 鎴愬姛鐜?00.0%
[璋冭瘯] Episode 0002: 寤惰繜 2.010s, 鑳借€?5303.57J, 瀹屾垚鐜?96.7%, 杩佺Щ鎴愬姛鐜?100.0%, 缂撳瓨鍛戒腑 11.0%, 鏁版嵁鎹熷け 32.7%, 缂撳瓨娣樻卑鐜?0.0%
馃攳 杩佺Щ缁熻: 鎵ц2娆? 鎴愬姛2娆? 鎴愬姛鐜?00.0%
[璋冭瘯] Episode 0002: 寤惰繜 1.986s, 鑳借€?5315.85J, 瀹屾垚鐜?96.7%, 杩佺Щ鎴愬姛鐜?100.0%, 缂撳瓨鍛戒腑 11.1%, 鏁版嵁鎹熷け 32.6%, 缂撳瓨娣樻卑鐜?0.0%
馃攳 杩佺Щ缁熻: 鎵ц2娆? 鎴愬姛2娆? 鎴愬姛鐜?00.0%
[璋冭瘯] Episode 0002: 寤惰繜 1.973s, 鑳借€?5335.67J, 瀹屾垚鐜?96.8%, 杩佺Щ鎴愬姛鐜?100.0%, 缂撳瓨鍛戒腑 11.0%, 鏁版嵁鎹熷け 32.6%, 缂撳瓨娣樻卑鐜?0.0%
馃攳 杩佺Щ缁熻: 鎵ц2娆? 鎴愬姛2娆? 鎴愬姛鐜?00.0%
[璋冭瘯] Episode 0002: 寤惰繜 1.966s, 鑳借€?5355.48J, 瀹屾垚鐜?96.4%, 杩佺Щ鎴愬姛鐜?100.0%, 缂撳瓨鍛戒腑 11.0%, 鏁版嵁鎹熷け 32.6%, 缂撳瓨娣樻卑鐜?0.0%
馃攳 杩佺Щ缁熻: 鎵ц2娆? 鎴愬姛2娆? 鎴愬姛鐜?00.0%
[璋冭瘯] Episode 0002: 寤惰繜 2.077s, 鑳借€?5573.33J, 瀹屾垚鐜?96.5%, 杩佺Щ鎴愬姛鐜?100.0%, 缂撳瓨鍛戒腑 10.8%, 鏁版嵁鎹熷け 31.7%, 缂撳瓨娣樻卑鐜?0.0%
馃攳 杩佺Щ缁熻: 鎵ц2娆? 鎴愬姛2娆? 鎴愬姛鐜?00.0%
[璋冭瘯] Episode 0002: 寤惰繜 2.070s, 鑳借€?5574.45J, 瀹屾垚鐜?96.5%, 杩佺Щ鎴愬姛鐜?100.0%, 缂撳瓨鍛戒腑 10.8%, 鏁版嵁鎹熷け 31.7%, 缂撳瓨娣樻卑鐜?0.0%
馃攳 杩佺Щ缁熻: 鎵ц2娆? 鎴愬姛2娆? 鎴愬姛鐜?00.0%
[璋冭瘯] Episode 0002: 寤惰繜 2.024s, 鑳借€?5645.18J, 瀹屾垚鐜?96.6%, 杩佺Щ鎴愬姛鐜?100.0%, 缂撳瓨鍛戒腑 10.8%, 鏁版嵁鎹熷け 31.7%, 缂撳瓨娣樻卑鐜?0.0%
馃攳 杩佺Щ缁熻: 鎵ц2娆? 鎴愬姛2娆? 鎴愬姛鐜?00.0%
[璋冭瘯] Episode 0002: 寤惰繜 2.425s, 鑳借€?6283.68J, 瀹屾垚鐜?96.6%, 杩佺Щ鎴愬姛鐜?100.0%, 缂撳瓨鍛戒腑 10.7%, 鏁版嵁鎹熷け 28.2%, 缂撳瓨娣樻卑鐜?0.0%
馃攳 杩佺Щ缁熻: 鎵ц2娆? 鎴愬姛2娆? 鎴愬姛鐜?00.0%
[璋冭瘯] Episode 0002: 寤惰繜 2.418s, 鑳借€?6296.54J, 瀹屾垚鐜?96.6%, 杩佺Щ鎴愬姛鐜?100.0%, 缂撳瓨鍛戒腑 10.6%, 鏁版嵁鎹熷け 28.2%, 缂撳瓨娣樻卑鐜?0.0%
馃攳 杩佺Щ缁熻: 鎵ц2娆? 鎴愬姛2娆? 鎴愬姛鐜?00.0%
[璋冭瘯] Episode 0002: 寤惰繜 2.402s, 鑳借€?6346.74J, 瀹屾垚鐜?96.6%, 杩佺Щ鎴愬姛鐜?100.0%, 缂撳瓨鍛戒腑 10.6%, 鏁版嵁鎹熷け 28.2%, 缂撳瓨娣樻卑鐜?0.0%
浠诲姟鍒嗙被缁熻(300): 绫诲瀷1=0.0%, 绫诲瀷2=5.3%, 绫诲瀷3=41.3%, 绫诲瀷4=53.3%
   褰撳墠浠诲姟: traffic_info, 0.47s 鈫?绫诲瀷4, 鏁版嵁0.08MB
   馃捑 缂撳瓨缁熻: 鍛戒腑鐜?10.58% (鎬诲懡涓?40, 鏈湴:0, 鏈懡涓?338)
馃攳 杩佺Щ缁熻: 鎵ц2娆? 鎴愬姛2娆? 鎴愬姛鐜?00.0%
[璋冭瘯] Episode 0002: 寤惰繜 2.389s, 鑳借€?6362.67J, 瀹屾垚鐜?96.6%, 杩佺Щ鎴愬姛鐜?100.0%, 缂撳瓨鍛戒腑 10.6%, 鏁版嵁鎹熷け 28.1%, 缂撳瓨娣樻卑鐜?0.0%
馃攳 杩佺Щ缁熻: 鎵ц2娆? 鎴愬姛2娆? 鎴愬姛鐜?00.0%
[璋冭瘯] Episode 0002: 寤惰繜 2.390s, 鑳借€?6381.36J, 瀹屾垚鐜?96.6%, 杩佺Щ鎴愬姛鐜?100.0%, 缂撳瓨鍛戒腑 10.4%, 鏁版嵁鎹熷け 28.1%, 缂撳瓨娣樻卑鐜?0.0%
馃攳 杩佺Щ缁熻: 鎵ц2娆? 鎴愬姛2娆? 鎴愬姛鐜?00.0%
[璋冭瘯] Episode 0002: 寤惰繜 2.375s, 鑳借€?6407.01J, 瀹屾垚鐜?96.3%, 杩佺Щ鎴愬姛鐜?100.0%, 缂撳瓨鍛戒腑 10.4%, 鏁版嵁鎹熷け 30.5%, 缂撳瓨娣樻卑鐜?0.0%
馃攳 杩佺Щ缁熻: 鎵ц2娆? 鎴愬姛2娆? 鎴愬姛鐜?00.0%
[璋冭瘯] Episode 0002: 寤惰繜 2.368s, 鑳借€?6410.03J, 瀹屾垚鐜?96.4%, 杩佺Щ鎴愬姛鐜?100.0%, 缂撳瓨鍛戒腑 10.8%, 鏁版嵁鎹熷け 30.4%, 缂撳瓨娣樻卑鐜?0.0%
馃攳 杩佺Щ缁熻: 鎵ц2娆? 鎴愬姛2娆? 鎴愬姛鐜?00.0%
[璋冭瘯] Episode 0002: 寤惰繜 2.360s, 鑳借€?6411.62J, 瀹屾垚鐜?96.4%, 杩佺Щ鎴愬姛鐜?100.0%, 缂撳瓨鍛戒腑 10.8%, 鏁版嵁鎹熷け 30.4%, 缂撳瓨娣樻卑鐜?0.0%
馃攳 杩佺Щ缁熻: 鎵ц2娆? 鎴愬姛2娆? 鎴愬姛鐜?00.0%
[璋冭瘯] Episode 0002: 寤惰繜 2.360s, 鑳借€?6413.43J, 瀹屾垚鐜?96.4%, 杩佺Щ鎴愬姛鐜?100.0%, 缂撳瓨鍛戒腑 10.7%, 鏁版嵁鎹熷け 30.3%, 缂撳瓨娣樻卑鐜?0.0%
馃攳 杩佺Щ缁熻: 鎵ц2娆? 鎴愬姛2娆? 鎴愬姛鐜?00.0%
[璋冭瘯] Episode 0002: 寤惰繜 2.346s, 鑳借€?6449.50J, 瀹屾垚鐜?96.4%, 杩佺Щ鎴愬姛鐜?100.0%, 缂撳瓨鍛戒腑 10.7%, 鏁版嵁鎹熷け 30.3%, 缂撳瓨娣樻卑鐜?0.0%
馃攳 杩佺Щ缁熻: 鎵ц2娆? 鎴愬姛2娆? 鎴愬姛鐜?00.0%
[璋冭瘯] Episode 0002: 寤惰繜 2.316s, 鑳借€?6453.23J, 瀹屾垚鐜?96.5%, 杩佺Щ鎴愬姛鐜?100.0%, 缂撳瓨鍛戒腑 10.9%, 鏁版嵁鎹熷け 30.3%, 缂撳瓨娣樻卑鐜?0.0%
馃攳 杩佺Щ缁熻: 鎵ц2娆? 鎴愬姛2娆? 鎴愬姛鐜?00.0%
[璋冭瘯] Episode 0002: 寤惰繜 2.301s, 鑳借€?6495.67J, 瀹屾垚鐜?96.5%, 杩佺Щ鎴愬姛鐜?100.0%, 缂撳瓨鍛戒腑 11.1%, 鏁版嵁鎹熷け 30.2%, 缂撳瓨娣樻卑鐜?0.0%
馃攳 杩佺Щ缁熻: 鎵ц2娆? 鎴愬姛2娆? 鎴愬姛鐜?00.0%
[璋冭瘯] Episode 0002: 寤惰繜 2.285s, 鑳借€?6518.47J, 瀹屾垚鐜?96.5%, 杩佺Щ鎴愬姛鐜?100.0%, 缂撳瓨鍛戒腑 11.3%, 鏁版嵁鎹熷け 30.1%, 缂撳瓨娣樻卑鐜?0.0%
馃攳 杩佺Щ缁熻: 鎵ц2娆? 鎴愬姛2娆? 鎴愬姛鐜?00.0%
[璋冭瘯] Episode 0002: 寤惰繜 2.285s, 鑳借€?6518.47J, 瀹屾垚鐜?96.5%, 杩佺Щ鎴愬姛鐜?100.0%, 缂撳瓨鍛戒腑 11.5%, 鏁版嵁鎹熷け 30.1%, 缂撳瓨娣樻卑鐜?0.0%
馃攳 杩佺Щ缁熻: 鎵ц2娆? 鎴愬姛2娆? 鎴愬姛鐜?00.0%
[璋冭瘯] Episode 0002: 寤惰繜 2.262s, 鑳借€?6532.28J, 瀹屾垚鐜?96.6%, 杩佺Щ鎴愬姛鐜?100.0%, 缂撳瓨鍛戒腑 11.6%, 鏁版嵁鎹熷け 30.0%, 缂撳瓨娣樻卑鐜?0.0%
馃攳 杩佺Щ缁熻: 鎵ц2娆? 鎴愬姛2娆? 鎴愬姛鐜?00.0%
[璋冭瘯] Episode 0002: 寤惰繜 2.243s, 鑳借€?6576.49J, 瀹屾垚鐜?96.6%, 杩佺Щ鎴愬姛鐜?100.0%, 缂撳瓨鍛戒腑 11.6%, 鏁版嵁鎹熷け 30.0%, 缂撳瓨娣樻卑鐜?0.0%
馃攳 杩佺Щ缁熻: 鎵ц2娆? 鎴愬姛2娆? 鎴愬姛鐜?00.0%
[璋冭瘯] Episode 0002: 寤惰繜 2.232s, 鑳借€?6590.32J, 瀹屾垚鐜?96.6%, 杩佺Щ鎴愬姛鐜?100.0%, 缂撳瓨鍛戒腑 11.7%, 鏁版嵁鎹熷け 29.9%, 缂撳瓨娣樻卑鐜?0.0%
馃攳 杩佺Щ缁熻: 鎵ц2娆? 鎴愬姛2娆? 鎴愬姛鐜?00.0%
[璋冭瘯] Episode 0002: 寤惰繜 2.235s, 鑳借€?6590.44J, 瀹屾垚鐜?96.6%, 杩佺Щ鎴愬姛鐜?100.0%, 缂撳瓨鍛戒腑 11.6%, 鏁版嵁鎹熷け 29.9%, 缂撳瓨娣樻卑鐜?0.0%
馃攳 杩佺Щ缁熻: 鎵ц2娆? 鎴愬姛2娆? 鎴愬姛鐜?00.0%
[璋冭瘯] Episode 0002: 寤惰繜 2.236s, 鑳借€?6590.44J, 瀹屾垚鐜?96.6%, 杩佺Щ鎴愬姛鐜?100.0%, 缂撳瓨鍛戒腑 11.6%, 鏁版嵁鎹熷け 29.9%, 缂撳瓨娣樻卑鐜?0.0%
馃攳 杩佺Щ缁熻: 鎵ц2娆? 鎴愬姛2娆? 鎴愬姛鐜?00.0%
[璋冭瘯] Episode 0002: 寤惰繜 2.209s, 鑳借€?6626.14J, 瀹屾垚鐜?96.7%, 杩佺Щ鎴愬姛鐜?100.0%, 缂撳瓨鍛戒腑 11.6%, 鏁版嵁鎹熷け 29.8%, 缂撳瓨娣樻卑鐜?0.0%
馃攳 杩佺Щ缁熻: 鎵ц2娆? 鎴愬姛2娆? 鎴愬姛鐜?00.0%
[璋冭瘯] Episode 0002: 寤惰繜 2.196s, 鑳借€?6648.68J, 瀹屾垚鐜?96.7%, 杩佺Щ鎴愬姛鐜?100.0%, 缂撳瓨鍛戒腑 11.7%, 鏁版嵁鎹熷け 29.1%, 缂撳瓨娣樻卑鐜?0.0%
馃攳 杩佺Щ缁熻: 鎵ц2娆? 鎴愬姛2娆? 鎴愬姛鐜?00.0%
[璋冭瘯] Episode 0002: 寤惰繜 2.196s, 鑳借€?6648.68J, 瀹屾垚鐜?96.7%, 杩佺Щ鎴愬姛鐜?100.0%, 缂撳瓨鍛戒腑 11.7%, 鏁版嵁鎹熷け 29.1%, 缂撳瓨娣樻卑鐜?0.0%
馃攳 杩佺Щ缁熻: 鎵ц2娆? 鎴愬姛2娆? 鎴愬姛鐜?00.0%
[璋冭瘯] Episode 0002: 寤惰繜 2.189s, 鑳借€?6648.69J, 瀹屾垚鐜?96.7%, 杩佺Щ鎴愬姛鐜?100.0%, 缂撳瓨鍛戒腑 11.8%, 鏁版嵁鎹熷け 29.1%, 缂撳瓨娣樻卑鐜?0.0%
馃攳 杩佺Щ缁熻: 鎵ц2娆? 鎴愬姛2娆? 鎴愬姛鐜?00.0%
[璋冭瘯] Episode 0002: 寤惰繜 2.159s, 鑳借€?6755.58J, 瀹屾垚鐜?96.8%, 杩佺Щ鎴愬姛鐜?100.0%, 缂撳瓨鍛戒腑 12.1%, 鏁版嵁鎹熷け 29.1%, 缂撳瓨娣樻卑鐜?0.0%
馃攳 杩佺Щ缁熻: 鎵ц2娆? 鎴愬姛2娆? 鎴愬姛鐜?00.0%
[璋冭瘯] Episode 0002: 寤惰繜 2.140s, 鑳借€?6807.02J, 瀹屾垚鐜?96.8%, 杩佺Щ鎴愬姛鐜?100.0%, 缂撳瓨鍛戒腑 12.6%, 鏁版嵁鎹熷け 29.0%, 缂撳瓨娣樻卑鐜?0.0%
馃攳 杩佺Щ缁熻: 鎵ц2娆? 鎴愬姛2娆? 鎴愬姛鐜?00.0%
[璋冭瘯] Episode 0002: 寤惰繜 2.128s, 鑳借€?6846.65J, 瀹屾垚鐜?96.8%, 杩佺Щ鎴愬姛鐜?100.0%, 缂撳瓨鍛戒腑 12.6%, 鏁版嵁鎹熷け 29.0%, 缂撳瓨娣樻卑鐜?0.0%
馃攳 杩佺Щ缁熻: 鎵ц2娆? 鎴愬姛2娆? 鎴愬姛鐜?00.0%
[璋冭瘯] Episode 0002: 寤惰繜 2.119s, 鑳借€?6861.14J, 瀹屾垚鐜?96.8%, 杩佺Щ鎴愬姛鐜?100.0%, 缂撳瓨鍛戒腑 12.9%, 鏁版嵁鎹熷け 29.0%, 缂撳瓨娣樻卑鐜?0.0%
馃攳 杩佺Щ缁熻: 鎵ц2娆? 鎴愬姛2娆? 鎴愬姛鐜?00.0%
[璋冭瘯] Episode 0002: 寤惰繜 2.121s, 鑳借€?6861.28J, 瀹屾垚鐜?96.6%, 杩佺Щ鎴愬姛鐜?100.0%, 缂撳瓨鍛戒腑 12.8%, 鏁版嵁鎹熷け 29.0%, 缂撳瓨娣樻卑鐜?0.0%
馃攳 杩佺Щ缁熻: 鎵ц2娆? 鎴愬姛2娆? 鎴愬姛鐜?00.0%
[璋冭瘯] Episode 0002: 寤惰繜 2.103s, 鑳借€?6897.97J, 瀹屾垚鐜?96.6%, 杩佺Щ鎴愬姛鐜?100.0%, 缂撳瓨鍛戒腑 12.7%, 鏁版嵁鎹熷け 28.9%, 缂撳瓨娣樻卑鐜?0.0%
馃攳 杩佺Щ缁熻: 鎵ц2娆? 鎴愬姛2娆? 鎴愬姛鐜?00.0%
[璋冭瘯] Episode 0002: 寤惰繜 2.107s, 鑳借€?6898.11J, 瀹屾垚鐜?96.6%, 杩佺Щ鎴愬姛鐜?100.0%, 缂撳瓨鍛戒腑 12.6%, 鏁版嵁鎹熷け 28.9%, 缂撳瓨娣樻卑鐜?0.0%
馃攳 杩佺Щ缁熻: 鎵ц2娆? 鎴愬姛2娆? 鎴愬姛鐜?00.0%
[璋冭瘯] Episode 0002: 寤惰繜 2.092s, 鑳借€?6958.36J, 瀹屾垚鐜?96.6%, 杩佺Щ鎴愬姛鐜?100.0%, 缂撳瓨鍛戒腑 12.6%, 鏁版嵁鎹熷け 28.8%, 缂撳瓨娣樻卑鐜?0.0%
馃攳 杩佺Щ缁熻: 鎵ц2娆? 鎴愬姛2娆? 鎴愬姛鐜?00.0%
[璋冭瘯] Episode 0002: 寤惰繜 2.067s, 鑳借€?6967.99J, 瀹屾垚鐜?96.7%, 杩佺Щ鎴愬姛鐜?100.0%, 缂撳瓨鍛戒腑 12.9%, 鏁版嵁鎹熷け 28.8%, 缂撳瓨娣樻卑鐜?0.0%
馃攳 杩佺Щ缁熻: 鎵ц2娆? 鎴愬姛2娆? 鎴愬姛鐜?00.0%
[璋冭瘯] Episode 0002: 寤惰繜 2.056s, 鑳借€?7007.65J, 瀹屾垚鐜?96.7%, 杩佺Щ鎴愬姛鐜?100.0%, 缂撳瓨鍛戒腑 12.8%, 鏁版嵁鎹熷け 28.7%, 缂撳瓨娣樻卑鐜?0.0%
馃攳 杩佺Щ缁熻: 鎵ц2娆? 鎴愬姛2娆? 鎴愬姛鐜?00.0%
[璋冭瘯] Episode 0002: 寤惰繜 2.156s, 鑳借€?7242.99J, 瀹屾垚鐜?96.7%, 杩佺Щ鎴愬姛鐜?100.0%, 缂撳瓨鍛戒腑 12.9%, 鏁版嵁鎹熷け 27.9%, 缂撳瓨娣樻卑鐜?0.0%
馃攳 杩佺Щ缁熻: 鎵ц2娆? 鎴愬姛2娆? 鎴愬姛鐜?00.0%
[璋冭瘯] Episode 0002: 寤惰繜 2.156s, 鑳借€?7242.99J, 瀹屾垚鐜?96.5%, 杩佺Щ鎴愬姛鐜?100.0%, 缂撳瓨鍛戒腑 13.1%, 鏁版嵁鎹熷け 27.9%, 缂撳瓨娣樻卑鐜?0.0%
馃攳 杩佺Щ缁熻: 鎵ц2娆? 鎴愬姛2娆? 鎴愬姛鐜?00.0%
[璋冭瘯] Episode 0002: 寤惰繜 2.138s, 鑳借€?7283.03J, 瀹屾垚鐜?96.5%, 杩佺Щ鎴愬姛鐜?100.0%, 缂撳瓨鍛戒腑 13.1%, 鏁版嵁鎹熷け 27.9%, 缂撳瓨娣樻卑鐜?0.0%
馃攳 杩佺Щ缁熻: 鎵ц2娆? 鎴愬姛2娆? 鎴愬姛鐜?00.0%
[璋冭瘯] Episode 0002: 寤惰繜 2.129s, 鑳借€?7305.60J, 瀹屾垚鐜?96.5%, 杩佺Щ鎴愬姛鐜?100.0%, 缂撳瓨鍛戒腑 13.3%, 鏁版嵁鎹熷け 27.8%, 缂撳瓨娣樻卑鐜?0.0%
馃攳 杩佺Щ缁熻: 鎵ц2娆? 鎴愬姛2娆? 鎴愬姛鐜?00.0%
[璋冭瘯] Episode 0002: 寤惰繜 2.133s, 鑳借€?7312.65J, 瀹屾垚鐜?96.6%, 杩佺Щ鎴愬姛鐜?100.0%, 缂撳瓨鍛戒腑 13.1%, 鏁版嵁鎹熷け 27.7%, 缂撳瓨娣樻卑鐜?0.0%
馃攳 杩佺Щ缁熻: 鎵ц2娆? 鎴愬姛2娆? 鎴愬姛鐜?00.0%
[璋冭瘯] Episode 0002: 寤惰繜 2.480s, 鑳借€?8044.96J, 瀹屾垚鐜?96.6%, 杩佺Щ鎴愬姛鐜?100.0%, 缂撳瓨鍛戒腑 13.1%, 鏁版嵁鎹熷け 24.9%, 缂撳瓨娣樻卑鐜?0.0%
馃攳 杩佺Щ缁熻: 鎵ц2娆? 鎴愬姛2娆? 鎴愬姛鐜?00.0%
[璋冭瘯] Episode 0002: 寤惰繜 2.477s, 鑳借€?8090.29J, 瀹屾垚鐜?96.6%, 杩佺Щ鎴愬姛鐜?100.0%, 缂撳瓨鍛戒腑 13.0%, 鏁版嵁鎹熷け 24.9%, 缂撳瓨娣樻卑鐜?0.0%
馃攳 杩佺Щ缁熻: 鎵ц2娆? 鎴愬姛2娆? 鎴愬姛鐜?00.0%
[璋冭瘯] Episode 0002: 寤惰繜 2.477s, 鑳借€?8090.29J, 瀹屾垚鐜?96.6%, 杩佺Щ鎴愬姛鐜?100.0%, 缂撳瓨鍛戒腑 13.0%, 鏁版嵁鎹熷け 24.9%, 缂撳瓨娣樻卑鐜?0.0%
馃攳 杩佺Щ缁熻: 鎵ц2娆? 鎴愬姛2娆? 鎴愬姛鐜?00.0%
[璋冭瘯] Episode 0002: 寤惰繜 2.756s, 鑳借€?8795.27J, 瀹屾垚鐜?96.6%, 杩佺Щ鎴愬姛鐜?100.0%, 缂撳瓨鍛戒腑 13.2%, 鏁版嵁鎹熷け 22.8%, 缂撳瓨娣樻卑鐜?0.0%
馃攳 杩佺Щ缁熻: 鎵ц2娆? 鎴愬姛2娆? 鎴愬姛鐜?00.0%
[璋冭瘯] Episode 0002: 寤惰繜 2.749s, 鑳借€?8805.18J, 瀹屾垚鐜?96.6%, 杩佺Щ鎴愬姛鐜?100.0%, 缂撳瓨鍛戒腑 13.2%, 鏁版嵁鎹熷け 22.8%, 缂撳瓨娣樻卑鐜?0.0%
馃攳 杩佺Щ缁熻: 鎵ц2娆? 鎴愬姛2娆? 鎴愬姛鐜?00.0%
[璋冭瘯] Episode 0002: 寤惰繜 2.749s, 鑳借€?8805.18J, 瀹屾垚鐜?96.6%, 杩佺Щ鎴愬姛鐜?100.0%, 缂撳瓨鍛戒腑 13.2%, 鏁版嵁鎹熷け 22.8%, 缂撳瓨娣樻卑鐜?0.0%
馃攳 杩佺Щ缁熻: 鎵ц2娆? 鎴愬姛2娆? 鎴愬姛鐜?00.0%
[璋冭瘯] Episode 0002: 寤惰繜 2.752s, 鑳借€?8805.30J, 瀹屾垚鐜?96.6%, 杩佺Щ鎴愬姛鐜?100.0%, 缂撳瓨鍛戒腑 13.3%, 鏁版嵁鎹熷け 22.8%, 缂撳瓨娣樻卑鐜?0.0%
馃攳 杩佺Щ缁熻: 鎵ц2娆? 鎴愬姛2娆? 鎴愬姛鐜?00.0%
[璋冭瘯] Episode 0002: 寤惰繜 2.731s, 鑳借€?8816.85J, 瀹屾垚鐜?96.7%, 杩佺Щ鎴愬姛鐜?100.0%, 缂撳瓨鍛戒腑 13.2%, 鏁版嵁鎹熷け 22.8%, 缂撳瓨娣樻卑鐜?0.0%
馃攳 杩佺Щ缁熻: 鎵ц2娆? 鎴愬姛2娆? 鎴愬姛鐜?00.0%
[璋冭瘯] Episode 0002: 寤惰繜 2.730s, 鑳借€?8818.43J, 瀹屾垚鐜?96.7%, 杩佺Щ鎴愬姛鐜?100.0%, 缂撳瓨鍛戒腑 13.1%, 鏁版嵁鎹熷け 22.8%, 缂撳瓨娣樻卑鐜?0.0%
馃攳 杩佺Щ缁熻: 鎵ц2娆? 鎴愬姛2娆? 鎴愬姛鐜?00.0%
[璋冭瘯] Episode 0002: 寤惰繜 2.725s, 鑳借€?8821.54J, 瀹屾垚鐜?96.7%, 杩佺Щ鎴愬姛鐜?100.0%, 缂撳瓨鍛戒腑 13.4%, 鏁版嵁鎹熷け 22.8%, 缂撳瓨娣樻卑鐜?0.0%
馃攳 杩佺Щ缁熻: 鎵ц2娆? 鎴愬姛2娆? 鎴愬姛鐜?00.0%
[璋冭瘯] Episode 0002: 寤惰繜 2.718s, 鑳借€?8821.55J, 瀹屾垚鐜?96.7%, 杩佺Щ鎴愬姛鐜?100.0%, 缂撳瓨鍛戒腑 13.6%, 鏁版嵁鎹熷け 22.8%, 缂撳瓨娣樻卑鐜?0.0%
浠诲姟鍒嗙被缁熻(400): 绫诲瀷1=0.0%, 绫诲瀷2=6.5%, 绫诲瀷3=42.2%, 绫诲瀷4=51.2%
   褰撳墠浠诲姟: entertainment_0002, 0.67s 鈫?绫诲瀷3, 鏁版嵁43.00MB
   馃捑 缂撳瓨缁熻: 鍛戒腑鐜?13.73% (鎬诲懡涓?70, 鏈湴:0, 鏈懡涓?440)
棣冨箚 rsu_0 鐟欙箑褰傛潻浣盒? 鐑棬鍐呭棰勭儹 + 璧勬簮杩囪浇(甯﹀:88.1%) + 璐熻浇宸?41.3%) (缁毖勨偓銉ュ:1.300)
馃攳 杩佺Щ缁熻: 鎵ц3娆? 鎴愬姛3娆? 鎴愬姛鐜?00.0%
[璋冭瘯] Episode 0002: 寤惰繜 2.718s, 鑳借€?8829.85J, 瀹屾垚鐜?96.7%, 杩佺Щ鎴愬姛鐜?100.0%, 缂撳瓨鍛戒腑 13.6%, 鏁版嵁鎹熷け 21.0%, 缂撳瓨娣樻卑鐜?0.0%
棣冨箚 rsu_1 鐟欙箑褰傛潻浣盒? 鐑棬鍐呭棰勭儹 + 璧勬簮杩囪浇(甯﹀:86.0%) + 璐熻浇宸?35.9%) (缁毖勨偓銉ュ:1.139)
馃攳 杩佺Щ缁熻: 鎵ц4娆? 鎴愬姛4娆? 鎴愬姛鐜?00.0%
[璋冭瘯] Episode 0002: 寤惰繜 2.681s, 鑳借€?8920.70J, 瀹屾垚鐜?96.8%, 杩佺Щ鎴愬姛鐜?100.0%, 缂撳瓨鍛戒腑 13.6%, 鏁版嵁鎹熷け 21.0%, 缂撳瓨娣樻卑鐜?0.0%
棣冨箚 rsu_3 鐟欙箑褰傛潻浣盒? 鐑棬鍐呭棰勭儹 + 璧勬簮杩囪浇(甯﹀:86.0%) + 璐熻浇宸?29.9%) (缁毖勨偓銉ュ:1.097)
[VehicleMigration] handover #1: vehicle V_9 task task_406 RSU_2 -> RSU_1
   Trigger: distance 298.9m > threshold 278.8m (speed 14.2 m/s)
   Score: 428.9 -> 228.9 (improvement 46.6%)
   Queue trend: RSU_2: 1 -> 0, RSU_1: 1 -> 2
[Migration] Executed 1 vehicle-following migrations.
馃攳 杩佺Щ缁熻: 鎵ц6娆? 鎴愬姛6娆? 鎴愬姛鐜?00.0%
[璋冭瘯] Episode 0002: 寤惰繜 2.668s, 鑳借€?8923.37J, 瀹屾垚鐜?96.8%, 杩佺Щ鎴愬姛鐜?100.0%, 缂撳瓨鍛戒腑 13.9%, 鏁版嵁鎹熷け 21.0%, 缂撳瓨娣樻卑鐜?0.0%
馃攳 杩佺Щ缁熻: 鎵ц6娆? 鎴愬姛6娆? 鎴愬姛鐜?00.0%
[璋冭瘯] Episode 0002: 寤惰繜 2.662s, 鑳借€?8968.55J, 瀹屾垚鐜?96.8%, 杩佺Щ鎴愬姛鐜?100.0%, 缂撳瓨鍛戒腑 13.8%, 鏁版嵁鎹熷け 21.0%, 缂撳瓨娣樻卑鐜?0.0%
馃攳 杩佺Щ缁熻: 鎵ц6娆? 鎴愬姛6娆? 鎴愬姛鐜?00.0%
[璋冭瘯] Episode 0002: 寤惰繜 2.648s, 鑳借€?8988.06J, 瀹屾垚鐜?96.6%, 杩佺Щ鎴愬姛鐜?100.0%, 缂撳瓨鍛戒腑 13.7%, 鏁版嵁鎹熷け 21.0%, 缂撳瓨娣樻卑鐜?0.0%
馃攳 杩佺Щ缁熻: 鎵ц6娆? 鎴愬姛6娆? 鎴愬姛鐜?00.0%
[璋冭瘯] Episode 0002: 寤惰繜 2.648s, 鑳借€?8988.06J, 瀹屾垚鐜?96.6%, 杩佺Щ鎴愬姛鐜?100.0%, 缂撳瓨鍛戒腑 13.7%, 鏁版嵁鎹熷け 21.0%, 缂撳瓨娣樻卑鐜?0.0%
馃攳 杩佺Щ缁熻: 鎵ц6娆? 鎴愬姛6娆? 鎴愬姛鐜?00.0%
[璋冭瘯] Episode 0002: 寤惰繜 2.641s, 鑳借€?8988.06J, 瀹屾垚鐜?96.6%, 杩佺Щ鎴愬姛鐜?100.0%, 缂撳瓨鍛戒腑 13.8%, 鏁版嵁鎹熷け 21.0%, 缂撳瓨娣樻卑鐜?0.0%
馃攳 杩佺Щ缁熻: 鎵ц6娆? 鎴愬姛6娆? 鎴愬姛鐜?00.0%
[璋冭瘯] Episode 0002: 寤惰繜 3.010s, 鑳借€?9823.77J, 瀹屾垚鐜?96.4%, 杩佺Щ鎴愬姛鐜?100.0%, 缂撳瓨鍛戒腑 13.9%, 鏁版嵁鎹熷け 25.8%, 缂撳瓨娣樻卑鐜?0.0%
馃攳 杩佺Щ缁熻: 鎵ц6娆? 鎴愬姛6娆? 鎴愬姛鐜?00.0%
[璋冭瘯] Episode 0002: 寤惰繜 2.992s, 鑳借€?9897.52J, 瀹屾垚鐜?96.4%, 杩佺Щ鎴愬姛鐜?100.0%, 缂撳瓨鍛戒腑 13.9%, 鏁版嵁鎹熷け 25.8%, 缂撳瓨娣樻卑鐜?0.0%
馃攳 杩佺Щ缁熻: 鎵ц6娆? 鎴愬姛6娆? 鎴愬姛鐜?00.0%
[璋冭瘯] Episode 0002: 寤惰繜 2.976s, 鑳借€?9947.42J, 瀹屾垚鐜?96.4%, 杩佺Щ鎴愬姛鐜?100.0%, 缂撳瓨鍛戒腑 13.8%, 鏁版嵁鎹熷け 25.8%, 缂撳瓨娣樻卑鐜?0.0%
馃攳 杩佺Щ缁熻: 鎵ц6娆? 鎴愬姛6娆? 鎴愬姛鐜?00.0%
[璋冭瘯] Episode 0002: 寤惰繜 2.947s, 鑳借€?9980.68J, 瀹屾垚鐜?96.5%, 杩佺Щ鎴愬姛鐜?100.0%, 缂撳瓨鍛戒腑 13.8%, 鏁版嵁鎹熷け 25.7%, 缂撳瓨娣樻卑鐜?0.0%
馃攳 杩佺Щ缁熻: 鎵ц6娆? 鎴愬姛6娆? 鎴愬姛鐜?00.0%
[璋冭瘯] Episode 0002: 寤惰繜 2.947s, 鑳借€?9980.68J, 瀹屾垚鐜?96.5%, 杩佺Щ鎴愬姛鐜?100.0%, 缂撳瓨鍛戒腑 13.8%, 鏁版嵁鎹熷け 25.7%, 缂撳瓨娣樻卑鐜?0.0%
馃攳 杩佺Щ缁熻: 鎵ц6娆? 鎴愬姛6娆? 鎴愬姛鐜?00.0%
[璋冭瘯] Episode 0002: 寤惰繜 2.942s, 鑳借€?9980.85J, 瀹屾垚鐜?96.5%, 杩佺Щ鎴愬姛鐜?100.0%, 缂撳瓨鍛戒腑 14.0%, 鏁版嵁鎹熷け 25.7%, 缂撳瓨娣樻卑鐜?0.0%
馃攳 杩佺Щ缁熻: 鎵ц6娆? 鎴愬姛6娆? 鎴愬姛鐜?00.0%
[璋冭瘯] Episode 0002: 寤惰繜 2.935s, 鑳借€?9983.86J, 瀹屾垚鐜?96.5%, 杩佺Щ鎴愬姛鐜?100.0%, 缂撳瓨鍛戒腑 14.0%, 鏁版嵁鎹熷け 25.7%, 缂撳瓨娣樻卑鐜?0.0%
馃攳 杩佺Щ缁熻: 鎵ц6娆? 鎴愬姛6娆? 鎴愬姛鐜?00.0%
[璋冭瘯] Episode 0002: 寤惰繜 2.929s, 鑳借€?9994.32J, 瀹屾垚鐜?96.5%, 杩佺Щ鎴愬姛鐜?100.0%, 缂撳瓨鍛戒腑 13.9%, 鏁版嵁鎹熷け 25.7%, 缂撳瓨娣樻卑鐜?0.0%
馃攳 杩佺Щ缁熻: 鎵ц6娆? 鎴愬姛6娆? 鎴愬姛鐜?00.0%
[璋冭瘯] Episode 0002: 寤惰繜 2.897s, 鑳借€?10009.01J, 瀹屾垚鐜?96.5%, 杩佺Щ鎴愬姛鐜?100.0%, 缂撳瓨鍛戒腑 14.5%, 鏁版嵁鎹熷け 23.6%, 缂撳瓨娣樻卑鐜?0.0%
馃攳 杩佺Щ缁熻: 鎵ц6娆? 鎴愬姛6娆? 鎴愬姛鐜?00.0%
[璋冭瘯] Episode 0002: 寤惰繜 2.886s, 鑳借€?10009.12J, 瀹屾垚鐜?96.5%, 杩佺Щ鎴愬姛鐜?100.0%, 缂撳瓨鍛戒腑 14.8%, 鏁版嵁鎹熷け 23.6%, 缂撳瓨娣樻卑鐜?0.0%
馃攳 杩佺Щ缁熻: 鎵ц6娆? 鎴愬姛6娆? 鎴愬姛鐜?00.0%
[璋冭瘯] Episode 0002: 寤惰繜 2.853s, 鑳借€?10040.74J, 瀹屾垚鐜?96.6%, 杩佺Щ鎴愬姛鐜?100.0%, 缂撳瓨鍛戒腑 15.1%, 鏁版嵁鎹熷け 23.6%, 缂撳瓨娣樻卑鐜?0.0%
馃攳 杩佺Щ缁熻: 鎵ц6娆? 鎴愬姛6娆? 鎴愬姛鐜?00.0%
[璋冭瘯] Episode 0002: 寤惰繜 2.823s, 鑳借€?10133.79J, 瀹屾垚鐜?96.6%, 杩佺Щ鎴愬姛鐜?100.0%, 缂撳瓨鍛戒腑 15.2%, 鏁版嵁鎹熷け 23.5%, 缂撳瓨娣樻卑鐜?0.0%
馃攳 杩佺Щ缁熻: 鎵ц6娆? 鎴愬姛6娆? 鎴愬姛鐜?00.0%
[璋冭瘯] Episode 0002: 寤惰繜 2.812s, 鑳借€?10153.74J, 瀹屾垚鐜?96.6%, 杩佺Щ鎴愬姛鐜?100.0%, 缂撳瓨鍛戒腑 15.2%, 鏁版嵁鎹熷け 23.5%, 缂撳瓨娣樻卑鐜?0.0%
馃攳 杩佺Щ缁熻: 鎵ц6娆? 鎴愬姛6娆? 鎴愬姛鐜?00.0%
[璋冭瘯] Episode 0002: 寤惰繜 2.806s, 鑳借€?10156.07J, 瀹屾垚鐜?96.6%, 杩佺Щ鎴愬姛鐜?100.0%, 缂撳瓨鍛戒腑 15.2%, 鏁版嵁鎹熷け 23.5%, 缂撳瓨娣樻卑鐜?0.0%
馃攳 杩佺Щ缁熻: 鎵ц6娆? 鎴愬姛6娆? 鎴愬姛鐜?00.0%
[璋冭瘯] Episode 0002: 寤惰繜 2.884s, 鑳借€?10398.71J, 瀹屾垚鐜?96.7%, 杩佺Щ鎴愬姛鐜?100.0%, 缂撳瓨鍛戒腑 15.3%, 鏁版嵁鎹熷け 23.1%, 缂撳瓨娣樻卑鐜?0.0%
馃攳 杩佺Щ缁熻: 鎵ц6娆? 鎴愬姛6娆? 鎴愬姛鐜?00.0%
[璋冭瘯] Episode 0002: 寤惰繜 2.926s, 鑳借€?10599.06J, 瀹屾垚鐜?96.7%, 杩佺Щ鎴愬姛鐜?100.0%, 缂撳瓨鍛戒腑 15.7%, 鏁版嵁鎹熷け 22.8%, 缂撳瓨娣樻卑鐜?0.0%
馃攳 杩佺Щ缁熻: 鎵ц6娆? 鎴愬姛6娆? 鎴愬姛鐜?00.0%
[璋冭瘯] Episode 0002: 寤惰繜 2.912s, 鑳借€?10621.98J, 瀹屾垚鐜?96.7%, 杩佺Щ鎴愬姛鐜?100.0%, 缂撳瓨鍛戒腑 16.0%, 鏁版嵁鎹熷け 22.8%, 缂撳瓨娣樻卑鐜?0.0%
馃攳 杩佺Щ缁熻: 鎵ц6娆? 鎴愬姛6娆? 鎴愬姛鐜?00.0%
[璋冭瘯] Episode 0002: 寤惰繜 2.906s, 鑳借€?10621.99J, 瀹屾垚鐜?96.7%, 杩佺Щ鎴愬姛鐜?100.0%, 缂撳瓨鍛戒腑 16.2%, 鏁版嵁鎹熷け 22.8%, 缂撳瓨娣樻卑鐜?0.0%
馃攳 杩佺Щ缁熻: 鎵ц6娆? 鎴愬姛6娆? 鎴愬姛鐜?00.0%
[璋冭瘯] Episode 0002: 寤惰繜 2.884s, 鑳借€?10670.40J, 瀹屾垚鐜?96.8%, 杩佺Щ鎴愬姛鐜?100.0%, 缂撳瓨鍛戒腑 16.4%, 鏁版嵁鎹熷け 22.7%, 缂撳瓨娣樻卑鐜?0.0%
馃攳 杩佺Щ缁熻: 鎵ц6娆? 鎴愬姛6娆? 鎴愬姛鐜?00.0%
[璋冭瘯] Episode 0002: 寤惰繜 2.950s, 鑳借€?10881.31J, 瀹屾垚鐜?96.8%, 杩佺Щ鎴愬姛鐜?100.0%, 缂撳瓨鍛戒腑 16.4%, 鏁版嵁鎹熷け 22.4%, 缂撳瓨娣樻卑鐜?0.0%
馃攳 杩佺Щ缁熻: 鎵ц6娆? 鎴愬姛6娆? 鎴愬姛鐜?00.0%
[璋冭瘯] Episode 0002: 寤惰繜 2.932s, 鑳借€?10898.01J, 瀹屾垚鐜?96.8%, 杩佺Щ鎴愬姛鐜?100.0%, 缂撳瓨鍛戒腑 16.5%, 鏁版嵁鎹熷け 22.4%, 缂撳瓨娣樻卑鐜?0.0%
馃攳 杩佺Щ缁熻: 鎵ц6娆? 鎴愬姛6娆? 鎴愬姛鐜?00.0%
[璋冭瘯] Episode 0002: 寤惰繜 2.921s, 鑳借€?10901.05J, 瀹屾垚鐜?96.8%, 杩佺Щ鎴愬姛鐜?100.0%, 缂撳瓨鍛戒腑 16.5%, 鏁版嵁鎹熷け 22.3%, 缂撳瓨娣樻卑鐜?0.0%
[VehicleMigration] handover #1: vehicle V_5 task task_180 RSU_3 -> RSU_0
   Trigger: distance 899.6m > threshold 273.0m (speed 18.0 m/s)
   Score: 1029.6 -> 429.6 (improvement 58.3%)
   Queue trend: RSU_3: 1 -> 1, RSU_0: 1 -> 2
[VehicleMigration] handover #2: vehicle V_5 task task_469 UAV_1 -> RSU_0
   Trigger: distance 709.8m > threshold 455.0m (speed 18.0 m/s)
   Score: 869.8 -> 459.6 (improvement 47.2%)
   Queue trend: UAV_1: 2 -> 1, RSU_0: 2 -> 3
[Migration] Executed 2 vehicle-following migrations.
馃攳 杩佺Щ缁熻: 鎵ц8娆? 鎴愬姛8娆? 鎴愬姛鐜?00.0%
[璋冭瘯] Episode 0002: 寤惰繜 2.909s, 鑳借€?10902.26J, 瀹屾垚鐜?96.6%, 杩佺Щ鎴愬姛鐜?100.0%, 缂撳瓨鍛戒腑 16.6%, 鏁版嵁鎹熷け 22.3%, 缂撳瓨娣樻卑鐜?0.0%
馃攳 杩佺Щ缁熻: 鎵ц8娆? 鎴愬姛8娆? 鎴愬姛鐜?00.0%
[璋冭瘯] Episode 0002: 寤惰繜 2.905s, 鑳借€?10902.40J, 瀹屾垚鐜?96.6%, 杩佺Щ鎴愬姛鐜?100.0%, 缂撳瓨鍛戒腑 17.0%, 鏁版嵁鎹熷け 22.3%, 缂撳瓨娣樻卑鐜?0.0%
馃攳 杩佺Щ缁熻: 鎵ц8娆? 鎴愬姛8娆? 鎴愬姛鐜?00.0%
[璋冭瘯] Episode 0002: 寤惰繜 2.874s, 鑳借€?10976.92J, 瀹屾垚鐜?96.5%, 杩佺Щ鎴愬姛鐜?100.0%, 缂撳瓨鍛戒腑 17.1%, 鏁版嵁鎹熷け 22.3%, 缂撳瓨娣樻卑鐜?0.0%
馃攳 杩佺Щ缁熻: 鎵ц8娆? 鎴愬姛8娆? 鎴愬姛鐜?00.0%
[璋冭瘯] Episode 0002: 寤惰繜 2.930s, 鑳借€?11136.90J, 瀹屾垚鐜?96.5%, 杩佺Щ鎴愬姛鐜?100.0%, 缂撳瓨鍛戒腑 17.1%, 鏁版嵁鎹熷け 22.0%, 缂撳瓨娣樻卑鐜?0.0%
馃攳 杩佺Щ缁熻: 鎵ц8娆? 鎴愬姛8娆? 鎴愬姛鐜?00.0%
[璋冭瘯] Episode 0002: 寤惰繜 2.923s, 鑳借€?11166.48J, 瀹屾垚鐜?96.5%, 杩佺Щ鎴愬姛鐜?100.0%, 缂撳瓨鍛戒腑 17.4%, 鏁版嵁鎹熷け 22.0%, 缂撳瓨娣樻卑鐜?0.0%
棣冨箚 rsu_2 鐟欙箑褰傛潻浣盒? 鐑棬鍐呭棰勭儹 + 璧勬簮杩囪浇(甯﹀:89.8%) + 璐熻浇宸?33.8%) (缁毖勨偓銉ュ:1.109)
馃攳 杩佺Щ缁熻: 鎵ц9娆? 鎴愬姛9娆? 鎴愬姛鐜?00.0%
[璋冭瘯] Episode 0002: 寤惰繜 2.913s, 鑳借€?11186.05J, 瀹屾垚鐜?96.5%, 杩佺Щ鎴愬姛鐜?100.0%, 缂撳瓨鍛戒腑 17.6%, 鏁版嵁鎹熷け 20.7%, 缂撳瓨娣樻卑鐜?0.0%
棣冨箚 rsu_0 鐟欙箑褰傛潻浣盒? 鐑棬鍐呭棰勭儹 + 璧勬簮杩囪浇(甯﹀:89.8%) + 璐熻浇宸?35.2%) (缁毖勨偓銉ュ:1.319)
馃攳 杩佺Щ缁熻: 鎵ц10娆? 鎴愬姛10娆? 鎴愬姛鐜?00.0%
[璋冭瘯] Episode 0002: 寤惰繜 2.900s, 鑳借€?11214.44J, 瀹屾垚鐜?96.5%, 杩佺Щ鎴愬姛鐜?100.0%, 缂撳瓨鍛戒腑 17.8%, 鏁版嵁鎹熷け 20.7%, 缂撳瓨娣樻卑鐜?0.0%
馃攳 杩佺Щ缁熻: 鎵ц10娆? 鎴愬姛10娆? 鎴愬姛鐜?00.0%
[璋冭瘯] Episode 0002: 寤惰繜 2.888s, 鑳借€?11217.02J, 瀹屾垚鐜?96.5%, 杩佺Щ鎴愬姛鐜?100.0%, 缂撳瓨鍛戒腑 17.9%, 鏁版嵁鎹熷け 20.7%, 缂撳瓨娣樻卑鐜?0.0%
馃攳 杩佺Щ缁熻: 鎵ц10娆? 鎴愬姛10娆? 鎴愬姛鐜?00.0%
[璋冭瘯] Episode 0002: 寤惰繜 2.873s, 鑳借€?11288.61J, 瀹屾垚鐜?96.6%, 杩佺Щ鎴愬姛鐜?100.0%, 缂撳瓨鍛戒腑 18.1%, 鏁版嵁鎹熷け 20.7%, 缂撳瓨娣樻卑鐜?0.0%
馃攳 杩佺Щ缁熻: 鎵ц10娆? 鎴愬姛10娆? 鎴愬姛鐜?00.0%
[璋冭瘯] Episode 0002: 寤惰繜 2.861s, 鑳借€?11289.95J, 瀹屾垚鐜?96.6%, 杩佺Щ鎴愬姛鐜?100.0%, 缂撳瓨鍛戒腑 18.4%, 鏁版嵁鎹熷け 20.7%, 缂撳瓨娣樻卑鐜?0.0%
浠诲姟鍒嗙被缁熻(500): 绫诲瀷1=0.0%, 绫诲瀷2=7.0%, 绫诲瀷3=42.8%, 绫诲瀷4=50.2%
   褰撳墠浠诲姟: traffic_info, 0.32s 鈫?绫诲瀷4, 鏁版嵁0.10MB
   馃捑 缂撳瓨缁熻: 鍛戒腑鐜?18.53% (鎬诲懡涓?116, 鏈湴:0, 鏈懡涓?510)
馃攳 杩佺Щ缁熻: 鎵ц10娆? 鎴愬姛10娆? 鎴愬姛鐜?00.0%
[璋冭瘯] Episode 0002: 寤惰繜 2.848s, 鑳借€?11295.49J, 瀹屾垚鐜?96.6%, 杩佺Щ鎴愬姛鐜?100.0%, 缂撳瓨鍛戒腑 18.4%, 鏁版嵁鎹熷け 20.7%, 缂撳瓨娣樻卑鐜?0.0%
馃攳 杩佺Щ缁熻: 鎵ц10娆? 鎴愬姛10娆? 鎴愬姛鐜?00.0%
[璋冭瘯] Episode 0002: 寤惰繜 2.840s, 鑳借€?11296.95J, 瀹屾垚鐜?96.6%, 杩佺Щ鎴愬姛鐜?100.0%, 缂撳瓨鍛戒腑 18.5%, 鏁版嵁鎹熷け 20.6%, 缂撳瓨娣樻卑鐜?0.0%
[Episode 2, Step 1] Tasks: generated=2, local=1(50.0%), rsu=0(0.0%), uav=1(50.0%), dropped=0(0.0%)
[Episode 2, Step 3] Tasks: generated=2, local=1(50.0%), rsu=0(0.0%), uav=1(50.0%), dropped=0(0.0%)
[Episode 2, Step 5] Tasks: generated=3, local=1(33.3%), rsu=1(33.3%), uav=1(33.3%), dropped=0(0.0%)
[Episode 2, Step 7] Tasks: generated=5, local=2(40.0%), rsu=2(40.0%), uav=1(20.0%), dropped=0(0.0%)
[Episode 2, Step 9] Tasks: generated=2, local=1(50.0%), rsu=1(50.0%), uav=0(0.0%), dropped=0(0.0%)
[Episode 2, Step 11] Tasks: generated=0, local=0(0.0%), rsu=0(0.0%), uav=0(0.0%), dropped=0(0.0%)
[Episode 2, Step 13] Tasks: generated=1, local=0(0.0%), rsu=0(0.0%), uav=1(100.0%), dropped=0(0.0%)
[Episode 2, Step 15] Tasks: generated=3, local=1(33.3%), rsu=1(33.3%), uav=1(33.3%), dropped=0(0.0%)
[Episode 2, Step 17] Tasks: generated=2, local=1(50.0%), rsu=0(0.0%), uav=1(50.0%), dropped=0(0.0%)
[Episode 2, Step 19] Tasks: generated=2, local=1(50.0%), rsu=0(0.0%), uav=1(50.0%), dropped=0(0.0%)
[Episode 2, Step 21] Tasks: generated=1, local=1(100.0%), rsu=0(0.0%), uav=0(0.0%), dropped=0(0.0%)
[Episode 2, Step 23] Tasks: generated=2, local=1(50.0%), rsu=1(50.0%), uav=0(0.0%), dropped=0(0.0%)
[Episode 2, Step 25] Tasks: generated=3, local=1(33.3%), rsu=2(66.7%), uav=0(0.0%), dropped=0(0.0%)
[Episode 2, Step 27] Tasks: generated=1, local=1(100.0%), rsu=0(0.0%), uav=0(0.0%), dropped=0(0.0%)
[Episode 2, Step 29] Tasks: generated=1, local=1(100.0%), rsu=0(0.0%), uav=0(0.0%), dropped=0(0.0%)
[Episode 2, Step 31] Tasks: generated=1, local=1(100.0%), rsu=0(0.0%), uav=0(0.0%), dropped=0(0.0%)
[Episode 2, Step 33] Tasks: generated=0, local=0(0.0%), rsu=0(0.0%), uav=0(0.0%), dropped=0(0.0%)
[Episode 2, Step 35] Tasks: generated=1, local=1(100.0%), rsu=0(0.0%), uav=0(0.0%), dropped=0(0.0%)
[Episode 2, Step 37] Tasks: generated=2, local=0(0.0%), rsu=1(50.0%), uav=1(50.0%), dropped=0(0.0%)
[Episode 2, Step 39] Tasks: generated=2, local=1(50.0%), rsu=0(0.0%), uav=1(50.0%), dropped=0(0.0%)
[Episode 2, Step 41] Tasks: generated=2, local=0(0.0%), rsu=1(50.0%), uav=1(50.0%), dropped=0(0.0%)
[Episode 2, Step 43] Tasks: generated=5, local=0(0.0%), rsu=2(40.0%), uav=3(60.0%), dropped=0(0.0%)
[Episode 2, Step 45] Tasks: generated=2, local=1(50.0%), rsu=1(50.0%), uav=0(0.0%), dropped=0(0.0%)
[Episode 2, Step 47] Tasks: generated=3, local=1(33.3%), rsu=0(0.0%), uav=2(66.7%), dropped=0(0.0%)
[Episode 2, Step 49] Tasks: generated=2, local=1(50.0%), rsu=0(0.0%), uav=1(50.0%), dropped=0(0.0%)
[Episode 2, Step 51] Tasks: generated=2, local=1(50.0%), rsu=0(0.0%), uav=1(50.0%), dropped=0(0.0%)
[Episode 2, Step 53] Tasks: generated=3, local=1(33.3%), rsu=1(33.3%), uav=1(33.3%), dropped=0(0.0%)
[Episode 2, Step 55] Tasks: generated=3, local=1(33.3%), rsu=2(66.7%), uav=0(0.0%), dropped=0(0.0%)
[Episode 2, Step 57] Tasks: generated=2, local=0(0.0%), rsu=1(50.0%), uav=1(50.0%), dropped=0(0.0%)
[Episode 2, Step 59] Tasks: generated=5, local=4(80.0%), rsu=1(20.0%), uav=0(0.0%), dropped=0(0.0%)
[Episode 2, Step 61] Tasks: generated=2, local=0(0.0%), rsu=1(50.0%), uav=1(50.0%), dropped=0(0.0%)
[Episode 2, Step 63] Tasks: generated=2, local=0(0.0%), rsu=0(0.0%), uav=2(100.0%), dropped=0(0.0%)
[Episode 2, Step 65] Tasks: generated=4, local=3(75.0%), rsu=1(25.0%), uav=0(0.0%), dropped=1(25.0%)
[Episode 2, Step 67] Tasks: generated=3, local=1(33.3%), rsu=2(66.7%), uav=0(0.0%), dropped=0(0.0%)
[Episode 2, Step 69] Tasks: generated=2, local=2(100.0%), rsu=0(0.0%), uav=0(0.0%), dropped=0(0.0%)
[Episode 2, Step 71] Tasks: generated=3, local=1(33.3%), rsu=1(33.3%), uav=1(33.3%), dropped=0(0.0%)
[Episode 2, Step 73] Tasks: generated=2, local=0(0.0%), rsu=1(50.0%), uav=1(50.0%), dropped=0(0.0%)
[Episode 2, Step 75] Tasks: generated=1, local=0(0.0%), rsu=1(100.0%), uav=0(0.0%), dropped=0(0.0%)
[Episode 2, Step 77] Tasks: generated=6, local=0(0.0%), rsu=5(83.3%), uav=1(16.7%), dropped=0(0.0%)
[Episode 2, Step 79] Tasks: generated=5, local=0(0.0%), rsu=1(20.0%), uav=4(80.0%), dropped=0(0.0%)
[Episode 2, Step 81] Tasks: generated=4, local=1(25.0%), rsu=1(25.0%), uav=2(50.0%), dropped=0(0.0%)
[Episode 2, Step 83] Tasks: generated=6, local=2(33.3%), rsu=2(33.3%), uav=2(33.3%), dropped=0(0.0%)
[Episode 2, Step 85] Tasks: generated=2, local=0(0.0%), rsu=2(100.0%), uav=0(0.0%), dropped=0(0.0%)
[Episode 2, Step 87] Tasks: generated=3, local=0(0.0%), rsu=2(66.7%), uav=1(33.3%), dropped=0(0.0%)
[Episode 2, Step 89] Tasks: generated=1, local=1(100.0%), rsu=0(0.0%), uav=0(0.0%), dropped=0(0.0%)
[Episode 2, Step 91] Tasks: generated=5, local=1(20.0%), rsu=1(20.0%), uav=3(60.0%), dropped=0(0.0%)
[Episode 2, Step 93] Tasks: generated=1, local=1(100.0%), rsu=0(0.0%), uav=0(0.0%), dropped=1(100.0%)
[Episode 2, Step 95] Tasks: generated=5, local=2(40.0%), rsu=1(20.0%), uav=2(40.0%), dropped=0(0.0%)
[Episode 2, Step 97] Tasks: generated=3, local=1(33.3%), rsu=1(33.3%), uav=1(33.3%), dropped=0(0.0%)
[Episode 2, Step 99] Tasks: generated=0, local=0(0.0%), rsu=0(0.0%), uav=0(0.0%), dropped=0(0.0%)
[Episode 2, Step 101] Tasks: generated=2, local=1(50.0%), rsu=0(0.0%), uav=1(50.0%), dropped=0(0.0%)
[Episode 2, Step 103] Tasks: generated=2, local=1(50.0%), rsu=0(0.0%), uav=1(50.0%), dropped=0(0.0%)
[Episode 2, Step 105] Tasks: generated=1, local=0(0.0%), rsu=1(100.0%), uav=0(0.0%), dropped=0(0.0%)
[Episode 2, Step 107] Tasks: generated=4, local=1(25.0%), rsu=2(50.0%), uav=1(25.0%), dropped=0(0.0%)
[Episode 2, Step 109] Tasks: generated=2, local=2(100.0%), rsu=0(0.0%), uav=0(0.0%), dropped=0(0.0%)
[Episode 2, Step 111] Tasks: generated=2, local=0(0.0%), rsu=1(50.0%), uav=1(50.0%), dropped=0(0.0%)
[Episode 2, Step 113] Tasks: generated=2, local=1(50.0%), rsu=1(50.0%), uav=0(0.0%), dropped=0(0.0%)
[Episode 2, Step 115] Tasks: generated=0, local=0(0.0%), rsu=0(0.0%), uav=0(0.0%), dropped=1(0.0%)
[Episode 2, Step 117] Tasks: generated=0, local=0(0.0%), rsu=0(0.0%), uav=0(0.0%), dropped=0(0.0%)
[Episode 2, Step 119] Tasks: generated=1, local=1(100.0%), rsu=0(0.0%), uav=0(0.0%), dropped=0(0.0%)
[Episode 2, Step 121] Tasks: generated=1, local=0(0.0%), rsu=0(0.0%), uav=1(100.0%), dropped=0(0.0%)
[Episode 2, Step 123] Tasks: generated=1, local=0(0.0%), rsu=1(100.0%), uav=0(0.0%), dropped=0(0.0%)
[Episode 2, Step 125] Tasks: generated=2, local=2(100.0%), rsu=0(0.0%), uav=0(0.0%), dropped=0(0.0%)
[Episode 2, Step 127] Tasks: generated=1, local=0(0.0%), rsu=0(0.0%), uav=1(100.0%), dropped=0(0.0%)
[Episode 2, Step 129] Tasks: generated=4, local=1(25.0%), rsu=3(75.0%), uav=0(0.0%), dropped=0(0.0%)
[Episode 2, Step 131] Tasks: generated=0, local=0(0.0%), rsu=0(0.0%), uav=0(0.0%), dropped=0(0.0%)
[Episode 2, Step 133] Tasks: generated=3, local=0(0.0%), rsu=2(66.7%), uav=1(33.3%), dropped=0(0.0%)
[Episode 2, Step 135] Tasks: generated=0, local=0(0.0%), rsu=0(0.0%), uav=0(0.0%), dropped=0(0.0%)
[Episode 2, Step 137] Tasks: generated=1, local=0(0.0%), rsu=1(100.0%), uav=0(0.0%), dropped=1(100.0%)
[Episode 2, Step 139] Tasks: generated=2, local=0(0.0%), rsu=1(50.0%), uav=1(50.0%), dropped=0(0.0%)
[Episode 2, Step 141] Tasks: generated=6, local=4(66.7%), rsu=1(16.7%), uav=1(16.7%), dropped=0(0.0%)
[Episode 2, Step 143] Tasks: generated=4, local=1(25.0%), rsu=0(0.0%), uav=3(75.0%), dropped=0(0.0%)
[Episode 2, Step 145] Tasks: generated=1, local=1(100.0%), rsu=0(0.0%), uav=0(0.0%), dropped=0(0.0%)
[Episode 2, Step 147] Tasks: generated=4, local=1(25.0%), rsu=2(50.0%), uav=1(25.0%), dropped=0(0.0%)
[Episode 2, Step 149] Tasks: generated=2, local=0(0.0%), rsu=1(50.0%), uav=1(50.0%), dropped=0(0.0%)
[Episode 2, Step 151] Tasks: generated=2, local=1(50.0%), rsu=1(50.0%), uav=0(0.0%), dropped=0(0.0%)
[Episode 2, Step 153] Tasks: generated=0, local=0(0.0%), rsu=0(0.0%), uav=0(0.0%), dropped=0(0.0%)
[Episode 2, Step 155] Tasks: generated=4, local=2(50.0%), rsu=1(25.0%), uav=1(25.0%), dropped=0(0.0%)
[Episode 2, Step 157] Tasks: generated=2, local=0(0.0%), rsu=1(50.0%), uav=1(50.0%), dropped=0(0.0%)
[Episode 2, Step 159] Tasks: generated=3, local=1(33.3%), rsu=2(66.7%), uav=0(0.0%), dropped=0(0.0%)
[Episode 2, Step 161] Tasks: generated=3, local=1(33.3%), rsu=2(66.7%), uav=0(0.0%), dropped=0(0.0%)
[Episode 2, Step 163] Tasks: generated=3, local=1(33.3%), rsu=1(33.3%), uav=1(33.3%), dropped=1(33.3%)
[Episode 2, Step 165] Tasks: generated=2, local=0(0.0%), rsu=2(100.0%), uav=0(0.0%), dropped=0(0.0%)
[Episode 2, Step 167] Tasks: generated=2, local=1(50.0%), rsu=1(50.0%), uav=0(0.0%), dropped=0(0.0%)
[Episode 2, Step 169] Tasks: generated=4, local=4(100.0%), rsu=0(0.0%), uav=0(0.0%), dropped=0(0.0%)
[Episode 2, Step 171] Tasks: generated=3, local=0(0.0%), rsu=3(100.0%), uav=0(0.0%), dropped=0(0.0%)
[Episode 2, Step 173] Tasks: generated=2, local=0(0.0%), rsu=1(50.0%), uav=1(50.0%), dropped=0(0.0%)
[Episode 2, Step 175] Tasks: generated=5, local=0(0.0%), rsu=2(40.0%), uav=3(60.0%), dropped=0(0.0%)
[Episode 2, Step 177] Tasks: generated=4, local=3(75.0%), rsu=0(0.0%), uav=1(25.0%), dropped=0(0.0%)
[Episode 2, Step 179] Tasks: generated=1, local=1(100.0%), rsu=0(0.0%), uav=0(0.0%), dropped=0(0.0%)
[Episode 2, Step 181] Tasks: generated=4, local=2(50.0%), rsu=0(0.0%), uav=2(50.0%), dropped=0(0.0%)
[Episode 2, Step 183] Tasks: generated=1, local=0(0.0%), rsu=0(0.0%), uav=1(100.0%), dropped=0(0.0%)
[Episode 2, Step 185] Tasks: generated=4, local=2(50.0%), rsu=1(25.0%), uav=1(25.0%), dropped=0(0.0%)
[Episode 2, Step 187] Tasks: generated=3, local=2(66.7%), rsu=1(33.3%), uav=0(0.0%), dropped=0(0.0%)
[Episode 2, Step 189] Tasks: generated=2, local=0(0.0%), rsu=0(0.0%), uav=2(100.0%), dropped=0(0.0%)
[Episode 2, Step 191] Tasks: generated=1, local=1(100.0%), rsu=0(0.0%), uav=0(0.0%), dropped=0(0.0%)
[Episode 2, Step 193] Tasks: generated=2, local=0(0.0%), rsu=2(100.0%), uav=0(0.0%), dropped=0(0.0%)
[Episode 2, Step 195] Tasks: generated=2, local=1(50.0%), rsu=0(0.0%), uav=1(50.0%), dropped=0(0.0%)
[Episode 2, Step 197] Tasks: generated=2, local=1(50.0%), rsu=1(50.0%), uav=0(0.0%), dropped=0(0.0%)
[Episode 2, Step 199] Tasks: generated=5, local=1(20.0%), rsu=2(40.0%), uav=2(40.0%), dropped=0(0.0%)

================================================================================
馃搳 Episode 2 浠诲姟澶勭悊鏂瑰紡鍒嗗竷缁熻
================================================================================
鎬绘鏁? 200
鎬荤敓鎴愪换鍔℃暟: 508

浠诲姟鍒嗗竷鍗犳瘮:
  鉁?鏈湴澶勭悊:    189 浠诲姟 ( 37.2%)
  鉁?RSU澶勭悊:     169 浠诲姟 ( 33.3%)
  鉁?UAV澶勭悊:     150 浠诲姟 ( 29.5%)
  鉁?琚涪寮?       17 浠诲姟 (  3.3%)

琛ュ厖鎸囨爣:
  浠诲姟鎴愬姛鐜? 96.7%
  RSU缂撳瓨鍛戒腑鐜? 18.5%
  骞冲潎鏈湴鍗犳瘮: 36.2%
  骞冲潎RSU鍗犳瘮: 28.4%
  骞冲潎UAV鍗犳瘮: 26.9%
================================================================================

杞﹁締鍒濆鍖栧畬鎴愶細涓诲共閬撳弻璺彛鍦烘櫙
鍒涘缓浜?12 杞﹁締, 4 RSU, 2 UAV
涓ぎRSU璋冨害鍣ㄥ凡鍚敤: RSU_2
[Topology] Central RSU configured as RSU_2 for coordination.
鍒濆鍖栦簡 6 涓紦瀛樼鐞嗗櫒
[璋冭瘯] Episode 0003: 寤惰繜 1.986s, 鑳借€?0.24J, 瀹屾垚鐜?50.0%, 杩佺Щ鎴愬姛鐜?0.0%, 缂撳瓨鍛戒腑 17.8%, 鏁版嵁鎹熷け 0.0%, 缂撳瓨娣樻卑鐜?0.0%
[璋冭瘯] Episode 0003: 寤惰繜 2.385s, 鑳借€?28.37J, 瀹屾垚鐜?100.0%, 杩佺Щ鎴愬姛鐜?0.0%, 缂撳瓨鍛戒腑 17.8%, 鏁版嵁鎹熷け 0.0%, 缂撳瓨娣樻卑鐜?0.0%
[璋冭瘯] Episode 0003: 寤惰繜 1.392s, 鑳借€?46.02J, 瀹屾垚鐜?100.0%, 杩佺Щ鎴愬姛鐜?0.0%, 缂撳瓨鍛戒腑 17.8%, 鏁版嵁鎹熷け 0.0%, 缂撳瓨娣樻卑鐜?0.0%
[璋冭瘯] Episode 0003: 寤惰繜 1.149s, 鑳借€?57.03J, 瀹屾垚鐜?100.0%, 杩佺Щ鎴愬姛鐜?0.0%, 缂撳瓨鍛戒腑 17.7%, 鏁版嵁鎹熷け 0.0%, 缂撳瓨娣樻卑鐜?0.0%
[璋冭瘯] Episode 0003: 寤惰繜 1.048s, 鑳借€?70.92J, 瀹屾垚鐜?100.0%, 杩佺Щ鎴愬姛鐜?0.0%, 缂撳瓨鍛戒腑 17.7%, 鏁版嵁鎹熷け 0.0%, 缂撳瓨娣樻卑鐜?0.0%
[璋冭瘯] Episode 0003: 寤惰繜 0.874s, 鑳借€?92.00J, 瀹屾垚鐜?100.0%, 杩佺Щ鎴愬姛鐜?0.0%, 缂撳瓨鍛戒腑 17.6%, 鏁版嵁鎹熷け 0.0%, 缂撳瓨娣樻卑鐜?0.0%
[璋冭瘯] Episode 0003: 寤惰繜 0.881s, 鑳借€?109.47J, 瀹屾垚鐜?100.0%, 杩佺Щ鎴愬姛鐜?0.0%, 缂撳瓨鍛戒腑 17.6%, 鏁版嵁鎹熷け 0.0%, 缂撳瓨娣樻卑鐜?0.0%
[璋冭瘯] Episode 0003: 寤惰繜 0.973s, 鑳借€?109.69J, 瀹屾垚鐜?100.0%, 杩佺Щ鎴愬姛鐜?0.0%, 缂撳瓨鍛戒腑 17.5%, 鏁版嵁鎹熷け 0.0%, 缂撳瓨娣樻卑鐜?0.0%
[璋冭瘯] Episode 0003: 寤惰繜 0.770s, 鑳借€?139.81J, 瀹屾垚鐜?100.0%, 杩佺Щ鎴愬姛鐜?0.0%, 缂撳瓨鍛戒腑 17.4%, 鏁版嵁鎹熷け 0.0%, 缂撳瓨娣樻卑鐜?0.0%
[璋冭瘯] Episode 0003: 寤惰繜 0.743s, 鑳借€?166.92J, 瀹屾垚鐜?100.0%, 杩佺Щ鎴愬姛鐜?0.0%, 缂撳瓨鍛戒腑 17.4%, 鏁版嵁鎹熷け 0.0%, 缂撳瓨娣樻卑鐜?0.0%
[璋冭瘯] Episode 0003: 寤惰繜 0.697s, 鑳借€?207.60J, 瀹屾垚鐜?100.0%, 杩佺Щ鎴愬姛鐜?0.0%, 缂撳瓨鍛戒腑 17.4%, 鏁版嵁鎹熷け 0.0%, 缂撳瓨娣樻卑鐜?0.0%
[璋冭瘯] Episode 0003: 寤惰繜 0.716s, 鑳借€?284.17J, 瀹屾垚鐜?100.0%, 杩佺Щ鎴愬姛鐜?0.0%, 缂撳瓨鍛戒腑 17.3%, 鏁版嵁鎹熷け 0.0%, 缂撳瓨娣樻卑鐜?0.0%
[璋冭瘯] Episode 0003: 寤惰繜 0.746s, 鑳借€?285.60J, 瀹屾垚鐜?100.0%, 杩佺Щ鎴愬姛鐜?0.0%, 缂撳瓨鍛戒腑 17.3%, 鏁版嵁鎹熷け 0.0%, 缂撳瓨娣樻卑鐜?0.0%
[璋冭瘯] Episode 0003: 寤惰繜 0.672s, 鑳借€?353.56J, 瀹屾垚鐜?100.0%, 杩佺Щ鎴愬姛鐜?0.0%, 缂撳瓨鍛戒腑 17.3%, 鏁版嵁鎹熷け 0.0%, 缂撳瓨娣樻卑鐜?0.0%
[璋冭瘯] Episode 0003: 寤惰繜 0.736s, 鑳借€?353.92J, 瀹屾垚鐜?100.0%, 杩佺Щ鎴愬姛鐜?0.0%, 缂撳瓨鍛戒腑 17.2%, 鏁版嵁鎹熷け 0.0%, 缂撳瓨娣樻卑鐜?0.0%
[璋冭瘯] Episode 0003: 寤惰繜 0.752s, 鑳借€?380.10J, 瀹屾垚鐜?100.0%, 杩佺Щ鎴愬姛鐜?0.0%, 缂撳瓨鍛戒腑 17.2%, 鏁版嵁鎹熷け 0.0%, 缂撳瓨娣樻卑鐜?0.0%
[璋冭瘯] Episode 0003: 寤惰繜 0.716s, 鑳借€?446.38J, 瀹屾垚鐜?100.0%, 杩佺Щ鎴愬姛鐜?0.0%, 缂撳瓨鍛戒腑 17.1%, 鏁版嵁鎹熷け 0.0%, 缂撳瓨娣樻卑鐜?0.0%
[VehicleMigration] handover #1: vehicle V_5 task task_43 RSU_3 -> RSU_2
   Trigger: distance 290.8m > threshold 278.7m (speed 14.2 m/s)
   Score: 450.8 -> 250.8 (improvement 44.4%)
   Queue trend: RSU_3: 2 -> 1, RSU_2: 2 -> 3
[Migration] Executed 1 vehicle-following migrations.
馃攳 杩佺Щ缁熻: 鎵ц1娆? 鎴愬姛1娆? 鎴愬姛鐜?00.0%
[璋冭瘯] Episode 0003: 寤惰繜 0.868s, 鑳借€?454.12J, 瀹屾垚鐜?100.0%, 杩佺Щ鎴愬姛鐜?100.0%, 缂撳瓨鍛戒腑 17.0%, 鏁版嵁鎹熷け 0.0%, 缂撳瓨娣樻卑鐜?0.0%
馃攳 杩佺Щ缁熻: 鎵ц1娆? 鎴愬姛1娆? 鎴愬姛鐜?00.0%
[璋冭瘯] Episode 0003: 寤惰繜 0.870s, 鑳借€?519.36J, 瀹屾垚鐜?100.0%, 杩佺Щ鎴愬姛鐜?100.0%, 缂撳瓨鍛戒腑 16.9%, 鏁版嵁鎹熷け 0.0%, 缂撳瓨娣樻卑鐜?0.0%
馃攳 杩佺Щ缁熻: 鎵ц1娆? 鎴愬姛1娆? 鎴愬姛鐜?00.0%
[璋冭瘯] Episode 0003: 寤惰繜 0.839s, 鑳借€?588.44J, 瀹屾垚鐜?100.0%, 杩佺Щ鎴愬姛鐜?100.0%, 缂撳瓨鍛戒腑 16.9%, 鏁版嵁鎹熷け 0.0%, 缂撳瓨娣樻卑鐜?0.0%
馃攳 杩佺Щ缁熻: 鎵ц1娆? 鎴愬姛1娆? 鎴愬姛鐜?00.0%
[璋冭瘯] Episode 0003: 寤惰繜 1.332s, 鑳借€?899.46J, 瀹屾垚鐜?100.0%, 杩佺Щ鎴愬姛鐜?100.0%, 缂撳瓨鍛戒腑 16.9%, 鏁版嵁鎹熷け 0.0%, 缂撳瓨娣樻卑鐜?0.0%
馃攳 杩佺Щ缁熻: 鎵ц1娆? 鎴愬姛1娆? 鎴愬姛鐜?00.0%
[璋冭瘯] Episode 0003: 寤惰繜 1.280s, 鑳借€?971.98J, 瀹屾垚鐜?100.0%, 杩佺Щ鎴愬姛鐜?100.0%, 缂撳瓨鍛戒腑 16.9%, 鏁版嵁鎹熷け 0.0%, 缂撳瓨娣樻卑鐜?0.0%
馃攳 杩佺Щ缁熻: 鎵ц1娆? 鎴愬姛1娆? 鎴愬姛鐜?00.0%
[璋冭瘯] Episode 0003: 寤惰繜 1.287s, 鑳借€?972.03J, 瀹屾垚鐜?98.2%, 杩佺Щ鎴愬姛鐜?100.0%, 缂撳瓨鍛戒腑 16.8%, 鏁版嵁鎹熷け 0.2%, 缂撳瓨娣樻卑鐜?0.0%
馃攳 杩佺Щ缁熻: 鎵ц1娆? 鎴愬姛1娆? 鎴愬姛鐜?00.0%
[璋冭瘯] Episode 0003: 寤惰繜 1.287s, 鑳借€?972.03J, 瀹屾垚鐜?98.2%, 杩佺Щ鎴愬姛鐜?100.0%, 缂撳瓨鍛戒腑 16.8%, 鏁版嵁鎹熷け 0.2%, 缂撳瓨娣樻卑鐜?0.0%
馃攳 杩佺Щ缁熻: 鎵ц1娆? 鎴愬姛1娆? 鎴愬姛鐜?00.0%
[璋冭瘯] Episode 0003: 寤惰繜 1.213s, 鑳借€?1012.76J, 瀹屾垚鐜?98.3%, 杩佺Щ鎴愬姛鐜?100.0%, 缂撳瓨鍛戒腑 1.2%, 鏁版嵁鎹熷け 0.2%, 缂撳瓨娣樻卑鐜?0.0%
馃攳 杩佺Щ缁熻: 鎵ц1娆? 鎴愬姛1娆? 鎴愬姛鐜?00.0%
[璋冭瘯] Episode 0003: 寤惰繜 1.228s, 鑳借€?1015.95J, 瀹屾垚鐜?98.3%, 杩佺Щ鎴愬姛鐜?100.0%, 缂撳瓨鍛戒腑 2.3%, 鏁版嵁鎹熷け 0.2%, 缂撳瓨娣樻卑鐜?0.0%
馃攳 杩佺Щ缁熻: 鎵ц1娆? 鎴愬姛1娆? 鎴愬姛鐜?00.0%
[璋冭瘯] Episode 0003: 寤惰繜 1.155s, 鑳借€?1076.32J, 瀹屾垚鐜?98.4%, 杩佺Щ鎴愬姛鐜?100.0%, 缂撳瓨鍛戒腑 2.3%, 鏁版嵁鎹熷け 0.2%, 缂撳瓨娣樻卑鐜?0.0%
馃攳 杩佺Щ缁熻: 鎵ц1娆? 鎴愬姛1娆? 鎴愬姛鐜?00.0%
[璋冭瘯] Episode 0003: 寤惰繜 1.120s, 鑳借€?1110.28J, 瀹屾垚鐜?98.5%, 杩佺Щ鎴愬姛鐜?100.0%, 缂撳瓨鍛戒腑 3.4%, 鏁版嵁鎹熷け 0.2%, 缂撳瓨娣樻卑鐜?0.0%
馃攳 杩佺Щ缁熻: 鎵ц1娆? 鎴愬姛1娆? 鎴愬姛鐜?00.0%
[璋冭瘯] Episode 0003: 寤惰繜 3.028s, 鑳借€?1820.11J, 瀹屾垚鐜?98.5%, 杩佺Щ鎴愬姛鐜?100.0%, 缂撳瓨鍛戒腑 4.2%, 鏁版嵁鎹熷け 0.1%, 缂撳瓨娣樻卑鐜?0.0%
馃攳 杩佺Щ缁熻: 鎵ц1娆? 鎴愬姛1娆? 鎴愬姛鐜?00.0%
[璋冭瘯] Episode 0003: 寤惰繜 3.041s, 鑳借€?1820.27J, 瀹屾垚鐜?98.5%, 杩佺Щ鎴愬姛鐜?100.0%, 缂撳瓨鍛戒腑 4.0%, 鏁版嵁鎹熷け 0.1%, 缂撳瓨娣樻卑鐜?0.0%
馃攳 杩佺Щ缁熻: 鎵ц1娆? 鎴愬姛1娆? 鎴愬姛鐜?00.0%
[璋冭瘯] Episode 0003: 寤惰繜 3.017s, 鑳借€?1840.23J, 瀹屾垚鐜?98.6%, 杩佺Щ鎴愬姛鐜?100.0%, 缂撳瓨鍛戒腑 3.9%, 鏁版嵁鎹熷け 0.1%, 缂撳瓨娣樻卑鐜?0.0%
馃攳 杩佺Щ缁熻: 鎵ц1娆? 鎴愬姛1娆? 鎴愬姛鐜?00.0%
[璋冭瘯] Episode 0003: 寤惰繜 2.776s, 鑳借€?2105.74J, 瀹屾垚鐜?98.7%, 杩佺Щ鎴愬姛鐜?100.0%, 缂撳瓨鍛戒腑 3.9%, 鏁版嵁鎹熷け 0.1%, 缂撳瓨娣樻卑鐜?0.0%
馃攳 杩佺Щ缁熻: 鎵ц1娆? 鎴愬姛1娆? 鎴愬姛鐜?00.0%
[璋冭瘯] Episode 0003: 寤惰繜 2.808s, 鑳借€?2106.10J, 瀹屾垚鐜?98.7%, 杩佺Щ鎴愬姛鐜?100.0%, 缂撳瓨鍛戒腑 3.7%, 鏁版嵁鎹熷け 0.1%, 缂撳瓨娣樻卑鐜?0.0%
馃攳 杩佺Щ缁熻: 鎵ц1娆? 鎴愬姛1娆? 鎴愬姛鐜?00.0%
[璋冭瘯] Episode 0003: 寤惰繜 2.824s, 鑳借€?2106.32J, 瀹屾垚鐜?98.7%, 杩佺Щ鎴愬姛鐜?100.0%, 缂撳瓨鍛戒腑 3.6%, 鏁版嵁鎹熷け 0.1%, 缂撳瓨娣樻卑鐜?0.0%
馃攳 杩佺Щ缁熻: 鎵ц1娆? 鎴愬姛1娆? 鎴愬姛鐜?00.0%
[璋冭瘯] Episode 0003: 寤惰繜 2.767s, 鑳借€?2136.26J, 瀹屾垚鐜?98.7%, 杩佺Щ鎴愬姛鐜?100.0%, 缂撳瓨鍛戒腑 3.5%, 鏁版嵁鎹熷け 0.1%, 缂撳瓨娣樻卑鐜?0.0%
馃攳 杩佺Щ缁熻: 鎵ц1娆? 鎴愬姛1娆? 鎴愬姛鐜?00.0%
[璋冭瘯] Episode 0003: 寤惰繜 2.747s, 鑳借€?2146.66J, 瀹屾垚鐜?98.7%, 杩佺Щ鎴愬姛鐜?100.0%, 缂撳瓨鍛戒腑 3.5%, 鏁版嵁鎹熷け 0.1%, 缂撳瓨娣樻卑鐜?0.0%
馃攳 杩佺Щ缁熻: 鎵ц1娆? 鎴愬姛1娆? 鎴愬姛鐜?00.0%
[璋冭瘯] Episode 0003: 寤惰繜 2.718s, 鑳借€?2166.55J, 瀹屾垚鐜?98.8%, 杩佺Щ鎴愬姛鐜?100.0%, 缂撳瓨鍛戒腑 3.4%, 鏁版嵁鎹熷け 0.1%, 缂撳瓨娣樻卑鐜?0.0%
馃攳 杩佺Щ缁熻: 鎵ц1娆? 鎴愬姛1娆? 鎴愬姛鐜?00.0%
[璋冭瘯] Episode 0003: 寤惰繜 2.626s, 鑳借€?2196.79J, 瀹屾垚鐜?98.8%, 杩佺Щ鎴愬姛鐜?100.0%, 缂撳瓨鍛戒腑 3.4%, 鏁版嵁鎹熷け 0.1%, 缂撳瓨娣樻卑鐜?0.0%
馃攳 杩佺Щ缁熻: 鎵ц1娆? 鎴愬姛1娆? 鎴愬姛鐜?00.0%
[璋冭瘯] Episode 0003: 寤惰繜 2.487s, 鑳借€?2248.92J, 瀹屾垚鐜?98.9%, 杩佺Щ鎴愬姛鐜?100.0%, 缂撳瓨鍛戒腑 3.3%, 鏁版嵁鎹熷け 0.1%, 缂撳瓨娣樻卑鐜?0.0%
馃攳 杩佺Щ缁熻: 鎵ц1娆? 鎴愬姛1娆? 鎴愬姛鐜?00.0%
[璋冭瘯] Episode 0003: 寤惰繜 2.457s, 鑳借€?2264.41J, 瀹屾垚鐜?98.9%, 杩佺Щ鎴愬姛鐜?100.0%, 缂撳瓨鍛戒腑 3.1%, 鏁版嵁鎹熷け 0.1%, 缂撳瓨娣樻卑鐜?0.0%
馃攳 杩佺Щ缁熻: 鎵ц1娆? 鎴愬姛1娆? 鎴愬姛鐜?00.0%
[璋冭瘯] Episode 0003: 寤惰繜 2.390s, 鑳借€?2289.38J, 瀹屾垚鐜?98.9%, 杩佺Щ鎴愬姛鐜?100.0%, 缂撳瓨鍛戒腑 3.1%, 鏁版嵁鎹熷け 0.1%, 缂撳瓨娣樻卑鐜?0.0%
馃攳 杩佺Щ缁熻: 鎵ц1娆? 鎴愬姛1娆? 鎴愬姛鐜?00.0%
[璋冭瘯] Episode 0003: 寤惰繜 2.390s, 鑳借€?2289.39J, 瀹屾垚鐜?98.9%, 杩佺Щ鎴愬姛鐜?100.0%, 缂撳瓨鍛戒腑 3.1%, 鏁版嵁鎹熷け 0.1%, 缂撳瓨娣樻卑鐜?0.0%
浠诲姟鍒嗙被缁熻(100): 绫诲瀷1=0.0%, 绫诲瀷2=8.0%, 绫诲瀷3=38.0%, 绫诲瀷4=54.0%
   褰撳墠浠诲姟: navigation_0015, 0.89s 鈫?绫诲瀷3, 鏁版嵁0.48MB
   馃捑 缂撳瓨缁熻: 鍛戒腑鐜?3.08% (鎬诲懡涓?4, 鏈湴:0, 鏈懡涓?126)
馃攳 杩佺Щ缁熻: 鎵ц1娆? 鎴愬姛1娆? 鎴愬姛鐜?00.0%
[璋冭瘯] Episode 0003: 寤惰繜 2.272s, 鑳借€?2339.22J, 瀹屾垚鐜?99.0%, 杩佺Щ鎴愬姛鐜?100.0%, 缂撳瓨鍛戒腑 4.5%, 鏁版嵁鎹熷け 0.1%, 缂撳瓨娣樻卑鐜?0.0%
馃攳 杩佺Щ缁熻: 鎵ц1娆? 鎴愬姛1娆? 鎴愬姛鐜?00.0%
[璋冭瘯] Episode 0003: 寤惰繜 2.254s, 鑳借€?2379.52J, 瀹屾垚鐜?99.0%, 杩佺Щ鎴愬姛鐜?100.0%, 缂撳瓨鍛戒腑 4.3%, 鏁版嵁鎹熷け 0.1%, 缂撳瓨娣樻卑鐜?0.0%
馃攳 杩佺Щ缁熻: 鎵ц1娆? 鎴愬姛1娆? 鎴愬姛鐜?00.0%
[璋冭瘯] Episode 0003: 寤惰繜 2.234s, 鑳借€?2380.66J, 瀹屾垚鐜?99.0%, 杩佺Щ鎴愬姛鐜?100.0%, 缂撳瓨鍛戒腑 4.1%, 鏁版嵁鎹熷け 0.1%, 缂撳瓨娣樻卑鐜?0.0%
馃攳 杩佺Щ缁熻: 鎵ц1娆? 鎴愬姛1娆? 鎴愬姛鐜?00.0%
[璋冭瘯] Episode 0003: 寤惰繜 2.164s, 鑳借€?2448.48J, 瀹屾垚鐜?99.1%, 杩佺Щ鎴愬姛鐜?100.0%, 缂撳瓨鍛戒腑 4.0%, 鏁版嵁鎹熷け 0.1%, 缂撳瓨娣樻卑鐜?0.0%
馃攳 杩佺Щ缁熻: 鎵ц1娆? 鎴愬姛1娆? 鎴愬姛鐜?00.0%
[璋冭瘯] Episode 0003: 寤惰繜 2.095s, 鑳借€?2558.71J, 瀹屾垚鐜?99.1%, 杩佺Щ鎴愬姛鐜?100.0%, 缂撳瓨鍛戒腑 5.0%, 鏁版嵁鎹熷け 0.1%, 缂撳瓨娣樻卑鐜?0.0%
馃攳 杩佺Щ缁熻: 鎵ц1娆? 鎴愬姛1娆? 鎴愬姛鐜?00.0%
[璋冭瘯] Episode 0003: 寤惰繜 2.018s, 鑳借€?2626.06J, 瀹屾垚鐜?99.1%, 杩佺Щ鎴愬姛鐜?100.0%, 缂撳瓨鍛戒腑 5.6%, 鏁版嵁鎹熷け 0.1%, 缂撳瓨娣樻卑鐜?0.0%
馃攳 杩佺Щ缁熻: 鎵ц1娆? 鎴愬姛1娆? 鎴愬姛鐜?00.0%
[璋冭瘯] Episode 0003: 寤惰繜 2.001s, 鑳借€?2649.76J, 瀹屾垚鐜?99.1%, 杩佺Щ鎴愬姛鐜?100.0%, 缂撳瓨鍛戒腑 6.1%, 鏁版嵁鎹熷け 0.1%, 缂撳瓨娣樻卑鐜?0.0%
馃攳 杩佺Щ缁熻: 鎵ц1娆? 鎴愬姛1娆? 鎴愬姛鐜?00.0%
[璋冭瘯] Episode 0003: 寤惰繜 1.997s, 鑳借€?2652.92J, 瀹屾垚鐜?99.2%, 杩佺Щ鎴愬姛鐜?100.0%, 缂撳瓨鍛戒腑 6.0%, 鏁版嵁鎹熷け 0.1%, 缂撳瓨娣樻卑鐜?0.0%
馃攳 杩佺Щ缁熻: 鎵ц1娆? 鎴愬姛1娆? 鎴愬姛鐜?00.0%
[璋冭瘯] Episode 0003: 寤惰繜 1.980s, 鑳借€?2672.73J, 瀹屾垚鐜?99.2%, 杩佺Щ鎴愬姛鐜?100.0%, 缂撳瓨鍛戒腑 5.8%, 鏁版嵁鎹熷け 0.1%, 缂撳瓨娣樻卑鐜?0.0%
馃攳 杩佺Щ缁熻: 鎵ц1娆? 鎴愬姛1娆? 鎴愬姛鐜?00.0%
[璋冭瘯] Episode 0003: 寤惰繜 1.935s, 鑳借€?2685.66J, 瀹屾垚鐜?99.2%, 杩佺Щ鎴愬姛鐜?100.0%, 缂撳瓨鍛戒腑 6.2%, 鏁版嵁鎹熷け 0.1%, 缂撳瓨娣樻卑鐜?0.0%
馃攳 杩佺Щ缁熻: 鎵ц1娆? 鎴愬姛1娆? 鎴愬姛鐜?00.0%
[璋冭瘯] Episode 0003: 寤惰繜 1.907s, 鑳借€?2718.00J, 瀹屾垚鐜?99.2%, 杩佺Щ鎴愬姛鐜?100.0%, 缂撳瓨鍛戒腑 6.6%, 鏁版嵁鎹熷け 0.1%, 缂撳瓨娣樻卑鐜?0.0%
馃攳 杩佺Щ缁熻: 鎵ц1娆? 鎴愬姛1娆? 鎴愬姛鐜?00.0%
[璋冭瘯] Episode 0003: 寤惰繜 1.885s, 鑳借€?2733.88J, 瀹屾垚鐜?99.2%, 杩佺Щ鎴愬姛鐜?100.0%, 缂撳瓨鍛戒腑 6.4%, 鏁版嵁鎹熷け 0.1%, 缂撳瓨娣樻卑鐜?0.0%
馃攳 杩佺Щ缁熻: 鎵ц1娆? 鎴愬姛1娆? 鎴愬姛鐜?00.0%
[璋冭瘯] Episode 0003: 寤惰繜 1.890s, 鑳借€?2754.07J, 瀹屾垚鐜?99.2%, 杩佺Щ鎴愬姛鐜?100.0%, 缂撳瓨鍛戒腑 6.2%, 鏁版嵁鎹熷け 0.1%, 缂撳瓨娣樻卑鐜?0.0%
馃攳 杩佺Щ缁熻: 鎵ц1娆? 鎴愬姛1娆? 鎴愬姛鐜?00.0%
[璋冭瘯] Episode 0003: 寤惰繜 1.837s, 鑳借€?2776.39J, 瀹屾垚鐜?99.2%, 杩佺Щ鎴愬姛鐜?100.0%, 缂撳瓨鍛戒腑 6.2%, 鏁版嵁鎹熷け 0.1%, 缂撳瓨娣樻卑鐜?0.0%
馃攳 杩佺Щ缁熻: 鎵ц1娆? 鎴愬姛1娆? 鎴愬姛鐜?00.0%
[璋冭瘯] Episode 0003: 寤惰繜 1.826s, 鑳借€?2815.92J, 瀹屾垚鐜?99.2%, 杩佺Щ鎴愬姛鐜?100.0%, 缂撳瓨鍛戒腑 6.1%, 鏁版嵁鎹熷け 0.1%, 缂撳瓨娣樻卑鐜?0.0%
馃攳 杩佺Щ缁熻: 鎵ц1娆? 鎴愬姛1娆? 鎴愬姛鐜?00.0%
[璋冭瘯] Episode 0003: 寤惰繜 1.838s, 鑳借€?2816.13J, 瀹屾垚鐜?99.2%, 杩佺Щ鎴愬姛鐜?100.0%, 缂撳瓨鍛戒腑 5.9%, 鏁版嵁鎹熷け 0.1%, 缂撳瓨娣樻卑鐜?0.0%
馃攳 杩佺Щ缁熻: 鎵ц1娆? 鎴愬姛1娆? 鎴愬姛鐜?00.0%
[璋冭瘯] Episode 0003: 寤惰繜 1.824s, 鑳借€?2819.14J, 瀹屾垚鐜?98.5%, 杩佺Щ鎴愬姛鐜?100.0%, 缂撳瓨鍛戒腑 5.9%, 鏁版嵁鎹熷け 28.6%, 缂撳瓨娣樻卑鐜?0.0%
馃攳 杩佺Щ缁熻: 鎵ц1娆? 鎴愬姛1娆? 鎴愬姛鐜?00.0%
[璋冭瘯] Episode 0003: 寤惰繜 1.761s, 鑳借€?2862.68J, 瀹屾垚鐜?98.6%, 杩佺Щ鎴愬姛鐜?100.0%, 缂撳瓨鍛戒腑 6.2%, 鏁版嵁鎹熷け 28.5%, 缂撳瓨娣樻卑鐜?0.0%
馃攳 杩佺Щ缁熻: 鎵ц1娆? 鎴愬姛1娆? 鎴愬姛鐜?00.0%
[璋冭瘯] Episode 0003: 寤惰繜 1.752s, 鑳借€?2898.79J, 瀹屾垚鐜?98.6%, 杩佺Щ鎴愬姛鐜?100.0%, 缂撳瓨鍛戒腑 6.6%, 鏁版嵁鎹熷け 28.3%, 缂撳瓨娣樻卑鐜?0.0%
馃攳 杩佺Щ缁熻: 鎵ц1娆? 鎴愬姛1娆? 鎴愬姛鐜?00.0%
[璋冭瘯] Episode 0003: 寤惰繜 1.745s, 鑳借€?2898.93J, 瀹屾垚鐜?98.6%, 杩佺Щ鎴愬姛鐜?100.0%, 缂撳瓨鍛戒腑 7.4%, 鏁版嵁鎹熷け 28.3%, 缂撳瓨娣樻卑鐜?0.0%
馃攳 杩佺Щ缁熻: 鎵ц1娆? 鎴愬姛1娆? 鎴愬姛鐜?00.0%
[璋冭瘯] Episode 0003: 寤惰繜 1.709s, 鑳借€?2993.65J, 瀹屾垚鐜?98.6%, 杩佺Щ鎴愬姛鐜?100.0%, 缂撳瓨鍛戒腑 7.3%, 鏁版嵁鎹熷け 28.2%, 缂撳瓨娣樻卑鐜?0.0%
馃攳 杩佺Щ缁熻: 鎵ц1娆? 鎴愬姛1娆? 鎴愬姛鐜?00.0%
[璋冭瘯] Episode 0003: 寤惰繜 1.693s, 鑳借€?3016.57J, 瀹屾垚鐜?98.7%, 杩佺Щ鎴愬姛鐜?100.0%, 缂撳瓨鍛戒腑 7.2%, 鏁版嵁鎹熷け 28.1%, 缂撳瓨娣樻卑鐜?0.0%
馃攳 杩佺Щ缁熻: 鎵ц1娆? 鎴愬姛1娆? 鎴愬姛鐜?00.0%
[璋冭瘯] Episode 0003: 寤惰繜 2.619s, 鑳借€?3840.02J, 瀹屾垚鐜?98.1%, 杩佺Щ鎴愬姛鐜?100.0%, 缂撳瓨鍛戒腑 7.0%, 鏁版嵁鎹熷け 21.6%, 缂撳瓨娣樻卑鐜?0.0%
馃攳 杩佺Щ缁熻: 鎵ц1娆? 鎴愬姛1娆? 鎴愬姛鐜?00.0%
[璋冭瘯] Episode 0003: 寤惰繜 2.539s, 鑳借€?3933.92J, 瀹屾垚鐜?98.1%, 杩佺Щ鎴愬姛鐜?100.0%, 缂撳瓨鍛戒腑 6.9%, 鏁版嵁鎹熷け 18.1%, 缂撳瓨娣樻卑鐜?0.0%
馃攳 杩佺Щ缁熻: 鎵ц1娆? 鎴愬姛1娆? 鎴愬姛鐜?00.0%
[璋冭瘯] Episode 0003: 寤惰繜 2.516s, 鑳借€?3938.01J, 瀹屾垚鐜?98.2%, 杩佺Щ鎴愬姛鐜?100.0%, 缂撳瓨鍛戒腑 6.9%, 鏁版嵁鎹熷け 18.1%, 缂撳瓨娣樻卑鐜?0.0%
馃攳 杩佺Щ缁熻: 鎵ц1娆? 鎴愬姛1娆? 鎴愬姛鐜?00.0%
[璋冭瘯] Episode 0003: 寤惰繜 2.481s, 鑳借€?3964.20J, 瀹屾垚鐜?98.2%, 杩佺Щ鎴愬姛鐜?100.0%, 缂撳瓨鍛戒腑 6.9%, 鏁版嵁鎹熷け 18.1%, 缂撳瓨娣樻卑鐜?0.0%
馃攳 杩佺Щ缁熻: 鎵ц1娆? 鎴愬姛1娆? 鎴愬姛鐜?00.0%
[璋冭瘯] Episode 0003: 寤惰繜 2.453s, 鑳借€?3993.19J, 瀹屾垚鐜?98.2%, 杩佺Щ鎴愬姛鐜?100.0%, 缂撳瓨鍛戒腑 6.9%, 鏁版嵁鎹熷け 18.1%, 缂撳瓨娣樻卑鐜?0.0%
馃攳 杩佺Щ缁熻: 鎵ц1娆? 鎴愬姛1娆? 鎴愬姛鐜?00.0%
[璋冭瘯] Episode 0003: 寤惰繜 2.426s, 鑳借€?4014.05J, 瀹屾垚鐜?98.2%, 杩佺Щ鎴愬姛鐜?100.0%, 缂撳瓨鍛戒腑 6.9%, 鏁版嵁鎹熷け 18.1%, 缂撳瓨娣樻卑鐜?0.0%
馃攳 杩佺Щ缁熻: 鎵ц1娆? 鎴愬姛1娆? 鎴愬姛鐜?00.0%
[璋冭瘯] Episode 0003: 寤惰繜 2.438s, 鑳借€?4014.36J, 瀹屾垚鐜?98.2%, 杩佺Щ鎴愬姛鐜?100.0%, 缂撳瓨鍛戒腑 6.6%, 鏁版嵁鎹熷け 18.0%, 缂撳瓨娣樻卑鐜?0.0%
馃攳 杩佺Щ缁熻: 鎵ц1娆? 鎴愬姛1娆? 鎴愬姛鐜?00.0%
[璋冭瘯] Episode 0003: 寤惰繜 2.443s, 鑳借€?4014.49J, 瀹屾垚鐜?98.2%, 杩佺Щ鎴愬姛鐜?100.0%, 缂撳瓨鍛戒腑 6.5%, 鏁版嵁鎹熷け 18.0%, 缂撳瓨娣樻卑鐜?0.0%
馃攳 杩佺Щ缁熻: 鎵ц1娆? 鎴愬姛1娆? 鎴愬姛鐜?00.0%
[璋冭瘯] Episode 0003: 寤惰繜 2.414s, 鑳借€?4050.18J, 瀹屾垚鐜?98.3%, 杩佺Щ鎴愬姛鐜?100.0%, 缂撳瓨鍛戒腑 6.5%, 鏁版嵁鎹熷け 18.0%, 缂撳瓨娣樻卑鐜?0.0%
馃攳 杩佺Щ缁熻: 鎵ц1娆? 鎴愬姛1娆? 鎴愬姛鐜?00.0%
[璋冭瘯] Episode 0003: 寤惰繜 2.377s, 鑳借€?4104.32J, 瀹屾垚鐜?98.3%, 杩佺Щ鎴愬姛鐜?100.0%, 缂撳瓨鍛戒腑 6.5%, 鏁版嵁鎹熷け 17.9%, 缂撳瓨娣樻卑鐜?0.0%
馃攳 杩佺Щ缁熻: 鎵ц1娆? 鎴愬姛1娆? 鎴愬姛鐜?00.0%
[璋冭瘯] Episode 0003: 寤惰繜 2.529s, 鑳借€?4285.11J, 瀹屾垚鐜?98.3%, 杩佺Щ鎴愬姛鐜?100.0%, 缂撳瓨鍛戒腑 6.4%, 鏁版嵁鎹熷け 14.6%, 缂撳瓨娣樻卑鐜?0.0%
馃攳 杩佺Щ缁熻: 鎵ц1娆? 鎴愬姛1娆? 鎴愬姛鐜?00.0%
[璋冭瘯] Episode 0003: 寤惰繜 2.516s, 鑳借€?4310.54J, 瀹屾垚鐜?98.4%, 杩佺Щ鎴愬姛鐜?100.0%, 缂撳瓨鍛戒腑 6.3%, 鏁版嵁鎹熷け 12.7%, 缂撳瓨娣樻卑鐜?0.0%
馃攳 杩佺Щ缁熻: 鎵ц1娆? 鎴愬姛1娆? 鎴愬姛鐜?00.0%
[璋冭瘯] Episode 0003: 寤惰繜 2.502s, 鑳借€?4310.54J, 瀹屾垚鐜?98.4%, 杩佺Щ鎴愬姛鐜?100.0%, 缂撳瓨鍛戒腑 6.6%, 鏁版嵁鎹熷け 12.7%, 缂撳瓨娣樻卑鐜?0.0%
馃攳 杩佺Щ缁熻: 鎵ц1娆? 鎴愬姛1娆? 鎴愬姛鐜?00.0%
[璋冭瘯] Episode 0003: 寤惰繜 2.489s, 鑳借€?4311.60J, 瀹屾垚鐜?98.4%, 杩佺Щ鎴愬姛鐜?100.0%, 缂撳瓨鍛戒腑 6.6%, 鏁版嵁鎹熷け 12.7%, 缂撳瓨娣樻卑鐜?0.0%
[VehicleMigration] handover #1: vehicle V_10 task task_190 UAV_0 -> RSU_2
   Trigger: distance 489.1m > threshold 483.5m (speed 6.6 m/s)
   Score: 619.1 -> 234.2 (improvement 62.2%)
   Queue trend: UAV_0: 1 -> 0, RSU_2: 2 -> 3
[Migration] Executed 1 vehicle-following migrations.
馃攳 杩佺Щ缁熻: 鎵ц2娆? 鎴愬姛2娆? 鎴愬姛鐜?00.0%
[璋冭瘯] Episode 0003: 寤惰繜 2.464s, 鑳借€?4341.80J, 瀹屾垚鐜?98.4%, 杩佺Щ鎴愬姛鐜?100.0%, 缂撳瓨鍛戒腑 6.9%, 鏁版嵁鎹熷け 12.6%, 缂撳瓨娣樻卑鐜?0.0%
馃攳 杩佺Щ缁熻: 鎵ц2娆? 鎴愬姛2娆? 鎴愬姛鐜?00.0%
[璋冭瘯] Episode 0003: 寤惰繜 2.464s, 鑳借€?4341.80J, 瀹屾垚鐜?98.4%, 杩佺Щ鎴愬姛鐜?100.0%, 缂撳瓨鍛戒腑 6.9%, 鏁版嵁鎹熷け 12.6%, 缂撳瓨娣樻卑鐜?0.0%
馃攳 杩佺Щ缁熻: 鎵ц2娆? 鎴愬姛2娆? 鎴愬姛鐜?00.0%
[璋冭瘯] Episode 0003: 寤惰繜 2.464s, 鑳借€?4341.80J, 瀹屾垚鐜?98.4%, 杩佺Щ鎴愬姛鐜?100.0%, 缂撳瓨鍛戒腑 6.9%, 鏁版嵁鎹熷け 12.6%, 缂撳瓨娣樻卑鐜?0.0%
馃攳 杩佺Щ缁熻: 鎵ц2娆? 鎴愬姛2娆? 鎴愬姛鐜?00.0%
[璋冭瘯] Episode 0003: 寤惰繜 2.457s, 鑳借€?4342.01J, 瀹屾垚鐜?98.4%, 杩佺Щ鎴愬姛鐜?100.0%, 缂撳瓨鍛戒腑 7.2%, 鏁版嵁鎹熷け 12.3%, 缂撳瓨娣樻卑鐜?0.0%
[VehicleMigration] handover #1: vehicle V_1 task task_194 UAV_1 -> RSU_0
   Trigger: distance 480.9m > threshold 480.9m (speed 7.7 m/s)
   Score: 610.9 -> 165.8 (improvement 72.9%)
   Queue trend: UAV_1: 1 -> 0, RSU_0: 0 -> 1
[Migration] Executed 1 vehicle-following migrations.
馃攳 杩佺Щ缁熻: 鎵ц3娆? 鎴愬姛3娆? 鎴愬姛鐜?00.0%
[璋冭瘯] Episode 0003: 寤惰繜 2.447s, 鑳借€?4353.64J, 瀹屾垚鐜?98.4%, 杩佺Щ鎴愬姛鐜?100.0%, 缂撳瓨鍛戒腑 7.5%, 鏁版嵁鎹熷け 12.3%, 缂撳瓨娣樻卑鐜?0.0%
馃攳 杩佺Щ缁熻: 鎵ц3娆? 鎴愬姛3娆? 鎴愬姛鐜?00.0%
[璋冭瘯] Episode 0003: 寤惰繜 2.435s, 鑳借€?4368.79J, 瀹屾垚鐜?98.4%, 杩佺Щ鎴愬姛鐜?100.0%, 缂撳瓨鍛戒腑 7.5%, 鏁版嵁鎹熷け 12.3%, 缂撳瓨娣樻卑鐜?0.0%
馃攳 杩佺Щ缁熻: 鎵ц3娆? 鎴愬姛3娆? 鎴愬姛鐜?00.0%
[璋冭瘯] Episode 0003: 寤惰繜 2.423s, 鑳借€?4388.61J, 瀹屾垚鐜?98.4%, 杩佺Щ鎴愬姛鐜?100.0%, 缂撳瓨鍛戒腑 7.4%, 鏁版嵁鎹熷け 12.3%, 缂撳瓨娣樻卑鐜?0.0%
浠诲姟鍒嗙被缁熻(200): 绫诲瀷1=0.0%, 绫诲瀷2=8.0%, 绫诲瀷3=38.5%, 绫诲瀷4=53.5%
   褰撳墠浠诲姟: sensor_data, 0.56s 鈫?绫诲瀷4, 鏁版嵁0.08MB
   馃捑 缂撳瓨缁熻: 鍛戒腑鐜?7.41% (鎬诲懡涓?20, 鏈湴:0, 鏈懡涓?250)
馃攳 杩佺Щ缁熻: 鎵ц3娆? 鎴愬姛3娆? 鎴愬姛鐜?00.0%
[璋冭瘯] Episode 0003: 寤惰繜 2.406s, 鑳借€?4435.27J, 瀹屾垚鐜?98.5%, 杩佺Щ鎴愬姛鐜?100.0%, 缂撳瓨鍛戒腑 7.4%, 鏁版嵁鎹熷け 12.3%, 缂撳瓨娣樻卑鐜?0.0%
馃攳 杩佺Щ缁熻: 鎵ц3娆? 鎴愬姛3娆? 鎴愬姛鐜?00.0%
[璋冭瘯] Episode 0003: 寤惰繜 3.016s, 鑳借€?5254.74J, 瀹屾垚鐜?98.5%, 杩佺Щ鎴愬姛鐜?100.0%, 缂撳瓨鍛戒腑 7.3%, 鏁版嵁鎹熷け 10.9%, 缂撳瓨娣樻卑鐜?0.0%
馃攳 杩佺Щ缁熻: 鎵ц3娆? 鎴愬姛3娆? 鎴愬姛鐜?00.0%
[璋冭瘯] Episode 0003: 寤惰繜 3.020s, 鑳借€?5254.82J, 瀹屾垚鐜?98.5%, 杩佺Щ鎴愬姛鐜?100.0%, 缂撳瓨鍛戒腑 7.2%, 鏁版嵁鎹熷け 10.9%, 缂撳瓨娣樻卑鐜?0.0%
馃攳 杩佺Щ缁熻: 鎵ц3娆? 鎴愬姛3娆? 鎴愬姛鐜?00.0%
[璋冭瘯] Episode 0003: 寤惰繜 3.005s, 鑳借€?5296.01J, 瀹屾垚鐜?98.5%, 杩佺Щ鎴愬姛鐜?100.0%, 缂撳瓨鍛戒腑 7.2%, 鏁版嵁鎹熷け 10.9%, 缂撳瓨娣樻卑鐜?0.0%
馃攳 杩佺Щ缁熻: 鎵ц3娆? 鎴愬姛3娆? 鎴愬姛鐜?00.0%
[璋冭瘯] Episode 0003: 寤惰繜 2.972s, 鑳借€?5323.49J, 瀹屾垚鐜?98.5%, 杩佺Щ鎴愬姛鐜?100.0%, 缂撳瓨鍛戒腑 7.1%, 鏁版嵁鎹熷け 10.9%, 缂撳瓨娣樻卑鐜?0.0%
馃攳 杩佺Щ缁熻: 鎵ц3娆? 鎴愬姛3娆? 鎴愬姛鐜?00.0%
[璋冭瘯] Episode 0003: 寤惰繜 2.904s, 鑳借€?5347.61J, 瀹屾垚鐜?98.6%, 杩佺Щ鎴愬姛鐜?100.0%, 缂撳瓨鍛戒腑 7.7%, 鏁版嵁鎹熷け 10.9%, 缂撳瓨娣樻卑鐜?0.0%
馃攳 杩佺Щ缁熻: 鎵ц3娆? 鎴愬姛3娆? 鎴愬姛鐜?00.0%
[璋冭瘯] Episode 0003: 寤惰繜 2.892s, 鑳借€?5362.55J, 瀹屾垚鐜?98.6%, 杩佺Щ鎴愬姛鐜?100.0%, 缂撳瓨鍛戒腑 7.7%, 鏁版嵁鎹熷け 10.9%, 缂撳瓨娣樻卑鐜?0.0%
馃攳 杩佺Щ缁熻: 鎵ц3娆? 鎴愬姛3娆? 鎴愬姛鐜?00.0%
[璋冭瘯] Episode 0003: 寤惰繜 2.856s, 鑳借€?5405.46J, 瀹屾垚鐜?98.6%, 杩佺Щ鎴愬姛鐜?100.0%, 缂撳瓨鍛戒腑 7.6%, 鏁版嵁鎹熷け 10.9%, 缂撳瓨娣樻卑鐜?0.0%
馃攳 杩佺Щ缁熻: 鎵ц3娆? 鎴愬姛3娆? 鎴愬姛鐜?00.0%
[璋冭瘯] Episode 0003: 寤惰繜 2.816s, 鑳借€?5405.46J, 瀹屾垚鐜?98.6%, 杩佺Щ鎴愬姛鐜?100.0%, 缂撳瓨鍛戒腑 9.1%, 鏁版嵁鎹熷け 10.9%, 缂撳瓨娣樻卑鐜?0.0%
馃攳 杩佺Щ缁熻: 鎵ц3娆? 鎴愬姛3娆? 鎴愬姛鐜?00.0%
[璋冭瘯] Episode 0003: 寤惰繜 2.760s, 鑳借€?5431.11J, 瀹屾垚鐜?98.6%, 杩佺Щ鎴愬姛鐜?100.0%, 缂撳瓨鍛戒腑 9.1%, 鏁版嵁鎹熷け 10.9%, 缂撳瓨娣樻卑鐜?0.0%
馃攳 杩佺Щ缁熻: 鎵ц3娆? 鎴愬姛3娆? 鎴愬姛鐜?00.0%
[璋冭瘯] Episode 0003: 寤惰繜 2.740s, 鑳借€?5496.10J, 瀹屾垚鐜?98.7%, 杩佺Щ鎴愬姛鐜?100.0%, 缂撳瓨鍛戒腑 9.4%, 鏁版嵁鎹熷け 10.9%, 缂撳瓨娣樻卑鐜?0.0%
馃攳 杩佺Щ缁熻: 鎵ц3娆? 鎴愬姛3娆? 鎴愬姛鐜?00.0%
[璋冭瘯] Episode 0003: 寤惰繜 2.739s, 鑳借€?5511.59J, 瀹屾垚鐜?98.7%, 杩佺Щ鎴愬姛鐜?100.0%, 缂撳瓨鍛戒腑 9.2%, 鏁版嵁鎹熷け 10.6%, 缂撳瓨娣樻卑鐜?0.0%
馃攳 杩佺Щ缁熻: 鎵ц3娆? 鎴愬姛3娆? 鎴愬姛鐜?00.0%
[璋冭瘯] Episode 0003: 寤惰繜 2.743s, 鑳借€?5511.70J, 瀹屾垚鐜?98.7%, 杩佺Щ鎴愬姛鐜?100.0%, 缂撳瓨鍛戒腑 9.1%, 鏁版嵁鎹熷け 10.6%, 缂撳瓨娣樻卑鐜?0.0%
馃攳 杩佺Щ缁熻: 鎵ц3娆? 鎴愬姛3娆? 鎴愬姛鐜?00.0%
[璋冭瘯] Episode 0003: 寤惰繜 2.732s, 鑳借€?5512.80J, 瀹屾垚鐜?98.7%, 杩佺Щ鎴愬姛鐜?100.0%, 缂撳瓨鍛戒腑 9.1%, 鏁版嵁鎹熷け 10.6%, 缂撳瓨娣樻卑鐜?0.0%
馃攳 杩佺Щ缁熻: 鎵ц3娆? 鎴愬姛3娆? 鎴愬姛鐜?00.0%
[璋冭瘯] Episode 0003: 寤惰繜 2.686s, 鑳借€?5543.88J, 瀹屾垚鐜?98.7%, 杩佺Щ鎴愬姛鐜?100.0%, 缂撳瓨鍛戒腑 9.0%, 鏁版嵁鎹熷け 10.6%, 缂撳瓨娣樻卑鐜?0.0%
馃攳 杩佺Щ缁熻: 鎵ц3娆? 鎴愬姛3娆? 鎴愬姛鐜?00.0%
[璋冭瘯] Episode 0003: 寤惰繜 2.654s, 鑳借€?5593.41J, 瀹屾垚鐜?98.7%, 杩佺Щ鎴愬姛鐜?100.0%, 缂撳瓨鍛戒腑 8.9%, 鏁版嵁鎹熷け 10.6%, 缂撳瓨娣樻卑鐜?0.0%
[VehicleMigration] handover #1: vehicle V_1 task task_239 UAV_1 -> RSU_0
   Trigger: distance 497.8m > threshold 473.3m (speed 10.7 m/s)
   Score: 627.8 -> 183.2 (improvement 70.8%)
   Queue trend: UAV_1: 1 -> 0, RSU_0: 0 -> 1
[Migration] Executed 1 vehicle-following migrations.
馃攳 杩佺Щ缁熻: 鎵ц4娆? 鎴愬姛4娆? 鎴愬姛鐜?00.0%
[璋冭瘯] Episode 0003: 寤惰繜 2.650s, 鑳借€?5638.63J, 瀹屾垚鐜?98.7%, 杩佺Щ鎴愬姛鐜?100.0%, 缂撳瓨鍛戒腑 8.8%, 鏁版嵁鎹熷け 10.6%, 缂撳瓨娣樻卑鐜?0.0%
馃攳 杩佺Щ缁熻: 鎵ц4娆? 鎴愬姛4娆? 鎴愬姛鐜?00.0%
[璋冭瘯] Episode 0003: 寤惰繜 2.629s, 鑳借€?5683.82J, 瀹屾垚鐜?98.7%, 杩佺Щ鎴愬姛鐜?100.0%, 缂撳瓨鍛戒腑 9.2%, 鏁版嵁鎹熷け 10.5%, 缂撳瓨娣樻卑鐜?0.0%
馃攳 杩佺Щ缁熻: 鎵ц4娆? 鎴愬姛4娆? 鎴愬姛鐜?00.0%
[璋冭瘯] Episode 0003: 寤惰繜 2.611s, 鑳借€?5684.04J, 瀹屾垚鐜?98.7%, 杩佺Щ鎴愬姛鐜?100.0%, 缂撳瓨鍛戒腑 10.1%, 鏁版嵁鎹熷け 10.5%, 缂撳瓨娣樻卑鐜?0.0%
[VehicleMigration] handover #1: vehicle V_1 task task_237 RSU_1 -> RSU_0
   Trigger: distance 286.0m > threshold 285.7m (speed 9.6 m/s)
   Score: 506.0 -> 306.1 (improvement 39.5%)
   Queue trend: RSU_1: 4 -> 3, RSU_0: 4 -> 5
[Migration] Executed 1 vehicle-following migrations.
馃攳 杩佺Щ缁熻: 鎵ц5娆? 鎴愬姛5娆? 鎴愬姛鐜?00.0%
[璋冭瘯] Episode 0003: 寤惰繜 2.606s, 鑳借€?5685.39J, 瀹屾垚鐜?98.7%, 杩佺Щ鎴愬姛鐜?100.0%, 缂撳瓨鍛戒腑 10.0%, 鏁版嵁鎹熷け 10.5%, 缂撳瓨娣樻卑鐜?0.0%
馃攳 杩佺Щ缁熻: 鎵ц5娆? 鎴愬姛5娆? 鎴愬姛鐜?00.0%
[璋冭瘯] Episode 0003: 寤惰繜 2.549s, 鑳借€?5921.19J, 瀹屾垚鐜?98.8%, 杩佺Щ鎴愬姛鐜?100.0%, 缂撳瓨鍛戒腑 10.0%, 鏁版嵁鎹熷け 10.5%, 缂撳瓨娣樻卑鐜?0.0%
馃攳 杩佺Щ缁熻: 鎵ц5娆? 鎴愬姛5娆? 鎴愬姛鐜?00.0%
[璋冭瘯] Episode 0003: 寤惰繜 2.538s, 鑳借€?5921.19J, 瀹屾垚鐜?98.4%, 杩佺Щ鎴愬姛鐜?100.0%, 缂撳瓨鍛戒腑 10.4%, 鏁版嵁鎹熷け 10.5%, 缂撳瓨娣樻卑鐜?0.0%
馃攳 杩佺Щ缁熻: 鎵ц5娆? 鎴愬姛5娆? 鎴愬姛鐜?00.0%
[璋冭瘯] Episode 0003: 寤惰繜 2.528s, 鑳借€?5930.52J, 瀹屾垚鐜?98.0%, 杩佺Щ鎴愬姛鐜?100.0%, 缂撳瓨鍛戒腑 10.4%, 鏁版嵁鎹熷け 10.5%, 缂撳瓨娣樻卑鐜?0.0%
馃攳 杩佺Щ缁熻: 鎵ц5娆? 鎴愬姛5娆? 鎴愬姛鐜?00.0%
[璋冭瘯] Episode 0003: 寤惰繜 2.471s, 鑳借€?5987.35J, 瀹屾垚鐜?98.0%, 杩佺Щ鎴愬姛鐜?100.0%, 缂撳瓨鍛戒腑 11.1%, 鏁版嵁鎹熷け 10.5%, 缂撳瓨娣樻卑鐜?0.0%
馃攳 杩佺Щ缁熻: 鎵ц5娆? 鎴愬姛5娆? 鎴愬姛鐜?00.0%
[璋冭瘯] Episode 0003: 寤惰繜 2.432s, 鑳借€?6039.29J, 瀹屾垚鐜?98.1%, 杩佺Щ鎴愬姛鐜?100.0%, 缂撳瓨鍛戒腑 11.3%, 鏁版嵁鎹熷け 10.5%, 缂撳瓨娣樻卑鐜?0.0%
馃攳 杩佺Щ缁熻: 鎵ц5娆? 鎴愬姛5娆? 鎴愬姛鐜?00.0%
[璋冭瘯] Episode 0003: 寤惰繜 2.428s, 鑳借€?6054.84J, 瀹屾垚鐜?98.1%, 杩佺Щ鎴愬姛鐜?100.0%, 缂撳瓨鍛戒腑 11.2%, 鏁版嵁鎹熷け 10.5%, 缂撳瓨娣樻卑鐜?0.0%
馃攳 杩佺Щ缁熻: 鎵ц5娆? 鎴愬姛5娆? 鎴愬姛鐜?00.0%
[璋冭瘯] Episode 0003: 寤惰繜 2.410s, 鑳借€?6066.70J, 瀹屾垚鐜?98.1%, 杩佺Щ鎴愬姛鐜?100.0%, 缂撳瓨鍛戒腑 11.1%, 鏁版嵁鎹熷け 10.5%, 缂撳瓨娣樻卑鐜?0.0%
馃攳 杩佺Щ缁熻: 鎵ц5娆? 鎴愬姛5娆? 鎴愬姛鐜?00.0%
[璋冭瘯] Episode 0003: 寤惰繜 2.393s, 鑳借€?6086.66J, 瀹屾垚鐜?98.1%, 杩佺Щ鎴愬姛鐜?100.0%, 缂撳瓨鍛戒腑 11.2%, 鏁版嵁鎹熷け 10.4%, 缂撳瓨娣樻卑鐜?0.0%
馃攳 杩佺Щ缁熻: 鎵ц5娆? 鎴愬姛5娆? 鎴愬姛鐜?00.0%
[璋冭瘯] Episode 0003: 寤惰繜 2.366s, 鑳借€?6099.58J, 瀹屾垚鐜?98.1%, 杩佺Щ鎴愬姛鐜?100.0%, 缂撳瓨鍛戒腑 11.7%, 鏁版嵁鎹熷け 10.4%, 缂撳瓨娣樻卑鐜?0.0%
馃攳 杩佺Щ缁熻: 鎵ц5娆? 鎴愬姛5娆? 鎴愬姛鐜?00.0%
[璋冭瘯] Episode 0003: 寤惰繜 2.348s, 鑳借€?6113.87J, 瀹屾垚鐜?98.2%, 杩佺Щ鎴愬姛鐜?100.0%, 缂撳瓨鍛戒腑 12.0%, 鏁版嵁鎹熷け 10.4%, 缂撳瓨娣樻卑鐜?0.0%
馃攳 杩佺Щ缁熻: 鎵ц5娆? 鎴愬姛5娆? 鎴愬姛鐜?00.0%
[璋冭瘯] Episode 0003: 寤惰繜 2.310s, 鑳借€?6194.05J, 瀹屾垚鐜?98.2%, 杩佺Щ鎴愬姛鐜?100.0%, 缂撳瓨鍛戒腑 12.0%, 鏁版嵁鎹熷け 10.4%, 缂撳瓨娣樻卑鐜?0.0%
[VehicleMigration] handover #1: vehicle V_1 task task_280 RSU_1 -> RSU_0
   Trigger: distance 294.8m > threshold 290.5m (speed 6.4 m/s)
   Score: 454.8 -> 194.9 (improvement 57.2%)
   Queue trend: RSU_1: 2 -> 1, RSU_0: 0 -> 1
[Migration] Executed 1 vehicle-following migrations.
馃攳 杩佺Щ缁熻: 鎵ц6娆? 鎴愬姛6娆? 鎴愬姛鐜?00.0%
[璋冭瘯] Episode 0003: 寤惰繜 2.294s, 鑳借€?6239.23J, 瀹屾垚鐜?98.2%, 杩佺Щ鎴愬姛鐜?100.0%, 缂撳瓨鍛戒腑 12.4%, 鏁版嵁鎹熷け 10.4%, 缂撳瓨娣樻卑鐜?0.0%
馃攳 杩佺Щ缁熻: 鎵ц6娆? 鎴愬姛6娆? 鎴愬姛鐜?00.0%
[璋冭瘯] Episode 0003: 寤惰繜 2.290s, 鑳借€?6239.37J, 瀹屾垚鐜?98.2%, 杩佺Щ鎴愬姛鐜?100.0%, 缂撳瓨鍛戒腑 13.1%, 鏁版嵁鎹熷け 10.4%, 缂撳瓨娣樻卑鐜?0.0%
馃攳 杩佺Щ缁熻: 鎵ц6娆? 鎴愬姛6娆? 鎴愬姛鐜?00.0%
[璋冭瘯] Episode 0003: 寤惰繜 2.282s, 鑳借€?6239.37J, 瀹屾垚鐜?98.2%, 杩佺Щ鎴愬姛鐜?100.0%, 缂撳瓨鍛戒腑 13.2%, 鏁版嵁鎹熷け 10.4%, 缂撳瓨娣樻卑鐜?0.0%
馃攳 杩佺Щ缁熻: 鎵ц6娆? 鎴愬姛6娆? 鎴愬姛鐜?00.0%
[璋冭瘯] Episode 0003: 寤惰繜 2.277s, 鑳借€?6239.56J, 瀹屾垚鐜?98.2%, 杩佺Щ鎴愬姛鐜?100.0%, 缂撳瓨鍛戒腑 13.7%, 鏁版嵁鎹熷け 10.4%, 缂撳瓨娣樻卑鐜?0.0%
馃攳 杩佺Щ缁熻: 鎵ц6娆? 鎴愬姛6娆? 鎴愬姛鐜?00.0%
[璋冭瘯] Episode 0003: 寤惰繜 2.262s, 鑳借€?6259.38J, 瀹屾垚鐜?98.2%, 杩佺Щ鎴愬姛鐜?100.0%, 缂撳瓨鍛戒腑 13.7%, 鏁版嵁鎹熷け 10.4%, 缂撳瓨娣樻卑鐜?0.0%
馃攳 杩佺Щ缁熻: 鎵ц6娆? 鎴愬姛6娆? 鎴愬姛鐜?00.0%
[璋冭瘯] Episode 0003: 寤惰繜 2.236s, 鑳借€?6317.35J, 瀹屾垚鐜?98.3%, 杩佺Щ鎴愬姛鐜?100.0%, 缂撳瓨鍛戒腑 13.7%, 鏁版嵁鎹熷け 10.3%, 缂撳瓨娣樻卑鐜?0.0%
馃攳 杩佺Щ缁熻: 鎵ц6娆? 鎴愬姛6娆? 鎴愬姛鐜?00.0%
[璋冭瘯] Episode 0003: 寤惰繜 2.222s, 鑳借€?6370.41J, 瀹屾垚鐜?98.3%, 杩佺Щ鎴愬姛鐜?100.0%, 缂撳瓨鍛戒腑 13.9%, 鏁版嵁鎹熷け 10.3%, 缂撳瓨娣樻卑鐜?0.0%
馃攳 杩佺Щ缁熻: 鎵ц6娆? 鎴愬姛6娆? 鎴愬姛鐜?00.0%
[璋冭瘯] Episode 0003: 寤惰繜 2.209s, 鑳借€?6415.59J, 瀹屾垚鐜?98.3%, 杩佺Щ鎴愬姛鐜?100.0%, 缂撳瓨鍛戒腑 14.4%, 鏁版嵁鎹熷け 10.3%, 缂撳瓨娣樻卑鐜?0.0%
馃攳 杩佺Щ缁熻: 鎵ц6娆? 鎴愬姛6娆? 鎴愬姛鐜?00.0%
[璋冭瘯] Episode 0003: 寤惰繜 2.702s, 鑳借€?7238.71J, 瀹屾垚鐜?98.3%, 杩佺Щ鎴愬姛鐜?100.0%, 缂撳瓨鍛戒腑 14.5%, 鏁版嵁鎹熷け 9.3%, 缂撳瓨娣樻卑鐜?0.0%
浠诲姟鍒嗙被缁熻(300): 绫诲瀷1=0.0%, 绫诲瀷2=7.0%, 绫诲瀷3=39.0%, 绫诲瀷4=54.0%
   褰撳墠浠诲姟: traffic_info, 0.37s 鈫?绫诲瀷4, 鏁版嵁0.10MB
   馃捑 缂撳瓨缁熻: 鍛戒腑鐜?14.50% (鎬诲懡涓?58, 鏈湴:0, 鏈懡涓?342)
馃攳 杩佺Щ缁熻: 鎵ц6娆? 鎴愬姛6娆? 鎴愬姛鐜?00.0%
[璋冭瘯] Episode 0003: 寤惰繜 2.673s, 鑳借€?7247.87J, 瀹屾垚鐜?98.3%, 杩佺Щ鎴愬姛鐜?100.0%, 缂撳瓨鍛戒腑 14.6%, 鏁版嵁鎹熷け 9.3%, 缂撳瓨娣樻卑鐜?0.0%
馃攳 杩佺Щ缁熻: 鎵ц6娆? 鎴愬姛6娆? 鎴愬姛鐜?00.0%
[璋冭瘯] Episode 0003: 寤惰繜 2.664s, 鑳借€?7257.79J, 瀹屾垚鐜?98.3%, 杩佺Щ鎴愬姛鐜?100.0%, 缂撳瓨鍛戒腑 14.8%, 鏁版嵁鎹熷け 9.2%, 缂撳瓨娣樻卑鐜?0.0%
馃攳 杩佺Щ缁熻: 鎵ц6娆? 鎴愬姛6娆? 鎴愬姛鐜?00.0%
[璋冭瘯] Episode 0003: 寤惰繜 3.027s, 鑳借€?7964.09J, 瀹屾垚鐜?98.4%, 杩佺Щ鎴愬姛鐜?100.0%, 缂撳瓨鍛戒腑 14.8%, 鏁版嵁鎹熷け 8.5%, 缂撳瓨娣樻卑鐜?0.0%
馃攳 杩佺Щ缁熻: 鎵ц6娆? 鎴愬姛6娆? 鎴愬姛鐜?00.0%
[璋冭瘯] Episode 0003: 寤惰繜 3.008s, 鑳借€?7983.90J, 瀹屾垚鐜?98.4%, 杩佺Щ鎴愬姛鐜?100.0%, 缂撳瓨鍛戒腑 15.3%, 鏁版嵁鎹熷け 8.5%, 缂撳瓨娣樻卑鐜?0.0%
馃攳 杩佺Щ缁熻: 鎵ц6娆? 鎴愬姛6娆? 鎴愬姛鐜?00.0%
[璋冭瘯] Episode 0003: 寤惰繜 3.000s, 鑳借€?7986.39J, 瀹屾垚鐜?98.4%, 杩佺Щ鎴愬姛鐜?100.0%, 缂撳瓨鍛戒腑 15.4%, 鏁版嵁鎹熷け 7.9%, 缂撳瓨娣樻卑鐜?0.0%
馃攳 杩佺Щ缁熻: 鎵ц6娆? 鎴愬姛6娆? 鎴愬姛鐜?00.0%
[璋冭瘯] Episode 0003: 寤惰繜 2.971s, 鑳借€?8000.25J, 瀹屾垚鐜?98.4%, 杩佺Щ鎴愬姛鐜?100.0%, 缂撳瓨鍛戒腑 15.6%, 鏁版嵁鎹熷け 7.9%, 缂撳瓨娣樻卑鐜?0.0%
馃攳 杩佺Щ缁熻: 鎵ц6娆? 鎴愬姛6娆? 鎴愬姛鐜?00.0%
[璋冭瘯] Episode 0003: 寤惰繜 2.958s, 鑳借€?8020.26J, 瀹屾垚鐜?98.4%, 杩佺Щ鎴愬姛鐜?100.0%, 缂撳瓨鍛戒腑 15.8%, 鏁版嵁鎹熷け 7.9%, 缂撳瓨娣樻卑鐜?0.0%
馃攳 杩佺Щ缁熻: 鎵ц6娆? 鎴愬姛6娆? 鎴愬姛鐜?00.0%
[璋冭瘯] Episode 0003: 寤惰繜 2.948s, 鑳借€?8020.27J, 瀹屾垚鐜?98.4%, 杩佺Щ鎴愬姛鐜?100.0%, 缂撳瓨鍛戒腑 16.2%, 鏁版嵁鎹熷け 7.9%, 缂撳瓨娣樻卑鐜?0.0%
馃攳 杩佺Щ缁熻: 鎵ц6娆? 鎴愬姛6娆? 鎴愬姛鐜?00.0%
[璋冭瘯] Episode 0003: 寤惰繜 2.939s, 鑳借€?8040.08J, 瀹屾垚鐜?98.4%, 杩佺Щ鎴愬姛鐜?100.0%, 缂撳瓨鍛戒腑 16.3%, 鏁版嵁鎹熷け 7.8%, 缂撳瓨娣樻卑鐜?0.0%
馃攳 杩佺Щ缁熻: 鎵ц6娆? 鎴愬姛6娆? 鎴愬姛鐜?00.0%
[璋冭瘯] Episode 0003: 寤惰繜 2.905s, 鑳借€?8073.84J, 瀹屾垚鐜?98.4%, 杩佺Щ鎴愬姛鐜?100.0%, 缂撳瓨鍛戒腑 16.8%, 鏁版嵁鎹熷け 7.8%, 缂撳瓨娣樻卑鐜?0.0%
馃攳 杩佺Щ缁熻: 鎵ц6娆? 鎴愬姛6娆? 鎴愬姛鐜?00.0%
[璋冭瘯] Episode 0003: 寤惰繜 2.883s, 鑳借€?8101.44J, 瀹屾垚鐜?98.5%, 杩佺Щ鎴愬姛鐜?100.0%, 缂撳瓨鍛戒腑 16.9%, 鏁版嵁鎹熷け 7.8%, 缂撳瓨娣樻卑鐜?0.0%
[VehicleMigration] handover #1: vehicle V_4 task task_331 UAV_1 -> RSU_0
   Trigger: distance 497.6m > threshold 469.3m (speed 12.3 m/s)
   Score: 687.6 -> 212.9 (improvement 69.0%)
   Queue trend: UAV_1: 3 -> 2, RSU_0: 1 -> 2
[Migration] Executed 1 vehicle-following migrations.
馃攳 杩佺Щ缁熻: 鎵ц7娆? 鎴愬姛7娆? 鎴愬姛鐜?00.0%
[璋冭瘯] Episode 0003: 寤惰繜 2.877s, 鑳借€?8114.19J, 瀹屾垚鐜?98.5%, 杩佺Щ鎴愬姛鐜?100.0%, 缂撳瓨鍛戒腑 17.0%, 鏁版嵁鎹熷け 7.8%, 缂撳瓨娣樻卑鐜?0.0%
馃攳 杩佺Щ缁熻: 鎵ц7娆? 鎴愬姛7娆? 鎴愬姛鐜?00.0%
[璋冭瘯] Episode 0003: 寤惰繜 2.861s, 鑳借€?8135.28J, 瀹屾垚鐜?98.5%, 杩佺Щ鎴愬姛鐜?100.0%, 缂撳瓨鍛戒腑 17.0%, 鏁版嵁鎹熷け 7.8%, 缂撳瓨娣樻卑鐜?0.0%
[VehicleMigration] handover #1: vehicle V_4 task task_337 RSU_1 -> RSU_0
   Trigger: distance 285.3m > threshold 282.3m (speed 11.8 m/s)
   Score: 415.3 -> 245.3 (improvement 40.9%)
   Queue trend: RSU_1: 1 -> 0, RSU_0: 2 -> 3
[Migration] Executed 1 vehicle-following migrations.
馃攳 杩佺Щ缁熻: 鎵ц8娆? 鎴愬姛8娆? 鎴愬姛鐜?00.0%
[璋冭瘯] Episode 0003: 寤惰繜 2.846s, 鑳借€?8188.40J, 瀹屾垚鐜?98.5%, 杩佺Щ鎴愬姛鐜?100.0%, 缂撳瓨鍛戒腑 17.2%, 鏁版嵁鎹熷け 7.8%, 缂撳瓨娣樻卑鐜?0.0%
馃攳 杩佺Щ缁熻: 鎵ц8娆? 鎴愬姛8娆? 鎴愬姛鐜?00.0%
[璋冭瘯] Episode 0003: 寤惰繜 2.834s, 鑳借€?8196.88J, 瀹屾垚鐜?98.5%, 杩佺Щ鎴愬姛鐜?100.0%, 缂撳瓨鍛戒腑 17.3%, 鏁版嵁鎹熷け 7.8%, 缂撳瓨娣樻卑鐜?0.0%
馃攳 杩佺Щ缁熻: 鎵ц8娆? 鎴愬姛8娆? 鎴愬姛鐜?00.0%
[璋冭瘯] Episode 0003: 寤惰繜 2.802s, 鑳借€?8213.26J, 瀹屾垚鐜?98.5%, 杩佺Щ鎴愬姛鐜?100.0%, 缂撳瓨鍛戒腑 17.9%, 鏁版嵁鎹熷け 7.8%, 缂撳瓨娣樻卑鐜?0.0%
馃攳 杩佺Щ缁熻: 鎵ц8娆? 鎴愬姛8娆? 鎴愬姛鐜?00.0%
[璋冭瘯] Episode 0003: 寤惰繜 2.772s, 鑳借€?8239.95J, 瀹屾垚鐜?98.5%, 杩佺Щ鎴愬姛鐜?100.0%, 缂撳瓨鍛戒腑 18.0%, 鏁版嵁鎹熷け 7.8%, 缂撳瓨娣樻卑鐜?0.0%
馃攳 杩佺Щ缁熻: 鎵ц8娆? 鎴愬姛8娆? 鎴愬姛鐜?00.0%
[璋冭瘯] Episode 0003: 寤惰繜 2.738s, 鑳借€?8364.24J, 瀹屾垚鐜?98.6%, 杩佺Щ鎴愬姛鐜?100.0%, 缂撳瓨鍛戒腑 17.9%, 鏁版嵁鎹熷け 7.8%, 缂撳瓨娣樻卑鐜?0.0%
馃攳 杩佺Щ缁熻: 鎵ц8娆? 鎴愬姛8娆? 鎴愬姛鐜?00.0%
[璋冭瘯] Episode 0003: 寤惰繜 2.738s, 鑳借€?8364.24J, 瀹屾垚鐜?98.6%, 杩佺Щ鎴愬姛鐜?100.0%, 缂撳瓨鍛戒腑 17.9%, 鏁版嵁鎹熷け 7.8%, 缂撳瓨娣樻卑鐜?0.0%
馃攳 杩佺Щ缁熻: 鎵ц8娆? 鎴愬姛8娆? 鎴愬姛鐜?00.0%
[璋冭瘯] Episode 0003: 寤惰繜 2.723s, 鑳借€?8415.55J, 瀹屾垚鐜?98.6%, 杩佺Щ鎴愬姛鐜?100.0%, 缂撳瓨鍛戒腑 17.9%, 鏁版嵁鎹熷け 7.8%, 缂撳瓨娣樻卑鐜?0.0%
馃攳 杩佺Щ缁熻: 鎵ц8娆? 鎴愬姛8娆? 鎴愬姛鐜?00.0%
[璋冭瘯] Episode 0003: 寤惰繜 2.704s, 鑳借€?8422.97J, 瀹屾垚鐜?98.6%, 杩佺Щ鎴愬姛鐜?100.0%, 缂撳瓨鍛戒腑 18.0%, 鏁版嵁鎹熷け 7.8%, 缂撳瓨娣樻卑鐜?0.0%
馃攳 杩佺Щ缁熻: 鎵ц8娆? 鎴愬姛8娆? 鎴愬姛鐜?00.0%
[璋冭瘯] Episode 0003: 寤惰繜 2.697s, 鑳借€?8425.99J, 瀹屾垚鐜?98.6%, 杩佺Щ鎴愬姛鐜?100.0%, 缂撳瓨鍛戒腑 18.0%, 鏁版嵁鎹熷け 7.8%, 缂撳瓨娣樻卑鐜?0.0%
馃攳 杩佺Щ缁熻: 鎵ц8娆? 鎴愬姛8娆? 鎴愬姛鐜?00.0%
[璋冭瘯] Episode 0003: 寤惰繜 2.665s, 鑳借€?8438.29J, 瀹屾垚鐜?98.6%, 杩佺Щ鎴愬姛鐜?100.0%, 缂撳瓨鍛戒腑 19.1%, 鏁版嵁鎹熷け 7.8%, 缂撳瓨娣樻卑鐜?0.0%
馃攳 杩佺Щ缁熻: 鎵ц8娆? 鎴愬姛8娆? 鎴愬姛鐜?00.0%
[璋冭瘯] Episode 0003: 寤惰繜 2.649s, 鑳借€?8462.73J, 瀹屾垚鐜?98.6%, 杩佺Щ鎴愬姛鐜?100.0%, 缂撳瓨鍛戒腑 19.3%, 鏁版嵁鎹熷け 7.7%, 缂撳瓨娣樻卑鐜?0.0%
馃攳 杩佺Щ缁熻: 鎵ц8娆? 鎴愬姛8娆? 鎴愬姛鐜?00.0%
[璋冭瘯] Episode 0003: 寤惰繜 2.649s, 鑳借€?8462.73J, 瀹屾垚鐜?98.6%, 杩佺Щ鎴愬姛鐜?100.0%, 缂撳瓨鍛戒腑 19.3%, 鏁版嵁鎹熷け 7.7%, 缂撳瓨娣樻卑鐜?0.0%
馃攳 杩佺Щ缁熻: 鎵ц8娆? 鎴愬姛8娆? 鎴愬姛鐜?00.0%
[璋冭瘯] Episode 0003: 寤惰繜 2.627s, 鑳借€?8482.54J, 瀹屾垚鐜?98.6%, 杩佺Щ鎴愬姛鐜?100.0%, 缂撳瓨鍛戒腑 19.8%, 鏁版嵁鎹熷け 7.7%, 缂撳瓨娣樻卑鐜?0.0%
馃攳 杩佺Щ缁熻: 鎵ц8娆? 鎴愬姛8娆? 鎴愬姛鐜?00.0%
[璋冭瘯] Episode 0003: 寤惰繜 2.610s, 鑳借€?8507.45J, 瀹屾垚鐜?98.6%, 杩佺Щ鎴愬姛鐜?100.0%, 缂撳瓨鍛戒腑 20.2%, 鏁版嵁鎹熷け 7.7%, 缂撳瓨娣樻卑鐜?0.0%
馃攳 杩佺Щ缁熻: 鎵ц8娆? 鎴愬姛8娆? 鎴愬姛鐜?00.0%
[璋冭瘯] Episode 0003: 寤惰繜 2.606s, 鑳借€?8523.44J, 瀹屾垚鐜?98.6%, 杩佺Щ鎴愬姛鐜?100.0%, 缂撳瓨鍛戒腑 20.1%, 鏁版嵁鎹熷け 7.6%, 缂撳瓨娣樻卑鐜?0.0%
馃攳 杩佺Щ缁熻: 鎵ц8娆? 鎴愬姛8娆? 鎴愬姛鐜?00.0%
[璋冭瘯] Episode 0003: 寤惰繜 2.586s, 鑳借€?8559.16J, 瀹屾垚鐜?98.7%, 杩佺Щ鎴愬姛鐜?100.0%, 缂撳瓨鍛戒腑 20.2%, 鏁版嵁鎹熷け 7.6%, 缂撳瓨娣樻卑鐜?0.0%
馃攳 杩佺Щ缁熻: 鎵ц8娆? 鎴愬姛8娆? 鎴愬姛鐜?00.0%
[璋冭瘯] Episode 0003: 寤惰繜 2.572s, 鑳借€?8559.58J, 瀹屾垚鐜?98.7%, 杩佺Щ鎴愬姛鐜?100.0%, 缂撳瓨鍛戒腑 20.6%, 鏁版嵁鎹熷け 7.6%, 缂撳瓨娣樻卑鐜?0.0%
馃攳 杩佺Щ缁熻: 鎵ц8娆? 鎴愬姛8娆? 鎴愬姛鐜?00.0%
[璋冭瘯] Episode 0003: 寤惰繜 2.560s, 鑳借€?8562.29J, 瀹屾垚鐜?98.7%, 杩佺Щ鎴愬姛鐜?100.0%, 缂撳瓨鍛戒腑 20.8%, 鏁版嵁鎹熷け 7.6%, 缂撳瓨娣樻卑鐜?0.0%
馃攳 杩佺Щ缁熻: 鎵ц8娆? 鎴愬姛8娆? 鎴愬姛鐜?00.0%
[璋冭瘯] Episode 0003: 寤惰繜 2.558s, 鑳借€?8564.81J, 瀹屾垚鐜?98.7%, 杩佺Щ鎴愬姛鐜?100.0%, 缂撳瓨鍛戒腑 20.9%, 鏁版嵁鎹熷け 7.6%, 缂撳瓨娣樻卑鐜?0.0%
馃攳 杩佺Щ缁熻: 鎵ц8娆? 鎴愬姛8娆? 鎴愬姛鐜?00.0%
[璋冭瘯] Episode 0003: 寤惰繜 2.554s, 鑳借€?8565.03J, 瀹屾垚鐜?98.7%, 杩佺Щ鎴愬姛鐜?100.0%, 缂撳瓨鍛戒腑 21.1%, 鏁版嵁鎹熷け 7.6%, 缂撳瓨娣樻卑鐜?0.0%
馃攳 杩佺Щ缁熻: 鎵ц8娆? 鎴愬姛8娆? 鎴愬姛鐜?00.0%
[璋冭瘯] Episode 0003: 寤惰繜 2.547s, 鑳借€?8565.03J, 瀹屾垚鐜?98.4%, 杩佺Щ鎴愬姛鐜?100.0%, 缂撳瓨鍛戒腑 21.2%, 鏁版嵁鎹熷け 7.6%, 缂撳瓨娣樻卑鐜?0.0%
馃攳 杩佺Щ缁熻: 鎵ц8娆? 鎴愬姛8娆? 鎴愬姛鐜?00.0%
[璋冭瘯] Episode 0003: 寤惰繜 2.541s, 鑳借€?8584.85J, 瀹屾垚鐜?98.4%, 杩佺Щ鎴愬姛鐜?100.0%, 缂撳瓨鍛戒腑 21.3%, 鏁版嵁鎹熷け 7.5%, 缂撳瓨娣樻卑鐜?0.0%
馃攳 杩佺Щ缁熻: 鎵ц8娆? 鎴愬姛8娆? 鎴愬姛鐜?00.0%
[璋冭瘯] Episode 0003: 寤惰繜 2.541s, 鑳借€?8584.85J, 瀹屾垚鐜?98.4%, 杩佺Щ鎴愬姛鐜?100.0%, 缂撳瓨鍛戒腑 21.3%, 鏁版嵁鎹熷け 7.5%, 缂撳瓨娣樻卑鐜?0.0%
馃攳 杩佺Щ缁熻: 鎵ц8娆? 鎴愬姛8娆? 鎴愬姛鐜?00.0%
[璋冭瘯] Episode 0003: 寤惰繜 2.541s, 鑳借€?8593.44J, 瀹屾垚鐜?98.4%, 杩佺Щ鎴愬姛鐜?100.0%, 缂撳瓨鍛戒腑 21.0%, 鏁版嵁鎹熷け 7.5%, 缂撳瓨娣樻卑鐜?0.0%
馃攳 杩佺Щ缁熻: 鎵ц8娆? 鎴愬姛8娆? 鎴愬姛鐜?00.0%
[璋冭瘯] Episode 0003: 寤惰繜 2.535s, 鑳借€?8604.61J, 瀹屾垚鐜?98.4%, 杩佺Щ鎴愬姛鐜?100.0%, 缂撳瓨鍛戒腑 21.0%, 鏁版嵁鎹熷け 7.5%, 缂撳瓨娣樻卑鐜?0.0%
馃攳 杩佺Щ缁熻: 鎵ц8娆? 鎴愬姛8娆? 鎴愬姛鐜?00.0%
[璋冭瘯] Episode 0003: 寤惰繜 2.883s, 鑳借€?9430.44J, 瀹屾垚鐜?98.5%, 杩佺Щ鎴愬姛鐜?100.0%, 缂撳瓨鍛戒腑 21.4%, 鏁版嵁鎹熷け 6.9%, 缂撳瓨娣樻卑鐜?0.0%
馃攳 杩佺Щ缁熻: 鎵ц8娆? 鎴愬姛8娆? 鎴愬姛鐜?00.0%
[璋冭瘯] Episode 0003: 寤惰繜 2.876s, 鑳借€?9430.44J, 瀹屾垚鐜?98.5%, 杩佺Щ鎴愬姛鐜?100.0%, 缂撳瓨鍛戒腑 21.5%, 鏁版嵁鎹熷け 6.9%, 缂撳瓨娣樻卑鐜?0.0%
馃攳 杩佺Щ缁熻: 鎵ц8娆? 鎴愬姛8娆? 鎴愬姛鐜?00.0%
[璋冭瘯] Episode 0003: 寤惰繜 2.864s, 鑳借€?9450.47J, 瀹屾垚鐜?98.5%, 杩佺Щ鎴愬姛鐜?100.0%, 缂撳瓨鍛戒腑 21.9%, 鏁版嵁鎹熷け 6.9%, 缂撳瓨娣樻卑鐜?0.0%
浠诲姟鍒嗙被缁熻(400): 绫诲瀷1=0.0%, 绫诲瀷2=7.2%, 绫诲瀷3=40.5%, 绫诲瀷4=52.2%
   褰撳墠浠诲姟: navigation_0016, 2.45s 鈫?绫诲瀷3, 鏁版嵁0.46MB
   馃捑 缂撳瓨缁熻: 鍛戒腑鐜?21.85% (鎬诲懡涓?118, 鏈湴:0, 鏈懡涓?422)
馃攳 杩佺Щ缁熻: 鎵ц8娆? 鎴愬姛8娆? 鎴愬姛鐜?00.0%
[璋冭瘯] Episode 0003: 寤惰繜 2.840s, 鑳借€?9543.18J, 瀹屾垚鐜?98.5%, 杩佺Щ鎴愬姛鐜?100.0%, 缂撳瓨鍛戒腑 21.9%, 鏁版嵁鎹熷け 6.9%, 缂撳瓨娣樻卑鐜?0.0%
馃攳 杩佺Щ缁熻: 鎵ц8娆? 鎴愬姛8娆? 鎴愬姛鐜?00.0%
[璋冭瘯] Episode 0003: 寤惰繜 2.815s, 鑳借€?9576.41J, 瀹屾垚鐜?98.5%, 杩佺Щ鎴愬姛鐜?100.0%, 缂撳瓨鍛戒腑 22.0%, 鏁版嵁鎹熷け 6.9%, 缂撳瓨娣樻卑鐜?0.0%
馃攳 杩佺Щ缁熻: 鎵ц8娆? 鎴愬姛8娆? 鎴愬姛鐜?00.0%
[璋冭瘯] Episode 0003: 寤惰繜 2.809s, 鑳借€?9577.32J, 瀹屾垚鐜?98.5%, 杩佺Щ鎴愬姛鐜?100.0%, 缂撳瓨鍛戒腑 22.0%, 鏁版嵁鎹熷け 6.9%, 缂撳瓨娣樻卑鐜?0.0%
馃攳 杩佺Щ缁熻: 鎵ц8娆? 鎴愬姛8娆? 鎴愬姛鐜?00.0%
[璋冭瘯] Episode 0003: 寤惰繜 2.778s, 鑳借€?9669.11J, 瀹屾垚鐜?98.5%, 杩佺Щ鎴愬姛鐜?100.0%, 缂撳瓨鍛戒腑 21.8%, 鏁版嵁鎹熷け 6.5%, 缂撳瓨娣樻卑鐜?0.0%
馃攳 杩佺Щ缁熻: 鎵ц8娆? 鎴愬姛8娆? 鎴愬姛鐜?00.0%
[璋冭瘯] Episode 0003: 寤惰繜 2.763s, 鑳借€?9694.27J, 瀹屾垚鐜?98.5%, 杩佺Щ鎴愬姛鐜?100.0%, 缂撳瓨鍛戒腑 21.7%, 鏁版嵁鎹熷け 6.5%, 缂撳瓨娣樻卑鐜?0.0%
馃攳 杩佺Щ缁熻: 鎵ц8娆? 鎴愬姛8娆? 鎴愬姛鐜?00.0%
[璋冭瘯] Episode 0003: 寤惰繜 2.745s, 鑳借€?9733.00J, 瀹屾垚鐜?98.5%, 杩佺Щ鎴愬姛鐜?100.0%, 缂撳瓨鍛戒腑 21.9%, 鏁版嵁鎹熷け 6.5%, 缂撳瓨娣樻卑鐜?0.0%
馃攳 杩佺Щ缁熻: 鎵ц8娆? 鎴愬姛8娆? 鎴愬姛鐜?00.0%
[璋冭瘯] Episode 0003: 寤惰繜 2.741s, 鑳借€?9745.77J, 瀹屾垚鐜?98.5%, 杩佺Щ鎴愬姛鐜?100.0%, 缂撳瓨鍛戒腑 21.8%, 鏁版嵁鎹熷け 6.5%, 缂撳瓨娣樻卑鐜?0.0%
馃攳 杩佺Щ缁熻: 鎵ц8娆? 鎴愬姛8娆? 鎴愬姛鐜?00.0%
[璋冭瘯] Episode 0003: 寤惰繜 2.721s, 鑳借€?9795.97J, 瀹屾垚鐜?98.6%, 杩佺Щ鎴愬姛鐜?100.0%, 缂撳瓨鍛戒腑 21.9%, 鏁版嵁鎹熷け 6.5%, 缂撳瓨娣樻卑鐜?0.0%
馃攳 杩佺Щ缁熻: 鎵ц8娆? 鎴愬姛8娆? 鎴愬姛鐜?00.0%
[璋冭瘯] Episode 0003: 寤惰繜 2.718s, 鑳借€?9805.98J, 瀹屾垚鐜?98.6%, 杩佺Щ鎴愬姛鐜?100.0%, 缂撳瓨鍛戒腑 21.9%, 鏁版嵁鎹熷け 6.5%, 缂撳瓨娣樻卑鐜?0.0%
馃攳 杩佺Щ缁熻: 鎵ц8娆? 鎴愬姛8娆? 鎴愬姛鐜?00.0%
[璋冭瘯] Episode 0003: 寤惰繜 2.718s, 鑳借€?9805.98J, 瀹屾垚鐜?98.6%, 杩佺Щ鎴愬姛鐜?100.0%, 缂撳瓨鍛戒腑 21.9%, 鏁版嵁鎹熷け 6.5%, 缂撳瓨娣樻卑鐜?0.0%
馃攳 杩佺Щ缁熻: 鎵ц8娆? 鎴愬姛8娆? 鎴愬姛鐜?00.0%
[璋冭瘯] Episode 0003: 寤惰繜 2.703s, 鑳借€?9813.68J, 瀹屾垚鐜?98.6%, 杩佺Щ鎴愬姛鐜?100.0%, 缂撳瓨鍛戒腑 22.1%, 鏁版嵁鎹熷け 6.5%, 缂撳瓨娣樻卑鐜?0.0%
馃攳 杩佺Щ缁熻: 鎵ц8娆? 鎴愬姛8娆? 鎴愬姛鐜?00.0%
[璋冭瘯] Episode 0003: 寤惰繜 2.677s, 鑳借€?9861.04J, 瀹屾垚鐜?98.6%, 杩佺Щ鎴愬姛鐜?100.0%, 缂撳瓨鍛戒腑 22.1%, 鏁版嵁鎹熷け 6.0%, 缂撳瓨娣樻卑鐜?0.0%
馃攳 杩佺Щ缁熻: 鎵ц8娆? 鎴愬姛8娆? 鎴愬姛鐜?00.0%
[璋冭瘯] Episode 0003: 寤惰繜 2.657s, 鑳借€?9883.40J, 瀹屾垚鐜?98.6%, 杩佺Щ鎴愬姛鐜?100.0%, 缂撳瓨鍛戒腑 22.1%, 鏁版嵁鎹熷け 6.0%, 缂撳瓨娣樻卑鐜?0.0%
馃攳 杩佺Щ缁熻: 鎵ц8娆? 鎴愬姛8娆? 鎴愬姛鐜?00.0%
[璋冭瘯] Episode 0003: 寤惰繜 2.645s, 鑳借€?9963.90J, 瀹屾垚鐜?98.6%, 杩佺Щ鎴愬姛鐜?100.0%, 缂撳瓨鍛戒腑 22.2%, 鏁版嵁鎹熷け 6.0%, 缂撳瓨娣樻卑鐜?0.0%
馃攳 杩佺Щ缁熻: 鎵ц8娆? 鎴愬姛8娆? 鎴愬姛鐜?00.0%
[璋冭瘯] Episode 0003: 寤惰繜 2.622s, 鑳借€?10062.45J, 瀹屾垚鐜?98.6%, 杩佺Щ鎴愬姛鐜?100.0%, 缂撳瓨鍛戒腑 22.1%, 鏁版嵁鎹熷け 6.0%, 缂撳瓨娣樻卑鐜?0.0%
馃攳 杩佺Щ缁熻: 鎵ц8娆? 鎴愬姛8娆? 鎴愬姛鐜?00.0%
[璋冭瘯] Episode 0003: 寤惰繜 2.624s, 鑳借€?10071.03J, 瀹屾垚鐜?98.6%, 杩佺Щ鎴愬姛鐜?100.0%, 缂撳瓨鍛戒腑 22.0%, 鏁版嵁鎹熷け 5.9%, 缂撳瓨娣樻卑鐜?0.0%
馃攳 杩佺Щ缁熻: 鎵ц8娆? 鎴愬姛8娆? 鎴愬姛鐜?00.0%
[璋冭瘯] Episode 0003: 寤惰繜 2.610s, 鑳借€?10112.27J, 瀹屾垚鐜?98.6%, 杩佺Щ鎴愬姛鐜?100.0%, 缂撳瓨鍛戒腑 21.9%, 鏁版嵁鎹熷け 5.6%, 缂撳瓨娣樻卑鐜?0.0%
棣冨箚 rsu_1 鐟欙箑褰傛潻浣盒? 鐑棬鍐呭棰勭儹 + 璧勬簮杩囪浇(甯﹀:99.0%) + 璐熻浇宸?38.2%) (缁毖勨偓銉ュ:1.795)
棣冨箚 rsu_3 鐟欙箑褰傛潻浣盒? 鐑棬鍐呭棰勭儹 + 璧勬簮杩囪浇(甯﹀:85.7%) + 璐熻浇宸?30.9%) (缁毖勨偓銉ュ:0.945)
馃攳 杩佺Щ缁熻: 鎵ц10娆? 鎴愬姛10娆? 鎴愬姛鐜?00.0%
[璋冭瘯] Episode 0003: 寤惰繜 2.599s, 鑳借€?10114.64J, 瀹屾垚鐜?98.4%, 杩佺Щ鎴愬姛鐜?100.0%, 缂撳瓨鍛戒腑 21.7%, 鏁版嵁鎹熷け 10.3%, 缂撳瓨娣樻卑鐜?0.0%
馃攳 杩佺Щ缁熻: 鎵ц10娆? 鎴愬姛10娆? 鎴愬姛鐜?00.0%
[璋冭瘯] Episode 0003: 寤惰繜 2.600s, 鑳借€?10151.56J, 瀹屾垚鐜?98.4%, 杩佺Щ鎴愬姛鐜?100.0%, 缂撳瓨鍛戒腑 21.5%, 鏁版嵁鎹熷け 10.3%, 缂撳瓨娣樻卑鐜?0.0%
棣冨箚 uav_1 鐟欙箑褰傛潻浣盒? 涓嶳SU璐熻浇宸繃澶?40.0%) (缁毖勨偓銉ュ:0.292)
馃攳 杩佺Щ缁熻: 鎵ц11娆? 鎴愬姛10娆? 鎴愬姛鐜?0.9%
[璋冭瘯] Episode 0003: 寤惰繜 2.585s, 鑳借€?10204.80J, 瀹屾垚鐜?98.4%, 杩佺Щ鎴愬姛鐜?90.9%, 缂撳瓨鍛戒腑 21.8%, 鏁版嵁鎹熷け 10.2%, 缂撳瓨娣樻卑鐜?0.0%
馃攳 杩佺Щ缁熻: 鎵ц11娆? 鎴愬姛10娆? 鎴愬姛鐜?0.9%
[璋冭瘯] Episode 0003: 寤惰繜 2.566s, 鑳借€?10224.77J, 瀹屾垚鐜?98.5%, 杩佺Щ鎴愬姛鐜?90.9%, 缂撳瓨鍛戒腑 22.0%, 鏁版嵁鎹熷け 10.1%, 缂撳瓨娣樻卑鐜?0.0%
馃攳 杩佺Щ缁熻: 鎵ц11娆? 鎴愬姛10娆? 鎴愬姛鐜?0.9%
[璋冭瘯] Episode 0003: 寤惰繜 2.536s, 鑳借€?10337.86J, 瀹屾垚鐜?98.5%, 杩佺Щ鎴愬姛鐜?90.9%, 缂撳瓨鍛戒腑 22.0%, 鏁版嵁鎹熷け 10.1%, 缂撳瓨娣樻卑鐜?0.0%
馃攳 杩佺Щ缁熻: 鎵ц11娆? 鎴愬姛10娆? 鎴愬姛鐜?0.9%
[璋冭瘯] Episode 0003: 寤惰繜 2.513s, 鑳借€?10371.36J, 瀹屾垚鐜?98.5%, 杩佺Щ鎴愬姛鐜?90.9%, 缂撳瓨鍛戒腑 22.3%, 鏁版嵁鎹熷け 10.1%, 缂撳瓨娣樻卑鐜?0.0%
馃攳 杩佺Щ缁熻: 鎵ц11娆? 鎴愬姛10娆? 鎴愬姛鐜?0.9%
[璋冭瘯] Episode 0003: 寤惰繜 2.509s, 鑳借€?10388.67J, 瀹屾垚鐜?98.5%, 杩佺Щ鎴愬姛鐜?90.9%, 缂撳瓨鍛戒腑 22.3%, 鏁版嵁鎹熷け 10.1%, 缂撳瓨娣樻卑鐜?0.0%
馃攳 杩佺Щ缁熻: 鎵ц11娆? 鎴愬姛10娆? 鎴愬姛鐜?0.9%
[璋冭瘯] Episode 0003: 寤惰繜 2.507s, 鑳借€?10396.30J, 瀹屾垚鐜?98.5%, 杩佺Щ鎴愬姛鐜?90.9%, 缂撳瓨鍛戒腑 22.3%, 鏁版嵁鎹熷け 10.1%, 缂撳瓨娣樻卑鐜?0.0%
馃攳 杩佺Щ缁熻: 鎵ц11娆? 鎴愬姛10娆? 鎴愬姛鐜?0.9%
[璋冭瘯] Episode 0003: 寤惰繜 2.484s, 鑳借€?10421.24J, 瀹屾垚鐜?98.5%, 杩佺Щ鎴愬姛鐜?90.9%, 缂撳瓨鍛戒腑 22.4%, 鏁版嵁鎹熷け 10.1%, 缂撳瓨娣樻卑鐜?0.0%
馃攳 杩佺Щ缁熻: 鎵ц11娆? 鎴愬姛10娆? 鎴愬姛鐜?0.9%
[璋冭瘯] Episode 0003: 寤惰繜 2.479s, 鑳借€?10421.24J, 瀹屾垚鐜?98.3%, 杩佺Щ鎴愬姛鐜?90.9%, 缂撳瓨鍛戒腑 22.4%, 鏁版嵁鎹熷け 10.1%, 缂撳瓨娣樻卑鐜?0.0%
馃攳 杩佺Щ缁熻: 鎵ц11娆? 鎴愬姛10娆? 鎴愬姛鐜?0.9%
[璋冭瘯] Episode 0003: 寤惰繜 2.455s, 鑳借€?10465.87J, 瀹屾垚鐜?98.3%, 杩佺Щ鎴愬姛鐜?90.9%, 缂撳瓨鍛戒腑 22.7%, 鏁版嵁鎹熷け 10.1%, 缂撳瓨娣樻卑鐜?0.0%
馃攳 杩佺Щ缁熻: 鎵ц11娆? 鎴愬姛10娆? 鎴愬姛鐜?0.9%
[璋冭瘯] Episode 0003: 寤惰繜 2.447s, 鑳借€?10468.19J, 瀹屾垚鐜?98.3%, 杩佺Щ鎴愬姛鐜?90.9%, 缂撳瓨鍛戒腑 22.7%, 鏁版嵁鎹熷け 10.1%, 缂撳瓨娣樻卑鐜?0.0%
馃攳 杩佺Щ缁熻: 鎵ц11娆? 鎴愬姛10娆? 鎴愬姛鐜?0.9%
[璋冭瘯] Episode 0003: 寤惰繜 2.443s, 鑳借€?10470.84J, 瀹屾垚鐜?98.3%, 杩佺Щ鎴愬姛鐜?90.9%, 缂撳瓨鍛戒腑 22.7%, 鏁版嵁鎹熷け 10.1%, 缂撳瓨娣樻卑鐜?0.0%
[VehicleMigration] handover #1: vehicle V_8 task task_433 RSU_0 -> RSU_1
   Trigger: distance 281.7m > threshold 280.9m (speed 12.7 m/s)
   Score: 411.7 -> 211.8 (improvement 48.6%)
   Queue trend: RSU_0: 1 -> 0, RSU_1: 1 -> 2
[Migration] Executed 1 vehicle-following migrations.
馃攳 杩佺Щ缁熻: 鎵ц12娆? 鎴愬姛11娆? 鎴愬姛鐜?1.7%
[璋冭瘯] Episode 0003: 寤惰繜 2.423s, 鑳借€?10497.28J, 瀹屾垚鐜?98.4%, 杩佺Щ鎴愬姛鐜?91.7%, 缂撳瓨鍛戒腑 23.3%, 鏁版嵁鎹熷け 10.1%, 缂撳瓨娣樻卑鐜?0.0%
馃攳 杩佺Щ缁熻: 鎵ц12娆? 鎴愬姛11娆? 鎴愬姛鐜?1.7%
[璋冭瘯] Episode 0003: 寤惰繜 2.408s, 鑳借€?10498.18J, 瀹屾垚鐜?98.4%, 杩佺Щ鎴愬姛鐜?91.7%, 缂撳瓨鍛戒腑 23.8%, 鏁版嵁鎹熷け 10.1%, 缂撳瓨娣樻卑鐜?0.0%
馃攳 杩佺Щ缁熻: 鎵ц12娆? 鎴愬姛11娆? 鎴愬姛鐜?1.7%
[璋冭瘯] Episode 0003: 寤惰繜 2.414s, 鑳借€?10498.59J, 瀹屾垚鐜?98.4%, 杩佺Щ鎴愬姛鐜?91.7%, 缂撳瓨鍛戒腑 23.7%, 鏁版嵁鎹熷け 10.0%, 缂撳瓨娣樻卑鐜?0.0%
[VehicleMigration] handover #1: vehicle V_11 task task_496 RSU_1 -> RSU_3
   Trigger: distance 286.7m > threshold 286.4m (speed 9.0 m/s)
   Score: 446.7 -> 213.4 (improvement 52.2%)
   Queue trend: RSU_1: 2 -> 1, RSU_3: 0 -> 1
[Migration] Executed 1 vehicle-following migrations.
馃攳 杩佺Щ缁熻: 鎵ц13娆? 鎴愬姛12娆? 鎴愬姛鐜?2.3%
[璋冭瘯] Episode 0003: 寤惰繜 2.412s, 鑳借€?10506.88J, 瀹屾垚鐜?98.4%, 杩佺Щ鎴愬姛鐜?92.3%, 缂撳瓨鍛戒腑 23.7%, 鏁版嵁鎹熷け 10.0%, 缂撳瓨娣樻卑鐜?0.0%
[Episode 3, Step 1] Tasks: generated=2, local=1(50.0%), rsu=0(0.0%), uav=1(50.0%), dropped=0(0.0%)
[Episode 3, Step 3] Tasks: generated=2, local=1(50.0%), rsu=1(50.0%), uav=0(0.0%), dropped=0(0.0%)
[Episode 3, Step 5] Tasks: generated=3, local=1(33.3%), rsu=0(0.0%), uav=2(66.7%), dropped=0(0.0%)
[Episode 3, Step 7] Tasks: generated=1, local=0(0.0%), rsu=1(100.0%), uav=0(0.0%), dropped=0(0.0%)
[Episode 3, Step 9] Tasks: generated=0, local=0(0.0%), rsu=0(0.0%), uav=0(0.0%), dropped=0(0.0%)
[Episode 3, Step 11] Tasks: generated=2, local=0(0.0%), rsu=2(100.0%), uav=0(0.0%), dropped=0(0.0%)
[Episode 3, Step 13] Tasks: generated=3, local=3(100.0%), rsu=0(0.0%), uav=0(0.0%), dropped=0(0.0%)
[Episode 3, Step 15] Tasks: generated=2, local=0(0.0%), rsu=1(50.0%), uav=1(50.0%), dropped=0(0.0%)
[Episode 3, Step 17] Tasks: generated=7, local=1(14.3%), rsu=5(71.4%), uav=1(14.3%), dropped=0(0.0%)
[Episode 3, Step 19] Tasks: generated=3, local=2(66.7%), rsu=1(33.3%), uav=0(0.0%), dropped=0(0.0%)
[Episode 3, Step 21] Tasks: generated=3, local=2(66.7%), rsu=1(33.3%), uav=0(0.0%), dropped=0(0.0%)
[Episode 3, Step 23] Tasks: generated=0, local=0(0.0%), rsu=0(0.0%), uav=0(0.0%), dropped=0(0.0%)
[Episode 3, Step 25] Tasks: generated=4, local=1(25.0%), rsu=0(0.0%), uav=3(75.0%), dropped=0(0.0%)
[Episode 3, Step 27] Tasks: generated=1, local=0(0.0%), rsu=1(100.0%), uav=0(0.0%), dropped=0(0.0%)
[Episode 3, Step 29] Tasks: generated=3, local=0(0.0%), rsu=3(100.0%), uav=0(0.0%), dropped=0(0.0%)
[Episode 3, Step 31] Tasks: generated=0, local=0(0.0%), rsu=0(0.0%), uav=0(0.0%), dropped=0(0.0%)
[Episode 3, Step 33] Tasks: generated=2, local=0(0.0%), rsu=2(100.0%), uav=0(0.0%), dropped=0(0.0%)
[Episode 3, Step 35] Tasks: generated=1, local=0(0.0%), rsu=0(0.0%), uav=1(100.0%), dropped=0(0.0%)
[Episode 3, Step 37] Tasks: generated=1, local=1(100.0%), rsu=0(0.0%), uav=0(0.0%), dropped=0(0.0%)
[Episode 3, Step 39] Tasks: generated=6, local=3(50.0%), rsu=0(0.0%), uav=3(50.0%), dropped=0(0.0%)
[Episode 3, Step 41] Tasks: generated=1, local=0(0.0%), rsu=1(100.0%), uav=0(0.0%), dropped=0(0.0%)
[Episode 3, Step 43] Tasks: generated=4, local=0(0.0%), rsu=4(100.0%), uav=0(0.0%), dropped=0(0.0%)
[Episode 3, Step 45] Tasks: generated=2, local=1(50.0%), rsu=1(50.0%), uav=0(0.0%), dropped=0(0.0%)
[Episode 3, Step 47] Tasks: generated=2, local=1(50.0%), rsu=1(50.0%), uav=0(0.0%), dropped=0(0.0%)
[Episode 3, Step 49] Tasks: generated=2, local=0(0.0%), rsu=0(0.0%), uav=2(100.0%), dropped=0(0.0%)
[Episode 3, Step 51] Tasks: generated=3, local=0(0.0%), rsu=0(0.0%), uav=3(100.0%), dropped=0(0.0%)
[Episode 3, Step 53] Tasks: generated=4, local=1(25.0%), rsu=2(50.0%), uav=1(25.0%), dropped=0(0.0%)
[Episode 3, Step 55] Tasks: generated=2, local=2(100.0%), rsu=0(0.0%), uav=0(0.0%), dropped=0(0.0%)
[Episode 3, Step 57] Tasks: generated=3, local=0(0.0%), rsu=1(33.3%), uav=2(66.7%), dropped=0(0.0%)
[Episode 3, Step 59] Tasks: generated=3, local=1(33.3%), rsu=0(0.0%), uav=2(66.7%), dropped=0(0.0%)
[Episode 3, Step 61] Tasks: generated=2, local=0(0.0%), rsu=2(100.0%), uav=0(0.0%), dropped=0(0.0%)
[Episode 3, Step 63] Tasks: generated=2, local=0(0.0%), rsu=0(0.0%), uav=2(100.0%), dropped=0(0.0%)
[Episode 3, Step 65] Tasks: generated=3, local=1(33.3%), rsu=2(66.7%), uav=0(0.0%), dropped=0(0.0%)
[Episode 3, Step 67] Tasks: generated=3, local=2(66.7%), rsu=0(0.0%), uav=1(33.3%), dropped=0(0.0%)
[Episode 3, Step 69] Tasks: generated=1, local=1(100.0%), rsu=0(0.0%), uav=0(0.0%), dropped=0(0.0%)
[Episode 3, Step 71] Tasks: generated=2, local=0(0.0%), rsu=1(50.0%), uav=1(50.0%), dropped=0(0.0%)
[Episode 3, Step 73] Tasks: generated=2, local=1(50.0%), rsu=1(50.0%), uav=0(0.0%), dropped=0(0.0%)
[Episode 3, Step 75] Tasks: generated=3, local=0(0.0%), rsu=1(33.3%), uav=2(66.7%), dropped=0(0.0%)
[Episode 3, Step 77] Tasks: generated=1, local=1(100.0%), rsu=0(0.0%), uav=0(0.0%), dropped=0(0.0%)
[Episode 3, Step 79] Tasks: generated=0, local=0(0.0%), rsu=0(0.0%), uav=0(0.0%), dropped=0(0.0%)
[Episode 3, Step 81] Tasks: generated=2, local=0(0.0%), rsu=1(50.0%), uav=1(50.0%), dropped=0(0.0%)
[Episode 3, Step 83] Tasks: generated=2, local=2(100.0%), rsu=0(0.0%), uav=0(0.0%), dropped=0(0.0%)
[Episode 3, Step 85] Tasks: generated=2, local=1(50.0%), rsu=0(0.0%), uav=1(50.0%), dropped=0(0.0%)
[Episode 3, Step 87] Tasks: generated=1, local=0(0.0%), rsu=0(0.0%), uav=1(100.0%), dropped=0(0.0%)
[Episode 3, Step 89] Tasks: generated=3, local=2(66.7%), rsu=1(33.3%), uav=0(0.0%), dropped=0(0.0%)
[Episode 3, Step 91] Tasks: generated=0, local=0(0.0%), rsu=0(0.0%), uav=0(0.0%), dropped=0(0.0%)
[Episode 3, Step 93] Tasks: generated=4, local=0(0.0%), rsu=2(50.0%), uav=2(50.0%), dropped=0(0.0%)
[Episode 3, Step 95] Tasks: generated=1, local=0(0.0%), rsu=1(100.0%), uav=0(0.0%), dropped=0(0.0%)
[Episode 3, Step 97] Tasks: generated=2, local=0(0.0%), rsu=0(0.0%), uav=2(100.0%), dropped=0(0.0%)
[Episode 3, Step 99] Tasks: generated=2, local=1(50.0%), rsu=0(0.0%), uav=1(50.0%), dropped=0(0.0%)
[Episode 3, Step 101] Tasks: generated=1, local=0(0.0%), rsu=0(0.0%), uav=1(100.0%), dropped=0(0.0%)
[Episode 3, Step 103] Tasks: generated=4, local=0(0.0%), rsu=2(50.0%), uav=2(50.0%), dropped=0(0.0%)
[Episode 3, Step 105] Tasks: generated=1, local=0(0.0%), rsu=0(0.0%), uav=1(100.0%), dropped=0(0.0%)
[Episode 3, Step 107] Tasks: generated=2, local=1(50.0%), rsu=0(0.0%), uav=1(50.0%), dropped=1(50.0%)
[Episode 3, Step 109] Tasks: generated=5, local=4(80.0%), rsu=1(20.0%), uav=0(0.0%), dropped=0(0.0%)
[Episode 3, Step 111] Tasks: generated=2, local=1(50.0%), rsu=0(0.0%), uav=1(50.0%), dropped=0(0.0%)
[Episode 3, Step 113] Tasks: generated=1, local=0(0.0%), rsu=0(0.0%), uav=1(100.0%), dropped=0(0.0%)
[Episode 3, Step 115] Tasks: generated=1, local=1(100.0%), rsu=0(0.0%), uav=0(0.0%), dropped=0(0.0%)
[Episode 3, Step 117] Tasks: generated=2, local=0(0.0%), rsu=0(0.0%), uav=2(100.0%), dropped=0(0.0%)
[Episode 3, Step 119] Tasks: generated=4, local=0(0.0%), rsu=3(75.0%), uav=1(25.0%), dropped=0(0.0%)
[Episode 3, Step 121] Tasks: generated=2, local=2(100.0%), rsu=0(0.0%), uav=0(0.0%), dropped=0(0.0%)
[Episode 3, Step 123] Tasks: generated=1, local=0(0.0%), rsu=0(0.0%), uav=1(100.0%), dropped=0(0.0%)
[Episode 3, Step 125] Tasks: generated=5, local=3(60.0%), rsu=1(20.0%), uav=1(20.0%), dropped=0(0.0%)
[Episode 3, Step 127] Tasks: generated=8, local=5(62.5%), rsu=1(12.5%), uav=2(25.0%), dropped=0(0.0%)
[Episode 3, Step 129] Tasks: generated=2, local=1(50.0%), rsu=0(0.0%), uav=1(50.0%), dropped=0(0.0%)
[Episode 3, Step 131] Tasks: generated=3, local=0(0.0%), rsu=0(0.0%), uav=3(100.0%), dropped=0(0.0%)
[Episode 3, Step 133] Tasks: generated=1, local=0(0.0%), rsu=1(100.0%), uav=0(0.0%), dropped=0(0.0%)
[Episode 3, Step 135] Tasks: generated=5, local=1(20.0%), rsu=2(40.0%), uav=2(40.0%), dropped=0(0.0%)
[Episode 3, Step 137] Tasks: generated=1, local=1(100.0%), rsu=0(0.0%), uav=0(0.0%), dropped=0(0.0%)
[Episode 3, Step 139] Tasks: generated=3, local=1(33.3%), rsu=2(66.7%), uav=0(0.0%), dropped=0(0.0%)
[Episode 3, Step 141] Tasks: generated=5, local=3(60.0%), rsu=2(40.0%), uav=0(0.0%), dropped=0(0.0%)
[Episode 3, Step 143] Tasks: generated=0, local=0(0.0%), rsu=0(0.0%), uav=0(0.0%), dropped=0(0.0%)
[Episode 3, Step 145] Tasks: generated=3, local=2(66.7%), rsu=0(0.0%), uav=1(33.3%), dropped=0(0.0%)
[Episode 3, Step 147] Tasks: generated=5, local=2(40.0%), rsu=1(20.0%), uav=2(40.0%), dropped=0(0.0%)
[Episode 3, Step 149] Tasks: generated=0, local=0(0.0%), rsu=0(0.0%), uav=0(0.0%), dropped=0(0.0%)
[Episode 3, Step 151] Tasks: generated=4, local=1(25.0%), rsu=2(50.0%), uav=1(25.0%), dropped=0(0.0%)
[Episode 3, Step 153] Tasks: generated=1, local=0(0.0%), rsu=0(0.0%), uav=1(100.0%), dropped=0(0.0%)
[Episode 3, Step 155] Tasks: generated=3, local=1(33.3%), rsu=1(33.3%), uav=1(33.3%), dropped=0(0.0%)
[Episode 3, Step 157] Tasks: generated=2, local=0(0.0%), rsu=2(100.0%), uav=0(0.0%), dropped=0(0.0%)
[Episode 3, Step 159] Tasks: generated=1, local=0(0.0%), rsu=0(0.0%), uav=1(100.0%), dropped=0(0.0%)
[Episode 3, Step 161] Tasks: generated=4, local=1(25.0%), rsu=1(25.0%), uav=2(50.0%), dropped=0(0.0%)
[Episode 3, Step 163] Tasks: generated=6, local=1(16.7%), rsu=3(50.0%), uav=2(33.3%), dropped=0(0.0%)
[Episode 3, Step 165] Tasks: generated=2, local=0(0.0%), rsu=1(50.0%), uav=1(50.0%), dropped=0(0.0%)
[Episode 3, Step 167] Tasks: generated=2, local=1(50.0%), rsu=0(0.0%), uav=1(50.0%), dropped=0(0.0%)
[Episode 3, Step 169] Tasks: generated=8, local=3(37.5%), rsu=3(37.5%), uav=2(25.0%), dropped=0(0.0%)
[Episode 3, Step 171] Tasks: generated=2, local=0(0.0%), rsu=1(50.0%), uav=1(50.0%), dropped=0(0.0%)
[Episode 3, Step 173] Tasks: generated=1, local=0(0.0%), rsu=1(100.0%), uav=0(0.0%), dropped=0(0.0%)
[Episode 3, Step 175] Tasks: generated=0, local=0(0.0%), rsu=0(0.0%), uav=0(0.0%), dropped=0(0.0%)
[Episode 3, Step 177] Tasks: generated=5, local=1(20.0%), rsu=2(40.0%), uav=2(40.0%), dropped=0(0.0%)
[Episode 3, Step 179] Tasks: generated=1, local=0(0.0%), rsu=0(0.0%), uav=1(100.0%), dropped=0(0.0%)
[Episode 3, Step 181] Tasks: generated=3, local=1(33.3%), rsu=0(0.0%), uav=2(66.7%), dropped=0(0.0%)
[Episode 3, Step 183] Tasks: generated=4, local=2(50.0%), rsu=1(25.0%), uav=1(25.0%), dropped=1(25.0%)
[Episode 3, Step 185] Tasks: generated=5, local=1(20.0%), rsu=0(0.0%), uav=4(80.0%), dropped=0(0.0%)
[Episode 3, Step 187] Tasks: generated=2, local=2(100.0%), rsu=0(0.0%), uav=0(0.0%), dropped=0(0.0%)
[Episode 3, Step 189] Tasks: generated=2, local=2(100.0%), rsu=0(0.0%), uav=0(0.0%), dropped=0(0.0%)
[Episode 3, Step 191] Tasks: generated=6, local=3(50.0%), rsu=1(16.7%), uav=2(33.3%), dropped=0(0.0%)
[Episode 3, Step 193] Tasks: generated=2, local=1(50.0%), rsu=1(50.0%), uav=0(0.0%), dropped=0(0.0%)
[Episode 3, Step 195] Tasks: generated=1, local=1(100.0%), rsu=0(0.0%), uav=0(0.0%), dropped=0(0.0%)
[Episode 3, Step 197] Tasks: generated=3, local=1(33.3%), rsu=0(0.0%), uav=2(66.7%), dropped=0(0.0%)
[Episode 3, Step 199] Tasks: generated=1, local=1(100.0%), rsu=0(0.0%), uav=0(0.0%), dropped=0(0.0%)

================================================================================
馃搳 Episode 3 浠诲姟澶勭悊鏂瑰紡鍒嗗竷缁熻
================================================================================
鎬绘鏁? 200
鎬荤敓鎴愪换鍔℃暟: 497

浠诲姟鍒嗗竷鍗犳瘮:
  鉁?鏈湴澶勭悊:    163 浠诲姟 ( 32.8%)
  鉁?RSU澶勭悊:     170 浠诲姟 ( 34.2%)
  鉁?UAV澶勭悊:     164 浠诲姟 ( 33.0%)
  鉁?琚涪寮?        8 浠诲姟 (  1.6%)

琛ュ厖鎸囨爣:
  浠诲姟鎴愬姛鐜? 98.4%
  RSU缂撳瓨鍛戒腑鐜? 23.7%
  骞冲潎鏈湴鍗犳瘮: 28.8%
  骞冲潎RSU鍗犳瘮: 31.1%
  骞冲潎UAV鍗犳瘮: 32.6%
================================================================================

杞﹁締鍒濆鍖栧畬鎴愶細涓诲共閬撳弻璺彛鍦烘櫙
鍒涘缓浜?12 杞﹁締, 4 RSU, 2 UAV
涓ぎRSU璋冨害鍣ㄥ凡鍚敤: RSU_2
[Topology] Central RSU configured as RSU_2 for coordination.
鍒濆鍖栦簡 6 涓紦瀛樼鐞嗗櫒
[璋冭瘯] Episode 0004: 寤惰繜 0.020s, 鑳借€?0.00J, 瀹屾垚鐜?50.0%, 杩佺Щ鎴愬姛鐜?0.0%, 缂撳瓨鍛戒腑 19.8%, 鏁版嵁鎹熷け 0.0%, 缂撳瓨娣樻卑鐜?0.0%
[璋冭瘯] Episode 0004: 寤惰繜 1.240s, 鑳借€?0.22J, 瀹屾垚鐜?50.0%, 杩佺Щ鎴愬姛鐜?0.0%, 缂撳瓨鍛戒腑 19.8%, 鏁版嵁鎹熷け 0.0%, 缂撳瓨娣樻卑鐜?0.0%
[璋冭瘯] Episode 0004: 寤惰繜 0.952s, 鑳借€?43.44J, 瀹屾垚鐜?100.0%, 杩佺Щ鎴愬姛鐜?0.0%, 缂撳瓨鍛戒腑 19.8%, 鏁版嵁鎹熷け 0.0%, 缂撳瓨娣樻卑鐜?0.0%
[VehicleMigration] handover #1: vehicle V_2 task task_4 RSU_1 -> RSU_2
   Trigger: distance 281.2m > threshold 281.1m (speed 12.6 m/s)
   Score: 471.2 -> 181.2 (improvement 61.5%)
   Queue trend: RSU_1: 3 -> 2, RSU_2: 0 -> 1
[VehicleMigration] handover #2: vehicle V_10 task task_11 UAV_1 -> RSU_0
   Trigger: distance 492.3m > threshold 476.5m (speed 9.4 m/s)
   Score: 622.3 -> 207.5 (improvement 66.7%)
   Queue trend: UAV_1: 1 -> 0, RSU_0: 1 -> 2
[Migration] Executed 2 vehicle-following migrations.
馃攳 杩佺Щ缁熻: 鎵ц2娆? 鎴愬姛2娆? 鎴愬姛鐜?00.0%
[璋冭瘯] Episode 0004: 寤惰繜 0.924s, 鑳借€?68.70J, 瀹屾垚鐜?100.0%, 杩佺Щ鎴愬姛鐜?100.0%, 缂撳瓨鍛戒腑 19.7%, 鏁版嵁鎹熷け 0.0%, 缂撳瓨娣樻卑鐜?0.0%
[VehicleMigration] handover #1: vehicle V_11 task task_15 RSU_3 -> RSU_2
   Trigger: distance 286.5m > threshold 282.4m (speed 11.8 m/s)
   Score: 446.5 -> 216.6 (improvement 51.5%)
   Queue trend: RSU_3: 2 -> 1, RSU_2: 1 -> 2
[Migration] Executed 1 vehicle-following migrations.
馃攳 杩佺Щ缁熻: 鎵ц3娆? 鎴愬姛3娆? 鎴愬姛鐜?00.0%
[璋冭瘯] Episode 0004: 寤惰繜 1.404s, 鑳借€?69.16J, 瀹屾垚鐜?100.0%, 杩佺Щ鎴愬姛鐜?100.0%, 缂撳瓨鍛戒腑 19.6%, 鏁版嵁鎹熷け 0.0%, 缂撳瓨娣樻卑鐜?0.0%
馃攳 杩佺Щ缁熻: 鎵ц3娆? 鎴愬姛3娆? 鎴愬姛鐜?00.0%
[璋冭瘯] Episode 0004: 寤惰繜 0.965s, 鑳借€?148.84J, 瀹屾垚鐜?100.0%, 杩佺Щ鎴愬姛鐜?100.0%, 缂撳瓨鍛戒腑 19.6%, 鏁版嵁鎹熷け 0.0%, 缂撳瓨娣樻卑鐜?0.0%
[VehicleMigration] handover #1: vehicle V_2 task task_19 UAV_0 -> RSU_2
   Trigger: distance 499.4m > threshold 470.8m (speed 11.7 m/s)
   Score: 689.4 -> 214.8 (improvement 68.8%)
   Queue trend: UAV_0: 3 -> 2, RSU_2: 1 -> 2
[Migration] Executed 1 vehicle-following migrations.
馃攳 杩佺Щ缁熻: 鎵ц4娆? 鎴愬姛4娆? 鎴愬姛鐜?00.0%
[璋冭瘯] Episode 0004: 寤惰繜 0.922s, 鑳借€?149.27J, 瀹屾垚鐜?100.0%, 杩佺Щ鎴愬姛鐜?100.0%, 缂撳瓨鍛戒腑 19.6%, 鏁版嵁鎹熷け 0.0%, 缂撳瓨娣樻卑鐜?0.0%
馃攳 杩佺Щ缁熻: 鎵ц4娆? 鎴愬姛4娆? 鎴愬姛鐜?00.0%
[璋冭瘯] Episode 0004: 寤惰繜 0.945s, 鑳借€?156.10J, 瀹屾垚鐜?100.0%, 杩佺Щ鎴愬姛鐜?100.0%, 缂撳瓨鍛戒腑 19.6%, 鏁版嵁鎹熷け 0.0%, 缂撳瓨娣樻卑鐜?0.0%
馃攳 杩佺Щ缁熻: 鎵ц4娆? 鎴愬姛4娆? 鎴愬姛鐜?00.0%
[璋冭瘯] Episode 0004: 寤惰繜 0.889s, 鑳借€?248.84J, 瀹屾垚鐜?94.4%, 杩佺Щ鎴愬姛鐜?100.0%, 缂撳瓨鍛戒腑 19.5%, 鏁版嵁鎹熷け 0.1%, 缂撳瓨娣樻卑鐜?0.0%
馃攳 杩佺Щ缁熻: 鎵ц4娆? 鎴愬姛4娆? 鎴愬姛鐜?00.0%
[璋冭瘯] Episode 0004: 寤惰繜 0.889s, 鑳借€?248.84J, 瀹屾垚鐜?94.4%, 杩佺Щ鎴愬姛鐜?100.0%, 缂撳瓨鍛戒腑 19.5%, 鏁版嵁鎹熷け 0.1%, 缂撳瓨娣樻卑鐜?0.0%
馃攳 杩佺Щ缁熻: 鎵ц4娆? 鎴愬姛4娆? 鎴愬姛鐜?00.0%
[璋冭瘯] Episode 0004: 寤惰繜 0.836s, 鑳借€?293.96J, 瀹屾垚鐜?95.2%, 杩佺Щ鎴愬姛鐜?100.0%, 缂撳瓨鍛戒腑 19.5%, 鏁版嵁鎹熷け 0.1%, 缂撳瓨娣樻卑鐜?0.0%
馃攳 杩佺Щ缁熻: 鎵ц4娆? 鎴愬姛4娆? 鎴愬姛鐜?00.0%
[璋冭瘯] Episode 0004: 寤惰繜 0.802s, 鑳借€?333.83J, 瀹屾垚鐜?96.0%, 杩佺Щ鎴愬姛鐜?100.0%, 缂撳瓨鍛戒腑 19.4%, 鏁版嵁鎹熷け 0.1%, 缂撳瓨娣樻卑鐜?0.0%
馃攳 杩佺Щ缁熻: 鎵ц4娆? 鎴愬姛4娆? 鎴愬姛鐜?00.0%
[璋冭瘯] Episode 0004: 寤惰繜 0.848s, 鑳借€?334.03J, 瀹屾垚鐜?96.0%, 杩佺Щ鎴愬姛鐜?100.0%, 缂撳瓨鍛戒腑 19.4%, 鏁版嵁鎹熷け 0.1%, 缂撳瓨娣樻卑鐜?0.0%
馃攳 杩佺Щ缁熻: 鎵ц4娆? 鎴愬姛4娆? 鎴愬姛鐜?00.0%
[璋冭瘯] Episode 0004: 寤惰繜 0.810s, 鑳借€?427.37J, 瀹屾垚鐜?96.8%, 杩佺Щ鎴愬姛鐜?100.0%, 缂撳瓨鍛戒腑 19.3%, 鏁版嵁鎹熷け 0.0%, 缂撳瓨娣樻卑鐜?0.0%
馃攳 杩佺Щ缁熻: 鎵ц4娆? 鎴愬姛4娆? 鎴愬姛鐜?00.0%
[璋冭瘯] Episode 0004: 寤惰繜 0.793s, 鑳借€?473.74J, 瀹屾垚鐜?94.1%, 杩佺Щ鎴愬姛鐜?100.0%, 缂撳瓨鍛戒腑 19.2%, 鏁版嵁鎹熷け 0.1%, 缂撳瓨娣樻卑鐜?0.0%
馃攳 杩佺Щ缁熻: 鎵ц4娆? 鎴愬姛4娆? 鎴愬姛鐜?00.0%
[璋冭瘯] Episode 0004: 寤惰繜 0.760s, 鑳借€?531.66J, 瀹屾垚鐜?94.6%, 杩佺Щ鎴愬姛鐜?100.0%, 缂撳瓨鍛戒腑 19.2%, 鏁版嵁鎹熷け 0.1%, 缂撳瓨娣樻卑鐜?0.0%
馃攳 杩佺Щ缁熻: 鎵ц4娆? 鎴愬姛4娆? 鎴愬姛鐜?00.0%
[璋冭瘯] Episode 0004: 寤惰繜 0.715s, 鑳借€?593.37J, 瀹屾垚鐜?95.0%, 杩佺Щ鎴愬姛鐜?100.0%, 缂撳瓨鍛戒腑 19.2%, 鏁版嵁鎹熷け 0.1%, 缂撳瓨娣樻卑鐜?0.0%
馃攳 杩佺Щ缁熻: 鎵ц4娆? 鎴愬姛4娆? 鎴愬姛鐜?00.0%
[璋冭瘯] Episode 0004: 寤惰繜 0.754s, 鑳借€?613.42J, 瀹屾垚鐜?95.1%, 杩佺Щ鎴愬姛鐜?100.0%, 缂撳瓨鍛戒腑 19.1%, 鏁版嵁鎹熷け 0.1%, 缂撳瓨娣樻卑鐜?0.0%
馃攳 杩佺Щ缁熻: 鎵ц4娆? 鎴愬姛4娆? 鎴愬姛鐜?00.0%
[璋冭瘯] Episode 0004: 寤惰繜 0.678s, 鑳借€?711.78J, 瀹屾垚鐜?95.7%, 杩佺Щ鎴愬姛鐜?100.0%, 缂撳瓨鍛戒腑 19.1%, 鏁版嵁鎹熷け 0.1%, 缂撳瓨娣樻卑鐜?0.0%
馃攳 杩佺Щ缁熻: 鎵ц4娆? 鎴愬姛4娆? 鎴愬姛鐜?00.0%
[璋冭瘯] Episode 0004: 寤惰繜 0.688s, 鑳借€?727.69J, 瀹屾垚鐜?95.9%, 杩佺Щ鎴愬姛鐜?100.0%, 缂撳瓨鍛戒腑 19.1%, 鏁版嵁鎹熷け 0.1%, 缂撳瓨娣樻卑鐜?0.0%
馃攳 杩佺Щ缁熻: 鎵ц4娆? 鎴愬姛4娆? 鎴愬姛鐜?00.0%
[璋冭瘯] Episode 0004: 寤惰繜 0.648s, 鑳借€?760.40J, 瀹屾垚鐜?96.2%, 杩佺Щ鎴愬姛鐜?100.0%, 缂撳瓨鍛戒腑 19.0%, 鏁版嵁鎹熷け 0.1%, 缂撳瓨娣樻卑鐜?0.0%
馃攳 杩佺Щ缁熻: 鎵ц4娆? 鎴愬姛4娆? 鎴愬姛鐜?00.0%
[璋冭瘯] Episode 0004: 寤惰繜 0.637s, 鑳借€?768.14J, 瀹屾垚鐜?96.4%, 杩佺Щ鎴愬姛鐜?100.0%, 缂撳瓨鍛戒腑 19.0%, 鏁版嵁鎹熷け 0.1%, 缂撳瓨娣樻卑鐜?0.0%
馃攳 杩佺Щ缁熻: 鎵ц4娆? 鎴愬姛4娆? 鎴愬姛鐜?00.0%
[璋冭瘯] Episode 0004: 寤惰繜 0.636s, 鑳借€?794.81J, 瀹屾垚鐜?96.6%, 杩佺Щ鎴愬姛鐜?100.0%, 缂撳瓨鍛戒腑 19.0%, 鏁版嵁鎹熷け 0.1%, 缂撳瓨娣樻卑鐜?0.0%
馃攳 杩佺Щ缁熻: 鎵ц4娆? 鎴愬姛4娆? 鎴愬姛鐜?00.0%
[璋冭瘯] Episode 0004: 寤惰繜 0.629s, 鑳借€?880.52J, 瀹屾垚鐜?96.9%, 杩佺Щ鎴愬姛鐜?100.0%, 缂撳瓨鍛戒腑 19.0%, 鏁版嵁鎹熷け 0.1%, 缂撳瓨娣樻卑鐜?0.0%
馃攳 杩佺Щ缁熻: 鎵ц4娆? 鎴愬姛4娆? 鎴愬姛鐜?00.0%
[璋冭瘯] Episode 0004: 寤惰繜 0.611s, 鑳借€?902.71J, 瀹屾垚鐜?97.1%, 杩佺Щ鎴愬姛鐜?100.0%, 缂撳瓨鍛戒腑 18.9%, 鏁版嵁鎹熷け 0.1%, 缂撳瓨娣樻卑鐜?0.0%
馃攳 杩佺Щ缁熻: 鎵ц4娆? 鎴愬姛4娆? 鎴愬姛鐜?00.0%
[璋冭瘯] Episode 0004: 寤惰繜 0.611s, 鑳借€?935.76J, 瀹屾垚鐜?97.1%, 杩佺Щ鎴愬姛鐜?100.0%, 缂撳瓨鍛戒腑 18.9%, 鏁版嵁鎹熷け 0.1%, 缂撳瓨娣樻卑鐜?0.0%
馃攳 杩佺Щ缁熻: 鎵ц4娆? 鎴愬姛4娆? 鎴愬姛鐜?00.0%
[璋冭瘯] Episode 0004: 寤惰繜 0.603s, 鑳借€?945.67J, 瀹屾垚鐜?97.2%, 杩佺Щ鎴愬姛鐜?100.0%, 缂撳瓨鍛戒腑 18.9%, 鏁版嵁鎹熷け 0.1%, 缂撳瓨娣樻卑鐜?0.0%
馃攳 杩佺Щ缁熻: 鎵ц4娆? 鎴愬姛4娆? 鎴愬姛鐜?00.0%
[璋冭瘯] Episode 0004: 寤惰繜 0.639s, 鑳借€?965.71J, 瀹屾垚鐜?97.3%, 杩佺Щ鎴愬姛鐜?100.0%, 缂撳瓨鍛戒腑 18.8%, 鏁版嵁鎹熷け 0.1%, 缂撳瓨娣樻卑鐜?0.0%
馃攳 杩佺Щ缁熻: 鎵ц4娆? 鎴愬姛4娆? 鎴愬姛鐜?00.0%
[璋冭瘯] Episode 0004: 寤惰繜 0.645s, 鑳借€?1026.96J, 瀹屾垚鐜?97.4%, 杩佺Щ鎴愬姛鐜?100.0%, 缂撳瓨鍛戒腑 18.8%, 鏁版嵁鎹熷け 0.1%, 缂撳瓨娣樻卑鐜?0.0%
馃攳 杩佺Щ缁熻: 鎵ц4娆? 鎴愬姛4娆? 鎴愬姛鐜?00.0%
[璋冭瘯] Episode 0004: 寤惰繜 0.655s, 鑳借€?1028.24J, 瀹屾垚鐜?97.4%, 杩佺Щ鎴愬姛鐜?100.0%, 缂撳瓨鍛戒腑 18.8%, 鏁版嵁鎹熷け 0.1%, 缂撳瓨娣樻卑鐜?0.0%
馃攳 杩佺Щ缁熻: 鎵ц4娆? 鎴愬姛4娆? 鎴愬姛鐜?00.0%
[璋冭瘯] Episode 0004: 寤惰繜 0.646s, 鑳借€?1044.26J, 瀹屾垚鐜?97.4%, 杩佺Щ鎴愬姛鐜?100.0%, 缂撳瓨鍛戒腑 18.8%, 鏁版嵁鎹熷け 0.1%, 缂撳瓨娣樻卑鐜?0.0%
馃攳 杩佺Щ缁熻: 鎵ц4娆? 鎴愬姛4娆? 鎴愬姛鐜?00.0%
[璋冭瘯] Episode 0004: 寤惰繜 0.650s, 鑳借€?1045.48J, 瀹屾垚鐜?97.5%, 杩佺Щ鎴愬姛鐜?100.0%, 缂撳瓨鍛戒腑 18.8%, 鏁版嵁鎹熷け 0.1%, 缂撳瓨娣樻卑鐜?0.0%
馃攳 杩佺Щ缁熻: 鎵ц4娆? 鎴愬姛4娆? 鎴愬姛鐜?00.0%
[璋冭瘯] Episode 0004: 寤惰繜 0.623s, 鑳借€?1067.24J, 瀹屾垚鐜?97.6%, 杩佺Щ鎴愬姛鐜?100.0%, 缂撳瓨鍛戒腑 0.9%, 鏁版嵁鎹熷け 0.1%, 缂撳瓨娣樻卑鐜?0.0%
馃攳 杩佺Щ缁熻: 鎵ц4娆? 鎴愬姛4娆? 鎴愬姛鐜?00.0%
[璋冭瘯] Episode 0004: 寤惰繜 0.610s, 鑳借€?1071.31J, 瀹屾垚鐜?97.6%, 杩佺Щ鎴愬姛鐜?100.0%, 缂撳瓨鍛戒腑 0.9%, 鏁版嵁鎹熷け 0.1%, 缂撳瓨娣樻卑鐜?0.0%
馃攳 杩佺Щ缁熻: 鎵ц4娆? 鎴愬姛4娆? 鎴愬姛鐜?00.0%
[璋冭瘯] Episode 0004: 寤惰繜 0.622s, 鑳借€?1080.59J, 瀹屾垚鐜?97.7%, 杩佺Щ鎴愬姛鐜?100.0%, 缂撳瓨鍛戒腑 1.8%, 鏁版嵁鎹熷け 0.1%, 缂撳瓨娣樻卑鐜?0.0%
馃攳 杩佺Щ缁熻: 鎵ц4娆? 鎴愬姛4娆? 鎴愬姛鐜?00.0%
[璋冭瘯] Episode 0004: 寤惰繜 0.622s, 鑳借€?1080.59J, 瀹屾垚鐜?97.7%, 杩佺Щ鎴愬姛鐜?100.0%, 缂撳瓨鍛戒腑 1.8%, 鏁版嵁鎹熷け 0.1%, 缂撳瓨娣樻卑鐜?0.0%
馃攳 杩佺Щ缁熻: 鎵ц4娆? 鎴愬姛4娆? 鎴愬姛鐜?00.0%
[璋冭瘯] Episode 0004: 寤惰繜 0.639s, 鑳借€?1107.13J, 瀹屾垚鐜?97.8%, 杩佺Щ鎴愬姛鐜?100.0%, 缂撳瓨鍛戒腑 1.7%, 鏁版嵁鎹熷け 0.1%, 缂撳瓨娣樻卑鐜?0.0%
馃攳 杩佺Щ缁熻: 鎵ц4娆? 鎴愬姛4娆? 鎴愬姛鐜?00.0%
[璋冭瘯] Episode 0004: 寤惰繜 0.653s, 鑳借€?1107.28J, 瀹屾垚鐜?97.8%, 杩佺Щ鎴愬姛鐜?100.0%, 缂撳瓨鍛戒腑 1.7%, 鏁版嵁鎹熷け 0.1%, 缂撳瓨娣樻卑鐜?0.0%
馃攳 杩佺Щ缁熻: 鎵ц4娆? 鎴愬姛4娆? 鎴愬姛鐜?00.0%
[璋冭瘯] Episode 0004: 寤惰繜 0.682s, 鑳借€?1130.68J, 瀹屾垚鐜?97.8%, 杩佺Щ鎴愬姛鐜?100.0%, 缂撳瓨鍛戒腑 1.6%, 鏁版嵁鎹熷け 0.1%, 缂撳瓨娣樻卑鐜?0.0%
馃攳 杩佺Щ缁熻: 鎵ц4娆? 鎴愬姛4娆? 鎴愬姛鐜?00.0%
[璋冭瘯] Episode 0004: 寤惰繜 0.681s, 鑳借€?1157.47J, 瀹屾垚鐜?97.8%, 杩佺Щ鎴愬姛鐜?100.0%, 缂撳瓨鍛戒腑 1.6%, 鏁版嵁鎹熷け 0.1%, 缂撳瓨娣樻卑鐜?0.0%
浠诲姟鍒嗙被缁熻(100): 绫诲瀷1=0.0%, 绫诲瀷2=8.0%, 绫诲瀷3=34.0%, 绫诲瀷4=58.0%
   褰撳墠浠诲姟: entertainment_0002, 2.36s 鈫?绫诲瀷3, 鏁版嵁46.99MB
   馃捑 缂撳瓨缁熻: 鍛戒腑鐜?1.61% (鎬诲懡涓?2, 鏈湴:0, 鏈懡涓?122)
馃攳 杩佺Щ缁熻: 鎵ц4娆? 鎴愬姛4娆? 鎴愬姛鐜?00.0%
[璋冭瘯] Episode 0004: 寤惰繜 0.706s, 鑳借€?1210.22J, 瀹屾垚鐜?97.9%, 杩佺Щ鎴愬姛鐜?100.0%, 缂撳瓨鍛戒腑 1.6%, 鏁版嵁鎹熷け 0.0%, 缂撳瓨娣樻卑鐜?0.0%
馃攳 杩佺Щ缁熻: 鎵ц4娆? 鎴愬姛4娆? 鎴愬姛鐜?00.0%
[璋冭瘯] Episode 0004: 寤惰繜 0.712s, 鑳借€?1217.13J, 瀹屾垚鐜?97.9%, 杩佺Щ鎴愬姛鐜?100.0%, 缂撳瓨鍛戒腑 1.6%, 鏁版嵁鎹熷け 0.0%, 缂撳瓨娣樻卑鐜?0.0%
馃攳 杩佺Щ缁熻: 鎵ц4娆? 鎴愬姛4娆? 鎴愬姛鐜?00.0%
[璋冭瘯] Episode 0004: 寤惰繜 0.702s, 鑳借€?1219.50J, 瀹屾垚鐜?98.0%, 杩佺Щ鎴愬姛鐜?100.0%, 缂撳瓨鍛戒腑 1.5%, 鏁版嵁鎹熷け 0.0%, 缂撳瓨娣樻卑鐜?0.0%
馃攳 杩佺Щ缁熻: 鎵ц4娆? 鎴愬姛4娆? 鎴愬姛鐜?00.0%
[璋冭瘯] Episode 0004: 寤惰繜 0.701s, 鑳借€?1237.21J, 瀹屾垚鐜?98.0%, 杩佺Щ鎴愬姛鐜?100.0%, 缂撳瓨鍛戒腑 1.5%, 鏁版嵁鎹熷け 0.0%, 缂撳瓨娣樻卑鐜?0.0%
馃攳 杩佺Щ缁熻: 鎵ц4娆? 鎴愬姛4娆? 鎴愬姛鐜?00.0%
[璋冭瘯] Episode 0004: 寤惰繜 0.687s, 鑳借€?1282.69J, 瀹屾垚鐜?98.1%, 杩佺Щ鎴愬姛鐜?100.0%, 缂撳瓨鍛戒腑 1.4%, 鏁版嵁鎹熷け 0.0%, 缂撳瓨娣樻卑鐜?0.0%
馃攳 杩佺Щ缁熻: 鎵ц4娆? 鎴愬姛4娆? 鎴愬姛鐜?00.0%
[璋冭瘯] Episode 0004: 寤惰繜 0.705s, 鑳借€?1290.35J, 瀹屾垚鐜?98.1%, 杩佺Щ鎴愬姛鐜?100.0%, 缂撳瓨鍛戒腑 2.1%, 鏁版嵁鎹熷け 0.0%, 缂撳瓨娣樻卑鐜?0.0%
馃攳 杩佺Щ缁熻: 鎵ц4娆? 鎴愬姛4娆? 鎴愬姛鐜?00.0%
[璋冭瘯] Episode 0004: 寤惰繜 0.720s, 鑳借€?1329.02J, 瀹屾垚鐜?98.2%, 杩佺Щ鎴愬姛鐜?100.0%, 缂撳瓨鍛戒腑 2.6%, 鏁版嵁鎹熷け 0.0%, 缂撳瓨娣樻卑鐜?0.0%
馃攳 杩佺Щ缁熻: 鎵ц4娆? 鎴愬姛4娆? 鎴愬姛鐜?00.0%
[璋冭瘯] Episode 0004: 寤惰繜 0.706s, 鑳借€?1340.70J, 瀹屾垚鐜?98.2%, 杩佺Щ鎴愬姛鐜?100.0%, 缂撳瓨鍛戒腑 2.6%, 鏁版嵁鎹熷け 0.0%, 缂撳瓨娣樻卑鐜?0.0%
馃攳 杩佺Щ缁熻: 鎵ц4娆? 鎴愬姛4娆? 鎴愬姛鐜?00.0%
[璋冭瘯] Episode 0004: 寤惰繜 0.692s, 鑳借€?1384.80J, 瀹屾垚鐜?98.3%, 杩佺Щ鎴愬姛鐜?100.0%, 缂撳瓨鍛戒腑 2.6%, 鏁版嵁鎹熷け 0.0%, 缂撳瓨娣樻卑鐜?0.0%
馃攳 杩佺Щ缁熻: 鎵ц4娆? 鎴愬姛4娆? 鎴愬姛鐜?00.0%
[璋冭瘯] Episode 0004: 寤惰繜 0.700s, 鑳借€?1396.59J, 瀹屾垚鐜?97.5%, 杩佺Щ鎴愬姛鐜?100.0%, 缂撳瓨鍛戒腑 2.5%, 鏁版嵁鎹熷け 0.1%, 缂撳瓨娣樻卑鐜?0.0%
馃攳 杩佺Щ缁熻: 鎵ц4娆? 鎴愬姛4娆? 鎴愬姛鐜?00.0%
[璋冭瘯] Episode 0004: 寤惰繜 0.700s, 鑳借€?1477.51J, 瀹屾垚鐜?97.6%, 杩佺Щ鎴愬姛鐜?100.0%, 缂撳瓨鍛戒腑 3.0%, 鏁版嵁鎹熷け 0.1%, 缂撳瓨娣樻卑鐜?0.0%
馃攳 杩佺Щ缁熻: 鎵ц4娆? 鎴愬姛4娆? 鎴愬姛鐜?00.0%
[璋冭瘯] Episode 0004: 寤惰繜 0.695s, 鑳借€?1477.89J, 瀹屾垚鐜?97.6%, 杩佺Щ鎴愬姛鐜?100.0%, 缂撳瓨鍛戒腑 3.6%, 鏁版嵁鎹熷け 0.1%, 缂撳瓨娣樻卑鐜?0.0%
馃攳 杩佺Щ缁熻: 鎵ц4娆? 鎴愬姛4娆? 鎴愬姛鐜?00.0%
[璋冭瘯] Episode 0004: 寤惰繜 0.688s, 鑳借€?1581.10J, 瀹屾垚鐜?97.7%, 杩佺Щ鎴愬姛鐜?100.0%, 缂撳瓨鍛戒腑 3.4%, 鏁版嵁鎹熷け 0.1%, 缂撳瓨娣樻卑鐜?0.0%
馃攳 杩佺Щ缁熻: 鎵ц4娆? 鎴愬姛4娆? 鎴愬姛鐜?00.0%
[璋冭瘯] Episode 0004: 寤惰繜 0.683s, 鑳借€?1608.47J, 瀹屾垚鐜?97.7%, 杩佺Щ鎴愬姛鐜?100.0%, 缂撳瓨鍛戒腑 3.4%, 鏁版嵁鎹熷け 0.1%, 缂撳瓨娣樻卑鐜?0.0%
馃攳 杩佺Щ缁熻: 鎵ц4娆? 鎴愬姛4娆? 鎴愬姛鐜?00.0%
[璋冭瘯] Episode 0004: 寤惰繜 0.682s, 鑳借€?1615.34J, 瀹屾垚鐜?97.8%, 杩佺Щ鎴愬姛鐜?100.0%, 缂撳瓨鍛戒腑 3.9%, 鏁版嵁鎹熷け 0.1%, 缂撳瓨娣樻卑鐜?0.0%
馃攳 杩佺Щ缁熻: 鎵ц4娆? 鎴愬姛4娆? 鎴愬姛鐜?00.0%
[璋冭瘯] Episode 0004: 寤惰繜 0.682s, 鑳借€?1615.35J, 瀹屾垚鐜?97.1%, 杩佺Щ鎴愬姛鐜?100.0%, 缂撳瓨鍛戒腑 4.4%, 鏁版嵁鎹熷け 0.1%, 缂撳瓨娣樻卑鐜?0.0%
馃攳 杩佺Щ缁熻: 鎵ц4娆? 鎴愬姛4娆? 鎴愬姛鐜?00.0%
[璋冭瘯] Episode 0004: 寤惰繜 0.684s, 鑳借€?1615.86J, 瀹屾垚鐜?97.1%, 杩佺Щ鎴愬姛鐜?100.0%, 缂撳瓨鍛戒腑 4.3%, 鏁版嵁鎹熷け 0.1%, 缂撳瓨娣樻卑鐜?0.0%
馃攳 杩佺Щ缁熻: 鎵ц4娆? 鎴愬姛4娆? 鎴愬姛鐜?00.0%
[璋冭瘯] Episode 0004: 寤惰繜 0.676s, 鑳借€?1734.89J, 瀹屾垚鐜?97.2%, 杩佺Щ鎴愬姛鐜?100.0%, 缂撳瓨鍛戒腑 4.3%, 鏁版嵁鎹熷け 0.1%, 缂撳瓨娣樻卑鐜?0.0%
馃攳 杩佺Щ缁熻: 鎵ц4娆? 鎴愬姛4娆? 鎴愬姛鐜?00.0%
[璋冭瘯] Episode 0004: 寤惰繜 0.681s, 鑳借€?1742.05J, 瀹屾垚鐜?97.2%, 杩佺Щ鎴愬姛鐜?100.0%, 缂撳瓨鍛戒腑 4.2%, 鏁版嵁鎹熷け 0.1%, 缂撳瓨娣樻卑鐜?0.0%
馃攳 杩佺Щ缁熻: 鎵ц4娆? 鎴愬姛4娆? 鎴愬姛鐜?00.0%
[璋冭瘯] Episode 0004: 寤惰繜 0.671s, 鑳借€?1772.45J, 瀹屾垚鐜?97.2%, 杩佺Щ鎴愬姛鐜?100.0%, 缂撳瓨鍛戒腑 4.2%, 鏁版嵁鎹熷け 0.1%, 缂撳瓨娣樻卑鐜?0.0%
馃攳 杩佺Щ缁熻: 鎵ц4娆? 鎴愬姛4娆? 鎴愬姛鐜?00.0%
[璋冭瘯] Episode 0004: 寤惰繜 0.670s, 鑳借€?1801.94J, 瀹屾垚鐜?97.4%, 杩佺Щ鎴愬姛鐜?100.0%, 缂撳瓨鍛戒腑 7.0%, 鏁版嵁鎹熷け 0.1%, 缂撳瓨娣樻卑鐜?0.0%
馃攳 杩佺Щ缁熻: 鎵ц4娆? 鎴愬姛4娆? 鎴愬姛鐜?00.0%
[璋冭瘯] Episode 0004: 寤惰繜 0.669s, 鑳借€?1804.41J, 瀹屾垚鐜?97.4%, 杩佺Щ鎴愬姛鐜?100.0%, 缂撳瓨鍛戒腑 6.9%, 鏁版嵁鎹熷け 0.1%, 缂撳瓨娣樻卑鐜?0.0%
馃攳 杩佺Щ缁熻: 鎵ц4娆? 鎴愬姛4娆? 鎴愬姛鐜?00.0%
[璋冭瘯] Episode 0004: 寤惰繜 0.664s, 鑳借€?1824.22J, 瀹屾垚鐜?97.4%, 杩佺Щ鎴愬姛鐜?100.0%, 缂撳瓨鍛戒腑 6.9%, 鏁版嵁鎹熷け 0.1%, 缂撳瓨娣樻卑鐜?0.0%
馃攳 杩佺Щ缁熻: 鎵ц4娆? 鎴愬姛4娆? 鎴愬姛鐜?00.0%
[璋冭瘯] Episode 0004: 寤惰繜 0.660s, 鑳借€?1846.73J, 瀹屾垚鐜?97.4%, 杩佺Щ鎴愬姛鐜?100.0%, 缂撳瓨鍛戒腑 6.8%, 鏁版嵁鎹熷け 0.1%, 缂撳瓨娣樻卑鐜?0.0%
馃攳 杩佺Щ缁熻: 鎵ц4娆? 鎴愬姛4娆? 鎴愬姛鐜?00.0%
[璋冭瘯] Episode 0004: 寤惰繜 0.680s, 鑳借€?1854.24J, 瀹屾垚鐜?96.8%, 杩佺Щ鎴愬姛鐜?100.0%, 缂撳瓨鍛戒腑 6.7%, 鏁版嵁鎹熷け 13.1%, 缂撳瓨娣樻卑鐜?0.0%
馃攳 杩佺Щ缁熻: 鎵ц4娆? 鎴愬姛4娆? 鎴愬姛鐜?00.0%
[璋冭瘯] Episode 0004: 寤惰繜 0.673s, 鑳借€?1938.18J, 瀹屾垚鐜?96.9%, 杩佺Щ鎴愬姛鐜?100.0%, 缂撳瓨鍛戒腑 6.6%, 鏁版嵁鎹熷け 13.1%, 缂撳瓨娣樻卑鐜?0.0%
馃攳 杩佺Щ缁熻: 鎵ц4娆? 鎴愬姛4娆? 鎴愬姛鐜?00.0%
[璋冭瘯] Episode 0004: 寤惰繜 0.662s, 鑳借€?1945.69J, 瀹屾垚鐜?96.9%, 杩佺Щ鎴愬姛鐜?100.0%, 缂撳瓨鍛戒腑 7.4%, 鏁版嵁鎹熷け 11.3%, 缂撳瓨娣樻卑鐜?0.0%
馃攳 杩佺Щ缁熻: 鎵ц4娆? 鎴愬姛4娆? 鎴愬姛鐜?00.0%
[璋冭瘯] Episode 0004: 寤惰繜 0.662s, 鑳借€?1945.69J, 瀹屾垚鐜?96.9%, 杩佺Щ鎴愬姛鐜?100.0%, 缂撳瓨鍛戒腑 7.4%, 鏁版嵁鎹熷け 11.3%, 缂撳瓨娣樻卑鐜?0.0%
馃攳 杩佺Щ缁熻: 鎵ц4娆? 鎴愬姛4娆? 鎴愬姛鐜?00.0%
[璋冭瘯] Episode 0004: 寤惰繜 0.669s, 鑳借€?1945.90J, 瀹屾垚鐜?96.3%, 杩佺Щ鎴愬姛鐜?100.0%, 缂撳瓨鍛戒腑 7.3%, 鏁版嵁鎹熷け 11.3%, 缂撳瓨娣樻卑鐜?0.0%
馃攳 杩佺Щ缁熻: 鎵ц4娆? 鎴愬姛4娆? 鎴愬姛鐜?00.0%
[璋冭瘯] Episode 0004: 寤惰繜 0.676s, 鑳借€?1952.33J, 瀹屾垚鐜?96.4%, 杩佺Щ鎴愬姛鐜?100.0%, 缂撳瓨鍛戒腑 7.2%, 鏁版嵁鎹熷け 11.3%, 缂撳瓨娣樻卑鐜?0.0%
馃攳 杩佺Щ缁熻: 鎵ц4娆? 鎴愬姛4娆? 鎴愬姛鐜?00.0%
[璋冭瘯] Episode 0004: 寤惰繜 0.673s, 鑳借€?2050.15J, 瀹屾垚鐜?95.9%, 杩佺Щ鎴愬姛鐜?100.0%, 缂撳瓨鍛戒腑 7.1%, 鏁版嵁鎹熷け 11.3%, 缂撳瓨娣樻卑鐜?0.0%
馃攳 杩佺Щ缁熻: 鎵ц4娆? 鎴愬姛4娆? 鎴愬姛鐜?00.0%
[璋冭瘯] Episode 0004: 寤惰繜 0.677s, 鑳借€?2057.16J, 瀹屾垚鐜?95.9%, 杩佺Щ鎴愬姛鐜?100.0%, 缂撳瓨鍛戒腑 7.0%, 鏁版嵁鎹熷け 11.2%, 缂撳瓨娣樻卑鐜?0.0%
馃攳 杩佺Щ缁熻: 鎵ц4娆? 鎴愬姛4娆? 鎴愬姛鐜?00.0%
[璋冭瘯] Episode 0004: 寤惰繜 0.868s, 鑳借€?2283.65J, 瀹屾垚鐜?96.0%, 杩佺Щ鎴愬姛鐜?100.0%, 缂撳瓨鍛戒腑 6.9%, 鏁版嵁鎹熷け 11.0%, 缂撳瓨娣樻卑鐜?0.0%
馃攳 杩佺Щ缁熻: 鎵ц4娆? 鎴愬姛4娆? 鎴愬姛鐜?00.0%
[璋冭瘯] Episode 0004: 寤惰繜 0.869s, 鑳借€?2321.64J, 瀹屾垚鐜?96.0%, 杩佺Щ鎴愬姛鐜?100.0%, 缂撳瓨鍛戒腑 6.9%, 鏁版嵁鎹熷け 11.0%, 缂撳瓨娣樻卑鐜?0.0%
馃攳 杩佺Щ缁熻: 鎵ц4娆? 鎴愬姛4娆? 鎴愬姛鐜?00.0%
[璋冭瘯] Episode 0004: 寤惰繜 1.078s, 鑳借€?2515.57J, 瀹屾垚鐜?96.0%, 杩佺Щ鎴愬姛鐜?100.0%, 缂撳瓨鍛戒腑 6.8%, 鏁版嵁鎹熷け 10.7%, 缂撳瓨娣樻卑鐜?0.0%
馃攳 杩佺Щ缁熻: 鎵ц4娆? 鎴愬姛4娆? 鎴愬姛鐜?00.0%
[璋冭瘯] Episode 0004: 寤惰繜 1.066s, 鑳借€?2570.66J, 瀹屾垚鐜?96.1%, 杩佺Щ鎴愬姛鐜?100.0%, 缂撳瓨鍛戒腑 6.8%, 鏁版嵁鎹熷け 10.7%, 缂撳瓨娣樻卑鐜?0.0%
馃攳 杩佺Щ缁熻: 鎵ц4娆? 鎴愬姛4娆? 鎴愬姛鐜?00.0%
[璋冭瘯] Episode 0004: 寤惰繜 1.054s, 鑳借€?2581.98J, 瀹屾垚鐜?96.1%, 杩佺Щ鎴愬姛鐜?100.0%, 缂撳瓨鍛戒腑 6.6%, 鏁版嵁鎹熷け 10.7%, 缂撳瓨娣樻卑鐜?0.0%
馃攳 杩佺Щ缁熻: 鎵ц4娆? 鎴愬姛4娆? 鎴愬姛鐜?00.0%
[璋冭瘯] Episode 0004: 寤惰繜 1.034s, 鑳借€?2625.52J, 瀹屾垚鐜?96.2%, 杩佺Щ鎴愬姛鐜?100.0%, 缂撳瓨鍛戒腑 6.6%, 鏁版嵁鎹熷け 10.7%, 缂撳瓨娣樻卑鐜?0.0%
馃攳 杩佺Щ缁熻: 鎵ц4娆? 鎴愬姛4娆? 鎴愬姛鐜?00.0%
[璋冭瘯] Episode 0004: 寤惰繜 1.029s, 鑳借€?2655.77J, 瀹屾垚鐜?95.7%, 杩佺Щ鎴愬姛鐜?100.0%, 缂撳瓨鍛戒腑 6.6%, 鏁版嵁鎹熷け 23.9%, 缂撳瓨娣樻卑鐜?0.0%
馃攳 杩佺Щ缁熻: 鎵ц4娆? 鎴愬姛4娆? 鎴愬姛鐜?00.0%
[璋冭瘯] Episode 0004: 寤惰繜 1.036s, 鑳借€?2699.53J, 瀹屾垚鐜?95.8%, 杩佺Щ鎴愬姛鐜?100.0%, 缂撳瓨鍛戒腑 7.0%, 鏁版嵁鎹熷け 23.8%, 缂撳瓨娣樻卑鐜?0.0%
馃攳 杩佺Щ缁熻: 鎵ц4娆? 鎴愬姛4娆? 鎴愬姛鐜?00.0%
[璋冭瘯] Episode 0004: 寤惰繜 1.044s, 鑳借€?2710.17J, 瀹屾垚鐜?95.4%, 杩佺Щ鎴愬姛鐜?100.0%, 缂撳瓨鍛戒腑 7.6%, 鏁版嵁鎹熷け 37.2%, 缂撳瓨娣樻卑鐜?0.0%
浠诲姟鍒嗙被缁熻(200): 绫诲瀷1=0.0%, 绫诲瀷2=9.0%, 绫诲瀷3=35.0%, 绫诲瀷4=56.0%
   褰撳墠浠诲姟: parking_info, 1.86s 鈫?绫诲瀷3, 鏁版嵁0.17MB
   馃捑 缂撳瓨缁熻: 鍛戒腑鐜?8.00% (鎬诲懡涓?20, 鏈湴:0, 鏈懡涓?230)
馃攳 杩佺Щ缁熻: 鎵ц4娆? 鎴愬姛4娆? 鎴愬姛鐜?00.0%
[璋冭瘯] Episode 0004: 寤惰繜 1.041s, 鑳借€?2740.31J, 瀹屾垚鐜?95.4%, 杩佺Щ鎴愬姛鐜?100.0%, 缂撳瓨鍛戒腑 7.9%, 鏁版嵁鎹熷け 37.1%, 缂撳瓨娣樻卑鐜?0.0%
馃攳 杩佺Щ缁熻: 鎵ц4娆? 鎴愬姛4娆? 鎴愬姛鐜?00.0%
[璋冭瘯] Episode 0004: 寤惰繜 1.210s, 鑳借€?2957.83J, 瀹屾垚鐜?95.5%, 杩佺Щ鎴愬姛鐜?100.0%, 缂撳瓨鍛戒腑 7.8%, 鏁版嵁鎹熷け 36.2%, 缂撳瓨娣樻卑鐜?0.0%
馃攳 杩佺Щ缁熻: 鎵ц4娆? 鎴愬姛4娆? 鎴愬姛鐜?00.0%
[璋冭瘯] Episode 0004: 寤惰繜 1.198s, 鑳借€?2998.23J, 瀹屾垚鐜?95.6%, 杩佺Щ鎴愬姛鐜?100.0%, 缂撳瓨鍛戒腑 7.8%, 鏁版嵁鎹熷け 36.2%, 缂撳瓨娣樻卑鐜?0.0%
馃攳 杩佺Щ缁熻: 鎵ц4娆? 鎴愬姛4娆? 鎴愬姛鐜?00.0%
[璋冭瘯] Episode 0004: 寤惰繜 1.198s, 鑳借€?2998.23J, 瀹屾垚鐜?95.6%, 杩佺Щ鎴愬姛鐜?100.0%, 缂撳瓨鍛戒腑 7.8%, 鏁版嵁鎹熷け 36.2%, 缂撳瓨娣樻卑鐜?0.0%
馃攳 杩佺Щ缁熻: 鎵ц4娆? 鎴愬姛4娆? 鎴愬姛鐜?00.0%
[璋冭瘯] Episode 0004: 寤惰繜 1.198s, 鑳借€?3042.36J, 瀹屾垚鐜?95.6%, 杩佺Щ鎴愬姛鐜?100.0%, 缂撳瓨鍛戒腑 8.0%, 鏁版嵁鎹熷け 36.1%, 缂撳瓨娣樻卑鐜?0.0%
[VehicleMigration] handover #1: vehicle V_1 task task_209 UAV_1 -> RSU_0
   Trigger: distance 491.0m > threshold 485.8m (speed 5.7 m/s)
   Score: 681.0 -> 206.2 (improvement 69.7%)
   Queue trend: UAV_1: 3 -> 2, RSU_0: 1 -> 2
[VehicleMigration] handover #2: vehicle V_1 task task_210 UAV_1 -> RSU_0
   Trigger: distance 491.0m > threshold 485.8m (speed 5.7 m/s)
   Score: 651.0 -> 236.2 (improvement 63.7%)
   Queue trend: UAV_1: 2 -> 1, RSU_0: 2 -> 3
[Migration] Executed 2 vehicle-following migrations.
馃攳 杩佺Щ缁熻: 鎵ц6娆? 鎴愬姛6娆? 鎴愬姛鐜?00.0%
[璋冭瘯] Episode 0004: 寤惰繜 1.182s, 鑳借€?3116.11J, 瀹屾垚鐜?95.7%, 杩佺Щ鎴愬姛鐜?100.0%, 缂撳瓨鍛戒腑 8.2%, 鏁版嵁鎹熷け 36.1%, 缂撳瓨娣樻卑鐜?0.0%
馃攳 杩佺Щ缁熻: 鎵ц6娆? 鎴愬姛6娆? 鎴愬姛鐜?00.0%
[璋冭瘯] Episode 0004: 寤惰繜 1.176s, 鑳借€?3128.07J, 瀹屾垚鐜?95.8%, 杩佺Щ鎴愬姛鐜?100.0%, 缂撳瓨鍛戒腑 8.2%, 鏁版嵁鎹熷け 36.0%, 缂撳瓨娣樻卑鐜?0.0%
馃攳 杩佺Щ缁熻: 鎵ц6娆? 鎴愬姛6娆? 鎴愬姛鐜?00.0%
[璋冭瘯] Episode 0004: 寤惰繜 1.174s, 鑳借€?3147.99J, 瀹屾垚鐜?95.8%, 杩佺Щ鎴愬姛鐜?100.0%, 缂撳瓨鍛戒腑 8.1%, 鏁版嵁鎹熷け 36.0%, 缂撳瓨娣樻卑鐜?0.0%
馃攳 杩佺Щ缁熻: 鎵ц6娆? 鎴愬姛6娆? 鎴愬姛鐜?00.0%
[璋冭瘯] Episode 0004: 寤惰繜 1.174s, 鑳借€?3147.99J, 瀹屾垚鐜?95.8%, 杩佺Щ鎴愬姛鐜?100.0%, 缂撳瓨鍛戒腑 8.1%, 鏁版嵁鎹熷け 36.0%, 缂撳瓨娣樻卑鐜?0.0%
馃攳 杩佺Щ缁熻: 鎵ц6娆? 鎴愬姛6娆? 鎴愬姛鐜?00.0%
[璋冭瘯] Episode 0004: 寤惰繜 1.156s, 鑳借€?3192.02J, 瀹屾垚鐜?95.9%, 杩佺Щ鎴愬姛鐜?100.0%, 缂撳瓨鍛戒腑 8.1%, 鏁版嵁鎹熷け 35.9%, 缂撳瓨娣樻卑鐜?0.0%
馃攳 杩佺Щ缁熻: 鎵ц6娆? 鎴愬姛6娆? 鎴愬姛鐜?00.0%
[璋冭瘯] Episode 0004: 寤惰繜 1.146s, 鑳借€?3250.57J, 瀹屾垚鐜?95.9%, 杩佺Щ鎴愬姛鐜?100.0%, 缂撳瓨鍛戒腑 8.1%, 鏁版嵁鎹熷け 35.9%, 缂撳瓨娣樻卑鐜?0.0%
馃攳 杩佺Щ缁熻: 鎵ц6娆? 鎴愬姛6娆? 鎴愬姛鐜?00.0%
[璋冭瘯] Episode 0004: 寤惰繜 1.279s, 鑳借€?3420.25J, 瀹屾垚鐜?96.0%, 杩佺Щ鎴愬姛鐜?100.0%, 缂撳瓨鍛戒腑 8.0%, 鏁版嵁鎹熷け 35.2%, 缂撳瓨娣樻卑鐜?0.0%
[VehicleMigration] handover #1: vehicle V_0 task task_226 UAV_1 -> RSU_0
   Trigger: distance 489.2m > threshold 483.8m (speed 6.5 m/s)
   Score: 619.2 -> 174.3 (improvement 71.9%)
   Queue trend: UAV_1: 1 -> 0, RSU_0: 0 -> 1
[Migration] Executed 1 vehicle-following migrations.
馃攳 杩佺Щ缁熻: 鎵ц7娆? 鎴愬姛7娆? 鎴愬姛鐜?00.0%
[璋冭瘯] Episode 0004: 寤惰繜 1.269s, 鑳借€?3422.68J, 瀹屾垚鐜?96.0%, 杩佺Щ鎴愬姛鐜?100.0%, 缂撳瓨鍛戒腑 7.9%, 鏁版嵁鎹熷け 35.1%, 缂撳瓨娣樻卑鐜?0.0%
馃攳 杩佺Щ缁熻: 鎵ц7娆? 鎴愬姛7娆? 鎴愬姛鐜?00.0%
[璋冭瘯] Episode 0004: 寤惰繜 1.260s, 鑳借€?3469.37J, 瀹屾垚鐜?96.1%, 杩佺Щ鎴愬姛鐜?100.0%, 缂撳瓨鍛戒腑 7.9%, 鏁版嵁鎹熷け 35.1%, 缂撳瓨娣樻卑鐜?0.0%
馃攳 杩佺Щ缁熻: 鎵ц7娆? 鎴愬姛7娆? 鎴愬姛鐜?00.0%
[璋冭瘯] Episode 0004: 寤惰繜 1.260s, 鑳借€?3469.37J, 瀹屾垚鐜?96.1%, 杩佺Щ鎴愬姛鐜?100.0%, 缂撳瓨鍛戒腑 7.8%, 鏁版嵁鎹熷け 35.1%, 缂撳瓨娣樻卑鐜?0.0%
馃攳 杩佺Щ缁熻: 鎵ц7娆? 鎴愬姛7娆? 鎴愬姛鐜?00.0%
[璋冭瘯] Episode 0004: 寤惰繜 1.258s, 鑳借€?3500.37J, 瀹屾垚鐜?96.1%, 杩佺Щ鎴愬姛鐜?100.0%, 缂撳瓨鍛戒腑 7.8%, 鏁版嵁鎹熷け 35.0%, 缂撳瓨娣樻卑鐜?0.0%
馃攳 杩佺Щ缁熻: 鎵ц7娆? 鎴愬姛7娆? 鎴愬姛鐜?00.0%
[璋冭瘯] Episode 0004: 寤惰繜 1.414s, 鑳借€?3685.22J, 瀹屾垚鐜?96.1%, 杩佺Щ鎴愬姛鐜?100.0%, 缂撳瓨鍛戒腑 7.6%, 鏁版嵁鎹熷け 34.3%, 缂撳瓨娣樻卑鐜?0.0%
馃攳 杩佺Щ缁熻: 鎵ц7娆? 鎴愬姛7娆? 鎴愬姛鐜?00.0%
[璋冭瘯] Episode 0004: 寤惰繜 1.404s, 鑳借€?3796.11J, 瀹屾垚鐜?96.2%, 杩佺Щ鎴愬姛鐜?100.0%, 缂撳瓨鍛戒腑 7.5%, 鏁版嵁鎹熷け 34.2%, 缂撳瓨娣樻卑鐜?0.0%
馃攳 杩佺Щ缁熻: 鎵ц7娆? 鎴愬姛7娆? 鎴愬姛鐜?00.0%
[璋冭瘯] Episode 0004: 寤惰繜 1.397s, 鑳借€?3845.81J, 瀹屾垚鐜?96.2%, 杩佺Щ鎴愬姛鐜?100.0%, 缂撳瓨鍛戒腑 7.5%, 鏁版嵁鎹熷け 34.2%, 缂撳瓨娣樻卑鐜?0.0%
馃攳 杩佺Щ缁熻: 鎵ц7娆? 鎴愬姛7娆? 鎴愬姛鐜?00.0%
[璋冭瘯] Episode 0004: 寤惰繜 1.396s, 鑳借€?3852.88J, 瀹屾垚鐜?96.2%, 杩佺Щ鎴愬姛鐜?100.0%, 缂撳瓨鍛戒腑 7.4%, 鏁版嵁鎹熷け 34.1%, 缂撳瓨娣樻卑鐜?0.0%
馃攳 杩佺Щ缁熻: 鎵ц7娆? 鎴愬姛7娆? 鎴愬姛鐜?00.0%
[璋冭瘯] Episode 0004: 寤惰繜 1.379s, 鑳借€?3917.88J, 瀹屾垚鐜?96.3%, 杩佺Щ鎴愬姛鐜?100.0%, 缂撳瓨鍛戒腑 7.4%, 鏁版嵁鎹熷け 34.1%, 缂撳瓨娣樻卑鐜?0.0%
馃攳 杩佺Щ缁熻: 鎵ц7娆? 鎴愬姛7娆? 鎴愬姛鐜?00.0%
[璋冭瘯] Episode 0004: 寤惰繜 1.373s, 鑳借€?3918.28J, 瀹屾垚鐜?96.3%, 杩佺Щ鎴愬姛鐜?100.0%, 缂撳瓨鍛戒腑 7.4%, 鏁版嵁鎹熷け 34.1%, 缂撳瓨娣樻卑鐜?0.0%
馃攳 杩佺Щ缁熻: 鎵ц7娆? 鎴愬姛7娆? 鎴愬姛鐜?00.0%
[璋冭瘯] Episode 0004: 寤惰繜 1.364s, 鑳借€?3955.00J, 瀹屾垚鐜?96.3%, 杩佺Щ鎴愬姛鐜?100.0%, 缂撳瓨鍛戒腑 7.4%, 鏁版嵁鎹熷け 34.0%, 缂撳瓨娣樻卑鐜?0.0%
馃攳 杩佺Щ缁熻: 鎵ц7娆? 鎴愬姛7娆? 鎴愬姛鐜?00.0%
[璋冭瘯] Episode 0004: 寤惰繜 1.359s, 鑳借€?4006.87J, 瀹屾垚鐜?96.4%, 杩佺Щ鎴愬姛鐜?100.0%, 缂撳瓨鍛戒腑 7.2%, 鏁版嵁鎹熷け 34.0%, 缂撳瓨娣樻卑鐜?0.0%
馃攳 杩佺Щ缁熻: 鎵ц7娆? 鎴愬姛7娆? 鎴愬姛鐜?00.0%
[璋冭瘯] Episode 0004: 寤惰繜 1.338s, 鑳借€?4044.13J, 瀹屾垚鐜?96.5%, 杩佺Щ鎴愬姛鐜?100.0%, 缂撳瓨鍛戒腑 7.2%, 鏁版嵁鎹熷け 33.9%, 缂撳瓨娣樻卑鐜?0.0%
馃攳 杩佺Щ缁熻: 鎵ц7娆? 鎴愬姛7娆? 鎴愬姛鐜?00.0%
[璋冭瘯] Episode 0004: 寤惰繜 1.333s, 鑳借€?4089.30J, 瀹屾垚鐜?96.5%, 杩佺Щ鎴愬姛鐜?100.0%, 缂撳瓨鍛戒腑 7.2%, 鏁版嵁鎹熷け 33.9%, 缂撳瓨娣樻卑鐜?0.0%
馃攳 杩佺Щ缁熻: 鎵ц7娆? 鎴愬姛7娆? 鎴愬姛鐜?00.0%
[璋冭瘯] Episode 0004: 寤惰繜 1.333s, 鑳借€?4089.30J, 瀹屾垚鐜?96.5%, 杩佺Щ鎴愬姛鐜?100.0%, 缂撳瓨鍛戒腑 7.2%, 鏁版嵁鎹熷け 33.9%, 缂撳瓨娣樻卑鐜?0.0%
馃攳 杩佺Щ缁熻: 鎵ц7娆? 鎴愬姛7娆? 鎴愬姛鐜?00.0%
[璋冭瘯] Episode 0004: 寤惰繜 1.329s, 鑳借€?4089.38J, 瀹屾垚鐜?96.5%, 杩佺Щ鎴愬姛鐜?100.0%, 缂撳瓨鍛戒腑 7.7%, 鏁版嵁鎹熷け 33.9%, 缂撳瓨娣樻卑鐜?0.0%
馃攳 杩佺Щ缁熻: 鎵ц7娆? 鎴愬姛7娆? 鎴愬姛鐜?00.0%
[璋冭瘯] Episode 0004: 寤惰繜 1.329s, 鑳借€?4109.41J, 瀹屾垚鐜?96.5%, 杩佺Щ鎴愬姛鐜?100.0%, 缂撳瓨鍛戒腑 7.7%, 鏁版嵁鎹熷け 33.9%, 缂撳瓨娣樻卑鐜?0.0%
馃攳 杩佺Щ缁熻: 鎵ц7娆? 鎴愬姛7娆? 鎴愬姛鐜?00.0%
[璋冭瘯] Episode 0004: 寤惰繜 1.316s, 鑳借€?4176.12J, 瀹屾垚鐜?96.5%, 杩佺Щ鎴愬姛鐜?100.0%, 缂撳瓨鍛戒腑 7.6%, 鏁版嵁鎹熷け 33.9%, 缂撳瓨娣樻卑鐜?0.0%
馃攳 杩佺Щ缁熻: 鎵ц7娆? 鎴愬姛7娆? 鎴愬姛鐜?00.0%
[璋冭瘯] Episode 0004: 寤惰繜 1.316s, 鑳借€?4176.12J, 瀹屾垚鐜?96.5%, 杩佺Щ鎴愬姛鐜?100.0%, 缂撳瓨鍛戒腑 7.6%, 鏁版嵁鎹熷け 33.9%, 缂撳瓨娣樻卑鐜?0.0%
馃攳 杩佺Щ缁熻: 鎵ц7娆? 鎴愬姛7娆? 鎴愬姛鐜?00.0%
[璋冭瘯] Episode 0004: 寤惰繜 1.310s, 鑳借€?4205.59J, 瀹屾垚鐜?96.6%, 杩佺Щ鎴愬姛鐜?100.0%, 缂撳瓨鍛戒腑 7.6%, 鏁版嵁鎹熷け 33.9%, 缂撳瓨娣樻卑鐜?0.0%
馃攳 杩佺Щ缁熻: 鎵ц7娆? 鎴愬姛7娆? 鎴愬姛鐜?00.0%
[璋冭瘯] Episode 0004: 寤惰繜 1.305s, 鑳借€?4214.36J, 瀹屾垚鐜?96.6%, 杩佺Щ鎴愬姛鐜?100.0%, 缂撳瓨鍛戒腑 8.3%, 鏁版嵁鎹熷け 33.8%, 缂撳瓨娣樻卑鐜?0.0%
馃攳 杩佺Щ缁熻: 鎵ц7娆? 鎴愬姛7娆? 鎴愬姛鐜?00.0%
[璋冭瘯] Episode 0004: 寤惰繜 1.297s, 鑳借€?4230.61J, 瀹屾垚鐜?96.6%, 杩佺Щ鎴愬姛鐜?100.0%, 缂撳瓨鍛戒腑 8.3%, 鏁版嵁鎹熷け 33.7%, 缂撳瓨娣樻卑鐜?0.0%
[VehicleMigration] handover #1: vehicle V_7 task task_272 RSU_3 -> RSU_2
   Trigger: distance 297.6m > threshold 289.9m (speed 6.8 m/s)
   Score: 427.6 -> 197.7 (improvement 53.8%)
   Queue trend: RSU_3: 1 -> 0, RSU_2: 0 -> 1
[Migration] Executed 1 vehicle-following migrations.
馃攳 杩佺Щ缁熻: 鎵ц8娆? 鎴愬姛8娆? 鎴愬姛鐜?00.0%
[璋冭瘯] Episode 0004: 寤惰繜 1.298s, 鑳借€?4232.16J, 瀹屾垚鐜?96.6%, 杩佺Щ鎴愬姛鐜?100.0%, 缂撳瓨鍛戒腑 8.5%, 鏁版嵁鎹熷け 33.7%, 缂撳瓨娣樻卑鐜?0.0%
馃攳 杩佺Щ缁熻: 鎵ц8娆? 鎴愬姛8娆? 鎴愬姛鐜?00.0%
[璋冭瘯] Episode 0004: 寤惰繜 1.284s, 鑳借€?4251.98J, 瀹屾垚鐜?96.7%, 杩佺Щ鎴愬姛鐜?100.0%, 缂撳瓨鍛戒腑 8.7%, 鏁版嵁鎹熷け 33.7%, 缂撳瓨娣樻卑鐜?0.0%
馃攳 杩佺Щ缁熻: 鎵ц8娆? 鎴愬姛8娆? 鎴愬姛鐜?00.0%
[璋冭瘯] Episode 0004: 寤惰繜 1.273s, 鑳借€?4262.04J, 瀹屾垚鐜?96.7%, 杩佺Щ鎴愬姛鐜?100.0%, 缂撳瓨鍛戒腑 9.7%, 鏁版嵁鎹熷け 33.7%, 缂撳瓨娣樻卑鐜?0.0%
[VehicleMigration] handover #1: vehicle V_2 task task_4 RSU_2 -> RSU_3
   Trigger: distance 271.9m > threshold 271.3m (speed 19.1 m/s)
   Score: 401.9 -> 171.9 (improvement 57.2%)
   Queue trend: RSU_2: 1 -> 1, RSU_3: 0 -> 1
[VehicleMigration] handover #2: vehicle V_2 task task_19 RSU_2 -> RSU_3
   Trigger: distance 271.9m > threshold 271.3m (speed 19.1 m/s)
   Score: 401.9 -> 201.9 (improvement 49.8%)
   Queue trend: RSU_2: 1 -> 1, RSU_3: 1 -> 2
[Migration] Executed 2 vehicle-following migrations.
馃攳 杩佺Щ缁熻: 鎵ц10娆? 鎴愬姛10娆? 鎴愬姛鐜?00.0%
[璋冭瘯] Episode 0004: 寤惰繜 1.267s, 鑳借€?4307.31J, 瀹屾垚鐜?96.0%, 杩佺Щ鎴愬姛鐜?100.0%, 缂撳瓨鍛戒腑 10.5%, 鏁版嵁鎹熷け 33.7%, 缂撳瓨娣樻卑鐜?0.0%
馃攳 杩佺Щ缁熻: 鎵ц10娆? 鎴愬姛10娆? 鎴愬姛鐜?00.0%
[璋冭瘯] Episode 0004: 寤惰繜 1.266s, 鑳借€?4327.02J, 瀹屾垚鐜?96.1%, 杩佺Щ鎴愬姛鐜?100.0%, 缂撳瓨鍛戒腑 10.4%, 鏁版嵁鎹熷け 33.6%, 缂撳瓨娣樻卑鐜?0.0%
馃攳 杩佺Щ缁熻: 鎵ц10娆? 鎴愬姛10娆? 鎴愬姛鐜?00.0%
[璋冭瘯] Episode 0004: 寤惰繜 1.676s, 鑳借€?5010.73J, 瀹屾垚鐜?96.2%, 杩佺Щ鎴愬姛鐜?100.0%, 缂撳瓨鍛戒腑 10.3%, 鏁版嵁鎹熷け 28.2%, 缂撳瓨娣樻卑鐜?0.0%
馃攳 杩佺Щ缁熻: 鎵ц10娆? 鎴愬姛10娆? 鎴愬姛鐜?00.0%
[璋冭瘯] Episode 0004: 寤惰繜 1.661s, 鑳借€?5014.96J, 瀹屾垚鐜?96.2%, 杩佺Щ鎴愬姛鐜?100.0%, 缂撳瓨鍛戒腑 10.5%, 鏁版嵁鎹熷け 28.2%, 缂撳瓨娣樻卑鐜?0.0%
馃攳 杩佺Щ缁熻: 鎵ц10娆? 鎴愬姛10娆? 鎴愬姛鐜?00.0%
[璋冭瘯] Episode 0004: 寤惰繜 1.662s, 鑳借€?5057.29J, 瀹屾垚鐜?96.2%, 杩佺Щ鎴愬姛鐜?100.0%, 缂撳瓨鍛戒腑 10.5%, 鏁版嵁鎹熷け 28.1%, 缂撳瓨娣樻卑鐜?0.0%
馃攳 杩佺Щ缁熻: 鎵ц10娆? 鎴愬姛10娆? 鎴愬姛鐜?00.0%
[璋冭瘯] Episode 0004: 寤惰繜 1.657s, 鑳借€?5058.31J, 瀹屾垚鐜?96.2%, 杩佺Щ鎴愬姛鐜?100.0%, 缂撳瓨鍛戒腑 10.5%, 鏁版嵁鎹熷け 28.1%, 缂撳瓨娣樻卑鐜?0.0%
馃攳 杩佺Щ缁熻: 鎵ц10娆? 鎴愬姛10娆? 鎴愬姛鐜?00.0%
[璋冭瘯] Episode 0004: 寤惰繜 1.646s, 鑳借€?5088.83J, 瀹屾垚鐜?96.2%, 杩佺Щ鎴愬姛鐜?100.0%, 缂撳瓨鍛戒腑 10.5%, 鏁版嵁鎹熷け 28.1%, 缂撳瓨娣樻卑鐜?0.0%
馃攳 杩佺Щ缁熻: 鎵ц10娆? 鎴愬姛10娆? 鎴愬姛鐜?00.0%
[璋冭瘯] Episode 0004: 寤惰繜 1.635s, 鑳借€?5179.19J, 瀹屾垚鐜?96.3%, 杩佺Щ鎴愬姛鐜?100.0%, 缂撳瓨鍛戒腑 10.4%, 鏁版嵁鎹熷け 28.1%, 缂撳瓨娣樻卑鐜?0.0%
馃攳 杩佺Щ缁熻: 鎵ц10娆? 鎴愬姛10娆? 鎴愬姛鐜?00.0%
[璋冭瘯] Episode 0004: 寤惰繜 1.625s, 鑳借€?5200.12J, 瀹屾垚鐜?96.3%, 杩佺Щ鎴愬姛鐜?100.0%, 缂撳瓨鍛戒腑 10.4%, 鏁版嵁鎹熷け 28.1%, 缂撳瓨娣樻卑鐜?0.0%
浠诲姟鍒嗙被缁熻(300): 绫诲瀷1=0.0%, 绫诲瀷2=9.0%, 绫诲瀷3=34.3%, 绫诲瀷4=56.7%
   褰撳墠浠诲姟: navigation_0017, 1.65s 鈫?绫诲瀷3, 鏁版嵁0.56MB
   馃捑 缂撳瓨缁熻: 鍛戒腑鐜?10.33% (鎬诲懡涓?38, 鏈湴:0, 鏈懡涓?330)
馃攳 杩佺Щ缁熻: 鎵ц10娆? 鎴愬姛10娆? 鎴愬姛鐜?00.0%
[璋冭瘯] Episode 0004: 寤惰繜 1.619s, 鑳借€?5200.12J, 瀹屾垚鐜?96.3%, 杩佺Щ鎴愬姛鐜?100.0%, 缂撳瓨鍛戒腑 10.6%, 鏁版嵁鎹熷け 28.1%, 缂撳瓨娣樻卑鐜?0.0%
馃攳 杩佺Щ缁熻: 鎵ц10娆? 鎴愬姛10娆? 鎴愬姛鐜?00.0%
[璋冭瘯] Episode 0004: 寤惰繜 1.615s, 鑳借€?5210.03J, 瀹屾垚鐜?96.3%, 杩佺Щ鎴愬姛鐜?100.0%, 缂撳瓨鍛戒腑 10.7%, 鏁版嵁鎹熷け 28.0%, 缂撳瓨娣樻卑鐜?0.0%
馃攳 杩佺Щ缁熻: 鎵ц10娆? 鎴愬姛10娆? 鎴愬姛鐜?00.0%
[璋冭瘯] Episode 0004: 寤惰繜 1.590s, 鑳借€?5244.06J, 瀹屾垚鐜?96.4%, 杩佺Щ鎴愬姛鐜?100.0%, 缂撳瓨鍛戒腑 11.8%, 鏁版嵁鎹熷け 28.0%, 缂撳瓨娣樻卑鐜?0.0%
馃攳 杩佺Щ缁熻: 鎵ц10娆? 鎴愬姛10娆? 鎴愬姛鐜?00.0%
[璋冭瘯] Episode 0004: 寤惰繜 1.583s, 鑳借€?5284.54J, 瀹屾垚鐜?96.4%, 杩佺Щ鎴愬姛鐜?100.0%, 缂撳瓨鍛戒腑 11.9%, 鏁版嵁鎹熷け 25.6%, 缂撳瓨娣樻卑鐜?0.0%
馃攳 杩佺Щ缁熻: 鎵ц10娆? 鎴愬姛10娆? 鎴愬姛鐜?00.0%
[璋冭瘯] Episode 0004: 寤惰繜 1.556s, 鑳借€?5286.94J, 瀹屾垚鐜?96.5%, 杩佺Щ鎴愬姛鐜?100.0%, 缂撳瓨鍛戒腑 13.4%, 鏁版嵁鎹熷け 25.6%, 缂撳瓨娣樻卑鐜?0.0%
馃攳 杩佺Щ缁熻: 鎵ц10娆? 鎴愬姛10娆? 鎴愬姛鐜?00.0%
[璋冭瘯] Episode 0004: 寤惰繜 1.548s, 鑳借€?5332.49J, 瀹屾垚鐜?96.5%, 杩佺Щ鎴愬姛鐜?100.0%, 缂撳瓨鍛戒腑 13.6%, 鏁版嵁鎹熷け 24.0%, 缂撳瓨娣樻卑鐜?0.0%
[VehicleMigration] handover #1: vehicle V_2 task task_4 RSU_3 -> RSU_0
   Trigger: distance 899.7m > threshold 271.1m (speed 19.3 m/s)
   Score: 1059.7 -> 489.7 (improvement 53.8%)
   Queue trend: RSU_3: 2 -> 2, RSU_0: 3 -> 4
[VehicleMigration] handover #2: vehicle V_2 task task_19 RSU_3 -> RSU_0
   Trigger: distance 899.7m > threshold 271.1m (speed 19.3 m/s)
   Score: 1059.7 -> 519.7 (improvement 51.0%)
   Queue trend: RSU_3: 2 -> 2, RSU_0: 4 -> 5
[Migration] Executed 2 vehicle-following migrations.
馃攳 杩佺Щ缁熻: 鎵ц12娆? 鎴愬姛12娆? 鎴愬姛鐜?00.0%
[璋冭瘯] Episode 0004: 寤惰繜 1.545s, 鑳借€?5342.52J, 瀹屾垚鐜?95.9%, 杩佺Щ鎴愬姛鐜?100.0%, 缂撳瓨鍛戒腑 13.5%, 鏁版嵁鎹熷け 24.0%, 缂撳瓨娣樻卑鐜?0.0%
馃攳 杩佺Щ缁熻: 鎵ц12娆? 鎴愬姛12娆? 鎴愬姛鐜?00.0%
[璋冭瘯] Episode 0004: 寤惰繜 1.535s, 鑳借€?5345.52J, 瀹屾垚鐜?96.0%, 杩佺Щ鎴愬姛鐜?100.0%, 缂撳瓨鍛戒腑 13.6%, 鏁版嵁鎹熷け 23.9%, 缂撳瓨娣樻卑鐜?0.0%
馃攳 杩佺Щ缁熻: 鎵ц12娆? 鎴愬姛12娆? 鎴愬姛鐜?00.0%
[璋冭瘯] Episode 0004: 寤惰繜 1.531s, 鑳借€?5388.95J, 瀹屾垚鐜?96.0%, 杩佺Щ鎴愬姛鐜?100.0%, 缂撳瓨鍛戒腑 13.7%, 鏁版嵁鎹熷け 23.9%, 缂撳瓨娣樻卑鐜?0.0%
馃攳 杩佺Щ缁熻: 鎵ц12娆? 鎴愬姛12娆? 鎴愬姛鐜?00.0%
[璋冭瘯] Episode 0004: 寤惰繜 1.516s, 鑳借€?5476.10J, 瀹屾垚鐜?96.0%, 杩佺Щ鎴愬姛鐜?100.0%, 缂撳瓨鍛戒腑 14.0%, 鏁版嵁鎹熷け 23.9%, 缂撳瓨娣樻卑鐜?0.0%
馃攳 杩佺Щ缁熻: 鎵ц12娆? 鎴愬姛12娆? 鎴愬姛鐜?00.0%
[璋冭瘯] Episode 0004: 寤惰繜 1.502s, 鑳借€?5476.40J, 瀹屾垚鐜?96.1%, 杩佺Щ鎴愬姛鐜?100.0%, 缂撳瓨鍛戒腑 14.5%, 鏁版嵁鎹熷け 23.9%, 缂撳瓨娣樻卑鐜?0.0%
馃攳 杩佺Щ缁熻: 鎵ц12娆? 鎴愬姛12娆? 鎴愬姛鐜?00.0%
[璋冭瘯] Episode 0004: 寤惰繜 1.475s, 鑳借€?5496.66J, 瀹屾垚鐜?96.1%, 杩佺Щ鎴愬姛鐜?100.0%, 缂撳瓨鍛戒腑 15.9%, 鏁版嵁鎹熷け 23.8%, 缂撳瓨娣樻卑鐜?0.0%
馃攳 杩佺Щ缁熻: 鎵ц12娆? 鎴愬姛12娆? 鎴愬姛鐜?00.0%
[璋冭瘯] Episode 0004: 寤惰繜 1.471s, 鑳借€?5545.40J, 瀹屾垚鐜?96.2%, 杩佺Щ鎴愬姛鐜?100.0%, 缂撳瓨鍛戒腑 15.7%, 鏁版嵁鎹熷け 23.8%, 缂撳瓨娣樻卑鐜?0.0%
馃攳 杩佺Щ缁熻: 鎵ц12娆? 鎴愬姛12娆? 鎴愬姛鐜?00.0%
[璋冭瘯] Episode 0004: 寤惰繜 1.463s, 鑳借€?5555.31J, 瀹屾垚鐜?96.2%, 杩佺Щ鎴愬姛鐜?100.0%, 缂撳瓨鍛戒腑 15.8%, 鏁版嵁鎹熷け 23.4%, 缂撳瓨娣樻卑鐜?0.0%
馃攳 杩佺Щ缁熻: 鎵ц12娆? 鎴愬姛12娆? 鎴愬姛鐜?00.0%
[璋冭瘯] Episode 0004: 寤惰繜 1.549s, 鑳借€?5766.87J, 瀹屾垚鐜?96.2%, 杩佺Щ鎴愬姛鐜?100.0%, 缂撳瓨鍛戒腑 16.6%, 鏁版嵁鎹熷け 23.0%, 缂撳瓨娣樻卑鐜?0.0%
馃攳 杩佺Щ缁熻: 鎵ц12娆? 鎴愬姛12娆? 鎴愬姛鐜?00.0%
[璋冭瘯] Episode 0004: 寤惰繜 1.546s, 鑳借€?5784.23J, 瀹屾垚鐜?96.0%, 杩佺Щ鎴愬姛鐜?100.0%, 缂撳瓨鍛戒腑 16.6%, 鏁版嵁鎹熷け 30.6%, 缂撳瓨娣樻卑鐜?0.0%
馃攳 杩佺Щ缁熻: 鎵ц12娆? 鎴愬姛12娆? 鎴愬姛鐜?00.0%
[璋冭瘯] Episode 0004: 寤惰繜 1.531s, 鑳借€?5856.21J, 瀹屾垚鐜?96.0%, 杩佺Щ鎴愬姛鐜?100.0%, 缂撳瓨鍛戒腑 16.8%, 鏁版嵁鎹熷け 30.5%, 缂撳瓨娣樻卑鐜?0.0%
馃攳 杩佺Щ缁熻: 鎵ц12娆? 鎴愬姛12娆? 鎴愬姛鐜?00.0%
[璋冭瘯] Episode 0004: 寤惰繜 1.527s, 鑳借€?5867.72J, 瀹屾垚鐜?96.1%, 杩佺Щ鎴愬姛鐜?100.0%, 缂撳瓨鍛戒腑 16.7%, 鏁版嵁鎹熷け 30.5%, 缂撳瓨娣樻卑鐜?0.0%
馃攳 杩佺Щ缁熻: 鎵ц12娆? 鎴愬姛12娆? 鎴愬姛鐜?00.0%
[璋冭瘯] Episode 0004: 寤惰繜 1.521s, 鑳借€?5887.75J, 瀹屾垚鐜?96.1%, 杩佺Щ鎴愬姛鐜?100.0%, 缂撳瓨鍛戒腑 16.8%, 鏁版嵁鎹熷け 30.5%, 缂撳瓨娣樻卑鐜?0.0%
馃攳 杩佺Щ缁熻: 鎵ц12娆? 鎴愬姛12娆? 鎴愬姛鐜?00.0%
[璋冭瘯] Episode 0004: 寤惰繜 1.510s, 鑳借€?5936.76J, 瀹屾垚鐜?96.1%, 杩佺Щ鎴愬姛鐜?100.0%, 缂撳瓨鍛戒腑 16.9%, 鏁版嵁鎹熷け 30.5%, 缂撳瓨娣樻卑鐜?0.0%
馃攳 杩佺Щ缁熻: 鎵ц12娆? 鎴愬姛12娆? 鎴愬姛鐜?00.0%
[璋冭瘯] Episode 0004: 寤惰繜 1.505s, 鑳借€?5962.16J, 瀹屾垚鐜?96.1%, 杩佺Щ鎴愬姛鐜?100.0%, 缂撳瓨鍛戒腑 17.1%, 鏁版嵁鎹熷け 30.5%, 缂撳瓨娣樻卑鐜?0.0%
馃攳 杩佺Щ缁熻: 鎵ц12娆? 鎴愬姛12娆? 鎴愬姛鐜?00.0%
[璋冭瘯] Episode 0004: 寤惰繜 1.503s, 鑳借€?6007.49J, 瀹屾垚鐜?96.2%, 杩佺Щ鎴愬姛鐜?100.0%, 缂撳瓨鍛戒腑 17.3%, 鏁版嵁鎹熷け 30.5%, 缂撳瓨娣樻卑鐜?0.0%
馃攳 杩佺Щ缁熻: 鎵ц12娆? 鎴愬姛12娆? 鎴愬姛鐜?00.0%
[璋冭瘯] Episode 0004: 寤惰繜 1.492s, 鑳借€?6047.20J, 瀹屾垚鐜?96.2%, 杩佺Щ鎴愬姛鐜?100.0%, 缂撳瓨鍛戒腑 17.4%, 鏁版嵁鎹熷け 30.4%, 缂撳瓨娣樻卑鐜?0.0%
馃攳 杩佺Щ缁熻: 鎵ц12娆? 鎴愬姛12娆? 鎴愬姛鐜?00.0%
[璋冭瘯] Episode 0004: 寤惰繜 1.486s, 鑳借€?6092.69J, 瀹屾垚鐜?96.2%, 杩佺Щ鎴愬姛鐜?100.0%, 缂撳瓨鍛戒腑 17.9%, 鏁版嵁鎹熷け 30.4%, 缂撳瓨娣樻卑鐜?0.0%
馃攳 杩佺Щ缁熻: 鎵ц12娆? 鎴愬姛12娆? 鎴愬姛鐜?00.0%
[璋冭瘯] Episode 0004: 寤惰繜 1.473s, 鑳借€?6120.46J, 瀹屾垚鐜?96.3%, 杩佺Щ鎴愬姛鐜?100.0%, 缂撳瓨鍛戒腑 18.2%, 鏁版嵁鎹熷け 30.4%, 缂撳瓨娣樻卑鐜?0.0%
馃攳 杩佺Щ缁熻: 鎵ц12娆? 鎴愬姛12娆? 鎴愬姛鐜?00.0%
[璋冭瘯] Episode 0004: 寤惰繜 1.467s, 鑳借€?6148.11J, 瀹屾垚鐜?96.3%, 杩佺Щ鎴愬姛鐜?100.0%, 缂撳瓨鍛戒腑 18.7%, 鏁版嵁鎹熷け 30.3%, 缂撳瓨娣樻卑鐜?0.0%
馃攳 杩佺Щ缁熻: 鎵ц12娆? 鎴愬姛12娆? 鎴愬姛鐜?00.0%
[璋冭瘯] Episode 0004: 寤惰繜 1.451s, 鑳借€?6237.33J, 瀹屾垚鐜?96.4%, 杩佺Щ鎴愬姛鐜?100.0%, 缂撳瓨鍛戒腑 18.7%, 鏁版嵁鎹熷け 30.3%, 缂撳瓨娣樻卑鐜?0.0%
馃攳 杩佺Щ缁熻: 鎵ц12娆? 鎴愬姛12娆? 鎴愬姛鐜?00.0%
[璋冭瘯] Episode 0004: 寤惰繜 1.447s, 鑳借€?6247.23J, 瀹屾垚鐜?96.4%, 杩佺Щ鎴愬姛鐜?100.0%, 缂撳瓨鍛戒腑 18.7%, 鏁版嵁鎹熷け 30.3%, 缂撳瓨娣樻卑鐜?0.0%
馃攳 杩佺Щ缁熻: 鎵ц12娆? 鎴愬姛12娆? 鎴愬姛鐜?00.0%
[璋冭瘯] Episode 0004: 寤惰繜 1.440s, 鑳借€?6281.77J, 瀹屾垚鐜?96.4%, 杩佺Щ鎴愬姛鐜?100.0%, 缂撳瓨鍛戒腑 18.7%, 鏁版嵁鎹熷け 30.3%, 缂撳瓨娣樻卑鐜?0.0%
馃攳 杩佺Щ缁熻: 鎵ц12娆? 鎴愬姛12娆? 鎴愬姛鐜?00.0%
[璋冭瘯] Episode 0004: 寤惰繜 1.437s, 鑳借€?6282.68J, 瀹屾垚鐜?96.4%, 杩佺Щ鎴愬姛鐜?100.0%, 缂撳瓨鍛戒腑 18.6%, 鏁版嵁鎹熷け 30.3%, 缂撳瓨娣樻卑鐜?0.0%
馃攳 杩佺Щ缁熻: 鎵ц12娆? 鎴愬姛12娆? 鎴愬姛鐜?00.0%
[璋冭瘯] Episode 0004: 寤惰繜 1.437s, 鑳借€?6282.68J, 瀹屾垚鐜?96.4%, 杩佺Щ鎴愬姛鐜?100.0%, 缂撳瓨鍛戒腑 18.6%, 鏁版嵁鎹熷け 30.3%, 缂撳瓨娣樻卑鐜?0.0%
馃攳 杩佺Щ缁熻: 鎵ц12娆? 鎴愬姛12娆? 鎴愬姛鐜?00.0%
[璋冭瘯] Episode 0004: 寤惰繜 1.422s, 鑳借€?6302.85J, 瀹屾垚鐜?96.4%, 杩佺Щ鎴愬姛鐜?100.0%, 缂撳瓨鍛戒腑 19.1%, 鏁版嵁鎹熷け 29.8%, 缂撳瓨娣樻卑鐜?0.0%
浠诲姟鍒嗙被缁熻(400): 绫诲瀷1=0.0%, 绫诲瀷2=8.2%, 绫诲瀷3=34.2%, 绫诲瀷4=57.5%
   褰撳墠浠诲姟: safety_alert, 0.48s 鈫?绫诲瀷4, 鏁版嵁0.05MB
   馃捑 缂撳瓨缁熻: 鍛戒腑鐜?19.05% (鎬诲懡涓?96, 鏈湴:0, 鏈懡涓?408)
馃攳 杩佺Щ缁熻: 鎵ц12娆? 鎴愬姛12娆? 鎴愬姛鐜?00.0%
[璋冭瘯] Episode 0004: 寤惰繜 1.420s, 鑳借€?6302.90J, 瀹屾垚鐜?96.5%, 杩佺Щ鎴愬姛鐜?100.0%, 缂撳瓨鍛戒腑 18.7%, 鏁版嵁鎹熷け 29.5%, 缂撳瓨娣樻卑鐜?0.0%
馃攳 杩佺Щ缁熻: 鎵ц12娆? 鎴愬姛12娆? 鎴愬姛鐜?00.0%
[璋冭瘯] Episode 0004: 寤惰繜 1.409s, 鑳借€?6370.16J, 瀹屾垚鐜?96.5%, 杩佺Щ鎴愬姛鐜?100.0%, 缂撳瓨鍛戒腑 19.1%, 鏁版嵁鎹熷け 29.4%, 缂撳瓨娣樻卑鐜?0.0%
馃攳 杩佺Щ缁熻: 鎵ц12娆? 鎴愬姛12娆? 鎴愬姛鐜?00.0%
[璋冭瘯] Episode 0004: 寤惰繜 1.404s, 鑳借€?6408.29J, 瀹屾垚鐜?96.5%, 杩佺Щ鎴愬姛鐜?100.0%, 缂撳瓨鍛戒腑 19.2%, 鏁版嵁鎹熷け 29.4%, 缂撳瓨娣樻卑鐜?0.0%
馃攳 杩佺Щ缁熻: 鎵ц12娆? 鎴愬姛12娆? 鎴愬姛鐜?00.0%
[璋冭瘯] Episode 0004: 寤惰繜 1.392s, 鑳借€?6442.89J, 瀹屾垚鐜?96.6%, 杩佺Щ鎴愬姛鐜?100.0%, 缂撳瓨鍛戒腑 19.2%, 鏁版嵁鎹熷け 29.4%, 缂撳瓨娣樻卑鐜?0.0%
馃攳 杩佺Щ缁熻: 鎵ц12娆? 鎴愬姛12娆? 鎴愬姛鐜?00.0%
[璋冭瘯] Episode 0004: 寤惰繜 1.383s, 鑳借€?6482.50J, 瀹屾垚鐜?96.6%, 杩佺Щ鎴愬姛鐜?100.0%, 缂撳瓨鍛戒腑 19.5%, 鏁版嵁鎹熷け 29.3%, 缂撳瓨娣樻卑鐜?0.0%
馃攳 杩佺Щ缁熻: 鎵ц12娆? 鎴愬姛12娆? 鎴愬姛鐜?00.0%
[璋冭瘯] Episode 0004: 寤惰繜 1.381s, 鑳借€?6485.52J, 瀹屾垚鐜?96.6%, 杩佺Щ鎴愬姛鐜?100.0%, 缂撳瓨鍛戒腑 19.3%, 鏁版嵁鎹熷け 27.8%, 缂撳瓨娣樻卑鐜?0.0%
馃攳 杩佺Щ缁熻: 鎵ц12娆? 鎴愬姛12娆? 鎴愬姛鐜?00.0%
[璋冭瘯] Episode 0004: 寤惰繜 1.440s, 鑳借€?6657.06J, 瀹屾垚鐜?96.6%, 杩佺Щ鎴愬姛鐜?100.0%, 缂撳瓨鍛戒腑 19.4%, 鏁版嵁鎹熷け 27.5%, 缂撳瓨娣樻卑鐜?0.0%
馃攳 杩佺Щ缁熻: 鎵ц12娆? 鎴愬姛12娆? 鎴愬姛鐜?00.0%
[璋冭瘯] Episode 0004: 寤惰繜 1.427s, 鑳借€?6699.98J, 瀹屾垚鐜?96.7%, 杩佺Щ鎴愬姛鐜?100.0%, 缂撳瓨鍛戒腑 19.7%, 鏁版嵁鎹熷け 27.4%, 缂撳瓨娣樻卑鐜?0.0%
馃攳 杩佺Щ缁熻: 鎵ц12娆? 鎴愬姛12娆? 鎴愬姛鐜?00.0%
[璋冭瘯] Episode 0004: 寤惰繜 1.418s, 鑳借€?6722.21J, 瀹屾垚鐜?96.7%, 杩佺Щ鎴愬姛鐜?100.0%, 缂撳瓨鍛戒腑 19.7%, 鏁版嵁鎹熷け 27.4%, 缂撳瓨娣樻卑鐜?0.0%
馃攳 杩佺Щ缁熻: 鎵ц12娆? 鎴愬姛12娆? 鎴愬姛鐜?00.0%
[璋冭瘯] Episode 0004: 寤惰繜 1.408s, 鑳借€?6750.79J, 瀹屾垚鐜?96.7%, 杩佺Щ鎴愬姛鐜?100.0%, 缂撳瓨鍛戒腑 20.0%, 鏁版嵁鎹熷け 27.4%, 缂撳瓨娣樻卑鐜?0.0%
馃攳 杩佺Щ缁熻: 鎵ц12娆? 鎴愬姛12娆? 鎴愬姛鐜?00.0%
[璋冭瘯] Episode 0004: 寤惰繜 1.401s, 鑳借€?6795.97J, 瀹屾垚鐜?96.7%, 杩佺Щ鎴愬姛鐜?100.0%, 缂撳瓨鍛戒腑 20.1%, 鏁版嵁鎹熷け 27.4%, 缂撳瓨娣樻卑鐜?0.0%
馃攳 杩佺Щ缁熻: 鎵ц12娆? 鎴愬姛12娆? 鎴愬姛鐜?00.0%
[璋冭瘯] Episode 0004: 寤惰繜 1.396s, 鑳借€?6816.63J, 瀹屾垚鐜?96.8%, 杩佺Щ鎴愬姛鐜?100.0%, 缂撳瓨鍛戒腑 20.1%, 鏁版嵁鎹熷け 27.4%, 缂撳瓨娣樻卑鐜?0.0%
馃攳 杩佺Щ缁熻: 鎵ц12娆? 鎴愬姛12娆? 鎴愬姛鐜?00.0%
[璋冭瘯] Episode 0004: 寤惰繜 1.395s, 鑳借€?6846.03J, 瀹屾垚鐜?96.8%, 杩佺Щ鎴愬姛鐜?100.0%, 缂撳瓨鍛戒腑 20.2%, 鏁版嵁鎹熷け 27.3%, 缂撳瓨娣樻卑鐜?0.0%
馃攳 杩佺Щ缁熻: 鎵ц12娆? 鎴愬姛12娆? 鎴愬姛鐜?00.0%
[璋冭瘯] Episode 0004: 寤惰繜 1.380s, 鑳借€?6878.77J, 瀹屾垚鐜?96.8%, 杩佺Щ鎴愬姛鐜?100.0%, 缂撳瓨鍛戒腑 20.5%, 鏁版嵁鎹熷け 27.3%, 缂撳瓨娣樻卑鐜?0.0%
馃攳 杩佺Щ缁熻: 鎵ц12娆? 鎴愬姛12娆? 鎴愬姛鐜?00.0%
[璋冭瘯] Episode 0004: 寤惰繜 1.363s, 鑳借€?6927.83J, 瀹屾垚鐜?96.9%, 杩佺Щ鎴愬姛鐜?100.0%, 缂撳瓨鍛戒腑 20.7%, 鏁版嵁鎹熷け 27.3%, 缂撳瓨娣樻卑鐜?0.0%
馃攳 杩佺Щ缁熻: 鎵ц12娆? 鎴愬姛12娆? 鎴愬姛鐜?00.0%
[璋冭瘯] Episode 0004: 寤惰繜 1.361s, 鑳借€?6928.89J, 瀹屾垚鐜?96.9%, 杩佺Щ鎴愬姛鐜?100.0%, 缂撳瓨鍛戒腑 20.7%, 鏁版嵁鎹熷け 27.3%, 缂撳瓨娣樻卑鐜?0.0%
馃攳 杩佺Щ缁熻: 鎵ц12娆? 鎴愬姛12娆? 鎴愬姛鐜?00.0%
[璋冭瘯] Episode 0004: 寤惰繜 1.358s, 鑳借€?6928.89J, 瀹屾垚鐜?96.9%, 杩佺Щ鎴愬姛鐜?100.0%, 缂撳瓨鍛戒腑 20.7%, 鏁版嵁鎹熷け 27.3%, 缂撳瓨娣樻卑鐜?0.0%
馃攳 杩佺Щ缁熻: 鎵ц12娆? 鎴愬姛12娆? 鎴愬姛鐜?00.0%
[璋冭瘯] Episode 0004: 寤惰繜 1.347s, 鑳借€?7029.90J, 瀹屾垚鐜?96.9%, 杩佺Щ鎴愬姛鐜?100.0%, 缂撳瓨鍛戒腑 20.7%, 鏁版嵁鎹熷け 27.3%, 缂撳瓨娣樻卑鐜?0.0%
馃攳 杩佺Щ缁熻: 鎵ц12娆? 鎴愬姛12娆? 鎴愬姛鐜?00.0%
[璋冭瘯] Episode 0004: 寤惰繜 1.339s, 鑳借€?7032.55J, 瀹屾垚鐜?96.9%, 杩佺Щ鎴愬姛鐜?100.0%, 缂撳瓨鍛戒腑 21.1%, 鏁版嵁鎹熷け 27.2%, 缂撳瓨娣樻卑鐜?0.0%
馃攳 杩佺Щ缁熻: 鎵ц12娆? 鎴愬姛12娆? 鎴愬姛鐜?00.0%
[璋冭瘯] Episode 0004: 寤惰繜 1.656s, 鑳借€?7882.59J, 瀹屾垚鐜?97.0%, 杩佺Щ鎴愬姛鐜?100.0%, 缂撳瓨鍛戒腑 21.7%, 鏁版嵁鎹熷け 25.4%, 缂撳瓨娣樻卑鐜?0.0%
馃攳 杩佺Щ缁熻: 鎵ц12娆? 鎴愬姛12娆? 鎴愬姛鐜?00.0%
[璋冭瘯] Episode 0004: 寤惰繜 1.649s, 鑳借€?7885.60J, 瀹屾垚鐜?97.0%, 杩佺Щ鎴愬姛鐜?100.0%, 缂撳瓨鍛戒腑 21.9%, 鏁版嵁鎹熷け 25.4%, 缂撳瓨娣樻卑鐜?0.0%
馃攳 杩佺Щ缁熻: 鎵ц12娆? 鎴愬姛12娆? 鎴愬姛鐜?00.0%
[璋冭瘯] Episode 0004: 寤惰繜 1.646s, 鑳借€?7895.52J, 瀹屾垚鐜?97.0%, 杩佺Щ鎴愬姛鐜?100.0%, 缂撳瓨鍛戒腑 22.0%, 鏁版嵁鎹熷け 25.4%, 缂撳瓨娣樻卑鐜?0.0%
馃攳 杩佺Щ缁熻: 鎵ц12娆? 鎴愬姛12娆? 鎴愬姛鐜?00.0%
[璋冭瘯] Episode 0004: 寤惰繜 1.907s, 鑳借€?8655.57J, 瀹屾垚鐜?96.8%, 杩佺Щ鎴愬姛鐜?100.0%, 缂撳瓨鍛戒腑 22.0%, 鏁版嵁鎹熷け 24.1%, 缂撳瓨娣樻卑鐜?0.0%
馃攳 杩佺Щ缁熻: 鎵ц12娆? 鎴愬姛12娆? 鎴愬姛鐜?00.0%
[璋冭瘯] Episode 0004: 寤惰繜 1.900s, 鑳借€?8658.56J, 瀹屾垚鐜?96.8%, 杩佺Щ鎴愬姛鐜?100.0%, 缂撳瓨鍛戒腑 22.1%, 鏁版嵁鎹熷け 24.1%, 缂撳瓨娣樻卑鐜?0.0%
馃攳 杩佺Щ缁熻: 鎵ц12娆? 鎴愬姛12娆? 鎴愬姛鐜?00.0%
[璋冭瘯] Episode 0004: 寤惰繜 1.900s, 鑳借€?8658.81J, 瀹屾垚鐜?96.6%, 杩佺Щ鎴愬姛鐜?100.0%, 缂撳瓨鍛戒腑 22.3%, 鏁版嵁鎹熷け 24.0%, 缂撳瓨娣樻卑鐜?0.0%
[VehicleMigration] handover #1: vehicle V_11 task task_15 RSU_2 -> RSU_1
   Trigger: distance 291.0m > threshold 291.0m (speed 6.0 m/s)
   Score: 391.0 -> 191.1 (improvement 51.1%)
   Queue trend: RSU_2: 0 -> 0, RSU_1: 0 -> 1
[Migration] Executed 1 vehicle-following migrations.
馃攳 杩佺Щ缁熻: 鎵ц13娆? 鎴愬姛13娆? 鎴愬姛鐜?00.0%
[璋冭瘯] Episode 0004: 寤惰繜 1.893s, 鑳借€?8683.95J, 瀹屾垚鐜?96.5%, 杩佺Щ鎴愬姛鐜?100.0%, 缂撳瓨鍛戒腑 22.3%, 鏁版嵁鎹熷け 24.0%, 缂撳瓨娣樻卑鐜?0.0%
馃攳 杩佺Щ缁熻: 鎵ц13娆? 鎴愬姛13娆? 鎴愬姛鐜?00.0%
[璋冭瘯] Episode 0004: 寤惰繜 1.886s, 鑳借€?8703.85J, 瀹屾垚鐜?96.5%, 杩佺Щ鎴愬姛鐜?100.0%, 缂撳瓨鍛戒腑 22.4%, 鏁版嵁鎹熷け 23.8%, 缂撳瓨娣樻卑鐜?0.0%
馃攳 杩佺Щ缁熻: 鎵ц13娆? 鎴愬姛13娆? 鎴愬姛鐜?00.0%
[璋冭瘯] Episode 0004: 寤惰繜 1.877s, 鑳借€?8760.04J, 瀹屾垚鐜?96.5%, 杩佺Щ鎴愬姛鐜?100.0%, 缂撳瓨鍛戒腑 22.2%, 鏁版嵁鎹熷け 23.8%, 缂撳瓨娣樻卑鐜?0.0%
馃攳 杩佺Щ缁熻: 鎵ц13娆? 鎴愬姛13娆? 鎴愬姛鐜?00.0%
[璋冭瘯] Episode 0004: 寤惰繜 1.866s, 鑳借€?8823.64J, 瀹屾垚鐜?96.5%, 杩佺Щ鎴愬姛鐜?100.0%, 缂撳瓨鍛戒腑 22.1%, 鏁版嵁鎹熷け 23.7%, 缂撳瓨娣樻卑鐜?0.0%
馃攳 杩佺Щ缁熻: 鎵ц13娆? 鎴愬姛13娆? 鎴愬姛鐜?00.0%
[璋冭瘯] Episode 0004: 寤惰繜 1.862s, 鑳借€?8824.03J, 瀹屾垚鐜?96.5%, 杩佺Щ鎴愬姛鐜?100.0%, 缂撳瓨鍛戒腑 22.1%, 鏁版嵁鎹熷け 23.7%, 缂撳瓨娣樻卑鐜?0.0%
馃攳 杩佺Щ缁熻: 鎵ц13娆? 鎴愬姛13娆? 鎴愬姛鐜?00.0%
[璋冭瘯] Episode 0004: 寤惰繜 1.910s, 鑳借€?8998.79J, 瀹屾垚鐜?96.6%, 杩佺Щ鎴愬姛鐜?100.0%, 缂撳瓨鍛戒腑 22.2%, 鏁版嵁鎹熷け 23.5%, 缂撳瓨娣樻卑鐜?0.0%
馃攳 杩佺Щ缁熻: 鎵ц13娆? 鎴愬姛13娆? 鎴愬姛鐜?00.0%
[璋冭瘯] Episode 0004: 寤惰繜 1.906s, 鑳借€?9007.55J, 瀹屾垚鐜?96.6%, 杩佺Щ鎴愬姛鐜?100.0%, 缂撳瓨鍛戒腑 22.2%, 鏁版嵁鎹熷け 23.5%, 缂撳瓨娣樻卑鐜?0.0%
馃攳 杩佺Щ缁熻: 鎵ц13娆? 鎴愬姛13娆? 鎴愬姛鐜?00.0%
[璋冭瘯] Episode 0004: 寤惰繜 1.906s, 鑳借€?9007.55J, 瀹屾垚鐜?96.6%, 杩佺Щ鎴愬姛鐜?100.0%, 缂撳瓨鍛戒腑 22.2%, 鏁版嵁鎹熷け 23.5%, 缂撳瓨娣樻卑鐜?0.0%
馃攳 杩佺Щ缁熻: 鎵ц13娆? 鎴愬姛13娆? 鎴愬姛鐜?00.0%
[璋冭瘯] Episode 0004: 寤惰繜 1.907s, 鑳借€?9007.64J, 瀹屾垚鐜?96.6%, 杩佺Щ鎴愬姛鐜?100.0%, 缂撳瓨鍛戒腑 22.1%, 鏁版嵁鎹熷け 23.5%, 缂撳瓨娣樻卑鐜?0.0%
馃攳 杩佺Щ缁熻: 鎵ц13娆? 鎴愬姛13娆? 鎴愬姛鐜?00.0%
[璋冭瘯] Episode 0004: 寤惰繜 1.898s, 鑳借€?9047.38J, 瀹屾垚鐜?96.6%, 杩佺Щ鎴愬姛鐜?100.0%, 缂撳瓨鍛戒腑 22.2%, 鏁版嵁鎹熷け 23.5%, 缂撳瓨娣樻卑鐜?0.0%
浠诲姟鍒嗙被缁熻(500): 绫诲瀷1=0.0%, 绫诲瀷2=8.6%, 绫诲瀷3=34.8%, 绫诲瀷4=56.6%
   褰撳墠浠诲姟: safety_alert, 0.16s 鈫?绫诲瀷4, 鏁版嵁0.05MB
   馃捑 缂撳瓨缁熻: 鍛戒腑鐜?22.19% (鎬诲懡涓?146, 鏈湴:0, 鏈懡涓?512)
馃攳 杩佺Щ缁熻: 鎵ц13娆? 鎴愬姛13娆? 鎴愬姛鐜?00.0%
[璋冭瘯] Episode 0004: 寤惰繜 1.896s, 鑳借€?9092.35J, 瀹屾垚鐜?96.6%, 杩佺Щ鎴愬姛鐜?100.0%, 缂撳瓨鍛戒腑 22.0%, 鏁版嵁鎹熷け 23.5%, 缂撳瓨娣樻卑鐜?0.0%
馃攳 杩佺Щ缁熻: 鎵ц13娆? 鎴愬姛13娆? 鎴愬姛鐜?00.0%
[璋冭瘯] Episode 0004: 寤惰繜 1.883s, 鑳借€?9151.64J, 瀹屾垚鐜?96.6%, 杩佺Щ鎴愬姛鐜?100.0%, 缂撳瓨鍛戒腑 21.8%, 鏁版嵁鎹熷け 22.2%, 缂撳瓨娣樻卑鐜?0.0%
馃攳 杩佺Щ缁熻: 鎵ц13娆? 鎴愬姛13娆? 鎴愬姛鐜?00.0%
[璋冭瘯] Episode 0004: 寤惰繜 1.878s, 鑳借€?9216.85J, 瀹屾垚鐜?96.6%, 杩佺Щ鎴愬姛鐜?100.0%, 缂撳瓨鍛戒腑 21.7%, 鏁版嵁鎹熷け 22.0%, 缂撳瓨娣樻卑鐜?0.0%
馃攳 杩佺Щ缁熻: 鎵ц13娆? 鎴愬姛13娆? 鎴愬姛鐜?00.0%
[璋冭瘯] Episode 0004: 寤惰繜 1.878s, 鑳借€?9216.85J, 瀹屾垚鐜?96.6%, 杩佺Щ鎴愬姛鐜?100.0%, 缂撳瓨鍛戒腑 21.6%, 鏁版嵁鎹熷け 22.0%, 缂撳瓨娣樻卑鐜?0.0%
馃攳 杩佺Щ缁熻: 鎵ц13娆? 鎴愬姛13娆? 鎴愬姛鐜?00.0%
[璋冭瘯] Episode 0004: 寤惰繜 1.867s, 鑳借€?9274.94J, 瀹屾垚鐜?96.7%, 杩佺Щ鎴愬姛鐜?100.0%, 缂撳瓨鍛戒腑 21.8%, 鏁版嵁鎹熷け 22.0%, 缂撳瓨娣樻卑鐜?0.0%
馃攳 杩佺Щ缁熻: 鎵ц13娆? 鎴愬姛13娆? 鎴愬姛鐜?00.0%
[璋冭瘯] Episode 0004: 寤惰繜 1.871s, 鑳借€?9275.15J, 瀹屾垚鐜?96.7%, 杩佺Щ鎴愬姛鐜?100.0%, 缂撳瓨鍛戒腑 21.7%, 鏁版嵁鎹熷け 22.0%, 缂撳瓨娣樻卑鐜?0.0%
[Episode 4, Step 1] Tasks: generated=3, local=0(0.0%), rsu=2(66.7%), uav=1(33.3%), dropped=0(0.0%)
[Episode 4, Step 3] Tasks: generated=2, local=0(0.0%), rsu=1(50.0%), uav=1(50.0%), dropped=0(0.0%)
[Episode 4, Step 5] Tasks: generated=3, local=2(66.7%), rsu=0(0.0%), uav=1(33.3%), dropped=0(0.0%)
[Episode 4, Step 7] Tasks: generated=1, local=1(100.0%), rsu=0(0.0%), uav=0(0.0%), dropped=0(0.0%)
[Episode 4, Step 9] Tasks: generated=0, local=0(0.0%), rsu=0(0.0%), uav=0(0.0%), dropped=0(0.0%)
[Episode 4, Step 11] Tasks: generated=4, local=0(0.0%), rsu=2(50.0%), uav=2(50.0%), dropped=0(0.0%)
[Episode 4, Step 13] Tasks: generated=6, local=3(50.0%), rsu=2(33.3%), uav=1(16.7%), dropped=0(0.0%)
[Episode 4, Step 15] Tasks: generated=3, local=1(33.3%), rsu=2(66.7%), uav=0(0.0%), dropped=0(0.0%)
[Episode 4, Step 17] Tasks: generated=3, local=0(0.0%), rsu=1(33.3%), uav=2(66.7%), dropped=0(0.0%)
[Episode 4, Step 19] Tasks: generated=5, local=2(40.0%), rsu=0(0.0%), uav=3(60.0%), dropped=0(0.0%)
[Episode 4, Step 21] Tasks: generated=5, local=2(40.0%), rsu=1(20.0%), uav=2(40.0%), dropped=0(0.0%)
[Episode 4, Step 23] Tasks: generated=4, local=4(100.0%), rsu=0(0.0%), uav=0(0.0%), dropped=0(0.0%)
[Episode 4, Step 25] Tasks: generated=1, local=0(0.0%), rsu=0(0.0%), uav=1(100.0%), dropped=0(0.0%)
[Episode 4, Step 27] Tasks: generated=3, local=0(0.0%), rsu=1(33.3%), uav=2(66.7%), dropped=0(0.0%)
[Episode 4, Step 29] Tasks: generated=2, local=1(50.0%), rsu=1(50.0%), uav=0(0.0%), dropped=0(0.0%)
[Episode 4, Step 31] Tasks: generated=2, local=1(50.0%), rsu=0(0.0%), uav=1(50.0%), dropped=0(0.0%)
[Episode 4, Step 33] Tasks: generated=1, local=1(100.0%), rsu=0(0.0%), uav=0(0.0%), dropped=0(0.0%)
[Episode 4, Step 35] Tasks: generated=0, local=0(0.0%), rsu=0(0.0%), uav=0(0.0%), dropped=0(0.0%)
[Episode 4, Step 37] Tasks: generated=2, local=0(0.0%), rsu=1(50.0%), uav=1(50.0%), dropped=0(0.0%)
[Episode 4, Step 39] Tasks: generated=1, local=1(100.0%), rsu=0(0.0%), uav=0(0.0%), dropped=0(0.0%)
[Episode 4, Step 41] Tasks: generated=2, local=1(50.0%), rsu=1(50.0%), uav=0(0.0%), dropped=0(0.0%)
[Episode 4, Step 43] Tasks: generated=1, local=0(0.0%), rsu=1(100.0%), uav=0(0.0%), dropped=0(0.0%)
[Episode 4, Step 45] Tasks: generated=4, local=1(25.0%), rsu=1(25.0%), uav=2(50.0%), dropped=0(0.0%)
[Episode 4, Step 47] Tasks: generated=2, local=2(100.0%), rsu=0(0.0%), uav=0(0.0%), dropped=0(0.0%)
[Episode 4, Step 49] Tasks: generated=3, local=1(33.3%), rsu=2(66.7%), uav=0(0.0%), dropped=1(33.3%)
[Episode 4, Step 51] Tasks: generated=3, local=1(33.3%), rsu=1(33.3%), uav=1(33.3%), dropped=0(0.0%)
[Episode 4, Step 53] Tasks: generated=3, local=2(66.7%), rsu=0(0.0%), uav=1(33.3%), dropped=0(0.0%)
[Episode 4, Step 55] Tasks: generated=1, local=0(0.0%), rsu=1(100.0%), uav=0(0.0%), dropped=1(100.0%)
[Episode 4, Step 57] Tasks: generated=3, local=2(66.7%), rsu=1(33.3%), uav=0(0.0%), dropped=0(0.0%)
[Episode 4, Step 59] Tasks: generated=0, local=0(0.0%), rsu=0(0.0%), uav=0(0.0%), dropped=0(0.0%)
[Episode 4, Step 61] Tasks: generated=3, local=1(33.3%), rsu=1(33.3%), uav=1(33.3%), dropped=0(0.0%)
[Episode 4, Step 63] Tasks: generated=1, local=0(0.0%), rsu=1(100.0%), uav=0(0.0%), dropped=0(0.0%)
[Episode 4, Step 65] Tasks: generated=3, local=2(66.7%), rsu=0(0.0%), uav=1(33.3%), dropped=0(0.0%)
[Episode 4, Step 67] Tasks: generated=0, local=0(0.0%), rsu=0(0.0%), uav=0(0.0%), dropped=0(0.0%)
[Episode 4, Step 69] Tasks: generated=3, local=1(33.3%), rsu=2(66.7%), uav=0(0.0%), dropped=0(0.0%)
[Episode 4, Step 71] Tasks: generated=3, local=2(66.7%), rsu=1(33.3%), uav=0(0.0%), dropped=0(0.0%)
[Episode 4, Step 73] Tasks: generated=2, local=1(50.0%), rsu=0(0.0%), uav=1(50.0%), dropped=0(0.0%)
[Episode 4, Step 75] Tasks: generated=1, local=0(0.0%), rsu=0(0.0%), uav=1(100.0%), dropped=0(0.0%)
[Episode 4, Step 77] Tasks: generated=2, local=2(100.0%), rsu=0(0.0%), uav=0(0.0%), dropped=0(0.0%)
[Episode 4, Step 79] Tasks: generated=1, local=0(0.0%), rsu=0(0.0%), uav=1(100.0%), dropped=0(0.0%)
[Episode 4, Step 81] Tasks: generated=3, local=1(33.3%), rsu=2(66.7%), uav=0(0.0%), dropped=0(0.0%)
[Episode 4, Step 83] Tasks: generated=0, local=0(0.0%), rsu=0(0.0%), uav=0(0.0%), dropped=0(0.0%)
[Episode 4, Step 85] Tasks: generated=2, local=0(0.0%), rsu=1(50.0%), uav=1(50.0%), dropped=0(0.0%)
[Episode 4, Step 87] Tasks: generated=3, local=3(100.0%), rsu=0(0.0%), uav=0(0.0%), dropped=0(0.0%)
[Episode 4, Step 89] Tasks: generated=1, local=0(0.0%), rsu=1(100.0%), uav=0(0.0%), dropped=0(0.0%)
[Episode 4, Step 91] Tasks: generated=0, local=0(0.0%), rsu=0(0.0%), uav=0(0.0%), dropped=0(0.0%)
[Episode 4, Step 93] Tasks: generated=3, local=2(66.7%), rsu=0(0.0%), uav=1(33.3%), dropped=0(0.0%)
[Episode 4, Step 95] Tasks: generated=1, local=0(0.0%), rsu=1(100.0%), uav=0(0.0%), dropped=0(0.0%)
[Episode 4, Step 97] Tasks: generated=4, local=1(25.0%), rsu=2(50.0%), uav=1(25.0%), dropped=0(0.0%)
[Episode 4, Step 99] Tasks: generated=1, local=0(0.0%), rsu=1(100.0%), uav=0(0.0%), dropped=0(0.0%)
[Episode 4, Step 101] Tasks: generated=1, local=0(0.0%), rsu=0(0.0%), uav=1(100.0%), dropped=0(0.0%)
[Episode 4, Step 103] Tasks: generated=3, local=3(100.0%), rsu=0(0.0%), uav=0(0.0%), dropped=0(0.0%)
[Episode 4, Step 105] Tasks: generated=4, local=3(75.0%), rsu=0(0.0%), uav=1(25.0%), dropped=0(0.0%)
[Episode 4, Step 107] Tasks: generated=0, local=0(0.0%), rsu=0(0.0%), uav=0(0.0%), dropped=0(0.0%)
[Episode 4, Step 109] Tasks: generated=1, local=0(0.0%), rsu=1(100.0%), uav=0(0.0%), dropped=0(0.0%)
[Episode 4, Step 111] Tasks: generated=0, local=0(0.0%), rsu=0(0.0%), uav=0(0.0%), dropped=0(0.0%)
[Episode 4, Step 113] Tasks: generated=5, local=1(20.0%), rsu=1(20.0%), uav=3(60.0%), dropped=0(0.0%)
[Episode 4, Step 115] Tasks: generated=3, local=1(33.3%), rsu=1(33.3%), uav=1(33.3%), dropped=0(0.0%)
[Episode 4, Step 117] Tasks: generated=3, local=0(0.0%), rsu=1(33.3%), uav=2(66.7%), dropped=0(0.0%)
[Episode 4, Step 119] Tasks: generated=2, local=1(50.0%), rsu=0(0.0%), uav=1(50.0%), dropped=0(0.0%)
[Episode 4, Step 121] Tasks: generated=3, local=2(66.7%), rsu=1(33.3%), uav=0(0.0%), dropped=0(0.0%)
[Episode 4, Step 123] Tasks: generated=1, local=1(100.0%), rsu=0(0.0%), uav=0(0.0%), dropped=0(0.0%)
[Episode 4, Step 125] Tasks: generated=1, local=0(0.0%), rsu=0(0.0%), uav=1(100.0%), dropped=0(0.0%)
[Episode 4, Step 127] Tasks: generated=1, local=0(0.0%), rsu=0(0.0%), uav=1(100.0%), dropped=0(0.0%)
[Episode 4, Step 129] Tasks: generated=5, local=1(20.0%), rsu=2(40.0%), uav=2(40.0%), dropped=0(0.0%)
[Episode 4, Step 131] Tasks: generated=7, local=2(28.6%), rsu=2(28.6%), uav=3(42.9%), dropped=0(0.0%)
[Episode 4, Step 133] Tasks: generated=2, local=0(0.0%), rsu=1(50.0%), uav=1(50.0%), dropped=2(100.0%)
[Episode 4, Step 135] Tasks: generated=3, local=1(33.3%), rsu=1(33.3%), uav=1(33.3%), dropped=0(0.0%)
[Episode 4, Step 137] Tasks: generated=4, local=1(25.0%), rsu=1(25.0%), uav=2(50.0%), dropped=0(0.0%)
[Episode 4, Step 139] Tasks: generated=2, local=0(0.0%), rsu=2(100.0%), uav=0(0.0%), dropped=0(0.0%)
[Episode 4, Step 141] Tasks: generated=7, local=3(42.9%), rsu=1(14.3%), uav=3(42.9%), dropped=0(0.0%)
[Episode 4, Step 143] Tasks: generated=3, local=0(0.0%), rsu=1(33.3%), uav=2(66.7%), dropped=0(0.0%)
[Episode 4, Step 145] Tasks: generated=2, local=0(0.0%), rsu=2(100.0%), uav=0(0.0%), dropped=0(0.0%)
[Episode 4, Step 147] Tasks: generated=3, local=0(0.0%), rsu=0(0.0%), uav=3(100.0%), dropped=0(0.0%)
[Episode 4, Step 149] Tasks: generated=2, local=0(0.0%), rsu=2(100.0%), uav=0(0.0%), dropped=0(0.0%)
[Episode 4, Step 151] Tasks: generated=3, local=1(33.3%), rsu=0(0.0%), uav=2(66.7%), dropped=0(0.0%)
[Episode 4, Step 153] Tasks: generated=3, local=3(100.0%), rsu=0(0.0%), uav=0(0.0%), dropped=0(0.0%)
[Episode 4, Step 155] Tasks: generated=2, local=2(100.0%), rsu=0(0.0%), uav=0(0.0%), dropped=0(0.0%)
[Episode 4, Step 157] Tasks: generated=0, local=0(0.0%), rsu=0(0.0%), uav=0(0.0%), dropped=0(0.0%)
[Episode 4, Step 159] Tasks: generated=8, local=0(0.0%), rsu=5(62.5%), uav=3(37.5%), dropped=0(0.0%)
[Episode 4, Step 161] Tasks: generated=4, local=2(50.0%), rsu=2(50.0%), uav=0(0.0%), dropped=0(0.0%)
[Episode 4, Step 163] Tasks: generated=4, local=1(25.0%), rsu=2(50.0%), uav=1(25.0%), dropped=0(0.0%)
[Episode 4, Step 165] Tasks: generated=2, local=1(50.0%), rsu=1(50.0%), uav=0(0.0%), dropped=0(0.0%)
[Episode 4, Step 167] Tasks: generated=6, local=2(33.3%), rsu=2(33.3%), uav=2(33.3%), dropped=0(0.0%)
[Episode 4, Step 169] Tasks: generated=1, local=0(0.0%), rsu=0(0.0%), uav=1(100.0%), dropped=0(0.0%)
[Episode 4, Step 171] Tasks: generated=3, local=0(0.0%), rsu=0(0.0%), uav=3(100.0%), dropped=0(0.0%)
[Episode 4, Step 173] Tasks: generated=6, local=2(33.3%), rsu=1(16.7%), uav=3(50.0%), dropped=0(0.0%)
[Episode 4, Step 175] Tasks: generated=2, local=0(0.0%), rsu=2(100.0%), uav=0(0.0%), dropped=0(0.0%)
[Episode 4, Step 177] Tasks: generated=5, local=1(20.0%), rsu=1(20.0%), uav=3(60.0%), dropped=0(0.0%)
[Episode 4, Step 179] Tasks: generated=3, local=0(0.0%), rsu=3(100.0%), uav=0(0.0%), dropped=0(0.0%)
[Episode 4, Step 181] Tasks: generated=5, local=4(80.0%), rsu=1(20.0%), uav=0(0.0%), dropped=1(20.0%)
[Episode 4, Step 183] Tasks: generated=3, local=0(0.0%), rsu=0(0.0%), uav=3(100.0%), dropped=1(33.3%)
[Episode 4, Step 185] Tasks: generated=3, local=0(0.0%), rsu=1(33.3%), uav=2(66.7%), dropped=0(0.0%)
[Episode 4, Step 187] Tasks: generated=4, local=2(50.0%), rsu=1(25.0%), uav=1(25.0%), dropped=0(0.0%)
[Episode 4, Step 189] Tasks: generated=2, local=1(50.0%), rsu=0(0.0%), uav=1(50.0%), dropped=0(0.0%)
[Episode 4, Step 191] Tasks: generated=2, local=0(0.0%), rsu=1(50.0%), uav=1(50.0%), dropped=0(0.0%)
[Episode 4, Step 193] Tasks: generated=2, local=0(0.0%), rsu=0(0.0%), uav=2(100.0%), dropped=0(0.0%)
[Episode 4, Step 195] Tasks: generated=5, local=1(20.0%), rsu=3(60.0%), uav=1(20.0%), dropped=0(0.0%)
[Episode 4, Step 197] Tasks: generated=1, local=0(0.0%), rsu=1(100.0%), uav=0(0.0%), dropped=0(0.0%)
[Episode 4, Step 199] Tasks: generated=2, local=0(0.0%), rsu=1(50.0%), uav=1(50.0%), dropped=0(0.0%)

================================================================================
馃搳 Episode 4 浠诲姟澶勭悊鏂瑰紡鍒嗗竷缁熻
================================================================================
鎬绘鏁? 200
鎬荤敓鎴愪换鍔℃暟: 512

浠诲姟鍒嗗竷鍗犳瘮:
  鉁?鏈湴澶勭悊:    170 浠诲姟 ( 33.2%)
  鉁?RSU澶勭悊:     176 浠诲姟 ( 34.4%)
  鉁?UAV澶勭悊:     166 浠诲姟 ( 32.4%)
  鉁?琚涪寮?       17 浠诲姟 (  3.3%)

琛ュ厖鎸囨爣:
  浠诲姟鎴愬姛鐜? 96.7%
  RSU缂撳瓨鍛戒腑鐜? 21.6%
  骞冲潎鏈湴鍗犳瘮: 28.9%
  骞冲潎RSU鍗犳瘮: 33.2%
  骞冲潎UAV鍗犳瘮: 29.0%
================================================================================

杞﹁締鍒濆鍖栧畬鎴愶細涓诲共閬撳弻璺彛鍦烘櫙
鍒涘缓浜?12 杞﹁締, 4 RSU, 2 UAV
涓ぎRSU璋冨害鍣ㄥ凡鍚敤: RSU_2
[Topology] Central RSU configured as RSU_2 for coordination.
鍒濆鍖栦簡 6 涓紦瀛樼鐞嗗櫒
[VehicleMigration] handover #1: vehicle V_9 task task_1 UAV_0 -> RSU_2
   Trigger: distance 470.1m > threshold 465.2m (speed 13.9 m/s)
   Score: 600.1 -> 154.6 (improvement 74.2%)
   Queue trend: UAV_0: 1 -> 0, RSU_2: 0 -> 1
[Migration] Executed 1 vehicle-following migrations.
馃攳 杩佺Щ缁熻: 鎵ц1娆? 鎴愬姛1娆? 鎴愬姛鐜?00.0%
馃攳 杩佺Щ缁熻: 鎵ц1娆? 鎴愬姛1娆? 鎴愬姛鐜?00.0%
[璋冭瘯] Episode 0005: 寤惰繜 0.762s, 鑳借€?51.60J, 瀹屾垚鐜?100.0%, 杩佺Щ鎴愬姛鐜?100.0%, 缂撳瓨鍛戒腑 20.3%, 鏁版嵁鎹熷け 0.0%, 缂撳瓨娣樻卑鐜?0.0%
馃攳 杩佺Щ缁熻: 鎵ц1娆? 鎴愬姛1娆? 鎴愬姛鐜?00.0%
[璋冭瘯] Episode 0005: 寤惰繜 0.699s, 鑳借€?86.25J, 瀹屾垚鐜?100.0%, 杩佺Щ鎴愬姛鐜?100.0%, 缂撳瓨鍛戒腑 20.2%, 鏁版嵁鎹熷け 0.0%, 缂撳瓨娣樻卑鐜?0.0%
馃攳 杩佺Щ缁熻: 鎵ц1娆? 鎴愬姛1娆? 鎴愬姛鐜?00.0%
[璋冭瘯] Episode 0005: 寤惰繜 0.833s, 鑳借€?155.42J, 瀹屾垚鐜?100.0%, 杩佺Щ鎴愬姛鐜?100.0%, 缂撳瓨鍛戒腑 20.2%, 鏁版嵁鎹熷け 0.0%, 缂撳瓨娣樻卑鐜?0.0%
馃攳 杩佺Щ缁熻: 鎵ц1娆? 鎴愬姛1娆? 鎴愬姛鐜?00.0%
[璋冭瘯] Episode 0005: 寤惰繜 0.989s, 鑳借€?155.68J, 瀹屾垚鐜?100.0%, 杩佺Щ鎴愬姛鐜?100.0%, 缂撳瓨鍛戒腑 20.1%, 鏁版嵁鎹熷け 0.0%, 缂撳瓨娣樻卑鐜?0.0%
馃攳 杩佺Щ缁熻: 鎵ц1娆? 鎴愬姛1娆? 鎴愬姛鐜?00.0%
[璋冭瘯] Episode 0005: 寤惰繜 0.861s, 鑳借€?189.61J, 瀹屾垚鐜?100.0%, 杩佺Щ鎴愬姛鐜?100.0%, 缂撳瓨鍛戒腑 20.0%, 鏁版嵁鎹熷け 0.0%, 缂撳瓨娣樻卑鐜?0.0%
馃攳 杩佺Щ缁熻: 鎵ц1娆? 鎴愬姛1娆? 鎴愬姛鐜?00.0%
[璋冭瘯] Episode 0005: 寤惰繜 0.865s, 鑳借€?197.90J, 瀹屾垚鐜?100.0%, 杩佺Щ鎴愬姛鐜?100.0%, 缂撳瓨鍛戒腑 20.0%, 鏁版嵁鎹熷け 0.0%, 缂撳瓨娣樻卑鐜?0.0%
馃攳 杩佺Щ缁熻: 鎵ц1娆? 鎴愬姛1娆? 鎴愬姛鐜?00.0%
[璋冭瘯] Episode 0005: 寤惰繜 0.669s, 鑳借€?316.56J, 瀹屾垚鐜?95.5%, 杩佺Щ鎴愬姛鐜?100.0%, 缂撳瓨鍛戒腑 20.0%, 鏁版嵁鎹熷け 0.3%, 缂撳瓨娣樻卑鐜?0.0%
馃攳 杩佺Щ缁熻: 鎵ц1娆? 鎴愬姛1娆? 鎴愬姛鐜?00.0%
[璋冭瘯] Episode 0005: 寤惰繜 0.654s, 鑳借€?336.38J, 瀹屾垚鐜?95.7%, 杩佺Щ鎴愬姛鐜?100.0%, 缂撳瓨鍛戒腑 20.0%, 鏁版嵁鎹熷け 0.3%, 缂撳瓨娣樻卑鐜?0.0%
馃攳 杩佺Щ缁熻: 鎵ц1娆? 鎴愬姛1娆? 鎴愬姛鐜?00.0%
[璋冭瘯] Episode 0005: 寤惰繜 0.675s, 鑳借€?359.17J, 瀹屾垚鐜?92.9%, 杩佺Щ鎴愬姛鐜?100.0%, 缂撳瓨鍛戒腑 19.9%, 鏁版嵁鎹熷け 0.6%, 缂撳瓨娣樻卑鐜?0.0%
馃攳 杩佺Щ缁熻: 鎵ц1娆? 鎴愬姛1娆? 鎴愬姛鐜?00.0%
[璋冭瘯] Episode 0005: 寤惰繜 0.644s, 鑳借€?478.37J, 瀹屾垚鐜?94.3%, 杩佺Щ鎴愬姛鐜?100.0%, 缂撳瓨鍛戒腑 19.9%, 鏁版嵁鎹熷け 0.6%, 缂撳瓨娣樻卑鐜?0.0%
馃攳 杩佺Щ缁熻: 鎵ц1娆? 鎴愬姛1娆? 鎴愬姛鐜?00.0%
[璋冭瘯] Episode 0005: 寤惰繜 0.654s, 鑳借€?479.81J, 瀹屾垚鐜?94.4%, 杩佺Щ鎴愬姛鐜?100.0%, 缂撳瓨鍛戒腑 19.9%, 鏁版嵁鎹熷け 0.6%, 缂撳瓨娣樻卑鐜?0.0%
馃攳 杩佺Щ缁熻: 鎵ц1娆? 鎴愬姛1娆? 鎴愬姛鐜?00.0%
[璋冭瘯] Episode 0005: 寤惰繜 0.607s, 鑳借€?503.62J, 瀹屾垚鐜?94.9%, 杩佺Щ鎴愬姛鐜?100.0%, 缂撳瓨鍛戒腑 19.9%, 鏁版嵁鎹熷け 0.6%, 缂撳瓨娣樻卑鐜?0.0%
馃攳 杩佺Щ缁熻: 鎵ц1娆? 鎴愬姛1娆? 鎴愬姛鐜?00.0%
[璋冭瘯] Episode 0005: 寤惰繜 0.693s, 鑳借€?505.48J, 瀹屾垚鐜?95.0%, 杩佺Щ鎴愬姛鐜?100.0%, 缂撳瓨鍛戒腑 19.8%, 鏁版嵁鎹熷け 0.4%, 缂撳瓨娣樻卑鐜?0.0%
馃攳 杩佺Щ缁熻: 鎵ц1娆? 鎴愬姛1娆? 鎴愬姛鐜?00.0%
[璋冭瘯] Episode 0005: 寤惰繜 0.727s, 鑳借€?537.21J, 瀹屾垚鐜?95.2%, 杩佺Щ鎴愬姛鐜?100.0%, 缂撳瓨鍛戒腑 19.8%, 鏁版嵁鎹熷け 0.4%, 缂撳瓨娣樻卑鐜?0.0%
馃攳 杩佺Щ缁熻: 鎵ц1娆? 鎴愬姛1娆? 鎴愬姛鐜?00.0%
[璋冭瘯] Episode 0005: 寤惰繜 0.643s, 鑳借€?606.54J, 瀹屾垚鐜?95.8%, 杩佺Щ鎴愬姛鐜?100.0%, 缂撳瓨鍛戒腑 19.7%, 鏁版嵁鎹熷け 0.4%, 缂撳瓨娣樻卑鐜?0.0%
馃攳 杩佺Щ缁熻: 鎵ц1娆? 鎴愬姛1娆? 鎴愬姛鐜?00.0%
[璋冭瘯] Episode 0005: 寤惰繜 0.634s, 鑳借€?626.35J, 瀹屾垚鐜?95.9%, 杩佺Щ鎴愬姛鐜?100.0%, 缂撳瓨鍛戒腑 19.7%, 鏁版嵁鎹熷け 0.4%, 缂撳瓨娣樻卑鐜?0.0%
馃攳 杩佺Щ缁熻: 鎵ц1娆? 鎴愬姛1娆? 鎴愬姛鐜?00.0%
[璋冭瘯] Episode 0005: 寤惰繜 0.613s, 鑳借€?637.57J, 瀹屾垚鐜?96.1%, 杩佺Щ鎴愬姛鐜?100.0%, 缂撳瓨鍛戒腑 19.7%, 鏁版嵁鎹熷け 0.4%, 缂撳瓨娣樻卑鐜?0.0%
馃攳 杩佺Щ缁熻: 鎵ц1娆? 鎴愬姛1娆? 鎴愬姛鐜?00.0%
[璋冭瘯] Episode 0005: 寤惰繜 0.622s, 鑳借€?651.30J, 瀹屾垚鐜?96.2%, 杩佺Щ鎴愬姛鐜?100.0%, 缂撳瓨鍛戒腑 19.7%, 鏁版嵁鎹熷け 0.4%, 缂撳瓨娣樻卑鐜?0.0%
馃攳 杩佺Щ缁熻: 鎵ц1娆? 鎴愬姛1娆? 鎴愬姛鐜?00.0%
[璋冭瘯] Episode 0005: 寤惰繜 0.645s, 鑳借€?653.74J, 瀹屾垚鐜?96.4%, 杩佺Щ鎴愬姛鐜?100.0%, 缂撳瓨鍛戒腑 19.7%, 鏁版嵁鎹熷け 0.4%, 缂撳瓨娣樻卑鐜?0.0%
馃攳 杩佺Щ缁熻: 鎵ц1娆? 鎴愬姛1娆? 鎴愬姛鐜?00.0%
[璋冭瘯] Episode 0005: 寤惰繜 0.606s, 鑳借€?710.23J, 瀹屾垚鐜?96.7%, 杩佺Щ鎴愬姛鐜?100.0%, 缂撳瓨鍛戒腑 19.6%, 鏁版嵁鎹熷け 0.4%, 缂撳瓨娣樻卑鐜?0.0%
馃攳 杩佺Щ缁熻: 鎵ц1娆? 鎴愬姛1娆? 鎴愬姛鐜?00.0%
[璋冭瘯] Episode 0005: 寤惰繜 0.623s, 鑳借€?750.17J, 瀹屾垚鐜?96.8%, 杩佺Щ鎴愬姛鐜?100.0%, 缂撳瓨鍛戒腑 19.6%, 鏁版嵁鎹熷け 0.4%, 缂撳瓨娣樻卑鐜?0.0%
馃攳 杩佺Щ缁熻: 鎵ц1娆? 鎴愬姛1娆? 鎴愬姛鐜?00.0%
[璋冭瘯] Episode 0005: 寤惰繜 0.635s, 鑳借€?757.55J, 瀹屾垚鐜?96.9%, 杩佺Щ鎴愬姛鐜?100.0%, 缂撳瓨鍛戒腑 19.6%, 鏁版嵁鎹熷け 0.4%, 缂撳瓨娣樻卑鐜?0.0%
馃攳 杩佺Щ缁熻: 鎵ц1娆? 鎴愬姛1娆? 鎴愬姛鐜?00.0%
[璋冭瘯] Episode 0005: 寤惰繜 0.649s, 鑳借€?789.83J, 瀹屾垚鐜?97.1%, 杩佺Щ鎴愬姛鐜?100.0%, 缂撳瓨鍛戒腑 19.6%, 鏁版嵁鎹熷け 0.4%, 缂撳瓨娣樻卑鐜?0.0%
馃攳 杩佺Щ缁熻: 鎵ц1娆? 鎴愬姛1娆? 鎴愬姛鐜?00.0%
[璋冭瘯] Episode 0005: 寤惰繜 0.659s, 鑳借€?810.93J, 瀹屾垚鐜?97.1%, 杩佺Щ鎴愬姛鐜?100.0%, 缂撳瓨鍛戒腑 19.6%, 鏁版嵁鎹熷け 0.4%, 缂撳瓨娣樻卑鐜?0.0%
馃攳 杩佺Щ缁熻: 鎵ц1娆? 鎴愬姛1娆? 鎴愬姛鐜?00.0%
[璋冭瘯] Episode 0005: 寤惰繜 0.629s, 鑳借€?961.45J, 瀹屾垚鐜?97.3%, 杩佺Щ鎴愬姛鐜?100.0%, 缂撳瓨鍛戒腑 19.6%, 鏁版嵁鎹熷け 0.4%, 缂撳瓨娣樻卑鐜?0.0%
馃攳 杩佺Щ缁熻: 鎵ц1娆? 鎴愬姛1娆? 鎴愬姛鐜?00.0%
[璋冭瘯] Episode 0005: 寤惰繜 0.662s, 鑳借€?961.88J, 瀹屾垚鐜?97.3%, 杩佺Щ鎴愬姛鐜?100.0%, 缂撳瓨鍛戒腑 19.5%, 鏁版嵁鎹熷け 0.4%, 缂撳瓨娣樻卑鐜?0.0%
馃攳 杩佺Щ缁熻: 鎵ц1娆? 鎴愬姛1娆? 鎴愬姛鐜?00.0%
[璋冭瘯] Episode 0005: 寤惰繜 0.685s, 鑳借€?1054.59J, 瀹屾垚鐜?97.5%, 杩佺Щ鎴愬姛鐜?100.0%, 缂撳瓨鍛戒腑 19.5%, 鏁版嵁鎹熷け 0.3%, 缂撳瓨娣樻卑鐜?0.0%
馃攳 杩佺Щ缁熻: 鎵ц1娆? 鎴愬姛1娆? 鎴愬姛鐜?00.0%
[璋冭瘯] Episode 0005: 寤惰繜 0.689s, 鑳借€?1054.71J, 瀹屾垚鐜?97.5%, 杩佺Щ鎴愬姛鐜?100.0%, 缂撳瓨鍛戒腑 1.7%, 鏁版嵁鎹熷け 0.3%, 缂撳瓨娣樻卑鐜?0.0%
馃攳 杩佺Щ缁熻: 鎵ц1娆? 鎴愬姛1娆? 鎴愬姛鐜?00.0%
[璋冭瘯] Episode 0005: 寤惰繜 0.696s, 鑳借€?1057.87J, 瀹屾垚鐜?97.6%, 杩佺Щ鎴愬姛鐜?100.0%, 缂撳瓨鍛戒腑 1.6%, 鏁版嵁鎹熷け 0.3%, 缂撳瓨娣樻卑鐜?0.0%
馃攳 杩佺Щ缁熻: 鎵ц1娆? 鎴愬姛1娆? 鎴愬姛鐜?00.0%
[璋冭瘯] Episode 0005: 寤惰繜 0.674s, 鑳借€?1093.60J, 瀹屾垚鐜?97.7%, 杩佺Щ鎴愬姛鐜?100.0%, 缂撳瓨鍛戒腑 1.6%, 鏁版嵁鎹熷け 0.3%, 缂撳瓨娣樻卑鐜?0.0%
馃攳 杩佺Щ缁熻: 鎵ц1娆? 鎴愬姛1娆? 鎴愬姛鐜?00.0%
[璋冭瘯] Episode 0005: 寤惰繜 0.679s, 鑳借€?1120.17J, 瀹屾垚鐜?97.8%, 杩佺Щ鎴愬姛鐜?100.0%, 缂撳瓨鍛戒腑 3.0%, 鏁版嵁鎹熷け 0.3%, 缂撳瓨娣樻卑鐜?0.0%
浠诲姟鍒嗙被缁熻(100): 绫诲瀷1=0.0%, 绫诲瀷2=6.0%, 绫诲瀷3=40.0%, 绫诲瀷4=54.0%
   褰撳墠浠诲姟: navigation_0011, 1.03s 鈫?绫诲瀷3, 鏁版嵁0.41MB
   馃捑 缂撳瓨缁熻: 鍛戒腑鐜?2.99% (鎬诲懡涓?4, 鏈湴:0, 鏈懡涓?130)
馃攳 杩佺Щ缁熻: 鎵ц1娆? 鎴愬姛1娆? 鎴愬姛鐜?00.0%
[璋冭瘯] Episode 0005: 寤惰繜 0.683s, 鑳借€?1128.54J, 瀹屾垚鐜?97.8%, 杩佺Щ鎴愬姛鐜?100.0%, 缂撳瓨鍛戒腑 3.0%, 鏁版嵁鎹熷け 0.3%, 缂撳瓨娣樻卑鐜?0.0%
馃攳 杩佺Щ缁熻: 鎵ц1娆? 鎴愬姛1娆? 鎴愬姛鐜?00.0%
[璋冭瘯] Episode 0005: 寤惰繜 0.674s, 鑳借€?1156.10J, 瀹屾垚鐜?97.9%, 杩佺Щ鎴愬姛鐜?100.0%, 缂撳瓨鍛戒腑 3.0%, 鏁版嵁鎹熷け 0.3%, 缂撳瓨娣樻卑鐜?0.0%
馃攳 杩佺Щ缁熻: 鎵ц1娆? 鎴愬姛1娆? 鎴愬姛鐜?00.0%
[璋冭瘯] Episode 0005: 寤惰繜 0.670s, 鑳借€?1235.74J, 瀹屾垚鐜?98.0%, 杩佺Щ鎴愬姛鐜?100.0%, 缂撳瓨鍛戒腑 2.9%, 鏁版嵁鎹熷け 0.3%, 缂撳瓨娣樻卑鐜?0.0%
馃攳 杩佺Щ缁熻: 鎵ц1娆? 鎴愬姛1娆? 鎴愬姛鐜?00.0%
[璋冭瘯] Episode 0005: 寤惰繜 0.658s, 鑳借€?1256.58J, 瀹屾垚鐜?98.0%, 杩佺Щ鎴愬姛鐜?100.0%, 缂撳瓨鍛戒腑 2.9%, 鏁版嵁鎹熷け 0.3%, 缂撳瓨娣樻卑鐜?0.0%
馃攳 杩佺Щ缁熻: 鎵ц1娆? 鎴愬姛1娆? 鎴愬姛鐜?00.0%
[璋冭瘯] Episode 0005: 寤惰繜 0.682s, 鑳借€?1297.23J, 瀹屾垚鐜?97.2%, 杩佺Щ鎴愬姛鐜?100.0%, 缂撳瓨鍛戒腑 2.7%, 鏁版嵁鎹熷け 0.4%, 缂撳瓨娣樻卑鐜?0.0%
馃攳 杩佺Щ缁熻: 鎵ц1娆? 鎴愬姛1娆? 鎴愬姛鐜?00.0%
[璋冭瘯] Episode 0005: 寤惰繜 0.690s, 鑳借€?1305.15J, 瀹屾垚鐜?97.2%, 杩佺Щ鎴愬姛鐜?100.0%, 缂撳瓨鍛戒腑 2.6%, 鏁版嵁鎹熷け 0.2%, 缂撳瓨娣樻卑鐜?0.0%
馃攳 杩佺Щ缁熻: 鎵ц1娆? 鎴愬姛1娆? 鎴愬姛鐜?00.0%
[璋冭瘯] Episode 0005: 寤惰繜 0.977s, 鑳借€?1672.99J, 瀹屾垚鐜?97.5%, 杩佺Щ鎴愬姛鐜?100.0%, 缂撳瓨鍛戒腑 2.6%, 鏁版嵁鎹熷け 0.2%, 缂撳瓨娣樻卑鐜?0.0%
馃攳 杩佺Щ缁熻: 鎵ц1娆? 鎴愬姛1娆? 鎴愬姛鐜?00.0%
[璋冭瘯] Episode 0005: 寤惰繜 0.966s, 鑳借€?1714.06J, 瀹屾垚鐜?97.5%, 杩佺Щ鎴愬姛鐜?100.0%, 缂撳瓨鍛戒腑 2.6%, 鏁版嵁鎹熷け 0.2%, 缂撳瓨娣樻卑鐜?0.0%
馃攳 杩佺Щ缁熻: 鎵ц1娆? 鎴愬姛1娆? 鎴愬姛鐜?00.0%
[璋冭瘯] Episode 0005: 寤惰繜 0.958s, 鑳借€?1723.97J, 瀹屾垚鐜?97.5%, 杩佺Щ鎴愬姛鐜?100.0%, 缂撳瓨鍛戒腑 2.5%, 鏁版嵁鎹熷け 0.2%, 缂撳瓨娣樻卑鐜?0.0%
馃攳 杩佺Щ缁熻: 鎵ц1娆? 鎴愬姛1娆? 鎴愬姛鐜?00.0%
[璋冭瘯] Episode 0005: 寤惰繜 0.950s, 鑳借€?1724.32J, 瀹屾垚鐜?97.5%, 杩佺Щ鎴愬姛鐜?100.0%, 缂撳瓨鍛戒腑 2.5%, 鏁版嵁鎹熷け 0.2%, 缂撳瓨娣樻卑鐜?0.0%
馃攳 杩佺Щ缁熻: 鎵ц1娆? 鎴愬姛1娆? 鎴愬姛鐜?00.0%
[璋冭瘯] Episode 0005: 寤惰繜 0.936s, 鑳借€?1766.02J, 瀹屾垚鐜?97.6%, 杩佺Щ鎴愬姛鐜?100.0%, 缂撳瓨鍛戒腑 3.0%, 鏁版嵁鎹熷け 0.2%, 缂撳瓨娣樻卑鐜?0.0%
馃攳 杩佺Щ缁熻: 鎵ц1娆? 鎴愬姛1娆? 鎴愬姛鐜?00.0%
[璋冭瘯] Episode 0005: 寤惰繜 0.930s, 鑳借€?1789.99J, 瀹屾垚鐜?97.6%, 杩佺Щ鎴愬姛鐜?100.0%, 缂撳瓨鍛戒腑 3.0%, 鏁版嵁鎹熷け 0.2%, 缂撳瓨娣樻卑鐜?0.0%
馃攳 杩佺Щ缁熻: 鎵ц1娆? 鎴愬姛1娆? 鎴愬姛鐜?00.0%
[璋冭瘯] Episode 0005: 寤惰繜 0.924s, 鑳借€?1799.90J, 瀹屾垚鐜?97.7%, 杩佺Щ鎴愬姛鐜?100.0%, 缂撳瓨鍛戒腑 3.0%, 鏁版嵁鎹熷け 0.2%, 缂撳瓨娣樻卑鐜?0.0%
馃攳 杩佺Щ缁熻: 鎵ц1娆? 鎴愬姛1娆? 鎴愬姛鐜?00.0%
[璋冭瘯] Episode 0005: 寤惰繜 0.926s, 鑳借€?1806.34J, 瀹屾垚鐜?97.7%, 杩佺Щ鎴愬姛鐜?100.0%, 缂撳瓨鍛戒腑 3.0%, 鏁版嵁鎹熷け 0.2%, 缂撳瓨娣樻卑鐜?0.0%
[VehicleMigration] handover #1: vehicle V_8 task task_135 RSU_1 -> RSU_2
   Trigger: distance 291.8m > threshold 272.1m (speed 18.6 m/s)
   Score: 421.8 -> 191.8 (improvement 54.5%)
   Queue trend: RSU_1: 1 -> 0, RSU_2: 0 -> 1
[Migration] Executed 1 vehicle-following migrations.
馃攳 杩佺Щ缁熻: 鎵ц2娆? 鎴愬姛2娆? 鎴愬姛鐜?00.0%
[璋冭瘯] Episode 0005: 寤惰繜 0.917s, 鑳借€?1824.17J, 瀹屾垚鐜?97.7%, 杩佺Щ鎴愬姛鐜?100.0%, 缂撳瓨鍛戒腑 4.7%, 鏁版嵁鎹熷け 0.2%, 缂撳瓨娣樻卑鐜?0.0%
馃攳 杩佺Щ缁熻: 鎵ц2娆? 鎴愬姛2娆? 鎴愬姛鐜?00.0%
[璋冭瘯] Episode 0005: 寤惰繜 0.901s, 鑳借€?1848.46J, 瀹屾垚鐜?97.8%, 杩佺Щ鎴愬姛鐜?100.0%, 缂撳瓨鍛戒腑 4.7%, 鏁版嵁鎹熷け 0.2%, 缂撳瓨娣樻卑鐜?0.0%
馃攳 杩佺Щ缁熻: 鎵ц2娆? 鎴愬姛2娆? 鎴愬姛鐜?00.0%
[璋冭瘯] Episode 0005: 寤惰繜 0.907s, 鑳借€?1848.55J, 瀹屾垚鐜?97.8%, 杩佺Щ鎴愬姛鐜?100.0%, 缂撳瓨鍛戒腑 4.6%, 鏁版嵁鎹熷け 0.2%, 缂撳瓨娣樻卑鐜?0.0%
馃攳 杩佺Щ缁熻: 鎵ц2娆? 鎴愬姛2娆? 鎴愬姛鐜?00.0%
[璋冭瘯] Episode 0005: 寤惰繜 0.904s, 鑳借€?1850.43J, 瀹屾垚鐜?97.8%, 杩佺Щ鎴愬姛鐜?100.0%, 缂撳瓨鍛戒腑 5.5%, 鏁版嵁鎹熷け 0.2%, 缂撳瓨娣樻卑鐜?0.0%
馃攳 杩佺Щ缁熻: 鎵ц2娆? 鎴愬姛2娆? 鎴愬姛鐜?00.0%
[璋冭瘯] Episode 0005: 寤惰繜 0.884s, 鑳借€?1926.11J, 瀹屾垚鐜?97.9%, 杩佺Щ鎴愬姛鐜?100.0%, 缂撳瓨鍛戒腑 5.3%, 鏁版嵁鎹熷け 0.2%, 缂撳瓨娣樻卑鐜?0.0%
馃攳 杩佺Щ缁熻: 鎵ц2娆? 鎴愬姛2娆? 鎴愬姛鐜?00.0%
[璋冭瘯] Episode 0005: 寤惰繜 0.879s, 鑳借€?1926.52J, 瀹屾垚鐜?97.9%, 杩佺Щ鎴愬姛鐜?100.0%, 缂撳瓨鍛戒腑 5.2%, 鏁版嵁鎹熷け 0.2%, 缂撳瓨娣樻卑鐜?0.0%
馃攳 杩佺Щ缁熻: 鎵ц2娆? 鎴愬姛2娆? 鎴愬姛鐜?00.0%
[璋冭瘯] Episode 0005: 寤惰繜 0.874s, 鑳借€?1963.88J, 瀹屾垚鐜?98.0%, 杩佺Щ鎴愬姛鐜?100.0%, 缂撳瓨鍛戒腑 5.1%, 鏁版嵁鎹熷け 0.2%, 缂撳瓨娣樻卑鐜?0.0%
馃攳 杩佺Щ缁熻: 鎵ц2娆? 鎴愬姛2娆? 鎴愬姛鐜?00.0%
[璋冭瘯] Episode 0005: 寤惰繜 0.862s, 鑳借€?1968.63J, 瀹屾垚鐜?98.0%, 杩佺Щ鎴愬姛鐜?100.0%, 缂撳瓨鍛戒腑 5.1%, 鏁版嵁鎹熷け 0.2%, 缂撳瓨娣樻卑鐜?0.0%
馃攳 杩佺Щ缁熻: 鎵ц2娆? 鎴愬姛2娆? 鎴愬姛鐜?00.0%
[璋冭瘯] Episode 0005: 寤惰繜 0.847s, 鑳借€?2015.11J, 瀹屾垚鐜?97.4%, 杩佺Щ鎴愬姛鐜?100.0%, 缂撳瓨鍛戒腑 5.1%, 鏁版嵁鎹熷け 38.6%, 缂撳瓨娣樻卑鐜?0.0%
馃攳 杩佺Щ缁熻: 鎵ц2娆? 鎴愬姛2娆? 鎴愬姛鐜?00.0%
[璋冭瘯] Episode 0005: 寤惰繜 0.832s, 鑳借€?2153.88J, 瀹屾垚鐜?97.5%, 杩佺Щ鎴愬姛鐜?100.0%, 缂撳瓨鍛戒腑 5.1%, 鏁版嵁鎹熷け 38.5%, 缂撳瓨娣樻卑鐜?0.0%
[VehicleMigration] handover #1: vehicle V_4 task task_161 UAV_1 -> RSU_0
   Trigger: distance 470.8m > threshold 450.0m (speed 20.0 m/s)
   Score: 600.8 -> 155.3 (improvement 74.2%)
   Queue trend: UAV_1: 1 -> 0, RSU_0: 0 -> 1
[Migration] Executed 1 vehicle-following migrations.
馃攳 杩佺Щ缁熻: 鎵ц3娆? 鎴愬姛3娆? 鎴愬姛鐜?00.0%
[璋冭瘯] Episode 0005: 寤惰繜 0.836s, 鑳借€?2155.22J, 瀹屾垚鐜?97.5%, 杩佺Щ鎴愬姛鐜?100.0%, 缂撳瓨鍛戒腑 4.9%, 鏁版嵁鎹熷け 38.0%, 缂撳瓨娣樻卑鐜?0.0%
馃攳 杩佺Щ缁熻: 鎵ц3娆? 鎴愬姛3娆? 鎴愬姛鐜?00.0%
[璋冭瘯] Episode 0005: 寤惰繜 0.849s, 鑳借€?2194.89J, 瀹屾垚鐜?97.5%, 杩佺Щ鎴愬姛鐜?100.0%, 缂撳瓨鍛戒腑 4.7%, 鏁版嵁鎹熷け 37.7%, 缂撳瓨娣樻卑鐜?0.0%
馃攳 杩佺Щ缁熻: 鎵ц3娆? 鎴愬姛3娆? 鎴愬姛鐜?00.0%
[璋冭瘯] Episode 0005: 寤惰繜 0.837s, 鑳借€?2270.76J, 瀹屾垚鐜?97.6%, 杩佺Щ鎴愬姛鐜?100.0%, 缂撳瓨鍛戒腑 5.1%, 鏁版嵁鎹熷け 37.2%, 缂撳瓨娣樻卑鐜?0.0%
馃攳 杩佺Щ缁熻: 鎵ц3娆? 鎴愬姛3娆? 鎴愬姛鐜?00.0%
[璋冭瘯] Episode 0005: 寤惰繜 0.822s, 鑳借€?2300.49J, 瀹屾垚鐜?97.7%, 杩佺Щ鎴愬姛鐜?100.0%, 缂撳瓨鍛戒腑 5.5%, 鏁版嵁鎹熷け 37.2%, 缂撳瓨娣樻卑鐜?0.0%
馃攳 杩佺Щ缁熻: 鎵ц3娆? 鎴愬姛3娆? 鎴愬姛鐜?00.0%
[璋冭瘯] Episode 0005: 寤惰繜 0.824s, 鑳借€?2324.10J, 瀹屾垚鐜?97.7%, 杩佺Щ鎴愬姛鐜?100.0%, 缂撳瓨鍛戒腑 5.4%, 鏁版嵁鎹熷け 27.1%, 缂撳瓨娣樻卑鐜?0.0%
馃攳 杩佺Щ缁熻: 鎵ц3娆? 鎴愬姛3娆? 鎴愬姛鐜?00.0%
[璋冭瘯] Episode 0005: 寤惰繜 0.825s, 鑳借€?2352.66J, 瀹屾垚鐜?97.8%, 杩佺Щ鎴愬姛鐜?100.0%, 缂撳瓨鍛戒腑 5.3%, 鏁版嵁鎹熷け 27.0%, 缂撳瓨娣樻卑鐜?0.0%
馃攳 杩佺Щ缁熻: 鎵ц3娆? 鎴愬姛3娆? 鎴愬姛鐜?00.0%
[璋冭瘯] Episode 0005: 寤惰繜 0.817s, 鑳借€?2386.36J, 瀹屾垚鐜?97.8%, 杩佺Щ鎴愬姛鐜?100.0%, 缂撳瓨鍛戒腑 5.3%, 鏁版嵁鎹熷け 26.9%, 缂撳瓨娣樻卑鐜?0.0%
馃攳 杩佺Щ缁熻: 鎵ц3娆? 鎴愬姛3娆? 鎴愬姛鐜?00.0%
[璋冭瘯] Episode 0005: 寤惰繜 0.816s, 鑳借€?2413.01J, 瀹屾垚鐜?97.8%, 杩佺Щ鎴愬姛鐜?100.0%, 缂撳瓨鍛戒腑 6.9%, 鏁版嵁鎹熷け 26.8%, 缂撳瓨娣樻卑鐜?0.0%
馃攳 杩佺Щ缁熻: 鎵ц3娆? 鎴愬姛3娆? 鎴愬姛鐜?00.0%
[璋冭瘯] Episode 0005: 寤惰繜 0.811s, 鑳借€?2425.93J, 瀹屾垚鐜?97.8%, 杩佺Щ鎴愬姛鐜?100.0%, 缂撳瓨鍛戒腑 6.8%, 鏁版嵁鎹熷け 26.8%, 缂撳瓨娣樻卑鐜?0.0%
馃攳 杩佺Щ缁熻: 鎵ц3娆? 鎴愬姛3娆? 鎴愬姛鐜?00.0%
[璋冭瘯] Episode 0005: 寤惰繜 0.813s, 鑳借€?2441.71J, 瀹屾垚鐜?97.8%, 杩佺Щ鎴愬姛鐜?100.0%, 缂撳瓨鍛戒腑 6.8%, 鏁版嵁鎹熷け 26.8%, 缂撳瓨娣樻卑鐜?0.0%
馃攳 杩佺Щ缁熻: 鎵ц3娆? 鎴愬姛3娆? 鎴愬姛鐜?00.0%
[璋冭瘯] Episode 0005: 寤惰繜 0.810s, 鑳借€?2452.49J, 瀹屾垚鐜?97.9%, 杩佺Щ鎴愬姛鐜?100.0%, 缂撳瓨鍛戒腑 6.8%, 鏁版嵁鎹熷け 26.8%, 缂撳瓨娣樻卑鐜?0.0%
馃攳 杩佺Щ缁熻: 鎵ц3娆? 鎴愬姛3娆? 鎴愬姛鐜?00.0%
[璋冭瘯] Episode 0005: 寤惰繜 0.801s, 鑳借€?2473.73J, 瀹屾垚鐜?97.9%, 杩佺Щ鎴愬姛鐜?100.0%, 缂撳瓨鍛戒腑 7.3%, 鏁版嵁鎹熷け 26.7%, 缂撳瓨娣樻卑鐜?0.0%
馃攳 杩佺Щ缁熻: 鎵ц3娆? 鎴愬姛3娆? 鎴愬姛鐜?00.0%
[璋冭瘯] Episode 0005: 寤惰繜 0.800s, 鑳借€?2476.14J, 瀹屾垚鐜?97.9%, 杩佺Щ鎴愬姛鐜?100.0%, 缂撳瓨鍛戒腑 7.3%, 鏁版嵁鎹熷け 26.7%, 缂撳瓨娣樻卑鐜?0.0%
馃攳 杩佺Щ缁熻: 鎵ц3娆? 鎴愬姛3娆? 鎴愬姛鐜?00.0%
[璋冭瘯] Episode 0005: 寤惰繜 0.800s, 鑳借€?2476.14J, 瀹屾垚鐜?97.9%, 杩佺Щ鎴愬姛鐜?100.0%, 缂撳瓨鍛戒腑 7.3%, 鏁版嵁鎹熷け 26.7%, 缂撳瓨娣樻卑鐜?0.0%
馃攳 杩佺Щ缁熻: 鎵ц3娆? 鎴愬姛3娆? 鎴愬姛鐜?00.0%
[璋冭瘯] Episode 0005: 寤惰繜 0.784s, 鑳借€?2569.88J, 瀹屾垚鐜?98.0%, 杩佺Щ鎴愬姛鐜?100.0%, 缂撳瓨鍛戒腑 7.3%, 鏁版嵁鎹熷け 26.6%, 缂撳瓨娣樻卑鐜?0.0%
浠诲姟鍒嗙被缁熻(200): 绫诲瀷1=0.0%, 绫诲瀷2=6.5%, 绫诲瀷3=36.0%, 绫诲瀷4=57.5%
   褰撳墠浠诲姟: traffic_info, 1.10s 鈫?绫诲瀷4, 鏁版嵁0.10MB
   馃捑 缂撳瓨缁熻: 鍛戒腑鐜?7.32% (鎬诲懡涓?18, 鏈湴:0, 鏈懡涓?228)
馃攳 杩佺Щ缁熻: 鎵ц3娆? 鎴愬姛3娆? 鎴愬姛鐜?00.0%
[璋冭瘯] Episode 0005: 寤惰繜 0.786s, 鑳借€?2589.84J, 瀹屾垚鐜?98.0%, 杩佺Щ鎴愬姛鐜?100.0%, 缂撳瓨鍛戒腑 7.2%, 鏁版嵁鎹熷け 26.6%, 缂撳瓨娣樻卑鐜?0.0%
馃攳 杩佺Щ缁熻: 鎵ц3娆? 鎴愬姛3娆? 鎴愬姛鐜?00.0%
[璋冭瘯] Episode 0005: 寤惰繜 0.790s, 鑳借€?2631.88J, 瀹屾垚鐜?98.0%, 杩佺Щ鎴愬姛鐜?100.0%, 缂撳瓨鍛戒腑 7.1%, 鏁版嵁鎹熷け 26.5%, 缂撳瓨娣樻卑鐜?0.0%
馃攳 杩佺Щ缁熻: 鎵ц3娆? 鎴愬姛3娆? 鎴愬姛鐜?00.0%
[璋冭瘯] Episode 0005: 寤惰繜 0.793s, 鑳借€?2631.96J, 瀹屾垚鐜?98.0%, 杩佺Щ鎴愬姛鐜?100.0%, 缂撳瓨鍛戒腑 7.0%, 鏁版嵁鎹熷け 26.5%, 缂撳瓨娣樻卑鐜?0.0%
馃攳 杩佺Щ缁熻: 鎵ц3娆? 鎴愬姛3娆? 鎴愬姛鐜?00.0%
[璋冭瘯] Episode 0005: 寤惰繜 0.795s, 鑳借€?2662.61J, 瀹屾垚鐜?98.0%, 杩佺Щ鎴愬姛鐜?100.0%, 缂撳瓨鍛戒腑 6.8%, 鏁版嵁鎹熷け 26.4%, 缂撳瓨娣樻卑鐜?0.0%
馃攳 杩佺Щ缁熻: 鎵ц3娆? 鎴愬姛3娆? 鎴愬姛鐜?00.0%
[璋冭瘯] Episode 0005: 寤惰繜 0.790s, 鑳借€?2679.30J, 瀹屾垚鐜?98.0%, 杩佺Щ鎴愬姛鐜?100.0%, 缂撳瓨鍛戒腑 6.8%, 鏁版嵁鎹熷け 26.3%, 缂撳瓨娣樻卑鐜?0.0%
馃攳 杩佺Щ缁熻: 鎵ц3娆? 鎴愬姛3娆? 鎴愬姛鐜?00.0%
[璋冭瘯] Episode 0005: 寤惰繜 0.773s, 鑳借€?2763.12J, 瀹屾垚鐜?98.1%, 杩佺Щ鎴愬姛鐜?100.0%, 缂撳瓨鍛戒腑 7.7%, 鏁版嵁鎹熷け 26.2%, 缂撳瓨娣樻卑鐜?0.0%
馃攳 杩佺Щ缁熻: 鎵ц3娆? 鎴愬姛3娆? 鎴愬姛鐜?00.0%
[璋冭瘯] Episode 0005: 寤惰繜 0.774s, 鑳借€?2801.47J, 瀹屾垚鐜?98.1%, 杩佺Щ鎴愬姛鐜?100.0%, 缂撳瓨鍛戒腑 8.0%, 鏁版嵁鎹熷け 26.1%, 缂撳瓨娣樻卑鐜?0.0%
馃攳 杩佺Щ缁熻: 鎵ц3娆? 鎴愬姛3娆? 鎴愬姛鐜?00.0%
[璋冭瘯] Episode 0005: 寤惰繜 0.784s, 鑳借€?2837.36J, 瀹屾垚鐜?98.1%, 杩佺Щ鎴愬姛鐜?100.0%, 缂撳瓨鍛戒腑 7.9%, 鏁版嵁鎹熷け 25.9%, 缂撳瓨娣樻卑鐜?0.0%
馃攳 杩佺Щ缁熻: 鎵ц3娆? 鎴愬姛3娆? 鎴愬姛鐜?00.0%
[璋冭瘯] Episode 0005: 寤惰繜 0.781s, 鑳借€?2838.59J, 瀹屾垚鐜?98.1%, 杩佺Щ鎴愬姛鐜?100.0%, 缂撳瓨鍛戒腑 7.9%, 鏁版嵁鎹熷け 25.9%, 缂撳瓨娣樻卑鐜?0.0%
馃攳 杩佺Щ缁熻: 鎵ц3娆? 鎴愬姛3娆? 鎴愬姛鐜?00.0%
[璋冭瘯] Episode 0005: 寤惰繜 0.778s, 鑳借€?2869.83J, 瀹屾垚鐜?98.2%, 杩佺Щ鎴愬姛鐜?100.0%, 缂撳瓨鍛戒腑 7.9%, 鏁版嵁鎹熷け 25.8%, 缂撳瓨娣樻卑鐜?0.0%
馃攳 杩佺Щ缁熻: 鎵ц3娆? 鎴愬姛3娆? 鎴愬姛鐜?00.0%
[璋冭瘯] Episode 0005: 寤惰繜 0.769s, 鑳借€?2872.60J, 瀹屾垚鐜?98.2%, 杩佺Щ鎴愬姛鐜?100.0%, 缂撳瓨鍛戒腑 9.7%, 鏁版嵁鎹熷け 25.7%, 缂撳瓨娣樻卑鐜?0.0%
馃攳 杩佺Щ缁熻: 鎵ц3娆? 鎴愬姛3娆? 鎴愬姛鐜?00.0%
[璋冭瘯] Episode 0005: 寤惰繜 0.766s, 鑳借€?2873.04J, 瀹屾垚鐜?98.2%, 杩佺Щ鎴愬姛鐜?100.0%, 缂撳瓨鍛戒腑 9.7%, 鏁版嵁鎹熷け 25.7%, 缂撳瓨娣樻卑鐜?0.0%
馃攳 杩佺Щ缁熻: 鎵ц3娆? 鎴愬姛3娆? 鎴愬姛鐜?00.0%
[璋冭瘯] Episode 0005: 寤惰繜 0.763s, 鑳借€?2937.29J, 瀹屾垚鐜?98.3%, 杩佺Щ鎴愬姛鐜?100.0%, 缂撳瓨鍛戒腑 9.6%, 鏁版嵁鎹熷け 25.5%, 缂撳瓨娣樻卑鐜?0.0%
馃攳 杩佺Щ缁熻: 鎵ц3娆? 鎴愬姛3娆? 鎴愬姛鐜?00.0%
[璋冭瘯] Episode 0005: 寤惰繜 0.763s, 鑳借€?2937.29J, 瀹屾垚鐜?98.3%, 杩佺Щ鎴愬姛鐜?100.0%, 缂撳瓨鍛戒腑 9.5%, 鏁版嵁鎹熷け 25.5%, 缂撳瓨娣樻卑鐜?0.0%
馃攳 杩佺Щ缁熻: 鎵ц3娆? 鎴愬姛3娆? 鎴愬姛鐜?00.0%
[璋冭瘯] Episode 0005: 寤惰繜 0.755s, 鑳借€?2970.11J, 瀹屾垚鐜?98.3%, 杩佺Щ鎴愬姛鐜?100.0%, 缂撳瓨鍛戒腑 10.6%, 鏁版嵁鎹熷け 25.3%, 缂撳瓨娣樻卑鐜?0.0%
馃攳 杩佺Щ缁熻: 鎵ц3娆? 鎴愬姛3娆? 鎴愬姛鐜?00.0%
[璋冭瘯] Episode 0005: 寤惰繜 0.744s, 鑳借€?3021.80J, 瀹屾垚鐜?98.3%, 杩佺Щ鎴愬姛鐜?100.0%, 缂撳瓨鍛戒腑 10.9%, 鏁版嵁鎹熷け 25.3%, 缂撳瓨娣樻卑鐜?0.0%
馃攳 杩佺Щ缁熻: 鎵ц3娆? 鎴愬姛3娆? 鎴愬姛鐜?00.0%
[璋冭瘯] Episode 0005: 寤惰繜 0.737s, 鑳借€?3046.86J, 瀹屾垚鐜?98.3%, 杩佺Щ鎴愬姛鐜?100.0%, 缂撳瓨鍛戒腑 10.9%, 鏁版嵁鎹熷け 25.3%, 缂撳瓨娣樻卑鐜?0.0%
馃攳 杩佺Щ缁熻: 鎵ц3娆? 鎴愬姛3娆? 鎴愬姛鐜?00.0%
[璋冭瘯] Episode 0005: 寤惰繜 0.734s, 鑳借€?3046.87J, 瀹屾垚鐜?98.3%, 杩佺Щ鎴愬姛鐜?100.0%, 缂撳瓨鍛戒腑 11.5%, 鏁版嵁鎹熷け 25.3%, 缂撳瓨娣樻卑鐜?0.0%
馃攳 杩佺Щ缁熻: 鎵ц3娆? 鎴愬姛3娆? 鎴愬姛鐜?00.0%
[璋冭瘯] Episode 0005: 寤惰繜 0.736s, 鑳借€?3047.09J, 瀹屾垚鐜?98.3%, 杩佺Щ鎴愬姛鐜?100.0%, 缂撳瓨鍛戒腑 12.1%, 鏁版嵁鎹熷け 25.2%, 缂撳瓨娣樻卑鐜?0.0%
馃攳 杩佺Щ缁熻: 鎵ц3娆? 鎴愬姛3娆? 鎴愬姛鐜?00.0%
[璋冭瘯] Episode 0005: 寤惰繜 0.736s, 鑳借€?3047.09J, 瀹屾垚鐜?98.3%, 杩佺Щ鎴愬姛鐜?100.0%, 缂撳瓨鍛戒腑 12.1%, 鏁版嵁鎹熷け 25.2%, 缂撳瓨娣樻卑鐜?0.0%
[VehicleMigration] handover #1: vehicle V_2 task task_248 UAV_1 -> RSU_0
   Trigger: distance 481.7m > threshold 454.2m (speed 18.3 m/s)
   Score: 641.7 -> 226.5 (improvement 64.7%)
   Queue trend: UAV_1: 2 -> 1, RSU_0: 2 -> 3
[Migration] Executed 1 vehicle-following migrations.
馃攳 杩佺Щ缁熻: 鎵ц4娆? 鎴愬姛4娆? 鎴愬姛鐜?00.0%
[璋冭瘯] Episode 0005: 寤惰繜 0.734s, 鑳借€?3057.00J, 瀹屾垚鐜?98.4%, 杩佺Щ鎴愬姛鐜?100.0%, 缂撳瓨鍛戒腑 11.8%, 鏁版嵁鎹熷け 25.0%, 缂撳瓨娣樻卑鐜?0.0%
馃攳 杩佺Щ缁熻: 鎵ц4娆? 鎴愬姛4娆? 鎴愬姛鐜?00.0%
[璋冭瘯] Episode 0005: 寤惰繜 0.737s, 鑳借€?3072.72J, 瀹屾垚鐜?98.4%, 杩佺Щ鎴愬姛鐜?100.0%, 缂撳瓨鍛戒腑 11.6%, 鏁版嵁鎹熷け 25.0%, 缂撳瓨娣樻卑鐜?0.0%
馃攳 杩佺Щ缁熻: 鎵ц4娆? 鎴愬姛4娆? 鎴愬姛鐜?00.0%
[璋冭瘯] Episode 0005: 寤惰繜 0.740s, 鑳借€?3118.05J, 瀹屾垚鐜?98.4%, 杩佺Щ鎴愬姛鐜?100.0%, 缂撳瓨鍛戒腑 11.3%, 鏁版嵁鎹熷け 24.9%, 缂撳瓨娣樻卑鐜?0.0%
馃攳 杩佺Щ缁熻: 鎵ц4娆? 鎴愬姛4娆? 鎴愬姛鐜?00.0%
[璋冭瘯] Episode 0005: 寤惰繜 0.738s, 鑳借€?3268.81J, 瀹屾垚鐜?98.4%, 杩佺Щ鎴愬姛鐜?100.0%, 缂撳瓨鍛戒腑 11.2%, 鏁版嵁鎹熷け 24.9%, 缂撳瓨娣樻卑鐜?0.0%
馃攳 杩佺Щ缁熻: 鎵ц4娆? 鎴愬姛4娆? 鎴愬姛鐜?00.0%
[璋冭瘯] Episode 0005: 寤惰繜 0.727s, 鑳借€?3398.18J, 瀹屾垚鐜?98.4%, 杩佺Щ鎴愬姛鐜?100.0%, 缂撳瓨鍛戒腑 11.2%, 鏁版嵁鎹熷け 24.9%, 缂撳瓨娣樻卑鐜?0.0%
馃攳 杩佺Щ缁熻: 鎵ц4娆? 鎴愬姛4娆? 鎴愬姛鐜?00.0%
[璋冭瘯] Episode 0005: 寤惰繜 0.732s, 鑳借€?3412.59J, 瀹屾垚鐜?98.1%, 杩佺Щ鎴愬姛鐜?100.0%, 缂撳瓨鍛戒腑 11.1%, 鏁版嵁鎹熷け 24.8%, 缂撳瓨娣樻卑鐜?0.0%
馃攳 杩佺Щ缁熻: 鎵ц4娆? 鎴愬姛4娆? 鎴愬姛鐜?00.0%
[璋冭瘯] Episode 0005: 寤惰繜 0.730s, 鑳借€?3427.31J, 瀹屾垚鐜?98.1%, 杩佺Щ鎴愬姛鐜?100.0%, 缂撳瓨鍛戒腑 11.1%, 鏁版嵁鎹熷け 24.8%, 缂撳瓨娣樻卑鐜?0.0%
馃攳 杩佺Щ缁熻: 鎵ц4娆? 鎴愬姛4娆? 鎴愬姛鐜?00.0%
[璋冭瘯] Episode 0005: 寤惰繜 0.727s, 鑳借€?3427.65J, 瀹屾垚鐜?98.1%, 杩佺Щ鎴愬姛鐜?100.0%, 缂撳瓨鍛戒腑 11.1%, 鏁版嵁鎹熷け 24.8%, 缂撳瓨娣樻卑鐜?0.0%
馃攳 杩佺Щ缁熻: 鎵ц4娆? 鎴愬姛4娆? 鎴愬姛鐜?00.0%
[璋冭瘯] Episode 0005: 寤惰繜 0.848s, 鑳借€?3629.31J, 瀹屾垚鐜?98.1%, 杩佺Щ鎴愬姛鐜?100.0%, 缂撳瓨鍛戒腑 11.0%, 鏁版嵁鎹熷け 18.9%, 缂撳瓨娣樻卑鐜?0.0%
馃攳 杩佺Щ缁熻: 鎵ц4娆? 鎴愬姛4娆? 鎴愬姛鐜?00.0%
[璋冭瘯] Episode 0005: 寤惰繜 0.842s, 鑳借€?3639.54J, 瀹屾垚鐜?98.1%, 杩佺Щ鎴愬姛鐜?100.0%, 缂撳瓨鍛戒腑 11.0%, 鏁版嵁鎹熷け 18.9%, 缂撳瓨娣樻卑鐜?0.0%
馃攳 杩佺Щ缁熻: 鎵ц4娆? 鎴愬姛4娆? 鎴愬姛鐜?00.0%
[璋冭瘯] Episode 0005: 寤惰繜 0.983s, 鑳借€?3855.03J, 瀹屾垚鐜?98.1%, 杩佺Щ鎴愬姛鐜?100.0%, 缂撳瓨鍛戒腑 11.2%, 鏁版嵁鎹熷け 18.0%, 缂撳瓨娣樻卑鐜?0.0%
馃攳 杩佺Щ缁熻: 鎵ц4娆? 鎴愬姛4娆? 鎴愬姛鐜?00.0%
[璋冭瘯] Episode 0005: 寤惰繜 0.980s, 鑳借€?3856.21J, 瀹屾垚鐜?98.2%, 杩佺Щ鎴愬姛鐜?100.0%, 缂撳瓨鍛戒腑 11.2%, 鏁版嵁鎹熷け 18.0%, 缂撳瓨娣樻卑鐜?0.0%
馃攳 杩佺Щ缁熻: 鎵ц4娆? 鎴愬姛4娆? 鎴愬姛鐜?00.0%
[璋冭瘯] Episode 0005: 寤惰繜 0.972s, 鑳借€?3860.42J, 瀹屾垚鐜?98.2%, 杩佺Щ鎴愬姛鐜?100.0%, 缂撳瓨鍛戒腑 11.7%, 鏁版嵁鎹熷け 18.0%, 缂撳瓨娣樻卑鐜?0.0%
馃攳 杩佺Щ缁熻: 鎵ц4娆? 鎴愬姛4娆? 鎴愬姛鐜?00.0%
[璋冭瘯] Episode 0005: 寤惰繜 0.980s, 鑳借€?3868.85J, 瀹屾垚鐜?98.2%, 杩佺Щ鎴愬姛鐜?100.0%, 缂撳瓨鍛戒腑 12.3%, 鏁版嵁鎹熷け 17.9%, 缂撳瓨娣樻卑鐜?0.0%
馃攳 杩佺Щ缁熻: 鎵ц4娆? 鎴愬姛4娆? 鎴愬姛鐜?00.0%
[璋冭瘯] Episode 0005: 寤惰繜 0.977s, 鑳借€?3914.29J, 瀹屾垚鐜?98.2%, 杩佺Щ鎴愬姛鐜?100.0%, 缂撳瓨鍛戒腑 12.2%, 鏁版嵁鎹熷け 17.8%, 缂撳瓨娣樻卑鐜?0.0%
馃攳 杩佺Щ缁熻: 鎵ц4娆? 鎴愬姛4娆? 鎴愬姛鐜?00.0%
[璋冭瘯] Episode 0005: 寤惰繜 0.977s, 鑳借€?3920.60J, 瀹屾垚鐜?98.2%, 杩佺Щ鎴愬姛鐜?100.0%, 缂撳瓨鍛戒腑 12.2%, 鏁版嵁鎹熷け 17.8%, 缂撳瓨娣樻卑鐜?0.0%
馃攳 杩佺Щ缁熻: 鎵ц4娆? 鎴愬姛4娆? 鎴愬姛鐜?00.0%
[璋冭瘯] Episode 0005: 寤惰繜 0.964s, 鑳借€?3941.80J, 瀹屾垚鐜?98.2%, 杩佺Щ鎴愬姛鐜?100.0%, 缂撳瓨鍛戒腑 12.8%, 鏁版嵁鎹熷け 17.7%, 缂撳瓨娣樻卑鐜?0.0%
馃攳 杩佺Щ缁熻: 鎵ц4娆? 鎴愬姛4娆? 鎴愬姛鐜?00.0%
[璋冭瘯] Episode 0005: 寤惰繜 0.958s, 鑳借€?3942.86J, 瀹屾垚鐜?97.9%, 杩佺Щ鎴愬姛鐜?100.0%, 缂撳瓨鍛戒腑 13.1%, 鏁版嵁鎹熷け 17.7%, 缂撳瓨娣樻卑鐜?0.0%
馃攳 杩佺Щ缁熻: 鎵ц4娆? 鎴愬姛4娆? 鎴愬姛鐜?00.0%
[璋冭瘯] Episode 0005: 寤惰繜 0.956s, 鑳借€?3950.02J, 瀹屾垚鐜?97.9%, 杩佺Щ鎴愬姛鐜?100.0%, 缂撳瓨鍛戒腑 13.8%, 鏁版嵁鎹熷け 17.6%, 缂撳瓨娣樻卑鐜?0.0%
馃攳 杩佺Щ缁熻: 鎵ц4娆? 鎴愬姛4娆? 鎴愬姛鐜?00.0%
[璋冭瘯] Episode 0005: 寤惰繜 0.947s, 鑳借€?4018.57J, 瀹屾垚鐜?98.0%, 杩佺Щ鎴愬姛鐜?100.0%, 缂撳瓨鍛戒腑 13.6%, 鏁版嵁鎹熷け 17.6%, 缂撳瓨娣樻卑鐜?0.0%
浠诲姟鍒嗙被缁熻(300): 绫诲瀷1=0.0%, 绫诲瀷2=7.7%, 绫诲瀷3=36.7%, 绫诲瀷4=55.7%
   褰撳墠浠诲姟: navigation_0000, 3.05s 鈫?绫诲瀷3, 鏁版嵁0.54MB
   馃捑 缂撳瓨缁熻: 鍛戒腑鐜?13.54% (鎬诲懡涓?52, 鏈湴:0, 鏈懡涓?332)
馃攳 杩佺Щ缁熻: 鎵ц4娆? 鎴愬姛4娆? 鎴愬姛鐜?00.0%
[璋冭瘯] Episode 0005: 寤惰繜 0.943s, 鑳借€?4050.18J, 瀹屾垚鐜?98.0%, 杩佺Щ鎴愬姛鐜?100.0%, 缂撳瓨鍛戒腑 13.5%, 鏁版嵁鎹熷け 17.5%, 缂撳瓨娣樻卑鐜?0.0%
馃攳 杩佺Щ缁熻: 鎵ц4娆? 鎴愬姛4娆? 鎴愬姛鐜?00.0%
[璋冭瘯] Episode 0005: 寤惰繜 0.937s, 鑳借€?4136.67J, 瀹屾垚鐜?97.7%, 杩佺Щ鎴愬姛鐜?100.0%, 缂撳瓨鍛戒腑 13.5%, 鏁版嵁鎹熷け 17.5%, 缂撳瓨娣樻卑鐜?0.0%
馃攳 杩佺Щ缁熻: 鎵ц4娆? 鎴愬姛4娆? 鎴愬姛鐜?00.0%
[璋冭瘯] Episode 0005: 寤惰繜 0.928s, 鑳借€?4161.76J, 瀹屾垚鐜?97.7%, 杩佺Щ鎴愬姛鐜?100.0%, 缂撳瓨鍛戒腑 13.6%, 鏁版嵁鎹熷け 17.5%, 缂撳瓨娣樻卑鐜?0.0%
馃攳 杩佺Щ缁熻: 鎵ц4娆? 鎴愬姛4娆? 鎴愬姛鐜?00.0%
[璋冭瘯] Episode 0005: 寤惰繜 0.926s, 鑳借€?4161.98J, 瀹屾垚鐜?97.7%, 杩佺Щ鎴愬姛鐜?100.0%, 缂撳瓨鍛戒腑 14.5%, 鏁版嵁鎹熷け 17.4%, 缂撳瓨娣樻卑鐜?0.0%
馃攳 杩佺Щ缁熻: 鎵ц4娆? 鎴愬姛4娆? 鎴愬姛鐜?00.0%
[璋冭瘯] Episode 0005: 寤惰繜 0.917s, 鑳借€?4184.27J, 瀹屾垚鐜?97.7%, 杩佺Щ鎴愬姛鐜?100.0%, 缂撳瓨鍛戒腑 14.8%, 鏁版嵁鎹熷け 17.4%, 缂撳瓨娣樻卑鐜?0.0%
馃攳 杩佺Щ缁熻: 鎵ц4娆? 鎴愬姛4娆? 鎴愬姛鐜?00.0%
[璋冭瘯] Episode 0005: 寤惰繜 0.914s, 鑳借€?4184.63J, 瀹屾垚鐜?97.8%, 杩佺Щ鎴愬姛鐜?100.0%, 缂撳瓨鍛戒腑 14.8%, 鏁版嵁鎹熷け 17.4%, 缂撳瓨娣樻卑鐜?0.0%
馃攳 杩佺Щ缁熻: 鎵ц4娆? 鎴愬姛4娆? 鎴愬姛鐜?00.0%
[璋冭瘯] Episode 0005: 寤惰繜 0.908s, 鑳借€?4211.17J, 瀹屾垚鐜?97.8%, 杩佺Щ鎴愬姛鐜?100.0%, 缂撳瓨鍛戒腑 14.7%, 鏁版嵁鎹熷け 17.3%, 缂撳瓨娣樻卑鐜?0.0%
馃攳 杩佺Щ缁熻: 鎵ц4娆? 鎴愬姛4娆? 鎴愬姛鐜?00.0%
[璋冭瘯] Episode 0005: 寤惰繜 0.908s, 鑳借€?4211.17J, 瀹屾垚鐜?97.8%, 杩佺Щ鎴愬姛鐜?100.0%, 缂撳瓨鍛戒腑 14.7%, 鏁版嵁鎹熷け 17.3%, 缂撳瓨娣樻卑鐜?0.0%
馃攳 杩佺Щ缁熻: 鎵ц4娆? 鎴愬姛4娆? 鎴愬姛鐜?00.0%
[璋冭瘯] Episode 0005: 寤惰繜 0.899s, 鑳借€?4296.03J, 瀹屾垚鐜?97.8%, 杩佺Щ鎴愬姛鐜?100.0%, 缂撳瓨鍛戒腑 14.9%, 鏁版嵁鎹熷け 17.3%, 缂撳瓨娣樻卑鐜?0.0%
馃攳 杩佺Щ缁熻: 鎵ц4娆? 鎴愬姛4娆? 鎴愬姛鐜?00.0%
[璋冭瘯] Episode 0005: 寤惰繜 0.894s, 鑳借€?4321.28J, 瀹屾垚鐜?97.8%, 杩佺Щ鎴愬姛鐜?100.0%, 缂撳瓨鍛戒腑 14.9%, 鏁版嵁鎹熷け 17.3%, 缂撳瓨娣樻卑鐜?0.0%
馃攳 杩佺Щ缁熻: 鎵ц4娆? 鎴愬姛4娆? 鎴愬姛鐜?00.0%
[璋冭瘯] Episode 0005: 寤惰繜 1.018s, 鑳借€?4535.80J, 瀹屾垚鐜?97.8%, 杩佺Щ鎴愬姛鐜?100.0%, 缂撳瓨鍛戒腑 14.7%, 鏁版嵁鎹熷け 16.5%, 缂撳瓨娣樻卑鐜?0.0%
馃攳 杩佺Щ缁熻: 鎵ц4娆? 鎴愬姛4娆? 鎴愬姛鐜?00.0%
[璋冭瘯] Episode 0005: 寤惰繜 1.021s, 鑳借€?4583.25J, 瀹屾垚鐜?97.9%, 杩佺Щ鎴愬姛鐜?100.0%, 缂撳瓨鍛戒腑 14.5%, 鏁版嵁鎹熷け 16.5%, 缂撳瓨娣樻卑鐜?0.0%
馃攳 杩佺Щ缁熻: 鎵ц4娆? 鎴愬姛4娆? 鎴愬姛鐜?00.0%
[璋冭瘯] Episode 0005: 寤惰繜 1.008s, 鑳借€?4642.75J, 瀹屾垚鐜?97.9%, 杩佺Щ鎴愬姛鐜?100.0%, 缂撳瓨鍛戒腑 15.2%, 鏁版嵁鎹熷け 16.4%, 缂撳瓨娣樻卑鐜?0.0%
馃攳 杩佺Щ缁熻: 鎵ц4娆? 鎴愬姛4娆? 鎴愬姛鐜?00.0%
[璋冭瘯] Episode 0005: 寤惰繜 1.004s, 鑳借€?4686.29J, 瀹屾垚鐜?97.9%, 杩佺Щ鎴愬姛鐜?100.0%, 缂撳瓨鍛戒腑 15.1%, 鏁版嵁鎹熷け 16.4%, 缂撳瓨娣樻卑鐜?0.0%
馃攳 杩佺Щ缁熻: 鎵ц4娆? 鎴愬姛4娆? 鎴愬姛鐜?00.0%
[璋冭瘯] Episode 0005: 寤惰繜 1.003s, 鑳借€?4689.12J, 瀹屾垚鐜?97.9%, 杩佺Щ鎴愬姛鐜?100.0%, 缂撳瓨鍛戒腑 15.1%, 鏁版嵁鎹熷け 16.4%, 缂撳瓨娣樻卑鐜?0.0%
馃攳 杩佺Щ缁熻: 鎵ц4娆? 鎴愬姛4娆? 鎴愬姛鐜?00.0%
[璋冭瘯] Episode 0005: 寤惰繜 1.004s, 鑳借€?4696.67J, 瀹屾垚鐜?97.3%, 杩佺Щ鎴愬姛鐜?100.0%, 缂撳瓨鍛戒腑 15.0%, 鏁版嵁鎹熷け 16.3%, 缂撳瓨娣樻卑鐜?0.0%
馃攳 杩佺Щ缁熻: 鎵ц4娆? 鎴愬姛4娆? 鎴愬姛鐜?00.0%
[璋冭瘯] Episode 0005: 寤惰繜 0.991s, 鑳借€?4701.72J, 瀹屾垚鐜?97.4%, 杩佺Щ鎴愬姛鐜?100.0%, 缂撳瓨鍛戒腑 15.7%, 鏁版嵁鎹熷け 16.3%, 缂撳瓨娣樻卑鐜?0.0%
馃攳 杩佺Щ缁熻: 鎵ц4娆? 鎴愬姛4娆? 鎴愬姛鐜?00.0%
[璋冭瘯] Episode 0005: 寤惰繜 0.991s, 鑳借€?4703.28J, 瀹屾垚鐜?97.4%, 杩佺Щ鎴愬姛鐜?100.0%, 缂撳瓨鍛戒腑 15.6%, 鏁版嵁鎹熷け 16.3%, 缂撳瓨娣樻卑鐜?0.0%
馃攳 杩佺Щ缁熻: 鎵ц4娆? 鎴愬姛4娆? 鎴愬姛鐜?00.0%
[璋冭瘯] Episode 0005: 寤惰繜 0.989s, 鑳借€?4741.87J, 瀹屾垚鐜?97.4%, 杩佺Щ鎴愬姛鐜?100.0%, 缂撳瓨鍛戒腑 15.6%, 鏁版嵁鎹熷け 16.3%, 缂撳瓨娣樻卑鐜?0.0%
馃攳 杩佺Щ缁熻: 鎵ц4娆? 鎴愬姛4娆? 鎴愬姛鐜?00.0%
[璋冭瘯] Episode 0005: 寤惰繜 0.979s, 鑳借€?4755.75J, 瀹屾垚鐜?97.4%, 杩佺Щ鎴愬姛鐜?100.0%, 缂撳瓨鍛戒腑 15.6%, 鏁版嵁鎹熷け 16.3%, 缂撳瓨娣樻卑鐜?0.0%
馃攳 杩佺Щ缁熻: 鎵ц4娆? 鎴愬姛4娆? 鎴愬姛鐜?00.0%
[璋冭瘯] Episode 0005: 寤惰繜 0.974s, 鑳借€?4849.33J, 瀹屾垚鐜?97.5%, 杩佺Щ鎴愬姛鐜?100.0%, 缂撳瓨鍛戒腑 15.8%, 鏁版嵁鎹熷け 16.2%, 缂撳瓨娣樻卑鐜?0.0%
馃攳 杩佺Щ缁熻: 鎵ц4娆? 鎴愬姛4娆? 鎴愬姛鐜?00.0%
[璋冭瘯] Episode 0005: 寤惰繜 0.970s, 鑳借€?4852.21J, 瀹屾垚鐜?97.5%, 杩佺Щ鎴愬姛鐜?100.0%, 缂撳瓨鍛戒腑 15.9%, 鏁版嵁鎹熷け 16.2%, 缂撳瓨娣樻卑鐜?0.0%
馃攳 杩佺Щ缁熻: 鎵ц4娆? 鎴愬姛4娆? 鎴愬姛鐜?00.0%
[璋冭瘯] Episode 0005: 寤惰繜 0.968s, 鑳借€?4881.47J, 瀹屾垚鐜?97.5%, 杩佺Щ鎴愬姛鐜?100.0%, 缂撳瓨鍛戒腑 16.3%, 鏁版嵁鎹熷け 16.1%, 缂撳瓨娣樻卑鐜?0.0%
馃攳 杩佺Щ缁熻: 鎵ц4娆? 鎴愬姛4娆? 鎴愬姛鐜?00.0%
[璋冭瘯] Episode 0005: 寤惰繜 0.968s, 鑳借€?4881.79J, 瀹屾垚鐜?97.5%, 杩佺Щ鎴愬姛鐜?100.0%, 缂撳瓨鍛戒腑 16.8%, 鏁版嵁鎹熷け 16.1%, 缂撳瓨娣樻卑鐜?0.0%
馃攳 杩佺Щ缁熻: 鎵ц4娆? 鎴愬姛4娆? 鎴愬姛鐜?00.0%
[璋冭瘯] Episode 0005: 寤惰繜 0.966s, 鑳借€?4939.62J, 瀹屾垚鐜?97.5%, 杩佺Щ鎴愬姛鐜?100.0%, 缂撳瓨鍛戒腑 16.8%, 鏁版嵁鎹熷け 16.0%, 缂撳瓨娣樻卑鐜?0.0%
馃攳 杩佺Щ缁熻: 鎵ц4娆? 鎴愬姛4娆? 鎴愬姛鐜?00.0%
[璋冭瘯] Episode 0005: 寤惰繜 1.071s, 鑳借€?5183.15J, 瀹屾垚鐜?97.6%, 杩佺Щ鎴愬姛鐜?100.0%, 缂撳瓨鍛戒腑 16.7%, 鏁版嵁鎹熷け 15.4%, 缂撳瓨娣樻卑鐜?0.0%
馃攳 杩佺Щ缁熻: 鎵ц4娆? 鎴愬姛4娆? 鎴愬姛鐜?00.0%
[璋冭瘯] Episode 0005: 寤惰繜 1.061s, 鑳借€?5224.06J, 瀹屾垚鐜?97.6%, 杩佺Щ鎴愬姛鐜?100.0%, 缂撳瓨鍛戒腑 17.0%, 鏁版嵁鎹熷け 15.4%, 缂撳瓨娣樻卑鐜?0.0%
馃攳 杩佺Щ缁熻: 鎵ц4娆? 鎴愬姛4娆? 鎴愬姛鐜?00.0%
[璋冭瘯] Episode 0005: 寤惰繜 1.051s, 鑳借€?5268.11J, 瀹屾垚鐜?97.6%, 杩佺Щ鎴愬姛鐜?100.0%, 缂撳瓨鍛戒腑 17.2%, 鏁版嵁鎹熷け 15.4%, 缂撳瓨娣樻卑鐜?0.0%
馃攳 杩佺Щ缁熻: 鎵ц4娆? 鎴愬姛4娆? 鎴愬姛鐜?00.0%
[璋冭瘯] Episode 0005: 寤惰繜 1.047s, 鑳借€?5269.42J, 瀹屾垚鐜?97.6%, 杩佺Щ鎴愬姛鐜?100.0%, 缂撳瓨鍛戒腑 17.5%, 鏁版嵁鎹熷け 15.4%, 缂撳瓨娣樻卑鐜?0.0%
馃攳 杩佺Щ缁熻: 鎵ц4娆? 鎴愬姛4娆? 鎴愬姛鐜?00.0%
[璋冭瘯] Episode 0005: 寤惰繜 1.030s, 鑳借€?5316.20J, 瀹屾垚鐜?97.7%, 杩佺Щ鎴愬姛鐜?100.0%, 缂撳瓨鍛戒腑 18.5%, 鏁版嵁鎹熷け 15.3%, 缂撳瓨娣樻卑鐜?0.0%
馃攳 杩佺Щ缁熻: 鎵ц4娆? 鎴愬姛4娆? 鎴愬姛鐜?00.0%
[璋冭瘯] Episode 0005: 寤惰繜 1.027s, 鑳借€?5414.81J, 瀹屾垚鐜?97.7%, 杩佺Щ鎴愬姛鐜?100.0%, 缂撳瓨鍛戒腑 18.5%, 鏁版嵁鎹熷け 15.2%, 缂撳瓨娣樻卑鐜?0.0%
馃攳 杩佺Щ缁熻: 鎵ц4娆? 鎴愬姛4娆? 鎴愬姛鐜?00.0%
[璋冭瘯] Episode 0005: 寤惰繜 1.020s, 鑳借€?5436.11J, 瀹屾垚鐜?97.7%, 杩佺Щ鎴愬姛鐜?100.0%, 缂撳瓨鍛戒腑 18.5%, 鏁版嵁鎹熷け 15.2%, 缂撳瓨娣樻卑鐜?0.0%
馃攳 杩佺Щ缁熻: 鎵ц4娆? 鎴愬姛4娆? 鎴愬姛鐜?00.0%
[璋冭瘯] Episode 0005: 寤惰繜 1.015s, 鑳借€?5436.12J, 瀹屾垚鐜?97.7%, 杩佺Щ鎴愬姛鐜?100.0%, 缂撳瓨鍛戒腑 19.1%, 鏁版嵁鎹熷け 15.2%, 缂撳瓨娣樻卑鐜?0.0%
馃攳 杩佺Щ缁熻: 鎵ц4娆? 鎴愬姛4娆? 鎴愬姛鐜?00.0%
[璋冭瘯] Episode 0005: 寤惰繜 1.016s, 鑳借€?5436.28J, 瀹屾垚鐜?97.7%, 杩佺Щ鎴愬姛鐜?100.0%, 缂撳瓨鍛戒腑 19.4%, 鏁版嵁鎹熷け 15.2%, 缂撳瓨娣樻卑鐜?0.0%
浠诲姟鍒嗙被缁熻(400): 绫诲瀷1=0.0%, 绫诲瀷2=6.5%, 绫诲瀷3=38.0%, 绫诲瀷4=55.5%
   褰撳墠浠诲姟: navigation_0008, 1.20s 鈫?绫诲瀷3, 鏁版嵁0.46MB
   馃捑 缂撳瓨缁熻: 鍛戒腑鐜?19.38% (鎬诲懡涓?100, 鏈湴:0, 鏈懡涓?416)
馃攳 杩佺Щ缁熻: 鎵ц4娆? 鎴愬姛4娆? 鎴愬姛鐜?00.0%
[璋冭瘯] Episode 0005: 寤惰繜 1.008s, 鑳借€?5456.98J, 瀹屾垚鐜?97.7%, 杩佺Щ鎴愬姛鐜?100.0%, 缂撳瓨鍛戒腑 19.5%, 鏁版嵁鎹熷け 15.1%, 缂撳瓨娣樻卑鐜?0.0%
馃攳 杩佺Щ缁熻: 鎵ц4娆? 鎴愬姛4娆? 鎴愬姛鐜?00.0%
[璋冭瘯] Episode 0005: 寤惰繜 1.003s, 鑳借€?5477.07J, 瀹屾垚鐜?97.5%, 杩佺Щ鎴愬姛鐜?100.0%, 缂撳瓨鍛戒腑 19.7%, 鏁版嵁鎹熷け 15.1%, 缂撳瓨娣樻卑鐜?0.0%
馃攳 杩佺Щ缁熻: 鎵ц4娆? 鎴愬姛4娆? 鎴愬姛鐜?00.0%
[璋冭瘯] Episode 0005: 寤惰繜 1.003s, 鑳借€?5477.23J, 瀹屾垚鐜?97.5%, 杩佺Щ鎴愬姛鐜?100.0%, 缂撳瓨鍛戒腑 19.9%, 鏁版嵁鎹熷け 15.1%, 缂撳瓨娣樻卑鐜?0.0%
馃攳 杩佺Щ缁熻: 鎵ц4娆? 鎴愬姛4娆? 鎴愬姛鐜?00.0%
[璋冭瘯] Episode 0005: 寤惰繜 0.996s, 鑳借€?5497.05J, 瀹屾垚鐜?97.5%, 杩佺Щ鎴愬姛鐜?100.0%, 缂撳瓨鍛戒腑 20.2%, 鏁版嵁鎹熷け 15.1%, 缂撳瓨娣樻卑鐜?0.0%
馃攳 杩佺Щ缁熻: 鎵ц4娆? 鎴愬姛4娆? 鎴愬姛鐜?00.0%
[璋冭瘯] Episode 0005: 寤惰繜 0.996s, 鑳借€?5497.05J, 瀹屾垚鐜?97.5%, 杩佺Щ鎴愬姛鐜?100.0%, 缂撳瓨鍛戒腑 20.3%, 鏁版嵁鎹熷け 15.0%, 缂撳瓨娣樻卑鐜?0.0%
馃攳 杩佺Щ缁熻: 鎵ц4娆? 鎴愬姛4娆? 鎴愬姛鐜?00.0%
[璋冭瘯] Episode 0005: 寤惰繜 0.992s, 鑳借€?5554.72J, 瀹屾垚鐜?97.6%, 杩佺Щ鎴愬姛鐜?100.0%, 缂撳瓨鍛戒腑 20.5%, 鏁版嵁鎹熷け 15.0%, 缂撳瓨娣樻卑鐜?0.0%
馃攳 杩佺Щ缁熻: 鎵ц4娆? 鎴愬姛4娆? 鎴愬姛鐜?00.0%
[璋冭瘯] Episode 0005: 寤惰繜 0.986s, 鑳借€?5601.18J, 瀹屾垚鐜?97.6%, 杩佺Щ鎴愬姛鐜?100.0%, 缂撳瓨鍛戒腑 20.6%, 鏁版嵁鎹熷け 15.0%, 缂撳瓨娣樻卑鐜?0.0%
馃攳 杩佺Щ缁熻: 鎵ц4娆? 鎴愬姛4娆? 鎴愬姛鐜?00.0%
[璋冭瘯] Episode 0005: 寤惰繜 0.981s, 鑳借€?5608.27J, 瀹屾垚鐜?97.6%, 杩佺Щ鎴愬姛鐜?100.0%, 缂撳瓨鍛戒腑 20.9%, 鏁版嵁鎹熷け 15.0%, 缂撳瓨娣樻卑鐜?0.0%
馃攳 杩佺Щ缁熻: 鎵ц4娆? 鎴愬姛4娆? 鎴愬姛鐜?00.0%
[璋冭瘯] Episode 0005: 寤惰繜 0.971s, 鑳借€?5632.29J, 瀹屾垚鐜?97.6%, 杩佺Щ鎴愬姛鐜?100.0%, 缂撳瓨鍛戒腑 21.2%, 鏁版嵁鎹熷け 14.9%, 缂撳瓨娣樻卑鐜?0.0%
馃攳 杩佺Щ缁熻: 鎵ц4娆? 鎴愬姛4娆? 鎴愬姛鐜?00.0%
[璋冭瘯] Episode 0005: 寤惰繜 0.966s, 鑳借€?5659.50J, 瀹屾垚鐜?97.6%, 杩佺Щ鎴愬姛鐜?100.0%, 缂撳瓨鍛戒腑 21.7%, 鏁版嵁鎹熷け 14.9%, 缂撳瓨娣樻卑鐜?0.0%
馃攳 杩佺Щ缁熻: 鎵ц4娆? 鎴愬姛4娆? 鎴愬姛鐜?00.0%
[璋冭瘯] Episode 0005: 寤惰繜 0.959s, 鑳借€?5681.57J, 瀹屾垚鐜?97.7%, 杩佺Щ鎴愬姛鐜?100.0%, 缂撳瓨鍛戒腑 22.2%, 鏁版嵁鎹熷け 14.9%, 缂撳瓨娣樻卑鐜?0.0%
馃攳 杩佺Щ缁熻: 鎵ц4娆? 鎴愬姛4娆? 鎴愬姛鐜?00.0%
[璋冭瘯] Episode 0005: 寤惰繜 0.953s, 鑳借€?5684.96J, 瀹屾垚鐜?97.7%, 杩佺Щ鎴愬姛鐜?100.0%, 缂撳瓨鍛戒腑 22.4%, 鏁版嵁鎹熷け 14.8%, 缂撳瓨娣樻卑鐜?0.0%
馃攳 杩佺Щ缁熻: 鎵ц4娆? 鎴愬姛4娆? 鎴愬姛鐜?00.0%
[璋冭瘯] Episode 0005: 寤惰繜 0.951s, 鑳借€?5685.87J, 瀹屾垚鐜?97.5%, 杩佺Щ鎴愬姛鐜?100.0%, 缂撳瓨鍛戒腑 22.4%, 鏁版嵁鎹熷け 14.8%, 缂撳瓨娣樻卑鐜?0.0%
馃攳 杩佺Щ缁熻: 鎵ц4娆? 鎴愬姛4娆? 鎴愬姛鐜?00.0%
[璋冭瘯] Episode 0005: 寤惰繜 0.951s, 鑳借€?5686.88J, 瀹屾垚鐜?97.5%, 杩佺Щ鎴愬姛鐜?100.0%, 缂撳瓨鍛戒腑 22.5%, 鏁版嵁鎹熷け 14.8%, 缂撳瓨娣樻卑鐜?0.0%
馃攳 杩佺Щ缁熻: 鎵ц4娆? 鎴愬姛4娆? 鎴愬姛鐜?00.0%
[璋冭瘯] Episode 0005: 寤惰繜 0.952s, 鑳借€?5687.03J, 瀹屾垚鐜?97.5%, 杩佺Щ鎴愬姛鐜?100.0%, 缂撳瓨鍛戒腑 22.7%, 鏁版嵁鎹熷け 14.8%, 缂撳瓨娣樻卑鐜?0.0%
馃攳 杩佺Щ缁熻: 鎵ц4娆? 鎴愬姛4娆? 鎴愬姛鐜?00.0%
[璋冭瘯] Episode 0005: 寤惰繜 0.949s, 鑳借€?5725.82J, 瀹屾垚鐜?97.5%, 杩佺Щ鎴愬姛鐜?100.0%, 缂撳瓨鍛戒腑 22.6%, 鏁版嵁鎹熷け 14.8%, 缂撳瓨娣樻卑鐜?0.0%
馃攳 杩佺Щ缁熻: 鎵ц4娆? 鎴愬姛4娆? 鎴愬姛鐜?00.0%
[璋冭瘯] Episode 0005: 寤惰繜 0.946s, 鑳借€?5728.17J, 瀹屾垚鐜?97.5%, 杩佺Щ鎴愬姛鐜?100.0%, 缂撳瓨鍛戒腑 22.6%, 鏁版嵁鎹熷け 14.8%, 缂撳瓨娣樻卑鐜?0.0%
馃攳 杩佺Щ缁熻: 鎵ц4娆? 鎴愬姛4娆? 鎴愬姛鐜?00.0%
[璋冭瘯] Episode 0005: 寤惰繜 0.947s, 鑳借€?5735.93J, 瀹屾垚鐜?97.5%, 杩佺Щ鎴愬姛鐜?100.0%, 缂撳瓨鍛戒腑 22.6%, 鏁版嵁鎹熷け 14.8%, 缂撳瓨娣樻卑鐜?0.0%
馃攳 杩佺Щ缁熻: 鎵ц4娆? 鎴愬姛4娆? 鎴愬姛鐜?00.0%
[璋冭瘯] Episode 0005: 寤惰繜 0.945s, 鑳借€?5739.09J, 瀹屾垚鐜?97.5%, 杩佺Щ鎴愬姛鐜?100.0%, 缂撳瓨鍛戒腑 22.7%, 鏁版嵁鎹熷け 14.7%, 缂撳瓨娣樻卑鐜?0.0%
馃攳 杩佺Щ缁熻: 鎵ц4娆? 鎴愬姛4娆? 鎴愬姛鐜?00.0%
[璋冭瘯] Episode 0005: 寤惰繜 0.940s, 鑳借€?5783.00J, 瀹屾垚鐜?97.5%, 杩佺Щ鎴愬姛鐜?100.0%, 缂撳瓨鍛戒腑 23.2%, 鏁版嵁鎹熷け 14.2%, 缂撳瓨娣樻卑鐜?0.0%
馃攳 杩佺Щ缁熻: 鎵ц4娆? 鎴愬姛4娆? 鎴愬姛鐜?00.0%
[璋冭瘯] Episode 0005: 寤惰繜 0.934s, 鑳借€?5822.94J, 瀹屾垚鐜?97.6%, 杩佺Щ鎴愬姛鐜?100.0%, 缂撳瓨鍛戒腑 23.0%, 鏁版嵁鎹熷け 14.2%, 缂撳瓨娣樻卑鐜?0.0%
馃攳 杩佺Щ缁熻: 鎵ц4娆? 鎴愬姛4娆? 鎴愬姛鐜?00.0%
[璋冭瘯] Episode 0005: 寤惰繜 0.931s, 鑳借€?5843.17J, 瀹屾垚鐜?97.6%, 杩佺Щ鎴愬姛鐜?100.0%, 缂撳瓨鍛戒腑 23.1%, 鏁版嵁鎹熷け 14.2%, 缂撳瓨娣樻卑鐜?0.0%
馃攳 杩佺Щ缁熻: 鎵ц4娆? 鎴愬姛4娆? 鎴愬姛鐜?00.0%
[璋冭瘯] Episode 0005: 寤惰繜 0.930s, 鑳借€?5942.28J, 瀹屾垚鐜?97.6%, 杩佺Щ鎴愬姛鐜?100.0%, 缂撳瓨鍛戒腑 23.2%, 鏁版嵁鎹熷け 14.1%, 缂撳瓨娣樻卑鐜?0.0%
馃攳 杩佺Щ缁熻: 鎵ц4娆? 鎴愬姛4娆? 鎴愬姛鐜?00.0%
[璋冭瘯] Episode 0005: 寤惰繜 1.278s, 鑳借€?6833.52J, 瀹屾垚鐜?97.6%, 杩佺Щ鎴愬姛鐜?100.0%, 缂撳瓨鍛戒腑 23.1%, 鏁版嵁鎹熷け 12.1%, 缂撳瓨娣樻卑鐜?0.0%
馃攳 杩佺Щ缁熻: 鎵ц4娆? 鎴愬姛4娆? 鎴愬姛鐜?00.0%
[璋冭瘯] Episode 0005: 寤惰繜 1.562s, 鑳借€?7576.56J, 瀹屾垚鐜?97.6%, 杩佺Щ鎴愬姛鐜?100.0%, 缂撳瓨鍛戒腑 24.1%, 鏁版嵁鎹熷け 10.7%, 缂撳瓨娣樻卑鐜?0.0%
馃攳 杩佺Щ缁熻: 鎵ц4娆? 鎴愬姛4娆? 鎴愬姛鐜?00.0%
[璋冭瘯] Episode 0005: 寤惰繜 1.549s, 鑳借€?7630.56J, 瀹屾垚鐜?97.7%, 杩佺Щ鎴愬姛鐜?100.0%, 缂撳瓨鍛戒腑 24.5%, 鏁版嵁鎹熷け 10.7%, 缂撳瓨娣樻卑鐜?0.0%
馃攳 杩佺Щ缁熻: 鎵ц4娆? 鎴愬姛4娆? 鎴愬姛鐜?00.0%
[璋冭瘯] Episode 0005: 寤惰繜 1.549s, 鑳借€?7630.56J, 瀹屾垚鐜?97.7%, 杩佺Щ鎴愬姛鐜?100.0%, 缂撳瓨鍛戒腑 24.5%, 鏁版嵁鎹熷け 10.7%, 缂撳瓨娣樻卑鐜?0.0%
馃攳 杩佺Щ缁熻: 鎵ц4娆? 鎴愬姛4娆? 鎴愬姛鐜?00.0%
[璋冭瘯] Episode 0005: 寤惰繜 1.546s, 鑳借€?7631.84J, 瀹屾垚鐜?97.7%, 杩佺Щ鎴愬姛鐜?100.0%, 缂撳瓨鍛戒腑 24.6%, 鏁版嵁鎹熷け 10.7%, 缂撳瓨娣樻卑鐜?0.0%
馃攳 杩佺Щ缁熻: 鎵ц4娆? 鎴愬姛4娆? 鎴愬姛鐜?00.0%
[璋冭瘯] Episode 0005: 寤惰繜 1.530s, 鑳借€?7679.11J, 瀹屾垚鐜?97.7%, 杩佺Щ鎴愬姛鐜?100.0%, 缂撳瓨鍛戒腑 25.0%, 鏁版嵁鎹熷け 10.7%, 缂撳瓨娣樻卑鐜?0.0%
馃攳 杩佺Щ缁熻: 鎵ц4娆? 鎴愬姛4娆? 鎴愬姛鐜?00.0%
[璋冭瘯] Episode 0005: 寤惰繜 1.524s, 鑳借€?7679.11J, 瀹屾垚鐜?97.7%, 杩佺Щ鎴愬姛鐜?100.0%, 缂撳瓨鍛戒腑 25.4%, 鏁版嵁鎹熷け 10.7%, 缂撳瓨娣樻卑鐜?0.0%
馃攳 杩佺Щ缁熻: 鎵ц4娆? 鎴愬姛4娆? 鎴愬姛鐜?00.0%
[璋冭瘯] Episode 0005: 寤惰繜 1.523s, 鑳借€?7679.73J, 瀹屾垚鐜?97.7%, 杩佺Щ鎴愬姛鐜?100.0%, 缂撳瓨鍛戒腑 25.4%, 鏁版嵁鎹熷け 10.6%, 缂撳瓨娣樻卑鐜?0.0%
馃攳 杩佺Щ缁熻: 鎵ц4娆? 鎴愬姛4娆? 鎴愬姛鐜?00.0%
[璋冭瘯] Episode 0005: 寤惰繜 1.514s, 鑳借€?7700.87J, 瀹屾垚鐜?97.7%, 杩佺Щ鎴愬姛鐜?100.0%, 缂撳瓨鍛戒腑 25.6%, 鏁版嵁鎹熷け 10.6%, 缂撳瓨娣樻卑鐜?0.0%
馃攳 杩佺Щ缁熻: 鎵ц4娆? 鎴愬姛4娆? 鎴愬姛鐜?00.0%
[璋冭瘯] Episode 0005: 寤惰繜 1.505s, 鑳借€?7735.46J, 瀹屾垚鐜?97.7%, 杩佺Щ鎴愬姛鐜?100.0%, 缂撳瓨鍛戒腑 26.0%, 鏁版嵁鎹熷け 10.6%, 缂撳瓨娣樻卑鐜?0.0%
馃攳 杩佺Щ缁熻: 鎵ц4娆? 鎴愬姛4娆? 鎴愬姛鐜?00.0%
[璋冭瘯] Episode 0005: 寤惰繜 1.505s, 鑳借€?7735.46J, 瀹屾垚鐜?97.7%, 杩佺Щ鎴愬姛鐜?100.0%, 缂撳瓨鍛戒腑 26.0%, 鏁版嵁鎹熷け 10.6%, 缂撳瓨娣樻卑鐜?0.0%
馃攳 杩佺Щ缁熻: 鎵ц4娆? 鎴愬姛4娆? 鎴愬姛鐜?00.0%
[璋冭瘯] Episode 0005: 寤惰繜 1.496s, 鑳借€?7736.59J, 瀹屾垚鐜?97.8%, 杩佺Щ鎴愬姛鐜?100.0%, 缂撳瓨鍛戒腑 26.4%, 鏁版嵁鎹熷け 10.6%, 缂撳瓨娣樻卑鐜?0.0%
馃攳 杩佺Щ缁熻: 鎵ц4娆? 鎴愬姛4娆? 鎴愬姛鐜?00.0%
[璋冭瘯] Episode 0005: 寤惰繜 1.485s, 鑳借€?7758.55J, 瀹屾垚鐜?97.8%, 杩佺Щ鎴愬姛鐜?100.0%, 缂撳瓨鍛戒腑 26.7%, 鏁版嵁鎹熷け 10.6%, 缂撳瓨娣樻卑鐜?0.0%
馃攳 杩佺Щ缁熻: 鎵ц4娆? 鎴愬姛4娆? 鎴愬姛鐜?00.0%
[璋冭瘯] Episode 0005: 寤惰繜 1.533s, 鑳借€?7912.08J, 瀹屾垚鐜?97.8%, 杩佺Щ鎴愬姛鐜?100.0%, 缂撳瓨鍛戒腑 27.1%, 鏁版嵁鎹熷け 10.4%, 缂撳瓨娣樻卑鐜?0.0%
馃攳 杩佺Щ缁熻: 鎵ц4娆? 鎴愬姛4娆? 鎴愬姛鐜?00.0%
[璋冭瘯] Episode 0005: 寤惰繜 1.527s, 鑳借€?7912.45J, 瀹屾垚鐜?97.8%, 杩佺Щ鎴愬姛鐜?100.0%, 缂撳瓨鍛戒腑 27.3%, 鏁版嵁鎹熷け 10.4%, 缂撳瓨娣樻卑鐜?0.0%
浠诲姟鍒嗙被缁熻(500): 绫诲瀷1=0.0%, 绫诲瀷2=6.0%, 绫诲瀷3=38.0%, 绫诲瀷4=56.0%
   褰撳墠浠诲姟: safety_alert, 0.53s 鈫?绫诲瀷4, 鏁版嵁0.05MB
   馃捑 缂撳瓨缁熻: 鍛戒腑鐜?27.44% (鎬诲懡涓?180, 鏈湴:0, 鏈懡涓?476)
馃攳 杩佺Щ缁熻: 鎵ц4娆? 鎴愬姛4娆? 鎴愬姛鐜?00.0%
[璋冭瘯] Episode 0005: 寤惰繜 1.518s, 鑳借€?7913.68J, 瀹屾垚鐜?97.8%, 杩佺Щ鎴愬姛鐜?100.0%, 缂撳瓨鍛戒腑 27.7%, 鏁版嵁鎹熷け 10.4%, 缂撳瓨娣樻卑鐜?0.0%
馃攳 杩佺Щ缁熻: 鎵ц4娆? 鎴愬姛4娆? 鎴愬姛鐜?00.0%
[璋冭瘯] Episode 0005: 寤惰繜 1.517s, 鑳借€?7913.89J, 瀹屾垚鐜?97.8%, 杩佺Щ鎴愬姛鐜?100.0%, 缂撳瓨鍛戒腑 27.9%, 鏁版嵁鎹熷け 10.4%, 缂撳瓨娣樻卑鐜?0.0%
馃攳 杩佺Щ缁熻: 鎵ц4娆? 鎴愬姛4娆? 鎴愬姛鐜?00.0%
[璋冭瘯] Episode 0005: 寤惰繜 1.515s, 鑳借€?7936.87J, 瀹屾垚鐜?97.8%, 杩佺Щ鎴愬姛鐜?100.0%, 缂撳瓨鍛戒腑 27.8%, 鏁版嵁鎹熷け 10.4%, 缂撳瓨娣樻卑鐜?0.0%
馃攳 杩佺Щ缁熻: 鎵ц4娆? 鎴愬姛4娆? 鎴愬姛鐜?00.0%
[璋冭瘯] Episode 0005: 寤惰繜 1.504s, 鑳借€?7977.77J, 瀹屾垚鐜?97.8%, 杩佺Щ鎴愬姛鐜?100.0%, 缂撳瓨鍛戒腑 27.8%, 鏁版嵁鎹熷け 10.4%, 缂撳瓨娣樻卑鐜?0.0%
馃攳 杩佺Щ缁熻: 鎵ц4娆? 鎴愬姛4娆? 鎴愬姛鐜?00.0%
[璋冭瘯] Episode 0005: 寤惰繜 1.500s, 鑳借€?7985.08J, 瀹屾垚鐜?97.9%, 杩佺Щ鎴愬姛鐜?100.0%, 缂撳瓨鍛戒腑 27.9%, 鏁版嵁鎹熷け 10.3%, 缂撳瓨娣樻卑鐜?0.0%
馃攳 杩佺Щ缁熻: 鎵ц4娆? 鎴愬姛4娆? 鎴愬姛鐜?00.0%
[璋冭瘯] Episode 0005: 寤惰繜 1.482s, 鑳借€?8054.61J, 瀹屾垚鐜?97.9%, 杩佺Щ鎴愬姛鐜?100.0%, 缂撳瓨鍛戒腑 28.2%, 鏁版嵁鎹熷け 10.3%, 缂撳瓨娣樻卑鐜?0.0%
馃攳 杩佺Щ缁熻: 鎵ц4娆? 鎴愬姛4娆? 鎴愬姛鐜?00.0%
[璋冭瘯] Episode 0005: 寤惰繜 1.477s, 鑳借€?8055.61J, 瀹屾垚鐜?97.9%, 杩佺Щ鎴愬姛鐜?100.0%, 缂撳瓨鍛戒腑 28.3%, 鏁版嵁鎹熷け 10.3%, 缂撳瓨娣樻卑鐜?0.0%
馃攳 杩佺Щ缁熻: 鎵ц4娆? 鎴愬姛4娆? 鎴愬姛鐜?00.0%
[璋冭瘯] Episode 0005: 寤惰繜 1.477s, 鑳借€?8103.27J, 瀹屾垚鐜?97.9%, 杩佺Щ鎴愬姛鐜?100.0%, 缂撳瓨鍛戒腑 28.1%, 鏁版嵁鎹熷け 10.1%, 缂撳瓨娣樻卑鐜?0.0%
馃攳 杩佺Щ缁熻: 鎵ц4娆? 鎴愬姛4娆? 鎴愬姛鐜?00.0%
[璋冭瘯] Episode 0005: 寤惰繜 1.464s, 鑳借€?8166.76J, 瀹屾垚鐜?97.9%, 杩佺Щ鎴愬姛鐜?100.0%, 缂撳瓨鍛戒腑 28.0%, 鏁版嵁鎹熷け 10.1%, 缂撳瓨娣樻卑鐜?0.0%
馃攳 杩佺Щ缁熻: 鎵ц4娆? 鎴愬姛4娆? 鎴愬姛鐜?00.0%
[璋冭瘯] Episode 0005: 寤惰繜 1.464s, 鑳借€?8167.29J, 瀹屾垚鐜?97.9%, 杩佺Щ鎴愬姛鐜?100.0%, 缂撳瓨鍛戒腑 27.9%, 鏁版嵁鎹熷け 10.1%, 缂撳瓨娣樻卑鐜?0.0%
馃攳 杩佺Щ缁熻: 鎵ц4娆? 鎴愬姛4娆? 鎴愬姛鐜?00.0%
[璋冭瘯] Episode 0005: 寤惰繜 1.461s, 鑳借€?8200.02J, 瀹屾垚鐜?97.9%, 杩佺Щ鎴愬姛鐜?100.0%, 缂撳瓨鍛戒腑 27.8%, 鏁版嵁鎹熷け 10.1%, 缂撳瓨娣樻卑鐜?0.0%
馃攳 杩佺Щ缁熻: 鎵ц4娆? 鎴愬姛4娆? 鎴愬姛鐜?00.0%
[璋冭瘯] Episode 0005: 寤惰繜 1.447s, 鑳借€?8201.61J, 瀹屾垚鐜?98.0%, 杩佺Щ鎴愬姛鐜?100.0%, 缂撳瓨鍛戒腑 28.3%, 鏁版嵁鎹熷け 10.1%, 缂撳瓨娣樻卑鐜?0.0%
馃攳 杩佺Щ缁熻: 鎵ц4娆? 鎴愬姛4娆? 鎴愬姛鐜?00.0%
[璋冭瘯] Episode 0005: 寤惰繜 1.449s, 鑳借€?8201.78J, 瀹屾垚鐜?98.0%, 杩佺Щ鎴愬姛鐜?100.0%, 缂撳瓨鍛戒腑 28.4%, 鏁版嵁鎹熷け 10.1%, 缂撳瓨娣樻卑鐜?0.0%
馃攳 杩佺Щ缁熻: 鎵ц4娆? 鎴愬姛4娆? 鎴愬姛鐜?00.0%
[璋冭瘯] Episode 0005: 寤惰繜 1.636s, 鑳借€?8893.18J, 瀹屾垚鐜?97.8%, 杩佺Щ鎴愬姛鐜?100.0%, 缂撳瓨鍛戒腑 29.0%, 鏁版嵁鎹熷け 9.3%, 缂撳瓨娣樻卑鐜?0.0%
馃攳 杩佺Щ缁熻: 鎵ц4娆? 鎴愬姛4娆? 鎴愬姛鐜?00.0%
[璋冭瘯] Episode 0005: 寤惰繜 1.633s, 鑳借€?8893.19J, 瀹屾垚鐜?97.8%, 杩佺Щ鎴愬姛鐜?100.0%, 缂撳瓨鍛戒腑 29.2%, 鏁版嵁鎹熷け 9.3%, 缂撳瓨娣樻卑鐜?0.0%
馃攳 杩佺Щ缁熻: 鎵ц4娆? 鎴愬姛4娆? 鎴愬姛鐜?00.0%
[璋冭瘯] Episode 0005: 寤惰繜 1.632s, 鑳借€?8893.33J, 瀹屾垚鐜?97.8%, 杩佺Щ鎴愬姛鐜?100.0%, 缂撳瓨鍛戒腑 29.4%, 鏁版嵁鎹熷け 9.3%, 缂撳瓨娣樻卑鐜?0.0%
馃攳 杩佺Щ缁熻: 鎵ц4娆? 鎴愬姛4娆? 鎴愬姛鐜?00.0%
[璋冭瘯] Episode 0005: 寤惰繜 1.633s, 鑳借€?8893.38J, 瀹屾垚鐜?97.8%, 杩佺Щ鎴愬姛鐜?100.0%, 缂撳瓨鍛戒腑 29.3%, 鏁版嵁鎹熷け 9.3%, 缂撳瓨娣樻卑鐜?0.0%
[Episode 5, Step 1] Tasks: generated=5, local=2(40.0%), rsu=3(60.0%), uav=0(0.0%), dropped=0(0.0%)
[Episode 5, Step 3] Tasks: generated=4, local=1(25.0%), rsu=2(50.0%), uav=1(25.0%), dropped=0(0.0%)
[Episode 5, Step 5] Tasks: generated=6, local=1(16.7%), rsu=0(0.0%), uav=5(83.3%), dropped=0(0.0%)
[Episode 5, Step 7] Tasks: generated=2, local=1(50.0%), rsu=1(50.0%), uav=0(0.0%), dropped=1(50.0%)
[Episode 5, Step 9] Tasks: generated=5, local=3(60.0%), rsu=0(0.0%), uav=2(40.0%), dropped=1(20.0%)
[Episode 5, Step 11] Tasks: generated=2, local=1(50.0%), rsu=1(50.0%), uav=0(0.0%), dropped=0(0.0%)
[Episode 5, Step 13] Tasks: generated=7, local=1(14.3%), rsu=4(57.1%), uav=2(28.6%), dropped=0(0.0%)
[Episode 5, Step 15] Tasks: generated=2, local=1(50.0%), rsu=1(50.0%), uav=0(0.0%), dropped=0(0.0%)
[Episode 5, Step 17] Tasks: generated=1, local=1(100.0%), rsu=0(0.0%), uav=0(0.0%), dropped=0(0.0%)
[Episode 5, Step 19] Tasks: generated=5, local=2(40.0%), rsu=0(0.0%), uav=3(60.0%), dropped=0(0.0%)
[Episode 5, Step 21] Tasks: generated=2, local=0(0.0%), rsu=1(50.0%), uav=1(50.0%), dropped=0(0.0%)
[Episode 5, Step 23] Tasks: generated=4, local=2(50.0%), rsu=1(25.0%), uav=1(25.0%), dropped=0(0.0%)
[Episode 5, Step 25] Tasks: generated=1, local=1(100.0%), rsu=0(0.0%), uav=0(0.0%), dropped=0(0.0%)
[Episode 5, Step 27] Tasks: generated=3, local=2(66.7%), rsu=1(33.3%), uav=0(0.0%), dropped=0(0.0%)
[Episode 5, Step 29] Tasks: generated=2, local=0(0.0%), rsu=0(0.0%), uav=2(100.0%), dropped=0(0.0%)
[Episode 5, Step 31] Tasks: generated=3, local=0(0.0%), rsu=1(33.3%), uav=2(66.7%), dropped=0(0.0%)
[Episode 5, Step 33] Tasks: generated=1, local=1(100.0%), rsu=0(0.0%), uav=0(0.0%), dropped=0(0.0%)
[Episode 5, Step 35] Tasks: generated=1, local=1(100.0%), rsu=0(0.0%), uav=0(0.0%), dropped=0(0.0%)
[Episode 5, Step 37] Tasks: generated=4, local=1(25.0%), rsu=2(50.0%), uav=1(25.0%), dropped=0(0.0%)
[Episode 5, Step 39] Tasks: generated=2, local=1(50.0%), rsu=0(0.0%), uav=1(50.0%), dropped=0(0.0%)
[Episode 5, Step 41] Tasks: generated=1, local=1(100.0%), rsu=0(0.0%), uav=0(0.0%), dropped=0(0.0%)
[Episode 5, Step 43] Tasks: generated=2, local=2(100.0%), rsu=0(0.0%), uav=0(0.0%), dropped=0(0.0%)
[Episode 5, Step 45] Tasks: generated=1, local=1(100.0%), rsu=0(0.0%), uav=0(0.0%), dropped=0(0.0%)
[Episode 5, Step 47] Tasks: generated=3, local=3(100.0%), rsu=0(0.0%), uav=0(0.0%), dropped=0(0.0%)
[Episode 5, Step 49] Tasks: generated=6, local=2(33.3%), rsu=3(50.0%), uav=1(16.7%), dropped=0(0.0%)
[Episode 5, Step 51] Tasks: generated=2, local=1(50.0%), rsu=0(0.0%), uav=1(50.0%), dropped=0(0.0%)
[Episode 5, Step 53] Tasks: generated=3, local=3(100.0%), rsu=0(0.0%), uav=0(0.0%), dropped=0(0.0%)
[Episode 5, Step 55] Tasks: generated=1, local=1(100.0%), rsu=0(0.0%), uav=0(0.0%), dropped=0(0.0%)
[Episode 5, Step 57] Tasks: generated=4, local=0(0.0%), rsu=0(0.0%), uav=4(100.0%), dropped=0(0.0%)
[Episode 5, Step 59] Tasks: generated=1, local=0(0.0%), rsu=1(100.0%), uav=0(0.0%), dropped=0(0.0%)
[Episode 5, Step 61] Tasks: generated=4, local=2(50.0%), rsu=1(25.0%), uav=1(25.0%), dropped=0(0.0%)
[Episode 5, Step 63] Tasks: generated=4, local=0(0.0%), rsu=2(50.0%), uav=2(50.0%), dropped=0(0.0%)
[Episode 5, Step 65] Tasks: generated=1, local=0(0.0%), rsu=0(0.0%), uav=1(100.0%), dropped=0(0.0%)
[Episode 5, Step 67] Tasks: generated=4, local=0(0.0%), rsu=3(75.0%), uav=1(25.0%), dropped=0(0.0%)
[Episode 5, Step 69] Tasks: generated=0, local=0(0.0%), rsu=0(0.0%), uav=0(0.0%), dropped=0(0.0%)
[Episode 5, Step 71] Tasks: generated=2, local=0(0.0%), rsu=1(50.0%), uav=1(50.0%), dropped=0(0.0%)
[Episode 5, Step 73] Tasks: generated=2, local=0(0.0%), rsu=1(50.0%), uav=1(50.0%), dropped=0(0.0%)
[Episode 5, Step 75] Tasks: generated=2, local=2(100.0%), rsu=0(0.0%), uav=0(0.0%), dropped=0(0.0%)
[Episode 5, Step 77] Tasks: generated=4, local=2(50.0%), rsu=2(50.0%), uav=0(0.0%), dropped=0(0.0%)
[Episode 5, Step 79] Tasks: generated=1, local=1(100.0%), rsu=0(0.0%), uav=0(0.0%), dropped=0(0.0%)
[Episode 5, Step 81] Tasks: generated=6, local=1(16.7%), rsu=3(50.0%), uav=2(33.3%), dropped=0(0.0%)
[Episode 5, Step 83] Tasks: generated=5, local=3(60.0%), rsu=1(20.0%), uav=1(20.0%), dropped=0(0.0%)
[Episode 5, Step 85] Tasks: generated=3, local=0(0.0%), rsu=2(66.7%), uav=1(33.3%), dropped=0(0.0%)
[Episode 5, Step 87] Tasks: generated=2, local=2(100.0%), rsu=0(0.0%), uav=0(0.0%), dropped=0(0.0%)
[Episode 5, Step 89] Tasks: generated=4, local=0(0.0%), rsu=2(50.0%), uav=2(50.0%), dropped=0(0.0%)
[Episode 5, Step 91] Tasks: generated=4, local=0(0.0%), rsu=3(75.0%), uav=1(25.0%), dropped=0(0.0%)
[Episode 5, Step 93] Tasks: generated=4, local=0(0.0%), rsu=2(50.0%), uav=2(50.0%), dropped=0(0.0%)
[Episode 5, Step 95] Tasks: generated=0, local=0(0.0%), rsu=0(0.0%), uav=0(0.0%), dropped=0(0.0%)
[Episode 5, Step 97] Tasks: generated=0, local=0(0.0%), rsu=0(0.0%), uav=0(0.0%), dropped=0(0.0%)
[Episode 5, Step 99] Tasks: generated=6, local=4(66.7%), rsu=0(0.0%), uav=2(33.3%), dropped=0(0.0%)
[Episode 5, Step 101] Tasks: generated=2, local=1(50.0%), rsu=1(50.0%), uav=0(0.0%), dropped=0(0.0%)
[Episode 5, Step 103] Tasks: generated=3, local=2(66.7%), rsu=0(0.0%), uav=1(33.3%), dropped=0(0.0%)
[Episode 5, Step 105] Tasks: generated=3, local=1(33.3%), rsu=1(33.3%), uav=1(33.3%), dropped=0(0.0%)
[Episode 5, Step 107] Tasks: generated=3, local=0(0.0%), rsu=2(66.7%), uav=1(33.3%), dropped=0(0.0%)
[Episode 5, Step 109] Tasks: generated=3, local=1(33.3%), rsu=1(33.3%), uav=1(33.3%), dropped=0(0.0%)
[Episode 5, Step 111] Tasks: generated=3, local=2(66.7%), rsu=0(0.0%), uav=1(33.3%), dropped=0(0.0%)
[Episode 5, Step 113] Tasks: generated=5, local=3(60.0%), rsu=0(0.0%), uav=2(40.0%), dropped=0(0.0%)
[Episode 5, Step 115] Tasks: generated=4, local=1(25.0%), rsu=1(25.0%), uav=2(50.0%), dropped=0(0.0%)
[Episode 5, Step 117] Tasks: generated=3, local=2(66.7%), rsu=1(33.3%), uav=0(0.0%), dropped=0(0.0%)
[Episode 5, Step 119] Tasks: generated=3, local=0(0.0%), rsu=2(66.7%), uav=1(33.3%), dropped=0(0.0%)
[Episode 5, Step 121] Tasks: generated=4, local=1(25.0%), rsu=0(0.0%), uav=3(75.0%), dropped=0(0.0%)
[Episode 5, Step 123] Tasks: generated=3, local=0(0.0%), rsu=2(66.7%), uav=1(33.3%), dropped=0(0.0%)
[Episode 5, Step 125] Tasks: generated=1, local=1(100.0%), rsu=0(0.0%), uav=0(0.0%), dropped=0(0.0%)
[Episode 5, Step 127] Tasks: generated=5, local=2(40.0%), rsu=2(40.0%), uav=1(20.0%), dropped=0(0.0%)
[Episode 5, Step 129] Tasks: generated=0, local=0(0.0%), rsu=0(0.0%), uav=0(0.0%), dropped=0(0.0%)
[Episode 5, Step 131] Tasks: generated=3, local=0(0.0%), rsu=2(66.7%), uav=1(33.3%), dropped=0(0.0%)
[Episode 5, Step 133] Tasks: generated=5, local=2(40.0%), rsu=1(20.0%), uav=2(40.0%), dropped=0(0.0%)
[Episode 5, Step 135] Tasks: generated=1, local=0(0.0%), rsu=0(0.0%), uav=1(100.0%), dropped=0(0.0%)
[Episode 5, Step 137] Tasks: generated=3, local=1(33.3%), rsu=2(66.7%), uav=0(0.0%), dropped=0(0.0%)
[Episode 5, Step 139] Tasks: generated=3, local=1(33.3%), rsu=1(33.3%), uav=1(33.3%), dropped=0(0.0%)
[Episode 5, Step 141] Tasks: generated=1, local=1(100.0%), rsu=0(0.0%), uav=0(0.0%), dropped=0(0.0%)
[Episode 5, Step 143] Tasks: generated=2, local=0(0.0%), rsu=1(50.0%), uav=1(50.0%), dropped=0(0.0%)
[Episode 5, Step 145] Tasks: generated=2, local=1(50.0%), rsu=0(0.0%), uav=1(50.0%), dropped=0(0.0%)
[Episode 5, Step 147] Tasks: generated=2, local=0(0.0%), rsu=2(100.0%), uav=0(0.0%), dropped=0(0.0%)
[Episode 5, Step 149] Tasks: generated=2, local=0(0.0%), rsu=2(100.0%), uav=0(0.0%), dropped=0(0.0%)
[Episode 5, Step 151] Tasks: generated=2, local=1(50.0%), rsu=1(50.0%), uav=0(0.0%), dropped=0(0.0%)
[Episode 5, Step 153] Tasks: generated=4, local=3(75.0%), rsu=0(0.0%), uav=1(25.0%), dropped=0(0.0%)
[Episode 5, Step 155] Tasks: generated=4, local=1(25.0%), rsu=2(50.0%), uav=1(25.0%), dropped=0(0.0%)
[Episode 5, Step 157] Tasks: generated=1, local=1(100.0%), rsu=0(0.0%), uav=0(0.0%), dropped=1(100.0%)
[Episode 5, Step 159] Tasks: generated=2, local=0(0.0%), rsu=1(50.0%), uav=1(50.0%), dropped=0(0.0%)
[Episode 5, Step 161] Tasks: generated=2, local=2(100.0%), rsu=0(0.0%), uav=0(0.0%), dropped=0(0.0%)
[Episode 5, Step 163] Tasks: generated=5, local=0(0.0%), rsu=1(20.0%), uav=4(80.0%), dropped=0(0.0%)
[Episode 5, Step 165] Tasks: generated=2, local=0(0.0%), rsu=2(100.0%), uav=0(0.0%), dropped=0(0.0%)
[Episode 5, Step 167] Tasks: generated=2, local=1(50.0%), rsu=0(0.0%), uav=1(50.0%), dropped=0(0.0%)
[Episode 5, Step 169] Tasks: generated=5, local=1(20.0%), rsu=3(60.0%), uav=1(20.0%), dropped=0(0.0%)
[Episode 5, Step 171] Tasks: generated=0, local=0(0.0%), rsu=0(0.0%), uav=0(0.0%), dropped=0(0.0%)
[Episode 5, Step 173] Tasks: generated=4, local=1(25.0%), rsu=2(50.0%), uav=1(25.0%), dropped=0(0.0%)
[Episode 5, Step 175] Tasks: generated=3, local=1(33.3%), rsu=1(33.3%), uav=1(33.3%), dropped=0(0.0%)
[Episode 5, Step 177] Tasks: generated=3, local=0(0.0%), rsu=0(0.0%), uav=3(100.0%), dropped=0(0.0%)
[Episode 5, Step 179] Tasks: generated=3, local=1(33.3%), rsu=0(0.0%), uav=2(66.7%), dropped=0(0.0%)
[Episode 5, Step 181] Tasks: generated=3, local=1(33.3%), rsu=2(66.7%), uav=0(0.0%), dropped=0(0.0%)
[Episode 5, Step 183] Tasks: generated=8, local=1(12.5%), rsu=3(37.5%), uav=4(50.0%), dropped=0(0.0%)
[Episode 5, Step 185] Tasks: generated=1, local=0(0.0%), rsu=0(0.0%), uav=1(100.0%), dropped=0(0.0%)
[Episode 5, Step 187] Tasks: generated=4, local=1(25.0%), rsu=1(25.0%), uav=2(50.0%), dropped=0(0.0%)
[Episode 5, Step 189] Tasks: generated=3, local=1(33.3%), rsu=2(66.7%), uav=0(0.0%), dropped=0(0.0%)
[Episode 5, Step 191] Tasks: generated=4, local=2(50.0%), rsu=1(25.0%), uav=1(25.0%), dropped=0(0.0%)
[Episode 5, Step 193] Tasks: generated=1, local=0(0.0%), rsu=0(0.0%), uav=1(100.0%), dropped=0(0.0%)
[Episode 5, Step 195] Tasks: generated=1, local=0(0.0%), rsu=1(100.0%), uav=0(0.0%), dropped=0(0.0%)
[Episode 5, Step 197] Tasks: generated=1, local=0(0.0%), rsu=1(100.0%), uav=0(0.0%), dropped=0(0.0%)
[Episode 5, Step 199] Tasks: generated=1, local=0(0.0%), rsu=0(0.0%), uav=1(100.0%), dropped=0(0.0%)

================================================================================
馃搳 Episode 5 浠诲姟澶勭悊鏂瑰紡鍒嗗竷缁熻
================================================================================
鎬绘鏁? 200
鎬荤敓鎴愪换鍔℃暟: 552

浠诲姟鍒嗗竷鍗犳瘮:
  鉁?鏈湴澶勭悊:    183 浠诲姟 ( 33.2%)
  鉁?RSU澶勭悊:     188 浠诲姟 ( 34.1%)
  鉁?UAV澶勭悊:     181 浠诲姟 ( 32.8%)
  鉁?琚涪寮?       12 浠诲姟 (  2.2%)

琛ュ厖鎸囨爣:
  浠诲姟鎴愬姛鐜? 97.8%
  RSU缂撳瓨鍛戒腑鐜? 29.3%
  骞冲潎鏈湴鍗犳瘮: 34.8%
  骞冲潎RSU鍗犳瘮: 30.6%
  骞冲潎UAV鍗犳瘮: 29.0%
================================================================================

杞﹁締鍒濆鍖栧畬鎴愶細涓诲共閬撳弻璺彛鍦烘櫙
鍒涘缓浜?12 杞﹁締, 4 RSU, 2 UAV
涓ぎRSU璋冨害鍣ㄥ凡鍚敤: RSU_2
[Topology] Central RSU configured as RSU_2 for coordination.
鍒濆鍖栦簡 6 涓紦瀛樼鐞嗗櫒
[璋冭瘯] Episode 0006: 寤惰繜 4.563s, 鑳借€?1.97J, 瀹屾垚鐜?100.0%, 杩佺Щ鎴愬姛鐜?0.0%, 缂撳瓨鍛戒腑 22.2%, 鏁版嵁鎹熷け 0.0%, 缂撳瓨娣樻卑鐜?0.0%
[璋冭瘯] Episode 0006: 寤惰繜 0.777s, 鑳借€?61.37J, 瀹屾垚鐜?100.0%, 杩佺Щ鎴愬姛鐜?0.0%, 缂撳瓨鍛戒腑 22.2%, 鏁版嵁鎹熷け 0.0%, 缂撳瓨娣樻卑鐜?0.0%
[璋冭瘯] Episode 0006: 寤惰繜 0.891s, 鑳借€?70.04J, 瀹屾垚鐜?87.5%, 杩佺Щ鎴愬姛鐜?0.0%, 缂撳瓨鍛戒腑 22.2%, 鏁版嵁鎹熷け 2.7%, 缂撳瓨娣樻卑鐜?0.0%
[璋冭瘯] Episode 0006: 寤惰繜 0.809s, 鑳借€?71.27J, 瀹屾垚鐜?88.9%, 杩佺Щ鎴愬姛鐜?0.0%, 缂撳瓨鍛戒腑 22.2%, 鏁版嵁鎹熷け 2.4%, 缂撳瓨娣樻卑鐜?0.0%
[璋冭瘯] Episode 0006: 寤惰繜 0.806s, 鑳借€?73.44J, 瀹屾垚鐜?90.9%, 杩佺Щ鎴愬姛鐜?0.0%, 缂撳瓨鍛戒腑 22.2%, 鏁版嵁鎹熷け 1.9%, 缂撳瓨娣樻卑鐜?0.0%
[璋冭瘯] Episode 0006: 寤惰繜 0.534s, 鑳借€?169.37J, 瀹屾垚鐜?94.1%, 杩佺Щ鎴愬姛鐜?0.0%, 缂撳瓨鍛戒腑 22.2%, 鏁版嵁鎹熷け 1.4%, 缂撳瓨娣樻卑鐜?0.0%
[璋冭瘯] Episode 0006: 寤惰繜 0.534s, 鑳借€?169.37J, 瀹屾垚鐜?94.1%, 杩佺Щ鎴愬姛鐜?0.0%, 缂撳瓨鍛戒腑 22.2%, 鏁版嵁鎹熷け 1.4%, 缂撳瓨娣樻卑鐜?0.0%
[璋冭瘯] Episode 0006: 寤惰繜 0.534s, 鑳借€?169.37J, 瀹屾垚鐜?94.1%, 杩佺Щ鎴愬姛鐜?0.0%, 缂撳瓨鍛戒腑 22.2%, 鏁版嵁鎹熷け 1.4%, 缂撳瓨娣樻卑鐜?0.0%
[璋冭瘯] Episode 0006: 寤惰繜 0.504s, 鑳借€?199.84J, 瀹屾垚鐜?95.0%, 杩佺Щ鎴愬姛鐜?0.0%, 缂撳瓨鍛戒腑 22.1%, 鏁版嵁鎹熷け 1.2%, 缂撳瓨娣樻卑鐜?0.0%
[璋冭瘯] Episode 0006: 寤惰繜 0.568s, 鑳借€?200.06J, 瀹屾垚鐜?95.0%, 杩佺Щ鎴愬姛鐜?0.0%, 缂撳瓨鍛戒腑 22.1%, 鏁版嵁鎹熷け 0.9%, 缂撳瓨娣樻卑鐜?0.0%
[璋冭瘯] Episode 0006: 寤惰繜 0.653s, 鑳借€?200.30J, 瀹屾垚鐜?95.0%, 杩佺Щ鎴愬姛鐜?0.0%, 缂撳瓨鍛戒腑 22.1%, 鏁版嵁鎹熷け 0.9%, 缂撳瓨娣樻卑鐜?0.0%
[璋冭瘯] Episode 0006: 寤惰繜 5.000s, 鑳借€?991.94J, 瀹屾垚鐜?96.3%, 杩佺Щ鎴愬姛鐜?0.0%, 缂撳瓨鍛戒腑 22.0%, 鏁版嵁鎹熷け 0.1%, 缂撳瓨娣樻卑鐜?0.0%
[璋冭瘯] Episode 0006: 寤惰繜 4.774s, 鑳借€?1036.73J, 瀹屾垚鐜?96.7%, 杩佺Щ鎴愬姛鐜?0.0%, 缂撳瓨鍛戒腑 22.0%, 鏁版嵁鎹熷け 0.1%, 缂撳瓨娣樻卑鐜?0.0%
[璋冭瘯] Episode 0006: 寤惰繜 4.774s, 鑳借€?1036.73J, 瀹屾垚鐜?96.7%, 杩佺Щ鎴愬姛鐜?0.0%, 缂撳瓨鍛戒腑 22.0%, 鏁版嵁鎹熷け 0.1%, 缂撳瓨娣樻卑鐜?0.0%
[VehicleMigration] handover #1: vehicle V_8 task task_38 UAV_1 -> RSU_0
   Trigger: distance 499.6m > threshold 464.8m (speed 14.1 m/s)
   Score: 629.6 -> 214.9 (improvement 65.9%)
   Queue trend: UAV_1: 1 -> 0, RSU_0: 1 -> 2
[Migration] Executed 1 vehicle-following migrations.
馃攳 杩佺Щ缁熻: 鎵ц1娆? 鎴愬姛1娆? 鎴愬姛鐜?00.0%
[璋冭瘯] Episode 0006: 寤惰繜 5.000s, 鑳借€?1698.17J, 瀹屾垚鐜?97.1%, 杩佺Щ鎴愬姛鐜?100.0%, 缂撳瓨鍛戒腑 22.0%, 鏁版嵁鎹熷け 0.0%, 缂撳瓨娣樻卑鐜?0.0%
[VehicleMigration] handover #1: vehicle V_8 task task_43 RSU_1 -> RSU_0
   Trigger: distance 283.5m > threshold 278.6m (speed 14.3 m/s)
   Score: 473.5 -> 213.5 (improvement 54.9%)
   Queue trend: RSU_1: 3 -> 2, RSU_0: 1 -> 2
[Migration] Executed 1 vehicle-following migrations.
馃攳 杩佺Щ缁熻: 鎵ц2娆? 鎴愬姛2娆? 鎴愬姛鐜?00.0%
[璋冭瘯] Episode 0006: 寤惰繜 5.000s, 鑳借€?1744.52J, 瀹屾垚鐜?97.4%, 杩佺Щ鎴愬姛鐜?100.0%, 缂撳瓨鍛戒腑 22.0%, 鏁版嵁鎹熷け 0.0%, 缂撳瓨娣樻卑鐜?0.0%
馃攳 杩佺Щ缁熻: 鎵ц2娆? 鎴愬姛2娆? 鎴愬姛鐜?00.0%
[璋冭瘯] Episode 0006: 寤惰繜 5.000s, 鑳借€?2624.40J, 瀹屾垚鐜?97.6%, 杩佺Щ鎴愬姛鐜?100.0%, 缂撳瓨鍛戒腑 21.9%, 鏁版嵁鎹熷け 0.0%, 缂撳瓨娣樻卑鐜?0.0%
馃攳 杩佺Щ缁熻: 鎵ц2娆? 鎴愬姛2娆? 鎴愬姛鐜?00.0%
[璋冭瘯] Episode 0006: 寤惰繜 5.000s, 鑳借€?2681.80J, 瀹屾垚鐜?97.7%, 杩佺Щ鎴愬姛鐜?100.0%, 缂撳瓨鍛戒腑 21.9%, 鏁版嵁鎹熷け 0.0%, 缂撳瓨娣樻卑鐜?0.0%
馃攳 杩佺Щ缁熻: 鎵ц2娆? 鎴愬姛2娆? 鎴愬姛鐜?00.0%
[璋冭瘯] Episode 0006: 寤惰繜 5.000s, 鑳借€?2733.87J, 瀹屾垚鐜?97.9%, 杩佺Щ鎴愬姛鐜?100.0%, 缂撳瓨鍛戒腑 21.9%, 鏁版嵁鎹熷け 0.0%, 缂撳瓨娣樻卑鐜?0.0%
馃攳 杩佺Щ缁熻: 鎵ц2娆? 鎴愬姛2娆? 鎴愬姛鐜?00.0%
[璋冭瘯] Episode 0006: 寤惰繜 5.000s, 鑳借€?2735.63J, 瀹屾垚鐜?98.0%, 杩佺Щ鎴愬姛鐜?100.0%, 缂撳瓨鍛戒腑 21.8%, 鏁版嵁鎹熷け 0.0%, 缂撳瓨娣樻卑鐜?0.0%
馃攳 杩佺Щ缁熻: 鎵ц2娆? 鎴愬姛2娆? 鎴愬姛鐜?00.0%
[璋冭瘯] Episode 0006: 寤惰繜 5.000s, 鑳借€?2745.76J, 瀹屾垚鐜?98.0%, 杩佺Щ鎴愬姛鐜?100.0%, 缂撳瓨鍛戒腑 21.8%, 鏁版嵁鎹熷け 0.0%, 缂撳瓨娣樻卑鐜?0.0%
[VehicleMigration] handover #1: vehicle V_1 task task_59 RSU_0 -> RSU_2
   Trigger: distance 298.0m > threshold 279.1m (speed 13.9 m/s)
   Score: 488.0 -> 232.1 (improvement 52.5%)
   Queue trend: RSU_0: 3 -> 2, RSU_2: 1 -> 2
[Migration] Executed 1 vehicle-following migrations.
馃攳 杩佺Щ缁熻: 鎵ц3娆? 鎴愬姛3娆? 鎴愬姛鐜?00.0%
[璋冭瘯] Episode 0006: 寤惰繜 5.000s, 鑳借€?2833.31J, 瀹屾垚鐜?98.2%, 杩佺Щ鎴愬姛鐜?100.0%, 缂撳瓨鍛戒腑 21.8%, 鏁版嵁鎹熷け 0.0%, 缂撳瓨娣樻卑鐜?0.0%
馃攳 杩佺Щ缁熻: 鎵ц3娆? 鎴愬姛3娆? 鎴愬姛鐜?00.0%
[璋冭瘯] Episode 0006: 寤惰繜 5.000s, 鑳借€?2920.23J, 瀹屾垚鐜?98.3%, 杩佺Щ鎴愬姛鐜?100.0%, 缂撳瓨鍛戒腑 21.8%, 鏁版嵁鎹熷け 0.0%, 缂撳瓨娣樻卑鐜?0.0%
馃攳 杩佺Щ缁熻: 鎵ц3娆? 鎴愬姛3娆? 鎴愬姛鐜?00.0%
[璋冭瘯] Episode 0006: 寤惰繜 5.000s, 鑳借€?2930.22J, 瀹屾垚鐜?98.4%, 杩佺Щ鎴愬姛鐜?100.0%, 缂撳瓨鍛戒腑 21.7%, 鏁版嵁鎹熷け 0.0%, 缂撳瓨娣樻卑鐜?0.0%
馃攳 杩佺Щ缁熻: 鎵ц3娆? 鎴愬姛3娆? 鎴愬姛鐜?00.0%
[璋冭瘯] Episode 0006: 寤惰繜 5.000s, 鑳借€?2962.61J, 瀹屾垚鐜?98.4%, 杩佺Щ鎴愬姛鐜?100.0%, 缂撳瓨鍛戒腑 21.7%, 鏁版嵁鎹熷け 0.0%, 缂撳瓨娣樻卑鐜?0.0%
馃攳 杩佺Щ缁熻: 鎵ц3娆? 鎴愬姛3娆? 鎴愬姛鐜?00.0%
[璋冭瘯] Episode 0006: 寤惰繜 5.000s, 鑳借€?3014.37J, 瀹屾垚鐜?98.5%, 杩佺Щ鎴愬姛鐜?100.0%, 缂撳瓨鍛戒腑 21.7%, 鏁版嵁鎹熷け 0.0%, 缂撳瓨娣樻卑鐜?0.0%
馃攳 杩佺Щ缁熻: 鎵ц3娆? 鎴愬姛3娆? 鎴愬姛鐜?00.0%
[璋冭瘯] Episode 0006: 寤惰繜 5.000s, 鑳借€?3913.94J, 瀹屾垚鐜?98.6%, 杩佺Щ鎴愬姛鐜?100.0%, 缂撳瓨鍛戒腑 21.6%, 鏁版嵁鎹熷け 0.0%, 缂撳瓨娣樻卑鐜?0.0%
馃攳 杩佺Щ缁熻: 鎵ц3娆? 鎴愬姛3娆? 鎴愬姛鐜?00.0%
[璋冭瘯] Episode 0006: 寤惰繜 5.000s, 鑳借€?3977.26J, 瀹屾垚鐜?98.6%, 杩佺Щ鎴愬姛鐜?100.0%, 缂撳瓨鍛戒腑 21.6%, 鏁版嵁鎹熷け 0.0%, 缂撳瓨娣樻卑鐜?0.0%
馃攳 杩佺Щ缁熻: 鎵ц3娆? 鎴愬姛3娆? 鎴愬姛鐜?00.0%
[璋冭瘯] Episode 0006: 寤惰繜 5.000s, 鑳借€?4006.64J, 瀹屾垚鐜?98.7%, 杩佺Щ鎴愬姛鐜?100.0%, 缂撳瓨鍛戒腑 21.5%, 鏁版嵁鎹熷け 0.0%, 缂撳瓨娣樻卑鐜?0.0%
[VehicleMigration] handover #1: vehicle V_3 task task_87 UAV_1 -> RSU_0
   Trigger: distance 488.8m > threshold 471.8m (speed 11.3 m/s)
   Score: 708.8 -> 293.9 (improvement 58.5%)
   Queue trend: UAV_1: 4 -> 3, RSU_0: 4 -> 5
[VehicleMigration] handover #2: vehicle V_8 task task_88 UAV_1 -> RSU_0
   Trigger: distance 477.4m > threshold 458.7m (speed 16.5 m/s)
   Score: 667.4 -> 312.1 (improvement 53.2%)
   Queue trend: UAV_1: 3 -> 2, RSU_0: 5 -> 6
[Migration] Executed 2 vehicle-following migrations.
馃攳 杩佺Щ缁熻: 鎵ц5娆? 鎴愬姛5娆? 鎴愬姛鐜?00.0%
[璋冭瘯] Episode 0006: 寤惰繜 5.000s, 鑳借€?4189.27J, 瀹屾垚鐜?98.7%, 杩佺Щ鎴愬姛鐜?100.0%, 缂撳瓨鍛戒腑 21.5%, 鏁版嵁鎹熷け 0.0%, 缂撳瓨娣樻卑鐜?0.0%
馃攳 杩佺Щ缁熻: 鎵ц5娆? 鎴愬姛5娆? 鎴愬姛鐜?00.0%
[璋冭瘯] Episode 0006: 寤惰繜 5.000s, 鑳借€?4301.04J, 瀹屾垚鐜?98.9%, 杩佺Щ鎴愬姛鐜?100.0%, 缂撳瓨鍛戒腑 21.5%, 鏁版嵁鎹熷け 0.0%, 缂撳瓨娣樻卑鐜?0.0%
馃攳 杩佺Щ缁熻: 鎵ц5娆? 鎴愬姛5娆? 鎴愬姛鐜?00.0%
[璋冭瘯] Episode 0006: 寤惰繜 5.000s, 鑳借€?4405.98J, 瀹屾垚鐜?98.9%, 杩佺Щ鎴愬姛鐜?100.0%, 缂撳瓨鍛戒腑 21.5%, 鏁版嵁鎹熷け 0.0%, 缂撳瓨娣樻卑鐜?0.0%
馃攳 杩佺Щ缁熻: 鎵ц5娆? 鎴愬姛5娆? 鎴愬姛鐜?00.0%
[璋冭瘯] Episode 0006: 寤惰繜 5.000s, 鑳借€?4413.27J, 瀹屾垚鐜?98.9%, 杩佺Щ鎴愬姛鐜?100.0%, 缂撳瓨鍛戒腑 21.5%, 鏁版嵁鎹熷け 0.0%, 缂撳瓨娣樻卑鐜?0.0%
浠诲姟鍒嗙被缁熻(100): 绫诲瀷1=0.0%, 绫诲瀷2=9.0%, 绫诲瀷3=36.0%, 绫诲瀷4=55.0%
   褰撳墠浠诲姟: traffic_info, 0.61s 鈫?绫诲瀷4, 鏁版嵁0.10MB
   馃捑 缂撳瓨缁熻: 鍛戒腑鐜?0.00% (鎬诲懡涓?0, 鏈湴:0, 鏈懡涓?132)
馃攳 杩佺Щ缁熻: 鎵ц5娆? 鎴愬姛5娆? 鎴愬姛鐜?00.0%
[璋冭瘯] Episode 0006: 寤惰繜 5.000s, 鑳借€?4419.62J, 瀹屾垚鐜?99.0%, 杩佺Щ鎴愬姛鐜?100.0%, 缂撳瓨鍛戒腑 21.4%, 鏁版嵁鎹熷け 0.0%, 缂撳瓨娣樻卑鐜?0.0%
馃攳 杩佺Щ缁熻: 鎵ц5娆? 鎴愬姛5娆? 鎴愬姛鐜?00.0%
[璋冭瘯] Episode 0006: 寤惰繜 5.000s, 鑳借€?4426.82J, 瀹屾垚鐜?99.0%, 杩佺Щ鎴愬姛鐜?100.0%, 缂撳瓨鍛戒腑 21.4%, 鏁版嵁鎹熷け 0.0%, 缂撳瓨娣樻卑鐜?0.0%
[VehicleMigration] handover #1: vehicle V_3 task task_106 UAV_1 -> RSU_0
   Trigger: distance 482.1m > threshold 472.0m (speed 11.2 m/s)
   Score: 612.1 -> 227.0 (improvement 62.9%)
   Queue trend: UAV_1: 1 -> 0, RSU_0: 2 -> 3
[Migration] Executed 1 vehicle-following migrations.
馃攳 杩佺Щ缁熻: 鎵ц6娆? 鎴愬姛6娆? 鎴愬姛鐜?00.0%
[璋冭瘯] Episode 0006: 寤惰繜 5.000s, 鑳借€?4449.84J, 瀹屾垚鐜?99.0%, 杩佺Щ鎴愬姛鐜?100.0%, 缂撳瓨鍛戒腑 21.4%, 鏁版嵁鎹熷け 0.0%, 缂撳瓨娣樻卑鐜?0.0%
[VehicleMigration] handover #1: vehicle V_3 task task_109 UAV_1 -> RSU_0
   Trigger: distance 481.0m > threshold 471.4m (speed 11.4 m/s)
   Score: 641.0 -> 225.8 (improvement 64.8%)
   Queue trend: UAV_1: 2 -> 1, RSU_0: 2 -> 3
[Migration] Executed 1 vehicle-following migrations.
馃攳 杩佺Щ缁熻: 鎵ц7娆? 鎴愬姛7娆? 鎴愬姛鐜?00.0%
[璋冭瘯] Episode 0006: 寤惰繜 5.000s, 鑳借€?4490.68J, 瀹屾垚鐜?99.0%, 杩佺Щ鎴愬姛鐜?100.0%, 缂撳瓨鍛戒腑 21.4%, 鏁版嵁鎹熷け 0.0%, 缂撳瓨娣樻卑鐜?0.0%
馃攳 杩佺Щ缁熻: 鎵ц7娆? 鎴愬姛7娆? 鎴愬姛鐜?00.0%
[璋冭瘯] Episode 0006: 寤惰繜 5.000s, 鑳借€?4511.05J, 瀹屾垚鐜?99.1%, 杩佺Щ鎴愬姛鐜?100.0%, 缂撳瓨鍛戒腑 21.3%, 鏁版嵁鎹熷け 0.0%, 缂撳瓨娣樻卑鐜?0.0%
馃攳 杩佺Щ缁熻: 鎵ц7娆? 鎴愬姛7娆? 鎴愬姛鐜?00.0%
[璋冭瘯] Episode 0006: 寤惰繜 5.000s, 鑳借€?4623.41J, 瀹屾垚鐜?99.1%, 杩佺Щ鎴愬姛鐜?100.0%, 缂撳瓨鍛戒腑 1.3%, 鏁版嵁鎹熷け 0.0%, 缂撳瓨娣樻卑鐜?0.0%
馃攳 杩佺Щ缁熻: 鎵ц7娆? 鎴愬姛7娆? 鎴愬姛鐜?00.0%
[璋冭瘯] Episode 0006: 寤惰繜 5.000s, 鑳借€?4634.38J, 瀹屾垚鐜?99.1%, 杩佺Щ鎴愬姛鐜?100.0%, 缂撳瓨鍛戒腑 1.3%, 鏁版嵁鎹熷け 0.0%, 缂撳瓨娣樻卑鐜?0.0%
馃攳 杩佺Щ缁熻: 鎵ц7娆? 鎴愬姛7娆? 鎴愬姛鐜?00.0%
[璋冭瘯] Episode 0006: 寤惰繜 5.000s, 鑳借€?4634.67J, 瀹屾垚鐜?98.3%, 杩佺Щ鎴愬姛鐜?100.0%, 缂撳瓨鍛戒腑 1.2%, 鏁版嵁鎹熷け 0.1%, 缂撳瓨娣樻卑鐜?0.0%
馃攳 杩佺Щ缁熻: 鎵ц7娆? 鎴愬姛7娆? 鎴愬姛鐜?00.0%
[璋冭瘯] Episode 0006: 寤惰繜 5.000s, 鑳借€?4685.63J, 瀹屾垚鐜?98.3%, 杩佺Щ鎴愬姛鐜?100.0%, 缂撳瓨鍛戒腑 1.2%, 鏁版嵁鎹熷け 0.1%, 缂撳瓨娣樻卑鐜?0.0%
馃攳 杩佺Щ缁熻: 鎵ц7娆? 鎴愬姛7娆? 鎴愬姛鐜?00.0%
[璋冭瘯] Episode 0006: 寤惰繜 5.000s, 鑳借€?4886.80J, 瀹屾垚鐜?98.3%, 杩佺Щ鎴愬姛鐜?100.0%, 缂撳瓨鍛戒腑 1.2%, 鏁版嵁鎹熷け 0.1%, 缂撳瓨娣樻卑鐜?0.0%
馃攳 杩佺Щ缁熻: 鎵ц7娆? 鎴愬姛7娆? 鎴愬姛鐜?00.0%
[璋冭瘯] Episode 0006: 寤惰繜 5.000s, 鑳借€?5032.47J, 瀹屾垚鐜?98.4%, 杩佺Щ鎴愬姛鐜?100.0%, 缂撳瓨鍛戒腑 1.1%, 鏁版嵁鎹熷け 0.1%, 缂撳瓨娣樻卑鐜?0.0%
馃攳 杩佺Щ缁熻: 鎵ц7娆? 鎴愬姛7娆? 鎴愬姛鐜?00.0%
[璋冭瘯] Episode 0006: 寤惰繜 5.000s, 鑳借€?5033.16J, 瀹屾垚鐜?98.4%, 杩佺Щ鎴愬姛鐜?100.0%, 缂撳瓨鍛戒腑 1.1%, 鏁版嵁鎹熷け 0.1%, 缂撳瓨娣樻卑鐜?0.0%
馃攳 杩佺Щ缁熻: 鎵ц7娆? 鎴愬姛7娆? 鎴愬姛鐜?00.0%
[璋冭瘯] Episode 0006: 寤惰繜 5.000s, 鑳借€?5045.14J, 瀹屾垚鐜?98.4%, 杩佺Щ鎴愬姛鐜?100.0%, 缂撳瓨鍛戒腑 1.1%, 鏁版嵁鎹熷け 0.1%, 缂撳瓨娣樻卑鐜?0.0%
馃攳 杩佺Щ缁熻: 鎵ц7娆? 鎴愬姛7娆? 鎴愬姛鐜?00.0%
[璋冭瘯] Episode 0006: 寤惰繜 5.000s, 鑳借€?5135.46J, 瀹屾垚鐜?98.5%, 杩佺Щ鎴愬姛鐜?100.0%, 缂撳瓨鍛戒腑 1.1%, 鏁版嵁鎹熷け 0.1%, 缂撳瓨娣樻卑鐜?0.0%
馃攳 杩佺Щ缁熻: 鎵ц7娆? 鎴愬姛7娆? 鎴愬姛鐜?00.0%
[璋冭瘯] Episode 0006: 寤惰繜 5.000s, 鑳借€?5203.47J, 瀹屾垚鐜?98.5%, 杩佺Щ鎴愬姛鐜?100.0%, 缂撳瓨鍛戒腑 2.6%, 鏁版嵁鎹熷け 0.1%, 缂撳瓨娣樻卑鐜?0.0%
馃攳 杩佺Щ缁熻: 鎵ц7娆? 鎴愬姛7娆? 鎴愬姛鐜?00.0%
[璋冭瘯] Episode 0006: 寤惰繜 4.980s, 鑳借€?5245.13J, 瀹屾垚鐜?98.6%, 杩佺Щ鎴愬姛鐜?100.0%, 缂撳瓨鍛戒腑 3.1%, 鏁版嵁鎹熷け 0.1%, 缂撳瓨娣樻卑鐜?0.0%
馃攳 杩佺Щ缁熻: 鎵ц7娆? 鎴愬姛7娆? 鎴愬姛鐜?00.0%
[璋冭瘯] Episode 0006: 寤惰繜 5.000s, 鑳借€?6131.74J, 瀹屾垚鐜?98.6%, 杩佺Щ鎴愬姛鐜?100.0%, 缂撳瓨鍛戒腑 3.1%, 鏁版嵁鎹熷け 0.0%, 缂撳瓨娣樻卑鐜?0.0%
馃攳 杩佺Щ缁熻: 鎵ц7娆? 鎴愬姛7娆? 鎴愬姛鐜?00.0%
[璋冭瘯] Episode 0006: 寤惰繜 5.000s, 鑳借€?6162.53J, 瀹屾垚鐜?98.6%, 杩佺Щ鎴愬姛鐜?100.0%, 缂撳瓨鍛戒腑 3.4%, 鏁版嵁鎹熷け 0.0%, 缂撳瓨娣樻卑鐜?0.0%
馃攳 杩佺Щ缁熻: 鎵ц7娆? 鎴愬姛7娆? 鎴愬姛鐜?00.0%
[璋冭瘯] Episode 0006: 寤惰繜 5.000s, 鑳借€?6162.65J, 瀹屾垚鐜?98.6%, 杩佺Щ鎴愬姛鐜?100.0%, 缂撳瓨鍛戒腑 3.9%, 鏁版嵁鎹熷け 0.0%, 缂撳瓨娣樻卑鐜?0.0%
馃攳 杩佺Щ缁熻: 鎵ц7娆? 鎴愬姛7娆? 鎴愬姛鐜?00.0%
[璋冭瘯] Episode 0006: 寤惰繜 5.000s, 鑳借€?6179.80J, 瀹屾垚鐜?98.6%, 杩佺Щ鎴愬姛鐜?100.0%, 缂撳瓨鍛戒腑 3.9%, 鏁版嵁鎹熷け 0.0%, 缂撳瓨娣樻卑鐜?0.0%
馃攳 杩佺Щ缁熻: 鎵ц7娆? 鎴愬姛7娆? 鎴愬姛鐜?00.0%
[璋冭瘯] Episode 0006: 寤惰繜 5.000s, 鑳借€?6225.80J, 瀹屾垚鐜?98.7%, 杩佺Щ鎴愬姛鐜?100.0%, 缂撳瓨鍛戒腑 4.2%, 鏁版嵁鎹熷け 0.0%, 缂撳瓨娣樻卑鐜?0.0%
[VehicleMigration] handover #1: vehicle V_7 task task_161 RSU_2 -> RSU_1
   Trigger: distance 299.5m > threshold 289.5m (speed 7.0 m/s)
   Score: 429.5 -> 229.5 (improvement 46.6%)
   Queue trend: RSU_2: 1 -> 0, RSU_1: 1 -> 2
[Migration] Executed 1 vehicle-following migrations.
馃攳 杩佺Щ缁熻: 鎵ц8娆? 鎴愬姛8娆? 鎴愬姛鐜?00.0%
[璋冭瘯] Episode 0006: 寤惰繜 5.000s, 鑳借€?6261.31J, 瀹屾垚鐜?98.7%, 杩佺Щ鎴愬姛鐜?100.0%, 缂撳瓨鍛戒腑 4.5%, 鏁版嵁鎹熷け 0.0%, 缂撳瓨娣樻卑鐜?0.0%
馃攳 杩佺Щ缁熻: 鎵ц8娆? 鎴愬姛8娆? 鎴愬姛鐜?00.0%
[璋冭瘯] Episode 0006: 寤惰繜 5.000s, 鑳借€?6281.43J, 瀹屾垚鐜?98.7%, 杩佺Щ鎴愬姛鐜?100.0%, 缂撳瓨鍛戒腑 4.4%, 鏁版嵁鎹熷け 0.0%, 缂撳瓨娣樻卑鐜?0.0%
馃攳 杩佺Щ缁熻: 鎵ц8娆? 鎴愬姛8娆? 鎴愬姛鐜?00.0%
[璋冭瘯] Episode 0006: 寤惰繜 5.000s, 鑳借€?6364.37J, 瀹屾垚鐜?98.7%, 杩佺Щ鎴愬姛鐜?100.0%, 缂撳瓨鍛戒腑 4.3%, 鏁版嵁鎹熷け 0.0%, 缂撳瓨娣樻卑鐜?0.0%
馃攳 杩佺Щ缁熻: 鎵ц8娆? 鎴愬姛8娆? 鎴愬姛鐜?00.0%
[璋冭瘯] Episode 0006: 寤惰繜 5.000s, 鑳借€?6404.32J, 瀹屾垚鐜?98.8%, 杩佺Щ鎴愬姛鐜?100.0%, 缂撳瓨鍛戒腑 4.3%, 鏁版嵁鎹熷け 0.0%, 缂撳瓨娣樻卑鐜?0.0%
馃攳 杩佺Щ缁熻: 鎵ц8娆? 鎴愬姛8娆? 鎴愬姛鐜?00.0%
[璋冭瘯] Episode 0006: 寤惰繜 5.000s, 鑳借€?6433.16J, 瀹屾垚鐜?98.8%, 杩佺Щ鎴愬姛鐜?100.0%, 缂撳瓨鍛戒腑 4.1%, 鏁版嵁鎹熷け 0.0%, 缂撳瓨娣樻卑鐜?0.0%
馃攳 杩佺Щ缁熻: 鎵ц8娆? 鎴愬姛8娆? 鎴愬姛鐜?00.0%
[璋冭瘯] Episode 0006: 寤惰繜 5.000s, 鑳借€?6456.65J, 瀹屾垚鐜?98.8%, 杩佺Щ鎴愬姛鐜?100.0%, 缂撳瓨鍛戒腑 4.1%, 鏁版嵁鎹熷け 0.0%, 缂撳瓨娣樻卑鐜?0.0%
[VehicleMigration] handover #1: vehicle V_4 task task_178 RSU_1 -> RSU_0
   Trigger: distance 299.7m > threshold 285.6m (speed 9.6 m/s)
   Score: 549.7 -> 289.7 (improvement 47.3%)
   Queue trend: RSU_1: 5 -> 4, RSU_0: 3 -> 4
[Migration] Executed 1 vehicle-following migrations.
馃攳 杩佺Щ缁熻: 鎵ц9娆? 鎴愬姛9娆? 鎴愬姛鐜?00.0%
[璋冭瘯] Episode 0006: 寤惰繜 5.000s, 鑳借€?6499.52J, 瀹屾垚鐜?98.8%, 杩佺Щ鎴愬姛鐜?100.0%, 缂撳瓨鍛戒腑 3.9%, 鏁版嵁鎹熷け 0.0%, 缂撳瓨娣樻卑鐜?0.0%
馃攳 杩佺Щ缁熻: 鎵ц9娆? 鎴愬姛9娆? 鎴愬姛鐜?00.0%
[璋冭瘯] Episode 0006: 寤惰繜 5.000s, 鑳借€?6538.66J, 瀹屾垚鐜?98.8%, 杩佺Щ鎴愬姛鐜?100.0%, 缂撳瓨鍛戒腑 3.9%, 鏁版嵁鎹熷け 0.0%, 缂撳瓨娣樻卑鐜?0.0%
馃攳 杩佺Щ缁熻: 鎵ц9娆? 鎴愬姛9娆? 鎴愬姛鐜?00.0%
[璋冭瘯] Episode 0006: 寤惰繜 5.000s, 鑳借€?7367.93J, 瀹屾垚鐜?98.9%, 杩佺Щ鎴愬姛鐜?100.0%, 缂撳瓨鍛戒腑 3.9%, 鏁版嵁鎹熷け 0.0%, 缂撳瓨娣樻卑鐜?0.0%
馃攳 杩佺Щ缁熻: 鎵ц9娆? 鎴愬姛9娆? 鎴愬姛鐜?00.0%
[璋冭瘯] Episode 0006: 寤惰繜 5.000s, 鑳借€?7493.85J, 瀹屾垚鐜?98.9%, 杩佺Щ鎴愬姛鐜?100.0%, 缂撳瓨鍛戒腑 3.9%, 鏁版嵁鎹熷け 0.0%, 缂撳瓨娣樻卑鐜?0.0%
馃攳 杩佺Щ缁熻: 鎵ц9娆? 鎴愬姛9娆? 鎴愬姛鐜?00.0%
[璋冭瘯] Episode 0006: 寤惰繜 5.000s, 鑳借€?7496.39J, 瀹屾垚鐜?98.9%, 杩佺Щ鎴愬姛鐜?100.0%, 缂撳瓨鍛戒腑 4.9%, 鏁版嵁鎹熷け 0.0%, 缂撳瓨娣樻卑鐜?0.0%
馃攳 杩佺Щ缁熻: 鎵ц9娆? 鎴愬姛9娆? 鎴愬姛鐜?00.0%
[璋冭瘯] Episode 0006: 寤惰繜 5.000s, 鑳借€?7502.20J, 瀹屾垚鐜?98.9%, 杩佺Щ鎴愬姛鐜?100.0%, 缂撳瓨鍛戒腑 5.3%, 鏁版嵁鎹熷け 0.0%, 缂撳瓨娣樻卑鐜?0.0%
馃攳 杩佺Щ缁熻: 鎵ц9娆? 鎴愬姛9娆? 鎴愬姛鐜?00.0%
[璋冭瘯] Episode 0006: 寤惰繜 5.000s, 鑳借€?7503.35J, 瀹屾垚鐜?98.9%, 杩佺Щ鎴愬姛鐜?100.0%, 缂撳瓨鍛戒腑 5.2%, 鏁版嵁鎹熷け 0.0%, 缂撳瓨娣樻卑鐜?0.0%
馃攳 杩佺Щ缁熻: 鎵ц9娆? 鎴愬姛9娆? 鎴愬姛鐜?00.0%
[璋冭瘯] Episode 0006: 寤惰繜 5.000s, 鑳借€?8226.07J, 瀹屾垚鐜?98.9%, 杩佺Щ鎴愬姛鐜?100.0%, 缂撳瓨鍛戒腑 5.2%, 鏁版嵁鎹熷け 0.0%, 缂撳瓨娣樻卑鐜?0.0%
浠诲姟鍒嗙被缁熻(200): 绫诲瀷1=0.0%, 绫诲瀷2=11.5%, 绫诲瀷3=35.0%, 绫诲瀷4=53.5%
   褰撳墠浠诲姟: weather_info, 3.69s 鈫?绫诲瀷2, 鏁版嵁0.27MB
   馃捑 缂撳瓨缁熻: 鍛戒腑鐜?5.19% (鎬诲懡涓?14, 鏈湴:0, 鏈懡涓?256)
馃攳 杩佺Щ缁熻: 鎵ц9娆? 鎴愬姛9娆? 鎴愬姛鐜?00.0%
[璋冭瘯] Episode 0006: 寤惰繜 5.000s, 鑳借€?8281.26J, 瀹屾垚鐜?99.0%, 杩佺Щ鎴愬姛鐜?100.0%, 缂撳瓨鍛戒腑 5.1%, 鏁版嵁鎹熷け 0.0%, 缂撳瓨娣樻卑鐜?0.0%
馃攳 杩佺Щ缁熻: 鎵ц9娆? 鎴愬姛9娆? 鎴愬姛鐜?00.0%
[璋冭瘯] Episode 0006: 寤惰繜 5.000s, 鑳借€?8284.64J, 瀹屾垚鐜?99.0%, 杩佺Щ鎴愬姛鐜?100.0%, 缂撳瓨鍛戒腑 5.1%, 鏁版嵁鎹熷け 0.0%, 缂撳瓨娣樻卑鐜?0.0%
馃攳 杩佺Щ缁熻: 鎵ц9娆? 鎴愬姛9娆? 鎴愬姛鐜?00.0%
[璋冭瘯] Episode 0006: 寤惰繜 5.000s, 鑳借€?8329.82J, 瀹屾垚鐜?99.0%, 杩佺Щ鎴愬姛鐜?100.0%, 缂撳瓨鍛戒腑 5.1%, 鏁版嵁鎹熷け 0.0%, 缂撳瓨娣樻卑鐜?0.0%
馃攳 杩佺Щ缁熻: 鎵ц9娆? 鎴愬姛9娆? 鎴愬姛鐜?00.0%
[璋冭瘯] Episode 0006: 寤惰繜 5.000s, 鑳借€?8363.66J, 瀹屾垚鐜?99.0%, 杩佺Щ鎴愬姛鐜?100.0%, 缂撳瓨鍛戒腑 4.9%, 鏁版嵁鎹熷け 0.0%, 缂撳瓨娣樻卑鐜?0.0%
馃攳 杩佺Щ缁熻: 鎵ц9娆? 鎴愬姛9娆? 鎴愬姛鐜?00.0%
[璋冭瘯] Episode 0006: 寤惰繜 5.000s, 鑳借€?8453.76J, 瀹屾垚鐜?99.0%, 杩佺Щ鎴愬姛鐜?100.0%, 缂撳瓨鍛戒腑 4.9%, 鏁版嵁鎹熷け 0.0%, 缂撳瓨娣樻卑鐜?0.0%
[VehicleMigration] handover #1: vehicle V_6 task task_210 UAV_0 -> RSU_2
   Trigger: distance 484.1m > threshold 474.4m (speed 10.2 m/s)
   Score: 674.1 -> 169.0 (improvement 74.9%)
   Queue trend: UAV_0: 3 -> 2, RSU_2: 0 -> 1
[Migration] Executed 1 vehicle-following migrations.
馃攳 杩佺Щ缁熻: 鎵ц10娆? 鎴愬姛10娆? 鎴愬姛鐜?00.0%
[璋冭瘯] Episode 0006: 寤惰繜 5.000s, 鑳借€?8453.91J, 瀹屾垚鐜?99.0%, 杩佺Щ鎴愬姛鐜?100.0%, 缂撳瓨鍛戒腑 4.9%, 鏁版嵁鎹熷け 0.0%, 缂撳瓨娣樻卑鐜?0.0%
馃攳 杩佺Щ缁熻: 鎵ц10娆? 鎴愬姛10娆? 鎴愬姛鐜?00.0%
[璋冭瘯] Episode 0006: 寤惰繜 5.000s, 鑳借€?8473.87J, 瀹屾垚鐜?99.0%, 杩佺Щ鎴愬姛鐜?100.0%, 缂撳瓨鍛戒腑 4.8%, 鏁版嵁鎹熷け 0.0%, 缂撳瓨娣樻卑鐜?0.0%
馃攳 杩佺Щ缁熻: 鎵ц10娆? 鎴愬姛10娆? 鎴愬姛鐜?00.0%
[璋冭瘯] Episode 0006: 寤惰繜 5.000s, 鑳借€?8494.32J, 瀹屾垚鐜?99.0%, 杩佺Щ鎴愬姛鐜?100.0%, 缂撳瓨鍛戒腑 4.8%, 鏁版嵁鎹熷け 0.0%, 缂撳瓨娣樻卑鐜?0.0%
馃攳 杩佺Щ缁熻: 鎵ц10娆? 鎴愬姛10娆? 鎴愬姛鐜?00.0%
[璋冭瘯] Episode 0006: 寤惰繜 5.000s, 鑳借€?8506.18J, 瀹屾垚鐜?99.1%, 杩佺Щ鎴愬姛鐜?100.0%, 缂撳瓨鍛戒腑 4.8%, 鏁版嵁鎹熷け 0.0%, 缂撳瓨娣樻卑鐜?0.0%
馃攳 杩佺Щ缁熻: 鎵ц10娆? 鎴愬姛10娆? 鎴愬姛鐜?00.0%
[璋冭瘯] Episode 0006: 寤惰繜 5.000s, 鑳借€?8568.38J, 瀹屾垚鐜?99.1%, 杩佺Щ鎴愬姛鐜?100.0%, 缂撳瓨鍛戒腑 5.1%, 鏁版嵁鎹熷け 0.0%, 缂撳瓨娣樻卑鐜?0.0%
馃攳 杩佺Щ缁熻: 鎵ц10娆? 鎴愬姛10娆? 鎴愬姛鐜?00.0%
[璋冭瘯] Episode 0006: 寤惰繜 5.000s, 鑳借€?8592.66J, 瀹屾垚鐜?99.1%, 杩佺Щ鎴愬姛鐜?100.0%, 缂撳瓨鍛戒腑 5.3%, 鏁版嵁鎹熷け 0.0%, 缂撳瓨娣樻卑鐜?0.0%
馃攳 杩佺Щ缁熻: 鎵ц10娆? 鎴愬姛10娆? 鎴愬姛鐜?00.0%
[璋冭瘯] Episode 0006: 寤惰繜 5.000s, 鑳借€?8592.81J, 瀹屾垚鐜?99.1%, 杩佺Щ鎴愬姛鐜?100.0%, 缂撳瓨鍛戒腑 5.3%, 鏁版嵁鎹熷け 0.0%, 缂撳瓨娣樻卑鐜?0.0%
馃攳 杩佺Щ缁熻: 鎵ц10娆? 鎴愬姛10娆? 鎴愬姛鐜?00.0%
[璋冭瘯] Episode 0006: 寤惰繜 5.000s, 鑳借€?8618.23J, 瀹屾垚鐜?99.1%, 杩佺Щ鎴愬姛鐜?100.0%, 缂撳瓨鍛戒腑 5.2%, 鏁版嵁鎹熷け 0.0%, 缂撳瓨娣樻卑鐜?0.0%
馃攳 杩佺Щ缁熻: 鎵ц10娆? 鎴愬姛10娆? 鎴愬姛鐜?00.0%
[璋冭瘯] Episode 0006: 寤惰繜 5.000s, 鑳借€?8684.62J, 瀹屾垚鐜?99.1%, 杩佺Щ鎴愬姛鐜?100.0%, 缂撳瓨鍛戒腑 5.1%, 鏁版嵁鎹熷け 0.0%, 缂撳瓨娣樻卑鐜?0.0%
馃攳 杩佺Щ缁熻: 鎵ц10娆? 鎴愬姛10娆? 鎴愬姛鐜?00.0%
[璋冭瘯] Episode 0006: 寤惰繜 5.000s, 鑳借€?8738.76J, 瀹屾垚鐜?99.1%, 杩佺Щ鎴愬姛鐜?100.0%, 缂撳瓨鍛戒腑 5.0%, 鏁版嵁鎹熷け 0.0%, 缂撳瓨娣樻卑鐜?0.0%
馃攳 杩佺Щ缁熻: 鎵ц10娆? 鎴愬姛10娆? 鎴愬姛鐜?00.0%
[璋冭瘯] Episode 0006: 寤惰繜 5.000s, 鑳借€?8749.04J, 瀹屾垚鐜?99.1%, 杩佺Щ鎴愬姛鐜?100.0%, 缂撳瓨鍛戒腑 5.0%, 鏁版嵁鎹熷け 0.0%, 缂撳瓨娣樻卑鐜?0.0%
馃攳 杩佺Щ缁熻: 鎵ц10娆? 鎴愬姛10娆? 鎴愬姛鐜?00.0%
[璋冭瘯] Episode 0006: 寤惰繜 5.000s, 鑳借€?8753.11J, 瀹屾垚鐜?99.1%, 杩佺Щ鎴愬姛鐜?100.0%, 缂撳瓨鍛戒腑 5.5%, 鏁版嵁鎹熷け 0.0%, 缂撳瓨娣樻卑鐜?0.0%
[VehicleMigration] handover #1: vehicle V_6 task task_244 UAV_0 -> RSU_2
   Trigger: distance 495.3m > threshold 474.1m (speed 10.4 m/s)
   Score: 685.3 -> 210.6 (improvement 69.3%)
   Queue trend: UAV_0: 3 -> 2, RSU_2: 1 -> 2
[Migration] Executed 1 vehicle-following migrations.
馃攳 杩佺Щ缁熻: 鎵ц11娆? 鎴愬姛11娆? 鎴愬姛鐜?00.0%
[璋冭瘯] Episode 0006: 寤惰繜 5.000s, 鑳借€?8801.44J, 瀹屾垚鐜?99.2%, 杩佺Щ鎴愬姛鐜?100.0%, 缂撳瓨鍛戒腑 6.0%, 鏁版嵁鎹熷け 0.0%, 缂撳瓨娣樻卑鐜?0.0%
馃攳 杩佺Щ缁熻: 鎵ц11娆? 鎴愬姛11娆? 鎴愬姛鐜?00.0%
[璋冭瘯] Episode 0006: 寤惰繜 4.888s, 鑳借€?8897.92J, 瀹屾垚鐜?99.2%, 杩佺Щ鎴愬姛鐜?100.0%, 缂撳瓨鍛戒腑 6.5%, 鏁版嵁鎹熷け 0.0%, 缂撳瓨娣樻卑鐜?0.0%
馃攳 杩佺Щ缁熻: 鎵ц11娆? 鎴愬姛11娆? 鎴愬姛鐜?00.0%
[璋冭瘯] Episode 0006: 寤惰繜 4.829s, 鑳借€?8949.36J, 瀹屾垚鐜?99.2%, 杩佺Щ鎴愬姛鐜?100.0%, 缂撳瓨鍛戒腑 6.5%, 鏁版嵁鎹熷け 0.0%, 缂撳瓨娣樻卑鐜?0.0%
馃攳 杩佺Щ缁熻: 鎵ц11娆? 鎴愬姛11娆? 鎴愬姛鐜?00.0%
[璋冭瘯] Episode 0006: 寤惰繜 4.775s, 鑳借€?8953.37J, 瀹屾垚鐜?99.2%, 杩佺Щ鎴愬姛鐜?100.0%, 缂撳瓨鍛戒腑 6.9%, 鏁版嵁鎹熷け 0.0%, 缂撳瓨娣樻卑鐜?0.0%
馃攳 杩佺Щ缁熻: 鎵ц11娆? 鎴愬姛11娆? 鎴愬姛鐜?00.0%
[璋冭瘯] Episode 0006: 寤惰繜 4.720s, 鑳借€?9033.60J, 瀹屾垚鐜?99.2%, 杩佺Щ鎴愬姛鐜?100.0%, 缂撳瓨鍛戒腑 6.9%, 鏁版嵁鎹熷け 0.0%, 缂撳瓨娣樻卑鐜?0.0%
馃攳 杩佺Щ缁熻: 鎵ц11娆? 鎴愬姛11娆? 鎴愬姛鐜?00.0%
[璋冭瘯] Episode 0006: 寤惰繜 4.648s, 鑳借€?9054.73J, 瀹屾垚鐜?98.8%, 杩佺Щ鎴愬姛鐜?100.0%, 缂撳瓨鍛戒腑 7.3%, 鏁版嵁鎹熷け 0.0%, 缂撳瓨娣樻卑鐜?0.0%
[VehicleMigration] handover #1: vehicle V_4 task task_263 UAV_1 -> RSU_0
   Trigger: distance 493.3m > threshold 487.5m (speed 5.0 m/s)
   Score: 623.3 -> 178.5 (improvement 71.4%)
   Queue trend: UAV_1: 1 -> 0, RSU_0: 0 -> 1
[Migration] Executed 1 vehicle-following migrations.
馃攳 杩佺Щ缁熻: 鎵ц12娆? 鎴愬姛12娆? 鎴愬姛鐜?00.0%
[璋冭瘯] Episode 0006: 寤惰繜 4.632s, 鑳借€?9064.69J, 瀹屾垚鐜?98.8%, 杩佺Щ鎴愬姛鐜?100.0%, 缂撳瓨鍛戒腑 7.2%, 鏁版嵁鎹熷け 0.0%, 缂撳瓨娣樻卑鐜?0.0%
馃攳 杩佺Щ缁熻: 鎵ц12娆? 鎴愬姛12娆? 鎴愬姛鐜?00.0%
[璋冭瘯] Episode 0006: 寤惰繜 4.582s, 鑳借€?9126.71J, 瀹屾垚鐜?98.9%, 杩佺Щ鎴愬姛鐜?100.0%, 缂撳瓨鍛戒腑 7.2%, 鏁版嵁鎹熷け 0.0%, 缂撳瓨娣樻卑鐜?0.0%
馃攳 杩佺Щ缁熻: 鎵ц12娆? 鎴愬姛12娆? 鎴愬姛鐜?00.0%
[璋冭瘯] Episode 0006: 寤惰繜 4.548s, 鑳借€?9170.14J, 瀹屾垚鐜?98.9%, 杩佺Щ鎴愬姛鐜?100.0%, 缂撳瓨鍛戒腑 7.2%, 鏁版嵁鎹熷け 0.0%, 缂撳瓨娣樻卑鐜?0.0%
馃攳 杩佺Щ缁熻: 鎵ц12娆? 鎴愬姛12娆? 鎴愬姛鐜?00.0%
[璋冭瘯] Episode 0006: 寤惰繜 4.533s, 鑳借€?9170.29J, 瀹屾垚鐜?98.9%, 杩佺Щ鎴愬姛鐜?100.0%, 缂撳瓨鍛戒腑 7.7%, 鏁版嵁鎹熷け 0.0%, 缂撳瓨娣樻卑鐜?0.0%
馃攳 杩佺Щ缁熻: 鎵ц12娆? 鎴愬姛12娆? 鎴愬姛鐜?00.0%
[璋冭瘯] Episode 0006: 寤惰繜 4.516s, 鑳借€?9207.56J, 瀹屾垚鐜?98.9%, 杩佺Щ鎴愬姛鐜?100.0%, 缂撳瓨鍛戒腑 7.7%, 鏁版嵁鎹熷け 0.0%, 缂撳瓨娣樻卑鐜?0.0%
馃攳 杩佺Щ缁熻: 鎵ц12娆? 鎴愬姛12娆? 鎴愬姛鐜?00.0%
[璋冭瘯] Episode 0006: 寤惰繜 4.505s, 鑳借€?9207.78J, 瀹屾垚鐜?98.9%, 杩佺Щ鎴愬姛鐜?100.0%, 缂撳瓨鍛戒腑 8.1%, 鏁版嵁鎹熷け 0.0%, 缂撳瓨娣樻卑鐜?0.0%
馃攳 杩佺Щ缁熻: 鎵ц12娆? 鎴愬姛12娆? 鎴愬姛鐜?00.0%
[璋冭瘯] Episode 0006: 寤惰繜 4.605s, 鑳借€?9403.83J, 瀹屾垚鐜?98.9%, 杩佺Щ鎴愬姛鐜?100.0%, 缂撳瓨鍛戒腑 8.1%, 鏁版嵁鎹熷け 0.0%, 缂撳瓨娣樻卑鐜?0.0%
馃攳 杩佺Щ缁熻: 鎵ц12娆? 鎴愬姛12娆? 鎴愬姛鐜?00.0%
[璋冭瘯] Episode 0006: 寤惰繜 4.580s, 鑳借€?9411.62J, 瀹屾垚鐜?98.9%, 杩佺Щ鎴愬姛鐜?100.0%, 缂撳瓨鍛戒腑 8.0%, 鏁版嵁鎹熷け 0.0%, 缂撳瓨娣樻卑鐜?0.0%
馃攳 杩佺Щ缁熻: 鎵ц12娆? 鎴愬姛12娆? 鎴愬姛鐜?00.0%
[璋冭瘯] Episode 0006: 寤惰繜 4.539s, 鑳借€?9473.54J, 瀹屾垚鐜?98.9%, 杩佺Щ鎴愬姛鐜?100.0%, 缂撳瓨鍛戒腑 8.0%, 鏁版嵁鎹熷け 0.0%, 缂撳瓨娣樻卑鐜?0.0%
馃攳 杩佺Щ缁熻: 鎵ц12娆? 鎴愬姛12娆? 鎴愬姛鐜?00.0%
[璋冭瘯] Episode 0006: 寤惰繜 4.527s, 鑳借€?9518.94J, 瀹屾垚鐜?98.9%, 杩佺Щ鎴愬姛鐜?100.0%, 缂撳瓨鍛戒腑 7.8%, 鏁版嵁鎹熷け 0.0%, 缂撳瓨娣樻卑鐜?0.0%
馃攳 杩佺Щ缁熻: 鎵ц12娆? 鎴愬姛12娆? 鎴愬姛鐜?00.0%
[璋冭瘯] Episode 0006: 寤惰繜 4.487s, 鑳借€?9528.94J, 瀹屾垚鐜?98.9%, 杩佺Щ鎴愬姛鐜?100.0%, 缂撳瓨鍛戒腑 8.2%, 鏁版嵁鎹熷け 0.0%, 缂撳瓨娣樻卑鐜?0.0%
馃攳 杩佺Щ缁熻: 鎵ц12娆? 鎴愬姛12娆? 鎴愬姛鐜?00.0%
[璋冭瘯] Episode 0006: 寤惰繜 4.412s, 鑳借€?9582.22J, 瀹屾垚鐜?98.9%, 杩佺Щ鎴愬姛鐜?100.0%, 缂撳瓨鍛戒腑 8.1%, 鏁版嵁鎹熷け 0.0%, 缂撳瓨娣樻卑鐜?0.0%
馃攳 杩佺Щ缁熻: 鎵ц12娆? 鎴愬姛12娆? 鎴愬姛鐜?00.0%
[璋冭瘯] Episode 0006: 寤惰繜 4.355s, 鑳借€?9590.75J, 瀹屾垚鐜?99.0%, 杩佺Щ鎴愬姛鐜?100.0%, 缂撳瓨鍛戒腑 8.4%, 鏁版嵁鎹熷け 0.0%, 缂撳瓨娣樻卑鐜?0.0%
馃攳 杩佺Щ缁熻: 鎵ц12娆? 鎴愬姛12娆? 鎴愬姛鐜?00.0%
[璋冭瘯] Episode 0006: 寤惰繜 4.343s, 鑳借€?9591.32J, 瀹屾垚鐜?99.0%, 杩佺Щ鎴愬姛鐜?100.0%, 缂撳瓨鍛戒腑 8.6%, 鏁版嵁鎹熷け 0.0%, 缂撳瓨娣樻卑鐜?0.0%
馃攳 杩佺Щ缁熻: 鎵ц12娆? 鎴愬姛12娆? 鎴愬姛鐜?00.0%
[璋冭瘯] Episode 0006: 寤惰繜 4.334s, 鑳借€?9594.52J, 瀹屾垚鐜?99.0%, 杩佺Щ鎴愬姛鐜?100.0%, 缂撳瓨鍛戒腑 8.5%, 鏁版嵁鎹熷け 0.0%, 缂撳瓨娣樻卑鐜?0.0%
浠诲姟鍒嗙被缁熻(300): 绫诲瀷1=0.0%, 绫诲瀷2=12.0%, 绫诲瀷3=35.7%, 绫诲瀷4=52.3%
   褰撳墠浠诲姟: parking_info, 1.53s 鈫?绫诲瀷3, 鏁版嵁0.19MB
   馃捑 缂撳瓨缁熻: 鍛戒腑鐜?8.50% (鎬诲懡涓?34, 鏈湴:0, 鏈懡涓?366)
馃攳 杩佺Щ缁熻: 鎵ц12娆? 鎴愬姛12娆? 鎴愬姛鐜?00.0%
[璋冭瘯] Episode 0006: 寤惰繜 4.262s, 鑳借€?9616.18J, 瀹屾垚鐜?99.0%, 杩佺Щ鎴愬姛鐜?100.0%, 缂撳瓨鍛戒腑 9.1%, 鏁版嵁鎹熷け 0.0%, 缂撳瓨娣樻卑鐜?0.0%
馃攳 杩佺Щ缁熻: 鎵ц12娆? 鎴愬姛12娆? 鎴愬姛鐜?00.0%
[璋冭瘯] Episode 0006: 寤惰繜 4.204s, 鑳借€?9667.39J, 瀹屾垚鐜?99.0%, 杩佺Щ鎴愬姛鐜?100.0%, 缂撳瓨鍛戒腑 9.6%, 鏁版嵁鎹熷け 0.0%, 缂撳瓨娣樻卑鐜?0.0%
馃攳 杩佺Щ缁熻: 鎵ц12娆? 鎴愬姛12娆? 鎴愬姛鐜?00.0%
[璋冭瘯] Episode 0006: 寤惰繜 4.173s, 鑳借€?9678.19J, 瀹屾垚鐜?99.0%, 杩佺Щ鎴愬姛鐜?100.0%, 缂撳瓨鍛戒腑 10.1%, 鏁版嵁鎹熷け 0.0%, 缂撳瓨娣樻卑鐜?0.0%
馃攳 杩佺Щ缁熻: 鎵ц12娆? 鎴愬姛12娆? 鎴愬姛鐜?00.0%
[璋冭瘯] Episode 0006: 寤惰繜 4.165s, 鑳借€?9700.94J, 瀹屾垚鐜?99.0%, 杩佺Щ鎴愬姛鐜?100.0%, 缂撳瓨鍛戒腑 10.0%, 鏁版嵁鎹熷け 0.0%, 缂撳瓨娣樻卑鐜?0.0%
馃攳 杩佺Щ缁熻: 鎵ц12娆? 鎴愬姛12娆? 鎴愬姛鐜?00.0%
[璋冭瘯] Episode 0006: 寤惰繜 4.115s, 鑳借€?9771.17J, 瀹屾垚鐜?98.7%, 杩佺Щ鎴愬姛鐜?100.0%, 缂撳瓨鍛戒腑 10.1%, 鏁版嵁鎹熷け 0.0%, 缂撳瓨娣樻卑鐜?0.0%
馃攳 杩佺Щ缁熻: 鎵ц12娆? 鎴愬姛12娆? 鎴愬姛鐜?00.0%
[璋冭瘯] Episode 0006: 寤惰繜 4.063s, 鑳借€?9856.94J, 瀹屾垚鐜?98.7%, 杩佺Щ鎴愬姛鐜?100.0%, 缂撳瓨鍛戒腑 10.1%, 鏁版嵁鎹熷け 0.0%, 缂撳瓨娣樻卑鐜?0.0%
馃攳 杩佺Щ缁熻: 鎵ц12娆? 鎴愬姛12娆? 鎴愬姛鐜?00.0%
[璋冭瘯] Episode 0006: 寤惰繜 4.053s, 鑳借€?9878.31J, 瀹屾垚鐜?98.7%, 杩佺Щ鎴愬姛鐜?100.0%, 缂撳瓨鍛戒腑 10.3%, 鏁版嵁鎹熷け 0.0%, 缂撳瓨娣樻卑鐜?0.0%
馃攳 杩佺Щ缁熻: 鎵ц12娆? 鎴愬姛12娆? 鎴愬姛鐜?00.0%
[璋冭瘯] Episode 0006: 寤惰繜 4.041s, 鑳借€?9879.43J, 瀹屾垚鐜?98.7%, 杩佺Щ鎴愬姛鐜?100.0%, 缂撳瓨鍛戒腑 10.2%, 鏁版嵁鎹熷け 0.0%, 缂撳瓨娣樻卑鐜?0.0%
馃攳 杩佺Щ缁熻: 鎵ц12娆? 鎴愬姛12娆? 鎴愬姛鐜?00.0%
[璋冭瘯] Episode 0006: 寤惰繜 4.015s, 鑳借€?9899.25J, 瀹屾垚鐜?98.7%, 杩佺Щ鎴愬姛鐜?100.0%, 缂撳瓨鍛戒腑 10.5%, 鏁版嵁鎹熷け 0.0%, 缂撳瓨娣樻卑鐜?0.0%
馃攳 杩佺Щ缁熻: 鎵ц12娆? 鎴愬姛12娆? 鎴愬姛鐜?00.0%
[璋冭瘯] Episode 0006: 寤惰繜 3.968s, 鑳借€?9947.14J, 瀹屾垚鐜?98.7%, 杩佺Щ鎴愬姛鐜?100.0%, 缂撳瓨鍛戒腑 10.6%, 鏁版嵁鎹熷け 0.0%, 缂撳瓨娣樻卑鐜?0.0%
馃攳 杩佺Щ缁熻: 鎵ц12娆? 鎴愬姛12娆? 鎴愬姛鐜?00.0%
[璋冭瘯] Episode 0006: 寤惰繜 3.956s, 鑳借€?9948.11J, 瀹屾垚鐜?98.7%, 杩佺Щ鎴愬姛鐜?100.0%, 缂撳瓨鍛戒腑 10.6%, 鏁版嵁鎹熷け 0.0%, 缂撳瓨娣樻卑鐜?0.0%
馃攳 杩佺Щ缁熻: 鎵ц12娆? 鎴愬姛12娆? 鎴愬姛鐜?00.0%
[璋冭瘯] Episode 0006: 寤惰繜 3.905s, 鑳借€?9988.64J, 瀹屾垚鐜?98.8%, 杩佺Щ鎴愬姛鐜?100.0%, 缂撳瓨鍛戒腑 11.3%, 鏁版嵁鎹熷け 0.0%, 缂撳瓨娣樻卑鐜?0.0%
馃攳 杩佺Щ缁熻: 鎵ц12娆? 鎴愬姛12娆? 鎴愬姛鐜?00.0%
[璋冭瘯] Episode 0006: 寤惰繜 3.884s, 鑳借€?10017.40J, 瀹屾垚鐜?98.8%, 杩佺Щ鎴愬姛鐜?100.0%, 缂撳瓨鍛戒腑 11.6%, 鏁版嵁鎹熷け 0.0%, 缂撳瓨娣樻卑鐜?0.0%
馃攳 杩佺Щ缁熻: 鎵ц12娆? 鎴愬姛12娆? 鎴愬姛鐜?00.0%
[璋冭瘯] Episode 0006: 寤惰繜 3.873s, 鑳借€?10017.82J, 瀹屾垚鐜?98.8%, 杩佺Щ鎴愬姛鐜?100.0%, 缂撳瓨鍛戒腑 11.6%, 鏁版嵁鎹熷け 0.0%, 缂撳瓨娣樻卑鐜?0.0%
馃攳 杩佺Щ缁熻: 鎵ц12娆? 鎴愬姛12娆? 鎴愬姛鐜?00.0%
[璋冭瘯] Episode 0006: 寤惰繜 3.843s, 鑳借€?10024.44J, 瀹屾垚鐜?98.5%, 杩佺Щ鎴愬姛鐜?100.0%, 缂撳瓨鍛戒腑 12.2%, 鏁版嵁鎹熷け 6.7%, 缂撳瓨娣樻卑鐜?0.0%
馃攳 杩佺Щ缁熻: 鎵ц12娆? 鎴愬姛12娆? 鎴愬姛鐜?00.0%
[璋冭瘯] Episode 0006: 寤惰繜 3.813s, 鑳借€?10071.03J, 瀹屾垚鐜?98.5%, 杩佺Щ鎴愬姛鐜?100.0%, 缂撳瓨鍛戒腑 12.0%, 鏁版嵁鎹熷け 6.7%, 缂撳瓨娣樻卑鐜?0.0%
馃攳 杩佺Щ缁熻: 鎵ц12娆? 鎴愬姛12娆? 鎴愬姛鐜?00.0%
[璋冭瘯] Episode 0006: 寤惰繜 3.765s, 鑳借€?10104.62J, 瀹屾垚鐜?98.5%, 杩佺Щ鎴愬姛鐜?100.0%, 缂撳瓨鍛戒腑 12.0%, 鏁版嵁鎹熷け 6.7%, 缂撳瓨娣樻卑鐜?0.0%
馃攳 杩佺Щ缁熻: 鎵ц12娆? 鎴愬姛12娆? 鎴愬姛鐜?00.0%
[璋冭瘯] Episode 0006: 寤惰繜 3.736s, 鑳借€?10195.60J, 瀹屾垚鐜?98.5%, 杩佺Щ鎴愬姛鐜?100.0%, 缂撳瓨鍛戒腑 11.9%, 鏁版嵁鎹熷け 6.7%, 缂撳瓨娣樻卑鐜?0.0%
馃攳 杩佺Щ缁熻: 鎵ц12娆? 鎴愬姛12娆? 鎴愬姛鐜?00.0%
[璋冭瘯] Episode 0006: 寤惰繜 3.703s, 鑳借€?10196.71J, 瀹屾垚鐜?98.6%, 杩佺Щ鎴愬姛鐜?100.0%, 缂撳瓨鍛戒腑 12.6%, 鏁版嵁鎹熷け 6.7%, 缂撳瓨娣樻卑鐜?0.0%
馃攳 杩佺Щ缁熻: 鎵ц12娆? 鎴愬姛12娆? 鎴愬姛鐜?00.0%
[璋冭瘯] Episode 0006: 寤惰繜 3.651s, 鑳借€?10266.81J, 瀹屾垚鐜?98.6%, 杩佺Щ鎴愬姛鐜?100.0%, 缂撳瓨鍛戒腑 12.8%, 鏁版嵁鎹熷け 6.7%, 缂撳瓨娣樻卑鐜?0.0%
馃攳 杩佺Щ缁熻: 鎵ц12娆? 鎴愬姛12娆? 鎴愬姛鐜?00.0%
[璋冭瘯] Episode 0006: 寤惰繜 3.635s, 鑳借€?10294.88J, 瀹屾垚鐜?98.6%, 杩佺Щ鎴愬姛鐜?100.0%, 缂撳瓨鍛戒腑 12.9%, 鏁版嵁鎹熷け 6.7%, 缂撳瓨娣樻卑鐜?0.0%
馃攳 杩佺Щ缁熻: 鎵ц12娆? 鎴愬姛12娆? 鎴愬姛鐜?00.0%
[璋冭瘯] Episode 0006: 寤惰繜 3.625s, 鑳借€?10295.97J, 瀹屾垚鐜?98.6%, 杩佺Щ鎴愬姛鐜?100.0%, 缂撳瓨鍛戒腑 12.9%, 鏁版嵁鎹熷け 6.7%, 缂撳瓨娣樻卑鐜?0.0%
馃攳 杩佺Щ缁熻: 鎵ц12娆? 鎴愬姛12娆? 鎴愬姛鐜?00.0%
[璋冭瘯] Episode 0006: 寤惰繜 3.585s, 鑳借€?10297.62J, 瀹屾垚鐜?98.6%, 杩佺Щ鎴愬姛鐜?100.0%, 缂撳瓨鍛戒腑 13.4%, 鏁版嵁鎹熷け 6.7%, 缂撳瓨娣樻卑鐜?0.0%
馃攳 杩佺Щ缁熻: 鎵ц12娆? 鎴愬姛12娆? 鎴愬姛鐜?00.0%
[璋冭瘯] Episode 0006: 寤惰繜 3.546s, 鑳借€?10322.46J, 瀹屾垚鐜?98.6%, 杩佺Щ鎴愬姛鐜?100.0%, 缂撳瓨鍛戒腑 13.8%, 鏁版嵁鎹熷け 6.7%, 缂撳瓨娣樻卑鐜?0.0%
馃攳 杩佺Щ缁熻: 鎵ц12娆? 鎴愬姛12娆? 鎴愬姛鐜?00.0%
[璋冭瘯] Episode 0006: 寤惰繜 3.541s, 鑳借€?10341.27J, 瀹屾垚鐜?98.6%, 杩佺Щ鎴愬姛鐜?100.0%, 缂撳瓨鍛戒腑 13.9%, 鏁版嵁鎹熷け 6.7%, 缂撳瓨娣樻卑鐜?0.0%
馃攳 杩佺Щ缁熻: 鎵ц12娆? 鎴愬姛12娆? 鎴愬姛鐜?00.0%
[璋冭瘯] Episode 0006: 寤惰繜 3.535s, 鑳借€?10349.97J, 瀹屾垚鐜?98.6%, 杩佺Щ鎴愬姛鐜?100.0%, 缂撳瓨鍛戒腑 13.9%, 鏁版嵁鎹熷け 6.6%, 缂撳瓨娣樻卑鐜?0.0%
馃攳 杩佺Щ缁熻: 鎵ц12娆? 鎴愬姛12娆? 鎴愬姛鐜?00.0%
[璋冭瘯] Episode 0006: 寤惰繜 3.542s, 鑳借€?10350.41J, 瀹屾垚鐜?98.6%, 杩佺Щ鎴愬姛鐜?100.0%, 缂撳瓨鍛戒腑 13.7%, 鏁版嵁鎹熷け 6.6%, 缂撳瓨娣樻卑鐜?0.0%
馃攳 杩佺Щ缁熻: 鎵ц12娆? 鎴愬姛12娆? 鎴愬姛鐜?00.0%
[璋冭瘯] Episode 0006: 寤惰繜 3.526s, 鑳借€?10395.73J, 瀹屾垚鐜?98.6%, 杩佺Щ鎴愬姛鐜?100.0%, 缂撳瓨鍛戒腑 13.8%, 鏁版嵁鎹熷け 6.6%, 缂撳瓨娣樻卑鐜?0.0%
馃攳 杩佺Щ缁熻: 鎵ц12娆? 鎴愬姛12娆? 鎴愬姛鐜?00.0%
[璋冭瘯] Episode 0006: 寤惰繜 3.526s, 鑳借€?10395.73J, 瀹屾垚鐜?98.6%, 杩佺Щ鎴愬姛鐜?100.0%, 缂撳瓨鍛戒腑 13.8%, 鏁版嵁鎹熷け 6.6%, 缂撳瓨娣樻卑鐜?0.0%
馃攳 杩佺Щ缁熻: 鎵ц12娆? 鎴愬姛12娆? 鎴愬姛鐜?00.0%
[璋冭瘯] Episode 0006: 寤惰繜 3.495s, 鑳借€?10457.96J, 瀹屾垚鐜?98.6%, 杩佺Щ鎴愬姛鐜?100.0%, 缂撳瓨鍛戒腑 13.8%, 鏁版嵁鎹熷け 6.6%, 缂撳瓨娣樻卑鐜?0.0%
馃攳 杩佺Щ缁熻: 鎵ц12娆? 鎴愬姛12娆? 鎴愬姛鐜?00.0%
[璋冭瘯] Episode 0006: 寤惰繜 3.810s, 鑳借€?11166.56J, 瀹屾垚鐜?98.7%, 杩佺Щ鎴愬姛鐜?100.0%, 缂撳瓨鍛戒腑 13.8%, 鏁版嵁鎹熷け 6.2%, 缂撳瓨娣樻卑鐜?0.0%
馃攳 杩佺Щ缁熻: 鎵ц12娆? 鎴愬姛12娆? 鎴愬姛鐜?00.0%
[璋冭瘯] Episode 0006: 寤惰繜 3.787s, 鑳借€?11184.36J, 瀹屾垚鐜?98.7%, 杩佺Щ鎴愬姛鐜?100.0%, 缂撳瓨鍛戒腑 14.3%, 鏁版嵁鎹熷け 5.8%, 缂撳瓨娣樻卑鐜?0.0%
馃攳 杩佺Щ缁熻: 鎵ц12娆? 鎴愬姛12娆? 鎴愬姛鐜?00.0%
[璋冭瘯] Episode 0006: 寤惰繜 3.774s, 鑳借€?11185.21J, 瀹屾垚鐜?98.7%, 杩佺Щ鎴愬姛鐜?100.0%, 缂撳瓨鍛戒腑 14.6%, 鏁版嵁鎹熷け 5.8%, 缂撳瓨娣樻卑鐜?0.0%
馃攳 杩佺Щ缁熻: 鎵ц12娆? 鎴愬姛12娆? 鎴愬姛鐜?00.0%
[璋冭瘯] Episode 0006: 寤惰繜 3.769s, 鑳借€?11185.60J, 瀹屾垚鐜?98.7%, 杩佺Щ鎴愬姛鐜?100.0%, 缂撳瓨鍛戒腑 14.9%, 鏁版嵁鎹熷け 5.8%, 缂撳瓨娣樻卑鐜?0.0%
馃攳 杩佺Щ缁熻: 鎵ц12娆? 鎴愬姛12娆? 鎴愬姛鐜?00.0%
[璋冭瘯] Episode 0006: 寤惰繜 3.730s, 鑳借€?11366.31J, 瀹屾垚鐜?98.7%, 杩佺Щ鎴愬姛鐜?100.0%, 缂撳瓨鍛戒腑 14.9%, 鏁版嵁鎹熷け 5.8%, 缂撳瓨娣樻卑鐜?0.0%
馃攳 杩佺Щ缁熻: 鎵ц12娆? 鎴愬姛12娆? 鎴愬姛鐜?00.0%
[璋冭瘯] Episode 0006: 寤惰繜 3.711s, 鑳借€?11411.53J, 瀹屾垚鐜?98.7%, 杩佺Щ鎴愬姛鐜?100.0%, 缂撳瓨鍛戒腑 15.0%, 鏁版嵁鎹熷け 5.8%, 缂撳瓨娣樻卑鐜?0.0%
馃攳 杩佺Щ缁熻: 鎵ц12娆? 鎴愬姛12娆? 鎴愬姛鐜?00.0%
[璋冭瘯] Episode 0006: 寤惰繜 3.682s, 鑳借€?11415.46J, 瀹屾垚鐜?98.7%, 杩佺Щ鎴愬姛鐜?100.0%, 缂撳瓨鍛戒腑 15.4%, 鏁版嵁鎹熷け 5.8%, 缂撳瓨娣樻卑鐜?0.0%
馃攳 杩佺Щ缁熻: 鎵ц12娆? 鎴愬姛12娆? 鎴愬姛鐜?00.0%
[璋冭瘯] Episode 0006: 寤惰繜 3.655s, 鑳借€?11441.29J, 瀹屾垚鐜?98.7%, 杩佺Щ鎴愬姛鐜?100.0%, 缂撳瓨鍛戒腑 15.4%, 鏁版嵁鎹熷け 5.8%, 缂撳瓨娣樻卑鐜?0.0%
馃攳 杩佺Щ缁熻: 鎵ц12娆? 鎴愬姛12娆? 鎴愬姛鐜?00.0%
[璋冭瘯] Episode 0006: 寤惰繜 3.622s, 鑳借€?11498.61J, 瀹屾垚鐜?98.7%, 杩佺Щ鎴愬姛鐜?100.0%, 缂撳瓨鍛戒腑 15.6%, 鏁版嵁鎹熷け 5.8%, 缂撳瓨娣樻卑鐜?0.0%
馃攳 杩佺Щ缁熻: 鎵ц12娆? 鎴愬姛12娆? 鎴愬姛鐜?00.0%
[璋冭瘯] Episode 0006: 寤惰繜 3.625s, 鑳借€?11498.71J, 瀹屾垚鐜?98.7%, 杩佺Щ鎴愬姛鐜?100.0%, 缂撳瓨鍛戒腑 15.6%, 鏁版嵁鎹熷け 5.8%, 缂撳瓨娣樻卑鐜?0.0%
浠诲姟鍒嗙被缁熻(400): 绫诲瀷1=0.0%, 绫诲瀷2=10.8%, 绫诲瀷3=37.2%, 绫诲瀷4=52.0%
   褰撳墠浠诲姟: sensor_data, 0.51s 鈫?绫诲瀷4, 鏁版嵁0.10MB
   馃捑 缂撳瓨缁熻: 鍛戒腑鐜?15.56% (鎬诲懡涓?84, 鏈湴:0, 鏈懡涓?456)
馃攳 杩佺Щ缁熻: 鎵ц12娆? 鎴愬姛12娆? 鎴愬姛鐜?00.0%
[璋冭瘯] Episode 0006: 寤惰繜 3.589s, 鑳借€?11541.93J, 瀹屾垚鐜?98.7%, 杩佺Щ鎴愬姛鐜?100.0%, 缂撳瓨鍛戒腑 15.6%, 鏁版嵁鎹熷け 5.8%, 缂撳瓨娣樻卑鐜?0.0%
馃攳 杩佺Щ缁熻: 鎵ц12娆? 鎴愬姛12娆? 鎴愬姛鐜?00.0%
[璋冭瘯] Episode 0006: 寤惰繜 3.577s, 鑳借€?11569.33J, 瀹屾垚鐜?98.8%, 杩佺Щ鎴愬姛鐜?100.0%, 缂撳瓨鍛戒腑 15.7%, 鏁版嵁鎹熷け 5.8%, 缂撳瓨娣樻卑鐜?0.0%
馃攳 杩佺Щ缁熻: 鎵ц12娆? 鎴愬姛12娆? 鎴愬姛鐜?00.0%
[璋冭瘯] Episode 0006: 寤惰繜 3.525s, 鑳借€?11614.51J, 瀹屾垚鐜?98.8%, 杩佺Щ鎴愬姛鐜?100.0%, 缂撳瓨鍛戒腑 17.0%, 鏁版嵁鎹熷け 5.8%, 缂撳瓨娣樻卑鐜?0.0%
馃攳 杩佺Щ缁熻: 鎵ц12娆? 鎴愬姛12娆? 鎴愬姛鐜?00.0%
[璋冭瘯] Episode 0006: 寤惰繜 3.528s, 鑳借€?11614.73J, 瀹屾垚鐜?98.8%, 杩佺Щ鎴愬姛鐜?100.0%, 缂撳瓨鍛戒腑 17.1%, 鏁版嵁鎹熷け 5.7%, 缂撳瓨娣樻卑鐜?0.0%
馃攳 杩佺Щ缁熻: 鎵ц12娆? 鎴愬姛12娆? 鎴愬姛鐜?00.0%
[璋冭瘯] Episode 0006: 寤惰繜 3.514s, 鑳借€?11634.76J, 瀹屾垚鐜?98.8%, 杩佺Щ鎴愬姛鐜?100.0%, 缂撳瓨鍛戒腑 17.2%, 鏁版嵁鎹熷け 5.4%, 缂撳瓨娣樻卑鐜?0.0%
馃攳 杩佺Щ缁熻: 鎵ц12娆? 鎴愬姛12娆? 鎴愬姛鐜?00.0%
[璋冭瘯] Episode 0006: 寤惰繜 3.477s, 鑳借€?11694.58J, 瀹屾垚鐜?98.8%, 杩佺Щ鎴愬姛鐜?100.0%, 缂撳瓨鍛戒腑 17.5%, 鏁版嵁鎹熷け 5.4%, 缂撳瓨娣樻卑鐜?0.0%
馃攳 杩佺Щ缁熻: 鎵ц12娆? 鎴愬姛12娆? 鎴愬姛鐜?00.0%
[璋冭瘯] Episode 0006: 寤惰繜 3.563s, 鑳借€?11907.26J, 瀹屾垚鐜?98.8%, 杩佺Щ鎴愬姛鐜?100.0%, 缂撳瓨鍛戒腑 17.5%, 鏁版嵁鎹熷け 5.4%, 缂撳瓨娣樻卑鐜?0.0%
馃攳 杩佺Щ缁熻: 鎵ц12娆? 鎴愬姛12娆? 鎴愬姛鐜?00.0%
[璋冭瘯] Episode 0006: 寤惰繜 3.551s, 鑳借€?11924.39J, 瀹屾垚鐜?98.8%, 杩佺Щ鎴愬姛鐜?100.0%, 缂撳瓨鍛戒腑 17.6%, 鏁版嵁鎹熷け 5.4%, 缂撳瓨娣樻卑鐜?0.0%
馃攳 杩佺Щ缁熻: 鎵ц12娆? 鎴愬姛12娆? 鎴愬姛鐜?00.0%
[璋冭瘯] Episode 0006: 寤惰繜 3.509s, 鑳借€?11970.81J, 瀹屾垚鐜?98.8%, 杩佺Щ鎴愬姛鐜?100.0%, 缂撳瓨鍛戒腑 18.3%, 鏁版嵁鎹熷け 5.4%, 缂撳瓨娣樻卑鐜?0.0%
馃攳 杩佺Щ缁熻: 鎵ц12娆? 鎴愬姛12娆? 鎴愬姛鐜?00.0%
[璋冭瘯] Episode 0006: 寤惰繜 3.477s, 鑳借€?12067.00J, 瀹屾垚鐜?98.8%, 杩佺Щ鎴愬姛鐜?100.0%, 缂撳瓨鍛戒腑 18.4%, 鏁版嵁鎹熷け 5.3%, 缂撳瓨娣樻卑鐜?0.0%
馃攳 杩佺Щ缁熻: 鎵ц12娆? 鎴愬姛12娆? 鎴愬姛鐜?00.0%
[璋冭瘯] Episode 0006: 寤惰繜 3.458s, 鑳借€?12084.73J, 瀹屾垚鐜?98.8%, 杩佺Щ鎴愬姛鐜?100.0%, 缂撳瓨鍛戒腑 18.5%, 鏁版嵁鎹熷け 5.3%, 缂撳瓨娣樻卑鐜?0.0%
馃攳 杩佺Щ缁熻: 鎵ц12娆? 鎴愬姛12娆? 鎴愬姛鐜?00.0%
[璋冭瘯] Episode 0006: 寤惰繜 3.437s, 鑳借€?12101.24J, 瀹屾垚鐜?98.8%, 杩佺Щ鎴愬姛鐜?100.0%, 缂撳瓨鍛戒腑 18.4%, 鏁版嵁鎹熷け 5.0%, 缂撳瓨娣樻卑鐜?0.0%
馃攳 杩佺Щ缁熻: 鎵ц12娆? 鎴愬姛12娆? 鎴愬姛鐜?00.0%
[璋冭瘯] Episode 0006: 寤惰繜 3.414s, 鑳借€?12124.67J, 瀹屾垚鐜?98.9%, 杩佺Щ鎴愬姛鐜?100.0%, 缂撳瓨鍛戒腑 18.6%, 鏁版嵁鎹熷け 4.8%, 缂撳瓨娣樻卑鐜?0.0%
馃攳 杩佺Щ缁熻: 鎵ц12娆? 鎴愬姛12娆? 鎴愬姛鐜?00.0%
[璋冭瘯] Episode 0006: 寤惰繜 3.384s, 鑳借€?12184.12J, 瀹屾垚鐜?98.9%, 杩佺Щ鎴愬姛鐜?100.0%, 缂撳瓨鍛戒腑 18.7%, 鏁版嵁鎹熷け 4.8%, 缂撳瓨娣樻卑鐜?0.0%
馃攳 杩佺Щ缁熻: 鎵ц12娆? 鎴愬姛12娆? 鎴愬姛鐜?00.0%
[璋冭瘯] Episode 0006: 寤惰繜 3.334s, 鑳借€?12222.15J, 瀹屾垚鐜?98.9%, 杩佺Щ鎴愬姛鐜?100.0%, 缂撳瓨鍛戒腑 19.3%, 鏁版嵁鎹熷け 4.7%, 缂撳瓨娣樻卑鐜?0.0%
馃攳 杩佺Щ缁熻: 鎵ц12娆? 鎴愬姛12娆? 鎴愬姛鐜?00.0%
[璋冭瘯] Episode 0006: 寤惰繜 3.317s, 鑳借€?12252.07J, 瀹屾垚鐜?98.9%, 杩佺Щ鎴愬姛鐜?100.0%, 缂撳瓨鍛戒腑 19.2%, 鏁版嵁鎹熷け 4.7%, 缂撳瓨娣樻卑鐜?0.0%
馃攳 杩佺Щ缁熻: 鎵ц12娆? 鎴愬姛12娆? 鎴愬姛鐜?00.0%
[璋冭瘯] Episode 0006: 寤惰繜 3.290s, 鑳借€?12283.24J, 瀹屾垚鐜?98.7%, 杩佺Щ鎴愬姛鐜?100.0%, 缂撳瓨鍛戒腑 19.2%, 鏁版嵁鎹熷け 9.0%, 缂撳瓨娣樻卑鐜?0.0%
馃攳 杩佺Щ缁熻: 鎵ц12娆? 鎴愬姛12娆? 鎴愬姛鐜?00.0%
[璋冭瘯] Episode 0006: 寤惰繜 3.281s, 鑳借€?12317.87J, 瀹屾垚鐜?98.7%, 杩佺Щ鎴愬姛鐜?100.0%, 缂撳瓨鍛戒腑 19.3%, 鏁版嵁鎹熷け 8.9%, 缂撳瓨娣樻卑鐜?0.0%
馃攳 杩佺Щ缁熻: 鎵ц12娆? 鎴愬姛12娆? 鎴愬姛鐜?00.0%
[璋冭瘯] Episode 0006: 寤惰繜 3.260s, 鑳借€?12333.94J, 瀹屾垚鐜?98.7%, 杩佺Щ鎴愬姛鐜?100.0%, 缂撳瓨鍛戒腑 19.4%, 鏁版嵁鎹熷け 8.9%, 缂撳瓨娣樻卑鐜?0.0%
馃攳 杩佺Щ缁熻: 鎵ц12娆? 鎴愬姛12娆? 鎴愬姛鐜?00.0%
[璋冭瘯] Episode 0006: 寤惰繜 3.253s, 鑳借€?12333.95J, 瀹屾垚鐜?98.7%, 杩佺Щ鎴愬姛鐜?100.0%, 缂撳瓨鍛戒腑 19.6%, 鏁版嵁鎹熷け 8.9%, 缂撳瓨娣樻卑鐜?0.0%
馃攳 杩佺Щ缁熻: 鎵ц12娆? 鎴愬姛12娆? 鎴愬姛鐜?00.0%
[璋冭瘯] Episode 0006: 寤惰繜 3.225s, 鑳借€?12354.80J, 瀹屾垚鐜?98.5%, 杩佺Щ鎴愬姛鐜?100.0%, 缂撳瓨鍛戒腑 20.1%, 鏁版嵁鎹熷け 14.8%, 缂撳瓨娣樻卑鐜?0.0%
馃攳 杩佺Щ缁熻: 鎵ц12娆? 鎴愬姛12娆? 鎴愬姛鐜?00.0%
[璋冭瘯] Episode 0006: 寤惰繜 3.227s, 鑳借€?12355.01J, 瀹屾垚鐜?98.5%, 杩佺Щ鎴愬姛鐜?100.0%, 缂撳瓨鍛戒腑 20.2%, 鏁版嵁鎹熷け 14.7%, 缂撳瓨娣樻卑鐜?0.0%
馃攳 杩佺Щ缁熻: 鎵ц12娆? 鎴愬姛12娆? 鎴愬姛鐜?00.0%
[璋冭瘯] Episode 0006: 寤惰繜 3.219s, 鑳借€?12382.32J, 瀹屾垚鐜?98.5%, 杩佺Щ鎴愬姛鐜?100.0%, 缂撳瓨鍛戒腑 20.1%, 鏁版嵁鎹熷け 14.7%, 缂撳瓨娣樻卑鐜?0.0%
馃攳 杩佺Щ缁熻: 鎵ц12娆? 鎴愬姛12娆? 鎴愬姛鐜?00.0%
[璋冭瘯] Episode 0006: 寤惰繜 3.198s, 鑳借€?12383.82J, 瀹屾垚鐜?98.5%, 杩佺Щ鎴愬姛鐜?100.0%, 缂撳瓨鍛戒腑 20.5%, 鏁版嵁鎹熷け 14.7%, 缂撳瓨娣樻卑鐜?0.0%
馃攳 杩佺Щ缁熻: 鎵ц12娆? 鎴愬姛12娆? 鎴愬姛鐜?00.0%
[璋冭瘯] Episode 0006: 寤惰繜 3.172s, 鑳借€?12415.75J, 瀹屾垚鐜?98.5%, 杩佺Щ鎴愬姛鐜?100.0%, 缂撳瓨鍛戒腑 20.8%, 鏁版嵁鎹熷け 14.7%, 缂撳瓨娣樻卑鐜?0.0%
馃攳 杩佺Щ缁熻: 鎵ц12娆? 鎴愬姛12娆? 鎴愬姛鐜?00.0%
[璋冭瘯] Episode 0006: 寤惰繜 3.155s, 鑳借€?12431.62J, 瀹屾垚鐜?98.5%, 杩佺Щ鎴愬姛鐜?100.0%, 缂撳瓨鍛戒腑 21.0%, 鏁版嵁鎹熷け 14.7%, 缂撳瓨娣樻卑鐜?0.0%
馃攳 杩佺Щ缁熻: 鎵ц12娆? 鎴愬姛12娆? 鎴愬姛鐜?00.0%
[璋冭瘯] Episode 0006: 寤惰繜 3.157s, 鑳借€?12431.71J, 瀹屾垚鐜?98.5%, 杩佺Щ鎴愬姛鐜?100.0%, 缂撳瓨鍛戒腑 21.1%, 鏁版嵁鎹熷け 14.7%, 缂撳瓨娣樻卑鐜?0.0%
馃攳 杩佺Щ缁熻: 鎵ц12娆? 鎴愬姛12娆? 鎴愬姛鐜?00.0%
[璋冭瘯] Episode 0006: 寤惰繜 3.137s, 鑳借€?12470.87J, 瀹屾垚鐜?98.5%, 杩佺Щ鎴愬姛鐜?100.0%, 缂撳瓨鍛戒腑 21.3%, 鏁版嵁鎹熷け 14.7%, 缂撳瓨娣樻卑鐜?0.0%
[VehicleMigration] handover #1: vehicle V_11 task task_484 RSU_1 -> RSU_0
   Trigger: distance 286.2m > threshold 285.4m (speed 9.7 m/s)
   Score: 446.2 -> 186.3 (improvement 58.3%)
   Queue trend: RSU_1: 2 -> 1, RSU_0: 0 -> 1
[Migration] Executed 1 vehicle-following migrations.
馃攳 杩佺Щ缁熻: 鎵ц13娆? 鎴愬姛13娆? 鎴愬姛鐜?00.0%
[璋冭瘯] Episode 0006: 寤惰繜 3.124s, 鑳借€?12470.87J, 瀹屾垚鐜?98.5%, 杩佺Щ鎴愬姛鐜?100.0%, 缂撳瓨鍛戒腑 21.5%, 鏁版嵁鎹熷け 14.7%, 缂撳瓨娣樻卑鐜?0.0%
馃攳 杩佺Щ缁熻: 鎵ц13娆? 鎴愬姛13娆? 鎴愬姛鐜?00.0%
[璋冭瘯] Episode 0006: 寤惰繜 3.124s, 鑳借€?12470.87J, 瀹屾垚鐜?98.5%, 杩佺Щ鎴愬姛鐜?100.0%, 缂撳瓨鍛戒腑 21.6%, 鏁版嵁鎹熷け 14.7%, 缂撳瓨娣樻卑鐜?0.0%
馃攳 杩佺Щ缁熻: 鎵ц13娆? 鎴愬姛13娆? 鎴愬姛鐜?00.0%
[璋冭瘯] Episode 0006: 寤惰繜 3.108s, 鑳借€?12508.25J, 瀹屾垚鐜?98.6%, 杩佺Щ鎴愬姛鐜?100.0%, 缂撳瓨鍛戒腑 21.7%, 鏁版嵁鎹熷け 14.7%, 缂撳瓨娣樻卑鐜?0.0%
馃攳 杩佺Щ缁熻: 鎵ц13娆? 鎴愬姛13娆? 鎴愬姛鐜?00.0%
[璋冭瘯] Episode 0006: 寤惰繜 3.083s, 鑳借€?12545.41J, 瀹屾垚鐜?98.6%, 杩佺Щ鎴愬姛鐜?100.0%, 缂撳瓨鍛戒腑 22.0%, 鏁版嵁鎹熷け 14.7%, 缂撳瓨娣樻卑鐜?0.0%
馃攳 杩佺Щ缁熻: 鎵ц13娆? 鎴愬姛13娆? 鎴愬姛鐜?00.0%
[璋冭瘯] Episode 0006: 寤惰繜 3.070s, 鑳借€?12545.41J, 瀹屾垚鐜?98.6%, 杩佺Щ鎴愬姛鐜?100.0%, 缂撳瓨鍛戒腑 22.5%, 鏁版嵁鎹熷け 14.7%, 缂撳瓨娣樻卑鐜?0.0%
馃攳 杩佺Щ缁熻: 鎵ц13娆? 鎴愬姛13娆? 鎴愬姛鐜?00.0%
[璋冭瘯] Episode 0006: 寤惰繜 3.042s, 鑳借€?12578.95J, 瀹屾垚鐜?98.6%, 杩佺Щ鎴愬姛鐜?100.0%, 缂撳瓨鍛戒腑 22.8%, 鏁版嵁鎹熷け 14.7%, 缂撳瓨娣樻卑鐜?0.0%
馃攳 杩佺Щ缁熻: 鎵ц13娆? 鎴愬姛13娆? 鎴愬姛鐜?00.0%
[璋冭瘯] Episode 0006: 寤惰繜 3.042s, 鑳借€?12578.95J, 瀹屾垚鐜?98.6%, 杩佺Щ鎴愬姛鐜?100.0%, 缂撳瓨鍛戒腑 22.7%, 鏁版嵁鎹熷け 14.5%, 缂撳瓨娣樻卑鐜?0.0%
浠诲姟鍒嗙被缁熻(500): 绫诲瀷1=0.0%, 绫诲瀷2=10.2%, 绫诲瀷3=37.4%, 绫诲瀷4=52.4%
   褰撳墠浠诲姟: weather_info, 1.95s 鈫?绫诲瀷2, 鏁版嵁0.28MB
   馃捑 缂撳瓨缁熻: 鍛戒腑鐜?22.66% (鎬诲懡涓?160, 鏈湴:0, 鏈懡涓?546)
馃攳 杩佺Щ缁熻: 鎵ц13娆? 鎴愬姛13娆? 鎴愬姛鐜?00.0%
[璋冭瘯] Episode 0006: 寤惰繜 3.038s, 鑳借€?12592.65J, 瀹屾垚鐜?98.6%, 杩佺Щ鎴愬姛鐜?100.0%, 缂撳瓨鍛戒腑 22.6%, 鏁版嵁鎹熷け 14.5%, 缂撳瓨娣樻卑鐜?0.0%
馃攳 杩佺Щ缁熻: 鎵ц13娆? 鎴愬姛13娆? 鎴愬姛鐜?00.0%
[璋冭瘯] Episode 0006: 寤惰繜 3.004s, 鑳借€?12612.62J, 瀹屾垚鐜?98.6%, 杩佺Щ鎴愬姛鐜?100.0%, 缂撳瓨鍛戒腑 23.2%, 鏁版嵁鎹熷け 14.4%, 缂撳瓨娣樻卑鐜?0.0%
馃攳 杩佺Щ缁熻: 鎵ц13娆? 鎴愬姛13娆? 鎴愬姛鐜?00.0%
[璋冭瘯] Episode 0006: 寤惰繜 2.999s, 鑳借€?12622.61J, 瀹屾垚鐜?98.6%, 杩佺Щ鎴愬姛鐜?100.0%, 缂撳瓨鍛戒腑 23.2%, 鏁版嵁鎹熷け 14.4%, 缂撳瓨娣樻卑鐜?0.0%
馃攳 杩佺Щ缁熻: 鎵ц13娆? 鎴愬姛13娆? 鎴愬姛鐜?00.0%
[璋冭瘯] Episode 0006: 寤惰繜 2.999s, 鑳借€?12622.61J, 瀹屾垚鐜?98.6%, 杩佺Щ鎴愬姛鐜?100.0%, 缂撳瓨鍛戒腑 23.2%, 鏁版嵁鎹熷け 14.4%, 缂撳瓨娣樻卑鐜?0.0%
馃攳 杩佺Щ缁熻: 鎵ц13娆? 鎴愬姛13娆? 鎴愬姛鐜?00.0%
[璋冭瘯] Episode 0006: 寤惰繜 2.994s, 鑳借€?12632.52J, 瀹屾垚鐜?98.6%, 杩佺Щ鎴愬姛鐜?100.0%, 缂撳瓨鍛戒腑 23.0%, 鏁版嵁鎹熷け 14.4%, 缂撳瓨娣樻卑鐜?0.0%
馃攳 杩佺Щ缁熻: 鎵ц13娆? 鎴愬姛13娆? 鎴愬姛鐜?00.0%
[璋冭瘯] Episode 0006: 寤惰繜 2.977s, 鑳借€?12653.27J, 瀹屾垚鐜?98.6%, 杩佺Щ鎴愬姛鐜?100.0%, 缂撳瓨鍛戒腑 22.8%, 鏁版嵁鎹熷け 14.4%, 缂撳瓨娣樻卑鐜?0.0%
馃攳 杩佺Щ缁熻: 鎵ц13娆? 鎴愬姛13娆? 鎴愬姛鐜?00.0%
[璋冭瘯] Episode 0006: 寤惰繜 2.960s, 鑳借€?12682.99J, 瀹屾垚鐜?98.6%, 杩佺Щ鎴愬姛鐜?100.0%, 缂撳瓨鍛戒腑 22.8%, 鏁版嵁鎹熷け 14.4%, 缂撳瓨娣樻卑鐜?0.0%
馃攳 杩佺Щ缁熻: 鎵ц13娆? 鎴愬姛13娆? 鎴愬姛鐜?00.0%
[璋冭瘯] Episode 0006: 寤惰繜 2.938s, 鑳借€?12729.46J, 瀹屾垚鐜?98.6%, 杩佺Щ鎴愬姛鐜?100.0%, 缂撳瓨鍛戒腑 22.8%, 鏁版嵁鎹熷け 14.4%, 缂撳瓨娣樻卑鐜?0.0%
馃攳 杩佺Щ缁熻: 鎵ц13娆? 鎴愬姛13娆? 鎴愬姛鐜?00.0%
[璋冭瘯] Episode 0006: 寤惰繜 2.933s, 鑳借€?12729.77J, 瀹屾垚鐜?98.6%, 杩佺Щ鎴愬姛鐜?100.0%, 缂撳瓨鍛戒腑 22.8%, 鏁版嵁鎹熷け 14.4%, 缂撳瓨娣樻卑鐜?0.0%
馃攳 杩佺Щ缁熻: 鎵ц13娆? 鎴愬姛13娆? 鎴愬姛鐜?00.0%
[璋冭瘯] Episode 0006: 寤惰繜 2.928s, 鑳借€?12749.65J, 瀹屾垚鐜?98.6%, 杩佺Щ鎴愬姛鐜?100.0%, 缂撳瓨鍛戒腑 22.9%, 鏁版嵁鎹熷け 14.4%, 缂撳瓨娣樻卑鐜?0.0%
馃攳 杩佺Щ缁熻: 鎵ц13娆? 鎴愬姛13娆? 鎴愬姛鐜?00.0%
[璋冭瘯] Episode 0006: 寤惰繜 2.911s, 鑳借€?12759.56J, 瀹屾垚鐜?98.7%, 杩佺Щ鎴愬姛鐜?100.0%, 缂撳瓨鍛戒腑 23.2%, 鏁版嵁鎹熷け 14.4%, 缂撳瓨娣樻卑鐜?0.0%
馃攳 杩佺Щ缁熻: 鎵ц13娆? 鎴愬姛13娆? 鎴愬姛鐜?00.0%
[璋冭瘯] Episode 0006: 寤惰繜 2.911s, 鑳借€?12759.56J, 瀹屾垚鐜?98.7%, 杩佺Щ鎴愬姛鐜?100.0%, 缂撳瓨鍛戒腑 23.2%, 鏁版嵁鎹熷け 14.4%, 缂撳瓨娣樻卑鐜?0.0%
馃攳 杩佺Щ缁熻: 鎵ц13娆? 鎴愬姛13娆? 鎴愬姛鐜?00.0%
[璋冭瘯] Episode 0006: 寤惰繜 2.885s, 鑳借€?12788.06J, 瀹屾垚鐜?98.7%, 杩佺Щ鎴愬姛鐜?100.0%, 缂撳瓨鍛戒腑 23.4%, 鏁版嵁鎹熷け 14.4%, 缂撳瓨娣樻卑鐜?0.0%
馃攳 杩佺Щ缁熻: 鎵ц13娆? 鎴愬姛13娆? 鎴愬姛鐜?00.0%
[璋冭瘯] Episode 0006: 寤惰繜 2.874s, 鑳借€?12788.06J, 瀹屾垚鐜?98.7%, 杩佺Щ鎴愬姛鐜?100.0%, 缂撳瓨鍛戒腑 23.8%, 鏁版嵁鎹熷け 14.4%, 缂撳瓨娣樻卑鐜?0.0%
馃攳 杩佺Щ缁熻: 鎵ц13娆? 鎴愬姛13娆? 鎴愬姛鐜?00.0%
[璋冭瘯] Episode 0006: 寤惰繜 2.875s, 鑳借€?12788.14J, 瀹屾垚鐜?98.7%, 杩佺Щ鎴愬姛鐜?100.0%, 缂撳瓨鍛戒腑 23.8%, 鏁版嵁鎹熷け 14.4%, 缂撳瓨娣樻卑鐜?0.0%
馃攳 杩佺Щ缁熻: 鎵ц13娆? 鎴愬姛13娆? 鎴愬姛鐜?00.0%
[璋冭瘯] Episode 0006: 寤惰繜 2.859s, 鑳借€?12823.99J, 瀹屾垚鐜?98.7%, 杩佺Щ鎴愬姛鐜?100.0%, 缂撳瓨鍛戒腑 23.9%, 鏁版嵁鎹熷け 14.4%, 缂撳瓨娣樻卑鐜?0.0%
馃攳 杩佺Щ缁熻: 鎵ц13娆? 鎴愬姛13娆? 鎴愬姛鐜?00.0%
[璋冭瘯] Episode 0006: 寤惰繜 2.863s, 鑳借€?12824.43J, 瀹屾垚鐜?98.7%, 杩佺Щ鎴愬姛鐜?100.0%, 缂撳瓨鍛戒腑 23.8%, 鏁版嵁鎹熷け 14.4%, 缂撳瓨娣樻卑鐜?0.0%
馃攳 杩佺Щ缁熻: 鎵ц13娆? 鎴愬姛13娆? 鎴愬姛鐜?00.0%
[璋冭瘯] Episode 0006: 寤惰繜 2.859s, 鑳借€?12847.93J, 瀹屾垚鐜?98.5%, 杩佺Щ鎴愬姛鐜?100.0%, 缂撳瓨鍛戒腑 23.7%, 鏁版嵁鎹熷け 14.4%, 缂撳瓨娣樻卑鐜?0.0%
馃攳 杩佺Щ缁熻: 鎵ц13娆? 鎴愬姛13娆? 鎴愬姛鐜?00.0%
[璋冭瘯] Episode 0006: 寤惰繜 2.841s, 鑳借€?12859.22J, 瀹屾垚鐜?98.5%, 杩佺Щ鎴愬姛鐜?100.0%, 缂撳瓨鍛戒腑 23.9%, 鏁版嵁鎹熷け 14.4%, 缂撳瓨娣樻卑鐜?0.0%
[Episode 6, Step 1] Tasks: generated=1, local=1(100.0%), rsu=0(0.0%), uav=0(0.0%), dropped=0(0.0%)
[Episode 6, Step 3] Tasks: generated=2, local=1(50.0%), rsu=1(50.0%), uav=0(0.0%), dropped=0(0.0%)
[Episode 6, Step 5] Tasks: generated=3, local=2(66.7%), rsu=1(33.3%), uav=0(0.0%), dropped=0(0.0%)
[Episode 6, Step 7] Tasks: generated=0, local=0(0.0%), rsu=0(0.0%), uav=0(0.0%), dropped=0(0.0%)
[Episode 6, Step 9] Tasks: generated=3, local=0(0.0%), rsu=2(66.7%), uav=1(33.3%), dropped=0(0.0%)
[Episode 6, Step 11] Tasks: generated=5, local=3(60.0%), rsu=2(40.0%), uav=0(0.0%), dropped=0(0.0%)
[Episode 6, Step 13] Tasks: generated=1, local=0(0.0%), rsu=0(0.0%), uav=1(100.0%), dropped=0(0.0%)
[Episode 6, Step 15] Tasks: generated=3, local=1(33.3%), rsu=1(33.3%), uav=1(33.3%), dropped=0(0.0%)
[Episode 6, Step 17] Tasks: generated=1, local=0(0.0%), rsu=1(100.0%), uav=0(0.0%), dropped=0(0.0%)
[Episode 6, Step 19] Tasks: generated=5, local=2(40.0%), rsu=3(60.0%), uav=0(0.0%), dropped=0(0.0%)
[Episode 6, Step 21] Tasks: generated=4, local=1(25.0%), rsu=1(25.0%), uav=2(50.0%), dropped=0(0.0%)
[Episode 6, Step 23] Tasks: generated=1, local=0(0.0%), rsu=1(100.0%), uav=0(0.0%), dropped=0(0.0%)
[Episode 6, Step 25] Tasks: generated=2, local=0(0.0%), rsu=2(100.0%), uav=0(0.0%), dropped=0(0.0%)
[Episode 6, Step 27] Tasks: generated=3, local=0(0.0%), rsu=1(33.3%), uav=2(66.7%), dropped=0(0.0%)
[Episode 6, Step 29] Tasks: generated=4, local=1(25.0%), rsu=0(0.0%), uav=3(75.0%), dropped=0(0.0%)
[Episode 6, Step 31] Tasks: generated=1, local=1(100.0%), rsu=0(0.0%), uav=0(0.0%), dropped=0(0.0%)
[Episode 6, Step 33] Tasks: generated=6, local=3(50.0%), rsu=2(33.3%), uav=1(16.7%), dropped=0(0.0%)
[Episode 6, Step 35] Tasks: generated=2, local=0(0.0%), rsu=0(0.0%), uav=2(100.0%), dropped=0(0.0%)
[Episode 6, Step 37] Tasks: generated=3, local=1(33.3%), rsu=1(33.3%), uav=1(33.3%), dropped=0(0.0%)
[Episode 6, Step 39] Tasks: generated=0, local=0(0.0%), rsu=0(0.0%), uav=0(0.0%), dropped=0(0.0%)
[Episode 6, Step 41] Tasks: generated=1, local=0(0.0%), rsu=1(100.0%), uav=0(0.0%), dropped=0(0.0%)
[Episode 6, Step 43] Tasks: generated=6, local=0(0.0%), rsu=3(50.0%), uav=3(50.0%), dropped=0(0.0%)
[Episode 6, Step 45] Tasks: generated=1, local=0(0.0%), rsu=1(100.0%), uav=0(0.0%), dropped=0(0.0%)
[Episode 6, Step 47] Tasks: generated=3, local=0(0.0%), rsu=2(66.7%), uav=1(33.3%), dropped=0(0.0%)
[Episode 6, Step 49] Tasks: generated=1, local=1(100.0%), rsu=0(0.0%), uav=0(0.0%), dropped=0(0.0%)
[Episode 6, Step 51] Tasks: generated=1, local=0(0.0%), rsu=1(100.0%), uav=0(0.0%), dropped=0(0.0%)
[Episode 6, Step 53] Tasks: generated=4, local=0(0.0%), rsu=2(50.0%), uav=2(50.0%), dropped=0(0.0%)
[Episode 6, Step 55] Tasks: generated=3, local=0(0.0%), rsu=2(66.7%), uav=1(33.3%), dropped=0(0.0%)
[Episode 6, Step 57] Tasks: generated=2, local=0(0.0%), rsu=1(50.0%), uav=1(50.0%), dropped=0(0.0%)
[Episode 6, Step 59] Tasks: generated=2, local=2(100.0%), rsu=0(0.0%), uav=0(0.0%), dropped=0(0.0%)
[Episode 6, Step 61] Tasks: generated=3, local=1(33.3%), rsu=0(0.0%), uav=2(66.7%), dropped=0(0.0%)
[Episode 6, Step 63] Tasks: generated=0, local=0(0.0%), rsu=0(0.0%), uav=0(0.0%), dropped=0(0.0%)
[Episode 6, Step 65] Tasks: generated=3, local=2(66.7%), rsu=1(33.3%), uav=0(0.0%), dropped=0(0.0%)
[Episode 6, Step 67] Tasks: generated=1, local=1(100.0%), rsu=0(0.0%), uav=0(0.0%), dropped=0(0.0%)
[Episode 6, Step 69] Tasks: generated=3, local=2(66.7%), rsu=0(0.0%), uav=1(33.3%), dropped=0(0.0%)
[Episode 6, Step 71] Tasks: generated=3, local=0(0.0%), rsu=0(0.0%), uav=3(100.0%), dropped=0(0.0%)
[Episode 6, Step 73] Tasks: generated=1, local=0(0.0%), rsu=0(0.0%), uav=1(100.0%), dropped=0(0.0%)
[Episode 6, Step 75] Tasks: generated=2, local=1(50.0%), rsu=1(50.0%), uav=0(0.0%), dropped=0(0.0%)
[Episode 6, Step 77] Tasks: generated=1, local=0(0.0%), rsu=0(0.0%), uav=1(100.0%), dropped=0(0.0%)
[Episode 6, Step 79] Tasks: generated=1, local=0(0.0%), rsu=1(100.0%), uav=0(0.0%), dropped=0(0.0%)
[Episode 6, Step 81] Tasks: generated=4, local=1(25.0%), rsu=2(50.0%), uav=1(25.0%), dropped=0(0.0%)
[Episode 6, Step 83] Tasks: generated=2, local=0(0.0%), rsu=2(100.0%), uav=0(0.0%), dropped=0(0.0%)
[Episode 6, Step 85] Tasks: generated=5, local=2(40.0%), rsu=2(40.0%), uav=1(20.0%), dropped=0(0.0%)
[Episode 6, Step 87] Tasks: generated=2, local=1(50.0%), rsu=1(50.0%), uav=0(0.0%), dropped=0(0.0%)
[Episode 6, Step 89] Tasks: generated=2, local=1(50.0%), rsu=1(50.0%), uav=0(0.0%), dropped=0(0.0%)
[Episode 6, Step 91] Tasks: generated=2, local=0(0.0%), rsu=0(0.0%), uav=2(100.0%), dropped=0(0.0%)
[Episode 6, Step 93] Tasks: generated=0, local=0(0.0%), rsu=0(0.0%), uav=0(0.0%), dropped=0(0.0%)
[Episode 6, Step 95] Tasks: generated=0, local=0(0.0%), rsu=0(0.0%), uav=0(0.0%), dropped=0(0.0%)
[Episode 6, Step 97] Tasks: generated=1, local=1(100.0%), rsu=0(0.0%), uav=0(0.0%), dropped=0(0.0%)
[Episode 6, Step 99] Tasks: generated=3, local=1(33.3%), rsu=1(33.3%), uav=1(33.3%), dropped=0(0.0%)
[Episode 6, Step 101] Tasks: generated=4, local=1(25.0%), rsu=1(25.0%), uav=2(50.0%), dropped=0(0.0%)
[Episode 6, Step 103] Tasks: generated=4, local=3(75.0%), rsu=0(0.0%), uav=1(25.0%), dropped=0(0.0%)
[Episode 6, Step 105] Tasks: generated=2, local=1(50.0%), rsu=1(50.0%), uav=0(0.0%), dropped=0(0.0%)
[Episode 6, Step 107] Tasks: generated=1, local=0(0.0%), rsu=1(100.0%), uav=0(0.0%), dropped=0(0.0%)
[Episode 6, Step 109] Tasks: generated=3, local=0(0.0%), rsu=1(33.3%), uav=2(66.7%), dropped=0(0.0%)
[Episode 6, Step 111] Tasks: generated=1, local=1(100.0%), rsu=0(0.0%), uav=0(0.0%), dropped=0(0.0%)
[Episode 6, Step 113] Tasks: generated=3, local=1(33.3%), rsu=1(33.3%), uav=1(33.3%), dropped=0(0.0%)
[Episode 6, Step 115] Tasks: generated=2, local=0(0.0%), rsu=1(50.0%), uav=1(50.0%), dropped=0(0.0%)
[Episode 6, Step 117] Tasks: generated=6, local=2(33.3%), rsu=2(33.3%), uav=2(33.3%), dropped=0(0.0%)
[Episode 6, Step 119] Tasks: generated=1, local=1(100.0%), rsu=0(0.0%), uav=0(0.0%), dropped=0(0.0%)
[Episode 6, Step 121] Tasks: generated=4, local=1(25.0%), rsu=2(50.0%), uav=1(25.0%), dropped=0(0.0%)
[Episode 6, Step 123] Tasks: generated=1, local=0(0.0%), rsu=1(100.0%), uav=0(0.0%), dropped=0(0.0%)
[Episode 6, Step 125] Tasks: generated=2, local=1(50.0%), rsu=1(50.0%), uav=0(0.0%), dropped=0(0.0%)
[Episode 6, Step 127] Tasks: generated=1, local=1(100.0%), rsu=0(0.0%), uav=0(0.0%), dropped=0(0.0%)
[Episode 6, Step 129] Tasks: generated=3, local=2(66.7%), rsu=1(33.3%), uav=0(0.0%), dropped=0(0.0%)
[Episode 6, Step 131] Tasks: generated=1, local=1(100.0%), rsu=0(0.0%), uav=0(0.0%), dropped=0(0.0%)
[Episode 6, Step 133] Tasks: generated=2, local=0(0.0%), rsu=0(0.0%), uav=2(100.0%), dropped=0(0.0%)
[Episode 6, Step 135] Tasks: generated=1, local=1(100.0%), rsu=0(0.0%), uav=0(0.0%), dropped=0(0.0%)
[Episode 6, Step 137] Tasks: generated=7, local=2(28.6%), rsu=2(28.6%), uav=3(42.9%), dropped=0(0.0%)
[Episode 6, Step 139] Tasks: generated=4, local=0(0.0%), rsu=3(75.0%), uav=1(25.0%), dropped=0(0.0%)
[Episode 6, Step 141] Tasks: generated=2, local=0(0.0%), rsu=0(0.0%), uav=2(100.0%), dropped=0(0.0%)
[Episode 6, Step 143] Tasks: generated=2, local=1(50.0%), rsu=0(0.0%), uav=1(50.0%), dropped=0(0.0%)
[Episode 6, Step 145] Tasks: generated=1, local=0(0.0%), rsu=0(0.0%), uav=1(100.0%), dropped=0(0.0%)
[Episode 6, Step 147] Tasks: generated=2, local=1(50.0%), rsu=1(50.0%), uav=0(0.0%), dropped=0(0.0%)
[Episode 6, Step 149] Tasks: generated=2, local=0(0.0%), rsu=1(50.0%), uav=1(50.0%), dropped=0(0.0%)
[Episode 6, Step 151] Tasks: generated=4, local=0(0.0%), rsu=4(100.0%), uav=0(0.0%), dropped=0(0.0%)
[Episode 6, Step 153] Tasks: generated=4, local=0(0.0%), rsu=3(75.0%), uav=1(25.0%), dropped=0(0.0%)
[Episode 6, Step 155] Tasks: generated=2, local=1(50.0%), rsu=0(0.0%), uav=1(50.0%), dropped=0(0.0%)
[Episode 6, Step 157] Tasks: generated=4, local=0(0.0%), rsu=1(25.0%), uav=3(75.0%), dropped=0(0.0%)
[Episode 6, Step 159] Tasks: generated=1, local=0(0.0%), rsu=1(100.0%), uav=0(0.0%), dropped=0(0.0%)
[Episode 6, Step 161] Tasks: generated=3, local=1(33.3%), rsu=1(33.3%), uav=1(33.3%), dropped=0(0.0%)
[Episode 6, Step 163] Tasks: generated=3, local=1(33.3%), rsu=0(0.0%), uav=2(66.7%), dropped=0(0.0%)
[Episode 6, Step 165] Tasks: generated=2, local=0(0.0%), rsu=2(100.0%), uav=0(0.0%), dropped=0(0.0%)
[Episode 6, Step 167] Tasks: generated=1, local=0(0.0%), rsu=1(100.0%), uav=0(0.0%), dropped=0(0.0%)
[Episode 6, Step 169] Tasks: generated=3, local=1(33.3%), rsu=1(33.3%), uav=1(33.3%), dropped=0(0.0%)
[Episode 6, Step 171] Tasks: generated=2, local=1(50.0%), rsu=1(50.0%), uav=0(0.0%), dropped=0(0.0%)
[Episode 6, Step 173] Tasks: generated=2, local=0(0.0%), rsu=2(100.0%), uav=0(0.0%), dropped=0(0.0%)
[Episode 6, Step 175] Tasks: generated=1, local=0(0.0%), rsu=0(0.0%), uav=1(100.0%), dropped=0(0.0%)
[Episode 6, Step 177] Tasks: generated=2, local=0(0.0%), rsu=0(0.0%), uav=2(100.0%), dropped=0(0.0%)
[Episode 6, Step 179] Tasks: generated=3, local=1(33.3%), rsu=1(33.3%), uav=1(33.3%), dropped=0(0.0%)
[Episode 6, Step 181] Tasks: generated=2, local=0(0.0%), rsu=0(0.0%), uav=2(100.0%), dropped=0(0.0%)
[Episode 6, Step 183] Tasks: generated=2, local=0(0.0%), rsu=2(100.0%), uav=0(0.0%), dropped=0(0.0%)
[Episode 6, Step 185] Tasks: generated=3, local=0(0.0%), rsu=2(66.7%), uav=1(33.3%), dropped=0(0.0%)
[Episode 6, Step 187] Tasks: generated=0, local=0(0.0%), rsu=0(0.0%), uav=0(0.0%), dropped=0(0.0%)
[Episode 6, Step 189] Tasks: generated=1, local=1(100.0%), rsu=0(0.0%), uav=0(0.0%), dropped=0(0.0%)
[Episode 6, Step 191] Tasks: generated=3, local=0(0.0%), rsu=3(100.0%), uav=0(0.0%), dropped=0(0.0%)
[Episode 6, Step 193] Tasks: generated=3, local=1(33.3%), rsu=2(66.7%), uav=0(0.0%), dropped=0(0.0%)
[Episode 6, Step 195] Tasks: generated=3, local=0(0.0%), rsu=2(66.7%), uav=1(33.3%), dropped=0(0.0%)
[Episode 6, Step 197] Tasks: generated=2, local=0(0.0%), rsu=2(100.0%), uav=0(0.0%), dropped=0(0.0%)
[Episode 6, Step 199] Tasks: generated=4, local=1(25.0%), rsu=3(75.0%), uav=0(0.0%), dropped=0(0.0%)

================================================================================
馃搳 Episode 6 浠诲姟澶勭悊鏂瑰紡鍒嗗竷缁熻
================================================================================
鎬绘鏁? 200
鎬荤敓鎴愪换鍔℃暟: 542

浠诲姟鍒嗗竷鍗犳瘮:
  鉁?鏈湴澶勭悊:    150 浠诲姟 ( 27.7%)
  鉁?RSU澶勭悊:     207 浠诲姟 ( 38.2%)
  鉁?UAV澶勭悊:     185 浠诲姟 ( 34.1%)
  鉁?琚涪寮?        8 浠诲姟 (  1.5%)

琛ュ厖鎸囨爣:
  浠诲姟鎴愬姛鐜? 98.5%
  RSU缂撳瓨鍛戒腑鐜? 24.0%
  骞冲潎鏈湴鍗犳瘮: 27.5%
  骞冲潎RSU鍗犳瘮: 35.2%
  骞冲潎UAV鍗犳瘮: 30.8%
================================================================================

杞﹁締鍒濆鍖栧畬鎴愶細涓诲共閬撳弻璺彛鍦烘櫙
鍒涘缓浜?12 杞﹁締, 4 RSU, 2 UAV
涓ぎRSU璋冨害鍣ㄥ凡鍚敤: RSU_2
[Topology] Central RSU configured as RSU_2 for coordination.
鍒濆鍖栦簡 6 涓紦瀛樼鐞嗗櫒
[璋冭瘯] Episode 0007: 寤惰繜 0.010s, 鑳借€?0.00J, 瀹屾垚鐜?50.0%, 杩佺Щ鎴愬姛鐜?0.0%, 缂撳瓨鍛戒腑 22.6%, 鏁版嵁鎹熷け 0.0%, 缂撳瓨娣樻卑鐜?0.0%
[VehicleMigration] handover #1: vehicle V_7 task task_3 RSU_1 -> RSU_3
   Trigger: distance 285.7m > threshold 279.4m (speed 13.8 m/s)
   Score: 445.7 -> 214.3 (improvement 51.9%)
   Queue trend: RSU_1: 2 -> 1, RSU_3: 0 -> 1
[Migration] Executed 1 vehicle-following migrations.
馃攳 杩佺Щ缁熻: 鎵ц1娆? 鎴愬姛1娆? 鎴愬姛鐜?00.0%
馃攳 杩佺Щ缁熻: 鎵ц1娆? 鎴愬姛1娆? 鎴愬姛鐜?00.0%
馃攳 杩佺Щ缁熻: 鎵ц1娆? 鎴愬姛1娆? 鎴愬姛鐜?00.0%
[璋冭瘯] Episode 0007: 寤惰繜 0.413s, 鑳借€?46.51J, 瀹屾垚鐜?100.0%, 杩佺Щ鎴愬姛鐜?100.0%, 缂撳瓨鍛戒腑 22.5%, 鏁版嵁鎹熷け 0.0%, 缂撳瓨娣樻卑鐜?0.0%
馃攳 杩佺Щ缁熻: 鎵ц1娆? 鎴愬姛1娆? 鎴愬姛鐜?00.0%
[璋冭瘯] Episode 0007: 寤惰繜 0.367s, 鑳借€?69.63J, 瀹屾垚鐜?100.0%, 杩佺Щ鎴愬姛鐜?100.0%, 缂撳瓨鍛戒腑 22.5%, 鏁版嵁鎹熷け 0.0%, 缂撳瓨娣樻卑鐜?0.0%
馃攳 杩佺Щ缁熻: 鎵ц1娆? 鎴愬姛1娆? 鎴愬姛鐜?00.0%
[璋冭瘯] Episode 0007: 寤惰繜 0.314s, 鑳借€?94.43J, 瀹屾垚鐜?100.0%, 杩佺Щ鎴愬姛鐜?100.0%, 缂撳瓨鍛戒腑 22.5%, 鏁版嵁鎹熷け 0.0%, 缂撳瓨娣樻卑鐜?0.0%
馃攳 杩佺Щ缁熻: 鎵ц1娆? 鎴愬姛1娆? 鎴愬姛鐜?00.0%
[璋冭瘯] Episode 0007: 寤惰繜 0.296s, 鑳借€?104.34J, 瀹屾垚鐜?100.0%, 杩佺Щ鎴愬姛鐜?100.0%, 缂撳瓨鍛戒腑 22.5%, 鏁版嵁鎹熷け 0.0%, 缂撳瓨娣樻卑鐜?0.0%
馃攳 杩佺Щ缁熻: 鎵ц1娆? 鎴愬姛1娆? 鎴愬姛鐜?00.0%
[璋冭瘯] Episode 0007: 寤惰繜 0.611s, 鑳借€?117.70J, 瀹屾垚鐜?100.0%, 杩佺Щ鎴愬姛鐜?100.0%, 缂撳瓨鍛戒腑 22.4%, 鏁版嵁鎹熷け 0.0%, 缂撳瓨娣樻卑鐜?0.0%
馃攳 杩佺Щ缁熻: 鎵ц1娆? 鎴愬姛1娆? 鎴愬姛鐜?00.0%
[璋冭瘯] Episode 0007: 寤惰繜 0.748s, 鑳借€?136.85J, 瀹屾垚鐜?100.0%, 杩佺Щ鎴愬姛鐜?100.0%, 缂撳瓨鍛戒腑 22.4%, 鏁版嵁鎹熷け 0.0%, 缂撳瓨娣樻卑鐜?0.0%
馃攳 杩佺Щ缁熻: 鎵ц1娆? 鎴愬姛1娆? 鎴愬姛鐜?00.0%
[璋冭瘯] Episode 0007: 寤惰繜 0.757s, 鑳借€?159.02J, 瀹屾垚鐜?100.0%, 杩佺Щ鎴愬姛鐜?100.0%, 缂撳瓨鍛戒腑 22.4%, 鏁版嵁鎹熷け 0.0%, 缂撳瓨娣樻卑鐜?0.0%
馃攳 杩佺Щ缁熻: 鎵ц1娆? 鎴愬姛1娆? 鎴愬姛鐜?00.0%
[璋冭瘯] Episode 0007: 寤惰繜 0.603s, 鑳借€?261.29J, 瀹屾垚鐜?100.0%, 杩佺Щ鎴愬姛鐜?100.0%, 缂撳瓨鍛戒腑 22.3%, 鏁版嵁鎹熷け 0.0%, 缂撳瓨娣樻卑鐜?0.0%
馃攳 杩佺Щ缁熻: 鎵ц1娆? 鎴愬姛1娆? 鎴愬姛鐜?00.0%
[璋冭瘯] Episode 0007: 寤惰繜 0.575s, 鑳借€?302.96J, 瀹屾垚鐜?100.0%, 杩佺Щ鎴愬姛鐜?100.0%, 缂撳瓨鍛戒腑 22.3%, 鏁版嵁鎹熷け 0.0%, 缂撳瓨娣樻卑鐜?0.0%
馃攳 杩佺Щ缁熻: 鎵ц1娆? 鎴愬姛1娆? 鎴愬姛鐜?00.0%
[璋冭瘯] Episode 0007: 寤惰繜 0.616s, 鑳借€?320.65J, 瀹屾垚鐜?100.0%, 杩佺Щ鎴愬姛鐜?100.0%, 缂撳瓨鍛戒腑 22.3%, 鏁版嵁鎹熷け 0.0%, 缂撳瓨娣樻卑鐜?0.0%
馃攳 杩佺Щ缁熻: 鎵ц1娆? 鎴愬姛1娆? 鎴愬姛鐜?00.0%
[璋冭瘯] Episode 0007: 寤惰繜 0.606s, 鑳借€?358.01J, 瀹屾垚鐜?100.0%, 杩佺Щ鎴愬姛鐜?100.0%, 缂撳瓨鍛戒腑 22.2%, 鏁版嵁鎹熷け 0.0%, 缂撳瓨娣樻卑鐜?0.0%
馃攳 杩佺Щ缁熻: 鎵ц1娆? 鎴愬姛1娆? 鎴愬姛鐜?00.0%
[璋冭瘯] Episode 0007: 寤惰繜 0.634s, 鑳借€?358.12J, 瀹屾垚鐜?100.0%, 杩佺Щ鎴愬姛鐜?100.0%, 缂撳瓨鍛戒腑 22.2%, 鏁版嵁鎹熷け 0.0%, 缂撳瓨娣樻卑鐜?0.0%
馃攳 杩佺Щ缁熻: 鎵ц1娆? 鎴愬姛1娆? 鎴愬姛鐜?00.0%
[璋冭瘯] Episode 0007: 寤惰繜 0.645s, 鑳借€?396.00J, 瀹屾垚鐜?100.0%, 杩佺Щ鎴愬姛鐜?100.0%, 缂撳瓨鍛戒腑 22.2%, 鏁版嵁鎹熷け 0.0%, 缂撳瓨娣樻卑鐜?0.0%
馃攳 杩佺Щ缁熻: 鎵ц1娆? 鎴愬姛1娆? 鎴愬姛鐜?00.0%
[璋冭瘯] Episode 0007: 寤惰繜 0.577s, 鑳借€?457.71J, 瀹屾垚鐜?100.0%, 杩佺Щ鎴愬姛鐜?100.0%, 缂撳瓨鍛戒腑 22.2%, 鏁版嵁鎹熷け 0.0%, 缂撳瓨娣樻卑鐜?0.0%
馃攳 杩佺Щ缁熻: 鎵ц1娆? 鎴愬姛1娆? 鎴愬姛鐜?00.0%
[璋冭瘯] Episode 0007: 寤惰繜 0.584s, 鑳借€?474.71J, 瀹屾垚鐜?100.0%, 杩佺Щ鎴愬姛鐜?100.0%, 缂撳瓨鍛戒腑 22.1%, 鏁版嵁鎹熷け 0.0%, 缂撳瓨娣樻卑鐜?0.0%
馃攳 杩佺Щ缁熻: 鎵ц1娆? 鎴愬姛1娆? 鎴愬姛鐜?00.0%
[璋冭瘯] Episode 0007: 寤惰繜 0.566s, 鑳借€?525.09J, 瀹屾垚鐜?100.0%, 杩佺Щ鎴愬姛鐜?100.0%, 缂撳瓨鍛戒腑 22.1%, 鏁版嵁鎹熷け 0.0%, 缂撳瓨娣樻卑鐜?0.0%
馃攳 杩佺Щ缁熻: 鎵ц1娆? 鎴愬姛1娆? 鎴愬姛鐜?00.0%
[璋冭瘯] Episode 0007: 寤惰繜 0.556s, 鑳借€?525.44J, 瀹屾垚鐜?100.0%, 杩佺Щ鎴愬姛鐜?100.0%, 缂撳瓨鍛戒腑 22.1%, 鏁版嵁鎹熷け 0.0%, 缂撳瓨娣樻卑鐜?0.0%
馃攳 杩佺Щ缁熻: 鎵ц1娆? 鎴愬姛1娆? 鎴愬姛鐜?00.0%
[璋冭瘯] Episode 0007: 寤惰繜 0.562s, 鑳借€?552.83J, 瀹屾垚鐜?100.0%, 杩佺Щ鎴愬姛鐜?100.0%, 缂撳瓨鍛戒腑 22.1%, 鏁版嵁鎹熷け 0.0%, 缂撳瓨娣樻卑鐜?0.0%
馃攳 杩佺Щ缁熻: 鎵ц1娆? 鎴愬姛1娆? 鎴愬姛鐜?00.0%
[璋冭瘯] Episode 0007: 寤惰繜 0.607s, 鑳借€?553.09J, 瀹屾垚鐜?100.0%, 杩佺Щ鎴愬姛鐜?100.0%, 缂撳瓨鍛戒腑 22.0%, 鏁版嵁鎹熷け 0.0%, 缂撳瓨娣樻卑鐜?0.0%
馃攳 杩佺Щ缁熻: 鎵ц1娆? 鎴愬姛1娆? 鎴愬姛鐜?00.0%
[璋冭瘯] Episode 0007: 寤惰繜 0.577s, 鑳借€?602.77J, 瀹屾垚鐜?100.0%, 杩佺Щ鎴愬姛鐜?100.0%, 缂撳瓨鍛戒腑 22.0%, 鏁版嵁鎹熷け 0.0%, 缂撳瓨娣樻卑鐜?0.0%
馃攳 杩佺Щ缁熻: 鎵ц1娆? 鎴愬姛1娆? 鎴愬姛鐜?00.0%
[璋冭瘯] Episode 0007: 寤惰繜 0.614s, 鑳借€?622.91J, 瀹屾垚鐜?100.0%, 杩佺Щ鎴愬姛鐜?100.0%, 缂撳瓨鍛戒腑 22.0%, 鏁版嵁鎹熷け 0.0%, 缂撳瓨娣樻卑鐜?0.0%
馃攳 杩佺Щ缁熻: 鎵ц1娆? 鎴愬姛1娆? 鎴愬姛鐜?00.0%
[璋冭瘯] Episode 0007: 寤惰繜 0.604s, 鑳借€?632.81J, 瀹屾垚鐜?100.0%, 杩佺Щ鎴愬姛鐜?100.0%, 缂撳瓨鍛戒腑 22.0%, 鏁版嵁鎹熷け 0.0%, 缂撳瓨娣樻卑鐜?0.0%
馃攳 杩佺Щ缁熻: 鎵ц1娆? 鎴愬姛1娆? 鎴愬姛鐜?00.0%
[璋冭瘯] Episode 0007: 寤惰繜 0.574s, 鑳借€?652.63J, 瀹屾垚鐜?100.0%, 杩佺Щ鎴愬姛鐜?100.0%, 缂撳瓨鍛戒腑 0.8%, 鏁版嵁鎹熷け 0.0%, 缂撳瓨娣樻卑鐜?0.0%
馃攳 杩佺Щ缁熻: 鎵ц1娆? 鎴愬姛1娆? 鎴愬姛鐜?00.0%
[璋冭瘯] Episode 0007: 寤惰繜 0.584s, 鑳借€?682.72J, 瀹屾垚鐜?100.0%, 杩佺Щ鎴愬姛鐜?100.0%, 缂撳瓨鍛戒腑 3.1%, 鏁版嵁鎹熷け 0.0%, 缂撳瓨娣樻卑鐜?0.0%
馃攳 杩佺Щ缁熻: 鎵ц1娆? 鎴愬姛1娆? 鎴愬姛鐜?00.0%
[璋冭瘯] Episode 0007: 寤惰繜 0.582s, 鑳借€?702.70J, 瀹屾垚鐜?100.0%, 杩佺Щ鎴愬姛鐜?100.0%, 缂撳瓨鍛戒腑 3.0%, 鏁版嵁鎹熷け 0.0%, 缂撳瓨娣樻卑鐜?0.0%
馃攳 杩佺Щ缁熻: 鎵ц1娆? 鎴愬姛1娆? 鎴愬姛鐜?00.0%
[璋冭瘯] Episode 0007: 寤惰繜 0.560s, 鑳借€?741.62J, 瀹屾垚鐜?100.0%, 杩佺Щ鎴愬姛鐜?100.0%, 缂撳瓨鍛戒腑 5.0%, 鏁版嵁鎹熷け 0.0%, 缂撳瓨娣樻卑鐜?0.0%
馃攳 杩佺Щ缁熻: 鎵ц1娆? 鎴愬姛1娆? 鎴愬姛鐜?00.0%
[璋冭瘯] Episode 0007: 寤惰繜 0.577s, 鑳借€?741.77J, 瀹屾垚鐜?100.0%, 杩佺Щ鎴愬姛鐜?100.0%, 缂撳瓨鍛戒腑 5.5%, 鏁版嵁鎹熷け 0.0%, 缂撳瓨娣樻卑鐜?0.0%
馃攳 杩佺Щ缁熻: 鎵ц1娆? 鎴愬姛1娆? 鎴愬姛鐜?00.0%
[璋冭瘯] Episode 0007: 寤惰繜 0.586s, 鑳借€?761.82J, 瀹屾垚鐜?100.0%, 杩佺Щ鎴愬姛鐜?100.0%, 缂撳瓨鍛戒腑 5.1%, 鏁版嵁鎹熷け 0.0%, 缂撳瓨娣樻卑鐜?0.0%
馃攳 杩佺Щ缁熻: 鎵ц1娆? 鎴愬姛1娆? 鎴愬姛鐜?00.0%
[璋冭瘯] Episode 0007: 寤惰繜 0.559s, 鑳借€?804.28J, 瀹屾垚鐜?98.7%, 杩佺Щ鎴愬姛鐜?100.0%, 缂撳瓨鍛戒腑 4.8%, 鏁版嵁鎹熷け 17.8%, 缂撳瓨娣樻卑鐜?0.0%
馃攳 杩佺Щ缁熻: 鎵ц1娆? 鎴愬姛1娆? 鎴愬姛鐜?00.0%
[璋冭瘯] Episode 0007: 寤惰繜 0.545s, 鑳借€?862.96J, 瀹屾垚鐜?98.8%, 杩佺Щ鎴愬姛鐜?100.0%, 缂撳瓨鍛戒腑 4.8%, 鏁版嵁鎹熷け 17.7%, 缂撳瓨娣樻卑鐜?0.0%
馃攳 杩佺Щ缁熻: 鎵ц1娆? 鎴愬姛1娆? 鎴愬姛鐜?00.0%
[璋冭瘯] Episode 0007: 寤惰繜 0.534s, 鑳借€?892.81J, 瀹屾垚鐜?98.9%, 杩佺Щ鎴愬姛鐜?100.0%, 缂撳瓨鍛戒腑 5.5%, 鏁版嵁鎹熷け 17.1%, 缂撳瓨娣樻卑鐜?0.0%
馃攳 杩佺Щ缁熻: 鎵ц1娆? 鎴愬姛1娆? 鎴愬姛鐜?00.0%
[璋冭瘯] Episode 0007: 寤惰繜 0.535s, 鑳借€?892.82J, 瀹屾垚鐜?98.9%, 杩佺Щ鎴愬姛鐜?100.0%, 缂撳瓨鍛戒腑 5.3%, 鏁版嵁鎹熷け 17.0%, 缂撳瓨娣樻卑鐜?0.0%
浠诲姟鍒嗙被缁熻(100): 绫诲瀷1=0.0%, 绫诲瀷2=10.0%, 绫诲瀷3=36.0%, 绫诲瀷4=54.0%
   褰撳墠浠诲姟: navigation_0002, 1.53s 鈫?绫诲瀷3, 鏁版嵁0.53MB
   馃捑 缂撳瓨缁熻: 鍛戒腑鐜?5.32% (鎬诲懡涓?10, 鏈湴:0, 鏈懡涓?178)
馃攳 杩佺Щ缁熻: 鎵ц1娆? 鎴愬姛1娆? 鎴愬姛鐜?00.0%
[璋冭瘯] Episode 0007: 寤惰繜 0.507s, 鑳借€?974.52J, 瀹屾垚鐜?98.9%, 杩佺Щ鎴愬姛鐜?100.0%, 缂撳瓨鍛戒腑 5.2%, 鏁版嵁鎹熷け 16.7%, 缂撳瓨娣樻卑鐜?0.0%
馃攳 杩佺Щ缁熻: 鎵ц1娆? 鎴愬姛1娆? 鎴愬姛鐜?00.0%
[璋冭瘯] Episode 0007: 寤惰繜 0.500s, 鑳借€?1010.33J, 瀹屾垚鐜?99.0%, 杩佺Щ鎴愬姛鐜?100.0%, 缂撳瓨鍛戒腑 5.1%, 鏁版嵁鎹熷け 16.4%, 缂撳瓨娣樻卑鐜?0.0%
馃攳 杩佺Щ缁熻: 鎵ц1娆? 鎴愬姛1娆? 鎴愬姛鐜?00.0%
[璋冭瘯] Episode 0007: 寤惰繜 0.492s, 鑳借€?1020.56J, 瀹屾垚鐜?99.0%, 杩佺Щ鎴愬姛鐜?100.0%, 缂撳瓨鍛戒腑 5.0%, 鏁版嵁鎹熷け 16.2%, 缂撳瓨娣樻卑鐜?0.0%
馃攳 杩佺Щ缁熻: 鎵ц1娆? 鎴愬姛1娆? 鎴愬姛鐜?00.0%
[璋冭瘯] Episode 0007: 寤惰繜 0.483s, 鑳借€?1052.72J, 瀹屾垚鐜?99.0%, 杩佺Щ鎴愬姛鐜?100.0%, 缂撳瓨鍛戒腑 4.9%, 鏁版嵁鎹熷け 16.2%, 缂撳瓨娣樻卑鐜?0.0%
馃攳 杩佺Щ缁熻: 鎵ц1娆? 鎴愬姛1娆? 鎴愬姛鐜?00.0%
[璋冭瘯] Episode 0007: 寤惰繜 0.546s, 鑳借€?1128.15J, 瀹屾垚鐜?99.1%, 杩佺Щ鎴愬姛鐜?100.0%, 缂撳瓨鍛戒腑 4.7%, 鏁版嵁鎹熷け 9.1%, 缂撳瓨娣樻卑鐜?0.0%
馃攳 杩佺Щ缁熻: 鎵ц1娆? 鎴愬姛1娆? 鎴愬姛鐜?00.0%
[璋冭瘯] Episode 0007: 寤惰繜 0.534s, 鑳借€?1160.72J, 瀹屾垚鐜?99.1%, 杩佺Щ鎴愬姛鐜?100.0%, 缂撳瓨鍛戒腑 4.6%, 鏁版嵁鎹熷け 9.0%, 缂撳瓨娣樻卑鐜?0.0%
馃攳 杩佺Щ缁熻: 鎵ц1娆? 鎴愬姛1娆? 鎴愬姛鐜?00.0%
[璋冭瘯] Episode 0007: 寤惰繜 0.534s, 鑳借€?1174.63J, 瀹屾垚鐜?99.1%, 杩佺Щ鎴愬姛鐜?100.0%, 缂撳瓨鍛戒腑 4.5%, 鏁版嵁鎹熷け 9.0%, 缂撳瓨娣樻卑鐜?0.0%
馃攳 杩佺Щ缁熻: 鎵ц1娆? 鎴愬姛1娆? 鎴愬姛鐜?00.0%
[璋冭瘯] Episode 0007: 寤惰繜 0.529s, 鑳借€?1194.45J, 瀹屾垚鐜?99.1%, 杩佺Щ鎴愬姛鐜?100.0%, 缂撳瓨鍛戒腑 4.5%, 鏁版嵁鎹熷け 9.0%, 缂撳瓨娣樻卑鐜?0.0%
馃攳 杩佺Щ缁熻: 鎵ц1娆? 鎴愬姛1娆? 鎴愬姛鐜?00.0%
[璋冭瘯] Episode 0007: 寤惰繜 0.532s, 鑳借€?1231.94J, 瀹屾垚鐜?99.2%, 杩佺Щ鎴愬姛鐜?100.0%, 缂撳瓨鍛戒腑 5.2%, 鏁版嵁鎹熷け 8.9%, 缂撳瓨娣樻卑鐜?0.0%
馃攳 杩佺Щ缁熻: 鎵ц1娆? 鎴愬姛1娆? 鎴愬姛鐜?00.0%
[璋冭瘯] Episode 0007: 寤惰繜 0.535s, 鑳借€?1232.11J, 瀹屾垚鐜?99.2%, 杩佺Щ鎴愬姛鐜?100.0%, 缂撳瓨鍛戒腑 5.5%, 鏁版嵁鎹熷け 8.9%, 缂撳瓨娣樻卑鐜?0.0%
馃攳 杩佺Щ缁熻: 鎵ц1娆? 鎴愬姛1娆? 鎴愬姛鐜?00.0%
[璋冭瘯] Episode 0007: 寤惰繜 0.529s, 鑳借€?1267.27J, 瀹屾垚鐜?99.2%, 杩佺Щ鎴愬姛鐜?100.0%, 缂撳瓨鍛戒腑 5.9%, 鏁版嵁鎹熷け 8.9%, 缂撳瓨娣樻卑鐜?0.0%
馃攳 杩佺Щ缁熻: 鎵ц1娆? 鎴愬姛1娆? 鎴愬姛鐜?00.0%
[璋冭瘯] Episode 0007: 寤惰繜 0.540s, 鑳借€?1294.32J, 瀹屾垚鐜?99.2%, 杩佺Щ鎴愬姛鐜?100.0%, 缂撳瓨鍛戒腑 5.7%, 鏁版嵁鎹熷け 8.9%, 缂撳瓨娣樻卑鐜?0.0%
馃攳 杩佺Щ缁熻: 鎵ц1娆? 鎴愬姛1娆? 鎴愬姛鐜?00.0%
[璋冭瘯] Episode 0007: 寤惰繜 0.543s, 鑳借€?1304.44J, 瀹屾垚鐜?99.2%, 杩佺Щ鎴愬姛鐜?100.0%, 缂撳瓨鍛戒腑 6.0%, 鏁版嵁鎹熷け 5.9%, 缂撳瓨娣樻卑鐜?0.0%
馃攳 杩佺Щ缁熻: 鎵ц1娆? 鎴愬姛1娆? 鎴愬姛鐜?00.0%
[璋冭瘯] Episode 0007: 寤惰繜 0.529s, 鑳借€?1354.42J, 瀹屾垚鐜?99.2%, 杩佺Щ鎴愬姛鐜?100.0%, 缂撳瓨鍛戒腑 7.1%, 鏁版嵁鎹熷け 5.9%, 缂撳瓨娣樻卑鐜?0.0%
馃攳 杩佺Щ缁熻: 鎵ц1娆? 鎴愬姛1娆? 鎴愬姛鐜?00.0%
[璋冭瘯] Episode 0007: 寤惰繜 0.532s, 鑳借€?1355.65J, 瀹屾垚鐜?99.2%, 杩佺Щ鎴愬姛鐜?100.0%, 缂撳瓨鍛戒腑 7.0%, 鏁版嵁鎹熷け 5.9%, 缂撳瓨娣樻卑鐜?0.0%
馃攳 杩佺Щ缁熻: 鎵ц1娆? 鎴愬姛1娆? 鎴愬姛鐜?00.0%
[璋冭瘯] Episode 0007: 寤惰繜 0.525s, 鑳借€?1393.70J, 瀹屾垚鐜?99.3%, 杩佺Щ鎴愬姛鐜?100.0%, 缂撳瓨鍛戒腑 6.9%, 鏁版嵁鎹熷け 5.9%, 缂撳瓨娣樻卑鐜?0.0%
馃攳 杩佺Щ缁熻: 鎵ц1娆? 鎴愬姛1娆? 鎴愬姛鐜?00.0%
[璋冭瘯] Episode 0007: 寤惰繜 0.549s, 鑳借€?1394.20J, 瀹屾垚鐜?99.3%, 杩佺Щ鎴愬姛鐜?100.0%, 缂撳瓨鍛戒腑 6.7%, 鏁版嵁鎹熷け 5.9%, 缂撳瓨娣樻卑鐜?0.0%
馃攳 杩佺Щ缁熻: 鎵ц1娆? 鎴愬姛1娆? 鎴愬姛鐜?00.0%
[璋冭瘯] Episode 0007: 寤惰繜 0.535s, 鑳借€?1428.08J, 瀹屾垚鐜?99.3%, 杩佺Щ鎴愬姛鐜?100.0%, 缂撳瓨鍛戒腑 6.6%, 鏁版嵁鎹熷け 5.8%, 缂撳瓨娣樻卑鐜?0.0%
馃攳 杩佺Щ缁熻: 鎵ц1娆? 鎴愬姛1娆? 鎴愬姛鐜?00.0%
[璋冭瘯] Episode 0007: 寤惰繜 0.531s, 鑳借€?1438.66J, 瀹屾垚鐜?99.3%, 杩佺Щ鎴愬姛鐜?100.0%, 缂撳瓨鍛戒腑 6.5%, 鏁版嵁鎹熷け 5.8%, 缂撳瓨娣樻卑鐜?0.0%
馃攳 杩佺Щ缁熻: 鎵ц1娆? 鎴愬姛1娆? 鎴愬姛鐜?00.0%
[璋冭瘯] Episode 0007: 寤惰繜 0.532s, 鑳借€?1467.11J, 瀹屾垚鐜?98.6%, 杩佺Щ鎴愬姛鐜?100.0%, 缂撳瓨鍛戒腑 6.4%, 鏁版嵁鎹熷け 38.2%, 缂撳瓨娣樻卑鐜?0.0%
馃攳 杩佺Щ缁熻: 鎵ц1娆? 鎴愬姛1娆? 鎴愬姛鐜?00.0%
[璋冭瘯] Episode 0007: 寤惰繜 0.535s, 鑳借€?1496.08J, 瀹屾垚鐜?98.6%, 杩佺Щ鎴愬姛鐜?100.0%, 缂撳瓨鍛戒腑 6.3%, 鏁版嵁鎹熷け 38.0%, 缂撳瓨娣樻卑鐜?0.0%
馃攳 杩佺Щ缁熻: 鎵ц1娆? 鎴愬姛1娆? 鎴愬姛鐜?00.0%
[璋冭瘯] Episode 0007: 寤惰繜 0.539s, 鑳借€?1523.51J, 瀹屾垚鐜?98.6%, 杩佺Щ鎴愬姛鐜?100.0%, 缂撳瓨鍛戒腑 6.3%, 鏁版嵁鎹熷け 37.9%, 缂撳瓨娣樻卑鐜?0.0%
馃攳 杩佺Щ缁熻: 鎵ц1娆? 鎴愬姛1娆? 鎴愬姛鐜?00.0%
[璋冭瘯] Episode 0007: 寤惰繜 0.533s, 鑳借€?1560.99J, 瀹屾垚鐜?98.7%, 杩佺Щ鎴愬姛鐜?100.0%, 缂撳瓨鍛戒腑 6.2%, 鏁版嵁鎹熷け 37.9%, 缂撳瓨娣樻卑鐜?0.0%
馃攳 杩佺Щ缁熻: 鎵ц1娆? 鎴愬姛1娆? 鎴愬姛鐜?00.0%
[璋冭瘯] Episode 0007: 寤惰繜 0.544s, 鑳借€?1575.36J, 瀹屾垚鐜?98.7%, 杩佺Щ鎴愬姛鐜?100.0%, 缂撳瓨鍛戒腑 6.1%, 鏁版嵁鎹熷け 37.7%, 缂撳瓨娣樻卑鐜?0.0%
馃攳 杩佺Щ缁熻: 鎵ц1娆? 鎴愬姛1娆? 鎴愬姛鐜?00.0%
[璋冭瘯] Episode 0007: 寤惰繜 0.534s, 鑳借€?1601.20J, 瀹屾垚鐜?98.7%, 杩佺Щ鎴愬姛鐜?100.0%, 缂撳瓨鍛戒腑 6.4%, 鏁版嵁鎹熷け 37.7%, 缂撳瓨娣樻卑鐜?0.0%
馃攳 杩佺Щ缁熻: 鎵ц1娆? 鎴愬姛1娆? 鎴愬姛鐜?00.0%
[璋冭瘯] Episode 0007: 寤惰繜 0.553s, 鑳借€?1628.86J, 瀹屾垚鐜?98.7%, 杩佺Щ鎴愬姛鐜?100.0%, 缂撳瓨鍛戒腑 6.8%, 鏁版嵁鎹熷け 35.5%, 缂撳瓨娣樻卑鐜?0.0%
馃攳 杩佺Щ缁熻: 鎵ц1娆? 鎴愬姛1娆? 鎴愬姛鐜?00.0%
[璋冭瘯] Episode 0007: 寤惰繜 0.560s, 鑳借€?1639.24J, 瀹屾垚鐜?98.8%, 杩佺Щ鎴愬姛鐜?100.0%, 缂撳瓨鍛戒腑 7.4%, 鏁版嵁鎹熷け 35.5%, 缂撳瓨娣樻卑鐜?0.0%
馃攳 杩佺Щ缁熻: 鎵ц1娆? 鎴愬姛1娆? 鎴愬姛鐜?00.0%
[璋冭瘯] Episode 0007: 寤惰繜 0.546s, 鑳借€?1676.82J, 瀹屾垚鐜?98.8%, 杩佺Щ鎴愬姛鐜?100.0%, 缂撳瓨鍛戒腑 8.2%, 鏁版嵁鎹熷け 26.0%, 缂撳瓨娣樻卑鐜?0.0%
馃攳 杩佺Щ缁熻: 鎵ц1娆? 鎴愬姛1娆? 鎴愬姛鐜?00.0%
[璋冭瘯] Episode 0007: 寤惰繜 0.549s, 鑳借€?1685.62J, 瀹屾垚鐜?98.8%, 杩佺Щ鎴愬姛鐜?100.0%, 缂撳瓨鍛戒腑 8.4%, 鏁版嵁鎹熷け 25.9%, 缂撳瓨娣樻卑鐜?0.0%
馃攳 杩佺Щ缁熻: 鎵ц1娆? 鎴愬姛1娆? 鎴愬姛鐜?00.0%
[璋冭瘯] Episode 0007: 寤惰繜 0.544s, 鑳借€?1725.01J, 瀹屾垚鐜?98.8%, 杩佺Щ鎴愬姛鐜?100.0%, 缂撳瓨鍛戒腑 9.2%, 鏁版嵁鎹熷け 25.9%, 缂撳瓨娣樻卑鐜?0.0%
馃攳 杩佺Щ缁熻: 鎵ц1娆? 鎴愬姛1娆? 鎴愬姛鐜?00.0%
[璋冭瘯] Episode 0007: 寤惰繜 0.539s, 鑳借€?1738.80J, 瀹屾垚鐜?98.9%, 杩佺Щ鎴愬姛鐜?100.0%, 缂撳瓨鍛戒腑 9.7%, 鏁版嵁鎹熷け 25.9%, 缂撳瓨娣樻卑鐜?0.0%
馃攳 杩佺Щ缁熻: 鎵ц1娆? 鎴愬姛1娆? 鎴愬姛鐜?00.0%
[璋冭瘯] Episode 0007: 寤惰繜 0.536s, 鑳借€?1751.86J, 瀹屾垚鐜?98.9%, 杩佺Щ鎴愬姛鐜?100.0%, 缂撳瓨鍛戒腑 9.7%, 鏁版嵁鎹熷け 20.9%, 缂撳瓨娣樻卑鐜?0.0%
馃攳 杩佺Щ缁熻: 鎵ц1娆? 鎴愬姛1娆? 鎴愬姛鐜?00.0%
[璋冭瘯] Episode 0007: 寤惰繜 0.531s, 鑳借€?1761.77J, 瀹屾垚鐜?98.9%, 杩佺Щ鎴愬姛鐜?100.0%, 缂撳瓨鍛戒腑 9.9%, 鏁版嵁鎹熷け 20.9%, 缂撳瓨娣樻卑鐜?0.0%
馃攳 杩佺Щ缁熻: 鎵ц1娆? 鎴愬姛1娆? 鎴愬姛鐜?00.0%
[璋冭瘯] Episode 0007: 寤惰繜 0.528s, 鑳借€?1761.77J, 瀹屾垚鐜?98.9%, 杩佺Щ鎴愬姛鐜?100.0%, 缂撳瓨鍛戒腑 10.7%, 鏁版嵁鎹熷け 20.9%, 缂撳瓨娣樻卑鐜?0.0%
馃攳 杩佺Щ缁熻: 鎵ц1娆? 鎴愬姛1娆? 鎴愬姛鐜?00.0%
[璋冭瘯] Episode 0007: 寤惰繜 0.525s, 鑳借€?1761.77J, 瀹屾垚鐜?98.9%, 杩佺Щ鎴愬姛鐜?100.0%, 缂撳瓨鍛戒腑 10.9%, 鏁版嵁鎹熷け 20.9%, 缂撳瓨娣樻卑鐜?0.0%
馃攳 杩佺Щ缁熻: 鎵ц1娆? 鎴愬姛1娆? 鎴愬姛鐜?00.0%
[璋冭瘯] Episode 0007: 寤惰繜 0.525s, 鑳借€?1761.77J, 瀹屾垚鐜?98.9%, 杩佺Щ鎴愬姛鐜?100.0%, 缂撳瓨鍛戒腑 11.1%, 鏁版嵁鎹熷け 20.9%, 缂撳瓨娣樻卑鐜?0.0%
馃攳 杩佺Щ缁熻: 鎵ц1娆? 鎴愬姛1娆? 鎴愬姛鐜?00.0%
[璋冭瘯] Episode 0007: 寤惰繜 0.523s, 鑳借€?1765.43J, 瀹屾垚鐜?98.9%, 杩佺Щ鎴愬姛鐜?100.0%, 缂撳瓨鍛戒腑 11.1%, 鏁版嵁鎹熷け 20.1%, 缂撳瓨娣樻卑鐜?0.0%
馃攳 杩佺Щ缁熻: 鎵ц1娆? 鎴愬姛1娆? 鎴愬姛鐜?00.0%
[璋冭瘯] Episode 0007: 寤惰繜 0.516s, 鑳借€?1778.48J, 瀹屾垚鐜?98.9%, 杩佺Щ鎴愬姛鐜?100.0%, 缂撳瓨鍛戒腑 11.7%, 鏁版嵁鎹熷け 20.1%, 缂撳瓨娣樻卑鐜?0.0%
馃攳 杩佺Щ缁熻: 鎵ц1娆? 鎴愬姛1娆? 鎴愬姛鐜?00.0%
[璋冭瘯] Episode 0007: 寤惰繜 0.514s, 鑳借€?1791.26J, 瀹屾垚鐜?98.9%, 杩佺Щ鎴愬姛鐜?100.0%, 缂撳瓨鍛戒腑 13.4%, 鏁版嵁鎹熷け 20.0%, 缂撳瓨娣樻卑鐜?0.0%
馃攳 杩佺Щ缁熻: 鎵ц1娆? 鎴愬姛1娆? 鎴愬姛鐜?00.0%
[璋冭瘯] Episode 0007: 寤惰繜 0.510s, 鑳借€?1801.17J, 瀹屾垚鐜?99.0%, 杩佺Щ鎴愬姛鐜?100.0%, 缂撳瓨鍛戒腑 13.7%, 鏁版嵁鎹熷け 19.9%, 缂撳瓨娣樻卑鐜?0.0%
浠诲姟鍒嗙被缁熻(200): 绫诲瀷1=0.0%, 绫诲瀷2=7.0%, 绫诲瀷3=36.5%, 绫诲瀷4=56.5%
   褰撳墠浠诲姟: parking_info, 0.95s 鈫?绫诲瀷3, 鏁版嵁0.22MB
   馃捑 缂撳瓨缁熻: 鍛戒腑鐜?13.66% (鎬诲懡涓?50, 鏈湴:0, 鏈懡涓?316)
馃攳 杩佺Щ缁熻: 鎵ц1娆? 鎴愬姛1娆? 鎴愬姛鐜?00.0%
[璋冭瘯] Episode 0007: 寤惰繜 0.508s, 鑳借€?1804.04J, 瀹屾垚鐜?99.0%, 杩佺Щ鎴愬姛鐜?100.0%, 缂撳瓨鍛戒腑 13.9%, 鏁版嵁鎹熷け 19.9%, 缂撳瓨娣樻卑鐜?0.0%
馃攳 杩佺Щ缁熻: 鎵ц1娆? 鎴愬姛1娆? 鎴愬姛鐜?00.0%
[璋冭瘯] Episode 0007: 寤惰繜 0.504s, 鑳借€?1832.61J, 瀹屾垚鐜?99.0%, 杩佺Щ鎴愬姛鐜?100.0%, 缂撳瓨鍛戒腑 13.9%, 鏁版嵁鎹熷け 19.9%, 缂撳瓨娣樻卑鐜?0.0%
馃攳 杩佺Щ缁熻: 鎵ц1娆? 鎴愬姛1娆? 鎴愬姛鐜?00.0%
[璋冭瘯] Episode 0007: 寤惰繜 0.505s, 鑳借€?1900.82J, 瀹屾垚鐜?98.5%, 杩佺Щ鎴愬姛鐜?100.0%, 缂撳瓨鍛戒腑 13.5%, 鏁版嵁鎹熷け 39.9%, 缂撳瓨娣樻卑鐜?0.0%
馃攳 杩佺Щ缁熻: 鎵ц1娆? 鎴愬姛1娆? 鎴愬姛鐜?00.0%
[璋冭瘯] Episode 0007: 寤惰繜 0.502s, 鑳借€?1900.83J, 瀹屾垚鐜?98.5%, 杩佺Щ鎴愬姛鐜?100.0%, 缂撳瓨鍛戒腑 13.7%, 鏁版嵁鎹熷け 39.9%, 缂撳瓨娣樻卑鐜?0.0%
馃攳 杩佺Щ缁熻: 鎵ц1娆? 鎴愬姛1娆? 鎴愬姛鐜?00.0%
[璋冭瘯] Episode 0007: 寤惰繜 0.508s, 鑳借€?1927.76J, 瀹屾垚鐜?98.5%, 杩佺Щ鎴愬姛鐜?100.0%, 缂撳瓨鍛戒腑 13.8%, 鏁版嵁鎹熷け 34.5%, 缂撳瓨娣樻卑鐜?0.0%
馃攳 杩佺Щ缁熻: 鎵ц1娆? 鎴愬姛1娆? 鎴愬姛鐜?00.0%
[璋冭瘯] Episode 0007: 寤惰繜 0.503s, 鑳借€?1956.62J, 瀹屾垚鐜?98.6%, 杩佺Щ鎴愬姛鐜?100.0%, 缂撳瓨鍛戒腑 13.7%, 鏁版嵁鎹熷け 34.5%, 缂撳瓨娣樻卑鐜?0.0%
馃攳 杩佺Щ缁熻: 鎵ц1娆? 鎴愬姛1娆? 鎴愬姛鐜?00.0%
[璋冭瘯] Episode 0007: 寤惰繜 0.499s, 鑳借€?2006.79J, 瀹屾垚鐜?98.6%, 杩佺Щ鎴愬姛鐜?100.0%, 缂撳瓨鍛戒腑 14.0%, 鏁版嵁鎹熷け 27.3%, 缂撳瓨娣樻卑鐜?0.0%
馃攳 杩佺Щ缁熻: 鎵ц1娆? 鎴愬姛1娆? 鎴愬姛鐜?00.0%
[璋冭瘯] Episode 0007: 寤惰繜 0.497s, 鑳借€?2006.80J, 瀹屾垚鐜?98.6%, 杩佺Щ鎴愬姛鐜?100.0%, 缂撳瓨鍛戒腑 14.1%, 鏁版嵁鎹熷け 27.3%, 缂撳瓨娣樻卑鐜?0.0%
馃攳 杩佺Щ缁熻: 鎵ц1娆? 鎴愬姛1娆? 鎴愬姛鐜?00.0%
[璋冭瘯] Episode 0007: 寤惰繜 0.495s, 鑳借€?2020.73J, 瀹屾垚鐜?98.6%, 杩佺Щ鎴愬姛鐜?100.0%, 缂撳瓨鍛戒腑 14.6%, 鏁版嵁鎹熷け 27.3%, 缂撳瓨娣樻卑鐜?0.0%
馃攳 杩佺Щ缁熻: 鎵ц1娆? 鎴愬姛1娆? 鎴愬姛鐜?00.0%
[璋冭瘯] Episode 0007: 寤惰繜 0.494s, 鑳借€?2020.85J, 瀹屾垚鐜?98.6%, 杩佺Щ鎴愬姛鐜?100.0%, 缂撳瓨鍛戒腑 15.3%, 鏁版嵁鎹熷け 27.3%, 缂撳瓨娣樻卑鐜?0.0%
馃攳 杩佺Щ缁熻: 鎵ц1娆? 鎴愬姛1娆? 鎴愬姛鐜?00.0%
[璋冭瘯] Episode 0007: 寤惰繜 0.496s, 鑳借€?2046.07J, 瀹屾垚鐜?98.2%, 杩佺Щ鎴愬姛鐜?100.0%, 缂撳瓨鍛戒腑 15.2%, 鏁版嵁鎹熷け 27.2%, 缂撳瓨娣樻卑鐜?0.0%
馃攳 杩佺Щ缁熻: 鎵ц1娆? 鎴愬姛1娆? 鎴愬姛鐜?00.0%
[璋冭瘯] Episode 0007: 寤惰繜 0.496s, 鑳借€?2060.04J, 瀹屾垚鐜?97.8%, 杩佺Щ鎴愬姛鐜?100.0%, 缂撳瓨鍛戒腑 15.3%, 鏁版嵁鎹熷け 39.3%, 缂撳瓨娣樻卑鐜?0.0%
馃攳 杩佺Щ缁熻: 鎵ц1娆? 鎴愬姛1娆? 鎴愬姛鐜?00.0%
[璋冭瘯] Episode 0007: 寤惰繜 0.496s, 鑳借€?2079.05J, 瀹屾垚鐜?97.8%, 杩佺Щ鎴愬姛鐜?100.0%, 缂撳瓨鍛戒腑 15.4%, 鏁版嵁鎹熷け 39.3%, 缂撳瓨娣樻卑鐜?0.0%
馃攳 杩佺Щ缁熻: 鎵ц1娆? 鎴愬姛1娆? 鎴愬姛鐜?00.0%
[璋冭瘯] Episode 0007: 寤惰繜 0.494s, 鑳借€?2142.71J, 瀹屾垚鐜?97.9%, 杩佺Щ鎴愬姛鐜?100.0%, 缂撳瓨鍛戒腑 15.7%, 鏁版嵁鎹熷け 39.2%, 缂撳瓨娣樻卑鐜?0.0%
[VehicleMigration] handover #1: vehicle V_2 task task_244 UAV_0 -> RSU_3
   Trigger: distance 499.4m > threshold 486.3m (speed 5.5 m/s)
   Score: 629.4 -> 215.3 (improvement 65.8%)
   Queue trend: UAV_0: 1 -> 0, RSU_3: 0 -> 1
[Migration] Executed 1 vehicle-following migrations.
馃攳 杩佺Щ缁熻: 鎵ц2娆? 鎴愬姛2娆? 鎴愬姛鐜?00.0%
[璋冭瘯] Episode 0007: 寤惰繜 0.499s, 鑳借€?2142.86J, 瀹屾垚鐜?97.9%, 杩佺Щ鎴愬姛鐜?100.0%, 缂撳瓨鍛戒腑 15.7%, 鏁版嵁鎹熷け 39.2%, 缂撳瓨娣樻卑鐜?0.0%
[VehicleMigration] handover #1: vehicle V_10 task task_249 UAV_0 -> RSU_2
   Trigger: distance 498.6m > threshold 476.8m (speed 9.3 m/s)
   Score: 658.6 -> 244.0 (improvement 63.0%)
   Queue trend: UAV_0: 2 -> 1, RSU_2: 2 -> 3
[Migration] Executed 1 vehicle-following migrations.
馃攳 杩佺Щ缁熻: 鎵ц3娆? 鎴愬姛3娆? 鎴愬姛鐜?00.0%
[璋冭瘯] Episode 0007: 寤惰繜 0.497s, 鑳借€?2156.76J, 瀹屾垚鐜?97.9%, 杩佺Щ鎴愬姛鐜?100.0%, 缂撳瓨鍛戒腑 16.3%, 鏁版嵁鎹熷け 39.1%, 缂撳瓨娣樻卑鐜?0.0%
馃攳 杩佺Щ缁熻: 鎵ц3娆? 鎴愬姛3娆? 鎴愬姛鐜?00.0%
[璋冭瘯] Episode 0007: 寤惰繜 0.497s, 鑳借€?2208.60J, 瀹屾垚鐜?98.0%, 杩佺Щ鎴愬姛鐜?100.0%, 缂撳瓨鍛戒腑 16.3%, 鏁版嵁鎹熷け 39.0%, 缂撳瓨娣樻卑鐜?0.0%
馃攳 杩佺Щ缁熻: 鎵ц3娆? 鎴愬姛3娆? 鎴愬姛鐜?00.0%
[璋冭瘯] Episode 0007: 寤惰繜 0.495s, 鑳借€?2247.94J, 瀹屾垚鐜?98.0%, 杩佺Щ鎴愬姛鐜?100.0%, 缂撳瓨鍛戒腑 16.5%, 鏁版嵁鎹熷け 39.0%, 缂撳瓨娣樻卑鐜?0.0%
馃攳 杩佺Щ缁熻: 鎵ц3娆? 鎴愬姛3娆? 鎴愬姛鐜?00.0%
[璋冭瘯] Episode 0007: 寤惰繜 0.493s, 鑳借€?2247.94J, 瀹屾垚鐜?98.0%, 杩佺Щ鎴愬姛鐜?100.0%, 缂撳瓨鍛戒腑 16.6%, 鏁版嵁鎹熷け 39.0%, 缂撳瓨娣樻卑鐜?0.0%
馃攳 杩佺Щ缁熻: 鎵ц3娆? 鎴愬姛3娆? 鎴愬姛鐜?00.0%
[璋冭瘯] Episode 0007: 寤惰繜 0.491s, 鑳借€?2257.85J, 瀹屾垚鐜?98.0%, 杩佺Щ鎴愬姛鐜?100.0%, 缂撳瓨鍛戒腑 16.6%, 鏁版嵁鎹熷け 39.0%, 缂撳瓨娣樻卑鐜?0.0%
馃攳 杩佺Щ缁熻: 鎵ц3娆? 鎴愬姛3娆? 鎴愬姛鐜?00.0%
[璋冭瘯] Episode 0007: 寤惰繜 0.497s, 鑳借€?2281.07J, 瀹屾垚鐜?98.0%, 杩佺Щ鎴愬姛鐜?100.0%, 缂撳瓨鍛戒腑 16.8%, 鏁版嵁鎹熷け 35.5%, 缂撳瓨娣樻卑鐜?0.0%
馃攳 杩佺Щ缁熻: 鎵ц3娆? 鎴愬姛3娆? 鎴愬姛鐜?00.0%
[璋冭瘯] Episode 0007: 寤惰繜 0.498s, 鑳借€?2294.77J, 瀹屾垚鐜?98.0%, 杩佺Щ鎴愬姛鐜?100.0%, 缂撳瓨鍛戒腑 16.8%, 鏁版嵁鎹熷け 35.4%, 缂撳瓨娣樻卑鐜?0.0%
馃攳 杩佺Щ缁熻: 鎵ц3娆? 鎴愬姛3娆? 鎴愬姛鐜?00.0%
[璋冭瘯] Episode 0007: 寤惰繜 0.495s, 鑳借€?2295.29J, 瀹屾垚鐜?98.1%, 杩佺Щ鎴愬姛鐜?100.0%, 缂撳瓨鍛戒腑 18.0%, 鏁版嵁鎹熷け 34.5%, 缂撳瓨娣樻卑鐜?0.0%
馃攳 杩佺Щ缁熻: 鎵ц3娆? 鎴愬姛3娆? 鎴愬姛鐜?00.0%
[璋冭瘯] Episode 0007: 寤惰繜 0.489s, 鑳借€?2310.61J, 瀹屾垚鐜?97.7%, 杩佺Щ鎴愬姛鐜?100.0%, 缂撳瓨鍛戒腑 18.2%, 鏁版嵁鎹熷け 43.6%, 缂撳瓨娣樻卑鐜?0.0%
馃攳 杩佺Щ缁熻: 鎵ц3娆? 鎴愬姛3娆? 鎴愬姛鐜?00.0%
[璋冭瘯] Episode 0007: 寤惰繜 0.486s, 鑳借€?2310.61J, 瀹屾垚鐜?97.7%, 杩佺Щ鎴愬姛鐜?100.0%, 缂撳瓨鍛戒腑 18.6%, 鏁版嵁鎹熷け 43.6%, 缂撳瓨娣樻卑鐜?0.0%
馃攳 杩佺Щ缁熻: 鎵ц3娆? 鎴愬姛3娆? 鎴愬姛鐜?00.0%
[璋冭瘯] Episode 0007: 寤惰繜 0.481s, 鑳借€?2355.90J, 瀹屾垚鐜?97.8%, 杩佺Щ鎴愬姛鐜?100.0%, 缂撳瓨鍛戒腑 19.6%, 鏁版嵁鎹熷け 43.5%, 缂撳瓨娣樻卑鐜?0.0%
馃攳 杩佺Щ缁熻: 鎵ц3娆? 鎴愬姛3娆? 鎴愬姛鐜?00.0%
[璋冭瘯] Episode 0007: 寤惰繜 0.490s, 鑳借€?2356.33J, 瀹屾垚鐜?97.8%, 杩佺Щ鎴愬姛鐜?100.0%, 缂撳瓨鍛戒腑 19.5%, 鏁版嵁鎹熷け 43.4%, 缂撳瓨娣樻卑鐜?0.0%
馃攳 杩佺Щ缁熻: 鎵ц3娆? 鎴愬姛3娆? 鎴愬姛鐜?00.0%
[璋冭瘯] Episode 0007: 寤惰繜 0.494s, 鑳借€?2356.45J, 瀹屾垚鐜?97.8%, 杩佺Щ鎴愬姛鐜?100.0%, 缂撳瓨鍛戒腑 19.3%, 鏁版嵁鎹熷け 43.4%, 缂撳瓨娣樻卑鐜?0.0%
馃攳 杩佺Щ缁熻: 鎵ц3娆? 鎴愬姛3娆? 鎴愬姛鐜?00.0%
[璋冭瘯] Episode 0007: 寤惰繜 0.488s, 鑳借€?2381.09J, 瀹屾垚鐜?97.5%, 杩佺Щ鎴愬姛鐜?100.0%, 缂撳瓨鍛戒腑 19.7%, 鏁版嵁鎹熷け 51.0%, 缂撳瓨娣樻卑鐜?0.0%
馃攳 杩佺Щ缁熻: 鎵ц3娆? 鎴愬姛3娆? 鎴愬姛鐜?00.0%
[璋冭瘯] Episode 0007: 寤惰繜 0.485s, 鑳借€?2403.00J, 瀹屾垚鐜?97.5%, 杩佺Щ鎴愬姛鐜?100.0%, 缂撳瓨鍛戒腑 19.8%, 鏁版嵁鎹熷け 51.0%, 缂撳瓨娣樻卑鐜?0.0%
馃攳 杩佺Щ缁熻: 鎵ц3娆? 鎴愬姛3娆? 鎴愬姛鐜?00.0%
[璋冭瘯] Episode 0007: 寤惰繜 0.487s, 鑳借€?2441.58J, 瀹屾垚鐜?97.5%, 杩佺Щ鎴愬姛鐜?100.0%, 缂撳瓨鍛戒腑 19.9%, 鏁版嵁鎹熷け 50.8%, 缂撳瓨娣樻卑鐜?0.0%
馃攳 杩佺Щ缁熻: 鎵ц3娆? 鎴愬姛3娆? 鎴愬姛鐜?00.0%
[璋冭瘯] Episode 0007: 寤惰繜 0.485s, 鑳借€?2454.14J, 瀹屾垚鐜?97.6%, 杩佺Щ鎴愬姛鐜?100.0%, 缂撳瓨鍛戒腑 20.0%, 鏁版嵁鎹熷け 50.8%, 缂撳瓨娣樻卑鐜?0.0%
馃攳 杩佺Щ缁熻: 鎵ц3娆? 鎴愬姛3娆? 鎴愬姛鐜?00.0%
[璋冭瘯] Episode 0007: 寤惰繜 0.487s, 鑳借€?2467.01J, 瀹屾垚鐜?97.6%, 杩佺Щ鎴愬姛鐜?100.0%, 缂撳瓨鍛戒腑 20.2%, 鏁版嵁鎹熷け 50.8%, 缂撳瓨娣樻卑鐜?0.0%
馃攳 杩佺Щ缁熻: 鎵ц3娆? 鎴愬姛3娆? 鎴愬姛鐜?00.0%
[璋冭瘯] Episode 0007: 寤惰繜 0.494s, 鑳借€?2480.11J, 瀹屾垚鐜?97.6%, 杩佺Щ鎴愬姛鐜?100.0%, 缂撳瓨鍛戒腑 20.2%, 鏁版嵁鎹熷け 50.7%, 缂撳瓨娣樻卑鐜?0.0%
[VehicleMigration] handover #1: vehicle V_4 task task_293 RSU_2 -> RSU_3
   Trigger: distance 276.6m > threshold 275.9m (speed 16.1 m/s)
   Score: 436.6 -> 206.8 (improvement 52.7%)
   Queue trend: RSU_2: 2 -> 1, RSU_3: 1 -> 2
[Migration] Executed 1 vehicle-following migrations.
馃攳 杩佺Щ缁熻: 鎵ц4娆? 鎴愬姛4娆? 鎴愬姛鐜?00.0%
[璋冭瘯] Episode 0007: 寤惰繜 0.489s, 鑳借€?2480.12J, 瀹屾垚鐜?97.6%, 杩佺Щ鎴愬姛鐜?100.0%, 缂撳瓨鍛戒腑 20.9%, 鏁版嵁鎹熷け 50.7%, 缂撳瓨娣樻卑鐜?0.0%
浠诲姟鍒嗙被缁熻(300): 绫诲瀷1=0.0%, 绫诲瀷2=7.7%, 绫诲瀷3=38.3%, 绫诲瀷4=54.0%
   褰撳墠浠诲姟: navigation_0006, 3.42s 鈫?绫诲瀷3, 鏁版嵁0.55MB
   馃捑 缂撳瓨缁熻: 鍛戒腑鐜?21.05% (鎬诲懡涓?112, 鏈湴:0, 鏈懡涓?420)
馃攳 杩佺Щ缁熻: 鎵ц4娆? 鎴愬姛4娆? 鎴愬姛鐜?00.0%
[璋冭瘯] Episode 0007: 寤惰繜 0.487s, 鑳借€?2480.27J, 瀹屾垚鐜?97.6%, 杩佺Щ鎴愬姛鐜?100.0%, 缂撳瓨鍛戒腑 22.0%, 鏁版嵁鎹熷け 50.5%, 缂撳瓨娣樻卑鐜?0.0%
[VehicleMigration] handover #1: vehicle V_7 task task_284 RSU_2 -> RSU_3
   Trigger: distance 277.1m > threshold 276.7m (speed 15.5 m/s)
   Score: 407.1 -> 267.1 (improvement 34.4%)
   Queue trend: RSU_2: 1 -> 0, RSU_3: 3 -> 4
[Migration] Executed 1 vehicle-following migrations.
馃攳 杩佺Щ缁熻: 鎵ц5娆? 鎴愬姛5娆? 鎴愬姛鐜?00.0%
[璋冭瘯] Episode 0007: 寤惰繜 0.488s, 鑳借€?2494.20J, 瀹屾垚鐜?97.6%, 杩佺Щ鎴愬姛鐜?100.0%, 缂撳瓨鍛戒腑 22.1%, 鏁版嵁鎹熷け 50.5%, 缂撳瓨娣樻卑鐜?0.0%
馃攳 杩佺Щ缁熻: 鎵ц5娆? 鎴愬姛5娆? 鎴愬姛鐜?00.0%
[璋冭瘯] Episode 0007: 寤惰繜 0.486s, 鑳借€?2494.20J, 瀹屾垚鐜?97.7%, 杩佺Щ鎴愬姛鐜?100.0%, 缂撳瓨鍛戒腑 22.1%, 鏁版嵁鎹熷け 50.4%, 缂撳瓨娣樻卑鐜?0.0%
[VehicleMigration] handover #1: vehicle V_5 task task_306 RSU_0 -> RSU_1
   Trigger: distance 276.5m > threshold 275.1m (speed 16.6 m/s)
   Score: 436.5 -> 206.5 (improvement 52.7%)
   Queue trend: RSU_0: 2 -> 1, RSU_1: 1 -> 2
[Migration] Executed 1 vehicle-following migrations.
馃攳 杩佺Щ缁熻: 鎵ц6娆? 鎴愬姛6娆? 鎴愬姛鐜?00.0%
[璋冭瘯] Episode 0007: 寤惰繜 0.481s, 鑳借€?2516.67J, 瀹屾垚鐜?97.7%, 杩佺Щ鎴愬姛鐜?100.0%, 缂撳瓨鍛戒腑 22.3%, 鏁版嵁鎹熷け 50.4%, 缂撳瓨娣樻卑鐜?0.0%
馃攳 杩佺Щ缁熻: 鎵ц6娆? 鎴愬姛6娆? 鎴愬姛鐜?00.0%
[璋冭瘯] Episode 0007: 寤惰繜 0.480s, 鑳借€?2529.53J, 瀹屾垚鐜?97.7%, 杩佺Щ鎴愬姛鐜?100.0%, 缂撳瓨鍛戒腑 22.3%, 鏁版嵁鎹熷け 50.4%, 缂撳瓨娣樻卑鐜?0.0%
馃攳 杩佺Щ缁熻: 鎵ц6娆? 鎴愬姛6娆? 鎴愬姛鐜?00.0%
[璋冭瘯] Episode 0007: 寤惰繜 0.480s, 鑳借€?2531.93J, 瀹屾垚鐜?97.7%, 杩佺Щ鎴愬姛鐜?100.0%, 缂撳瓨鍛戒腑 22.3%, 鏁版嵁鎹熷け 50.4%, 缂撳瓨娣樻卑鐜?0.0%
馃攳 杩佺Щ缁熻: 鎵ц6娆? 鎴愬姛6娆? 鎴愬姛鐜?00.0%
[璋冭瘯] Episode 0007: 寤惰繜 0.477s, 鑳借€?2558.00J, 瀹屾垚鐜?97.7%, 杩佺Щ鎴愬姛鐜?100.0%, 缂撳瓨鍛戒腑 22.6%, 鏁版嵁鎹熷け 50.3%, 缂撳瓨娣樻卑鐜?0.0%
馃攳 杩佺Щ缁熻: 鎵ц6娆? 鎴愬姛6娆? 鎴愬姛鐜?00.0%
[璋冭瘯] Episode 0007: 寤惰繜 0.474s, 鑳借€?2560.77J, 瀹屾垚鐜?97.7%, 杩佺Щ鎴愬姛鐜?100.0%, 缂撳瓨鍛戒腑 22.5%, 鏁版嵁鎹熷け 50.2%, 缂撳瓨娣樻卑鐜?0.0%
[VehicleMigration] handover #1: vehicle V_5 task task_317 RSU_0 -> RSU_2
   Trigger: distance 285.3m > threshold 271.7m (speed 18.9 m/s)
   Score: 415.3 -> 244.7 (improvement 41.1%)
   Queue trend: RSU_0: 1 -> 0, RSU_2: 1 -> 2
[Migration] Executed 1 vehicle-following migrations.
馃攳 杩佺Щ缁熻: 鎵ц7娆? 鎴愬姛7娆? 鎴愬姛鐜?00.0%
[璋冭瘯] Episode 0007: 寤惰繜 0.473s, 鑳借€?2573.82J, 瀹屾垚鐜?97.7%, 杩佺Щ鎴愬姛鐜?100.0%, 缂撳瓨鍛戒腑 22.4%, 鏁版嵁鎹熷け 50.2%, 缂撳瓨娣樻卑鐜?0.0%
馃攳 杩佺Щ缁熻: 鎵ц7娆? 鎴愬姛7娆? 鎴愬姛鐜?00.0%
[璋冭瘯] Episode 0007: 寤惰繜 0.472s, 鑳借€?2601.90J, 瀹屾垚鐜?97.8%, 杩佺Щ鎴愬姛鐜?100.0%, 缂撳瓨鍛戒腑 22.4%, 鏁版嵁鎹熷け 50.2%, 缂撳瓨娣樻卑鐜?0.0%
馃攳 杩佺Щ缁熻: 鎵ц7娆? 鎴愬姛7娆? 鎴愬姛鐜?00.0%
[璋冭瘯] Episode 0007: 寤惰繜 0.473s, 鑳借€?2622.78J, 瀹屾垚鐜?97.8%, 杩佺Щ鎴愬姛鐜?100.0%, 缂撳瓨鍛戒腑 22.4%, 鏁版嵁鎹熷け 50.2%, 缂撳瓨娣樻卑鐜?0.0%
馃攳 杩佺Щ缁熻: 鎵ц7娆? 鎴愬姛7娆? 鎴愬姛鐜?00.0%
[璋冭瘯] Episode 0007: 寤惰繜 0.479s, 鑳借€?2649.58J, 瀹屾垚鐜?97.8%, 杩佺Щ鎴愬姛鐜?100.0%, 缂撳瓨鍛戒腑 22.4%, 鏁版嵁鎹熷け 50.2%, 缂撳瓨娣樻卑鐜?0.0%
馃攳 杩佺Щ缁熻: 鎵ц7娆? 鎴愬姛7娆? 鎴愬姛鐜?00.0%
[璋冭瘯] Episode 0007: 寤惰繜 0.480s, 鑳借€?2649.64J, 瀹屾垚鐜?97.8%, 杩佺Щ鎴愬姛鐜?100.0%, 缂撳瓨鍛戒腑 22.3%, 鏁版嵁鎹熷け 50.2%, 缂撳瓨娣樻卑鐜?0.0%
[VehicleMigration] handover #1: vehicle V_4 task task_293 RSU_3 -> RSU_0
   Trigger: distance 898.6m > threshold 275.3m (speed 16.5 m/s)
   Score: 1028.6 -> 428.6 (improvement 58.3%)
   Queue trend: RSU_3: 1 -> 1, RSU_0: 1 -> 2
[Migration] Executed 1 vehicle-following migrations.
馃攳 杩佺Щ缁熻: 鎵ц8娆? 鎴愬姛8娆? 鎴愬姛鐜?00.0%
[璋冭瘯] Episode 0007: 寤惰繜 0.484s, 鑳借€?2657.26J, 瀹屾垚鐜?97.8%, 杩佺Щ鎴愬姛鐜?100.0%, 缂撳瓨鍛戒腑 22.6%, 鏁版嵁鎹熷け 49.3%, 缂撳瓨娣樻卑鐜?0.0%
馃攳 杩佺Щ缁熻: 鎵ц8娆? 鎴愬姛8娆? 鎴愬姛鐜?00.0%
[璋冭瘯] Episode 0007: 寤惰繜 0.481s, 鑳借€?2670.42J, 瀹屾垚鐜?97.8%, 杩佺Щ鎴愬姛鐜?100.0%, 缂撳瓨鍛戒腑 22.9%, 鏁版嵁鎹熷け 49.3%, 缂撳瓨娣樻卑鐜?0.0%
馃攳 杩佺Щ缁熻: 鎵ц8娆? 鎴愬姛8娆? 鎴愬姛鐜?00.0%
[璋冭瘯] Episode 0007: 寤惰繜 0.478s, 鑳借€?2670.49J, 瀹屾垚鐜?97.8%, 杩佺Щ鎴愬姛鐜?100.0%, 缂撳瓨鍛戒腑 23.5%, 鏁版嵁鎹熷け 49.2%, 缂撳瓨娣樻卑鐜?0.0%
馃攳 杩佺Щ缁熻: 鎵ц8娆? 鎴愬姛8娆? 鎴愬姛鐜?00.0%
[璋冭瘯] Episode 0007: 寤惰繜 0.472s, 鑳借€?2683.54J, 瀹屾垚鐜?97.9%, 杩佺Щ鎴愬姛鐜?100.0%, 缂撳瓨鍛戒腑 24.7%, 鏁版嵁鎹熷け 49.1%, 缂撳瓨娣樻卑鐜?0.0%
馃攳 杩佺Щ缁熻: 鎵ц8娆? 鎴愬姛8娆? 鎴愬姛鐜?00.0%
[璋冭瘯] Episode 0007: 寤惰繜 0.471s, 鑳借€?2696.37J, 瀹屾垚鐜?97.9%, 杩佺Щ鎴愬姛鐜?100.0%, 缂撳瓨鍛戒腑 24.7%, 鏁版嵁鎹熷け 49.1%, 缂撳瓨娣樻卑鐜?0.0%
[VehicleMigration] handover #1: vehicle V_7 task task_3 RSU_3 -> RSU_0
   Trigger: distance 899.5m > threshold 280.0m (speed 13.4 m/s)
   Score: 1059.5 -> 459.5 (improvement 56.6%)
   Queue trend: RSU_3: 2 -> 2, RSU_0: 2 -> 3
[VehicleMigration] handover #2: vehicle V_7 task task_284 RSU_3 -> RSU_0
   Trigger: distance 899.5m > threshold 280.0m (speed 13.4 m/s)
   Score: 1059.5 -> 489.5 (improvement 53.8%)
   Queue trend: RSU_3: 2 -> 1, RSU_0: 3 -> 4
[Migration] Executed 2 vehicle-following migrations.
馃攳 杩佺Щ缁熻: 鎵ц10娆? 鎴愬姛10娆? 鎴愬姛鐜?00.0%
[璋冭瘯] Episode 0007: 寤惰繜 0.471s, 鑳借€?2709.61J, 瀹屾垚鐜?97.6%, 杩佺Щ鎴愬姛鐜?100.0%, 缂撳瓨鍛戒腑 25.3%, 鏁版嵁鎹熷け 49.0%, 缂撳瓨娣樻卑鐜?0.0%
馃攳 杩佺Щ缁熻: 鎵ц10娆? 鎴愬姛10娆? 鎴愬姛鐜?00.0%
[璋冭瘯] Episode 0007: 寤惰繜 0.474s, 鑳借€?2722.78J, 瀹屾垚鐜?97.6%, 杩佺Щ鎴愬姛鐜?100.0%, 缂撳瓨鍛戒腑 25.2%, 鏁版嵁鎹熷け 49.0%, 缂撳瓨娣樻卑鐜?0.0%
馃攳 杩佺Щ缁熻: 鎵ц10娆? 鎴愬姛10娆? 鎴愬姛鐜?00.0%
[璋冭瘯] Episode 0007: 寤惰繜 0.472s, 鑳借€?2722.79J, 瀹屾垚鐜?97.6%, 杩佺Щ鎴愬姛鐜?100.0%, 缂撳瓨鍛戒腑 25.4%, 鏁版嵁鎹熷け 48.9%, 缂撳瓨娣樻卑鐜?0.0%
馃攳 杩佺Щ缁熻: 鎵ц10娆? 鎴愬姛10娆? 鎴愬姛鐜?00.0%
[璋冭瘯] Episode 0007: 寤惰繜 0.471s, 鑳借€?2732.81J, 瀹屾垚鐜?97.6%, 杩佺Щ鎴愬姛鐜?100.0%, 缂撳瓨鍛戒腑 25.4%, 鏁版嵁鎹熷け 48.9%, 缂撳瓨娣樻卑鐜?0.0%
馃攳 杩佺Щ缁熻: 鎵ц10娆? 鎴愬姛10娆? 鎴愬姛鐜?00.0%
[璋冭瘯] Episode 0007: 寤惰繜 0.468s, 鑳借€?2748.52J, 瀹屾垚鐜?97.7%, 杩佺Щ鎴愬姛鐜?100.0%, 缂撳瓨鍛戒腑 25.7%, 鏁版嵁鎹熷け 47.9%, 缂撳瓨娣樻卑鐜?0.0%
馃攳 杩佺Щ缁熻: 鎵ц10娆? 鎴愬姛10娆? 鎴愬姛鐜?00.0%
[璋冭瘯] Episode 0007: 寤惰繜 0.465s, 鑳借€?2777.64J, 瀹屾垚鐜?97.7%, 杩佺Щ鎴愬姛鐜?100.0%, 缂撳瓨鍛戒腑 25.7%, 鏁版嵁鎹熷け 47.9%, 缂撳瓨娣樻卑鐜?0.0%
馃攳 杩佺Щ缁熻: 鎵ц10娆? 鎴愬姛10娆? 鎴愬姛鐜?00.0%
[璋冭瘯] Episode 0007: 寤惰繜 0.464s, 鑳借€?2790.54J, 瀹屾垚鐜?97.7%, 杩佺Щ鎴愬姛鐜?100.0%, 缂撳瓨鍛戒腑 25.9%, 鏁版嵁鎹熷け 47.9%, 缂撳瓨娣樻卑鐜?0.0%
馃攳 杩佺Щ缁熻: 鎵ц10娆? 鎴愬姛10娆? 鎴愬姛鐜?00.0%
[璋冭瘯] Episode 0007: 寤惰繜 0.462s, 鑳借€?2790.54J, 瀹屾垚鐜?97.7%, 杩佺Щ鎴愬姛鐜?100.0%, 缂撳瓨鍛戒腑 26.1%, 鏁版嵁鎹熷け 47.8%, 缂撳瓨娣樻卑鐜?0.0%
馃攳 杩佺Щ缁熻: 鎵ц10娆? 鎴愬姛10娆? 鎴愬姛鐜?00.0%
[璋冭瘯] Episode 0007: 寤惰繜 0.464s, 鑳借€?2798.90J, 瀹屾垚鐜?97.7%, 杩佺Щ鎴愬姛鐜?100.0%, 缂撳瓨鍛戒腑 26.3%, 鏁版嵁鎹熷け 47.7%, 缂撳瓨娣樻卑鐜?0.0%
馃攳 杩佺Щ缁熻: 鎵ц10娆? 鎴愬姛10娆? 鎴愬姛鐜?00.0%
[璋冭瘯] Episode 0007: 寤惰繜 0.463s, 鑳借€?2808.81J, 瀹屾垚鐜?97.7%, 杩佺Щ鎴愬姛鐜?100.0%, 缂撳瓨鍛戒腑 26.3%, 鏁版嵁鎹熷け 47.0%, 缂撳瓨娣樻卑鐜?0.0%
[VehicleMigration] handover #1: vehicle V_5 task task_358 RSU_3 -> RSU_2
   Trigger: distance 275.7m > threshold 271.4m (speed 19.0 m/s)
   Score: 405.7 -> 205.7 (improvement 49.3%)
   Queue trend: RSU_3: 1 -> 0, RSU_2: 1 -> 2
[Migration] Executed 1 vehicle-following migrations.
馃攳 杩佺Щ缁熻: 鎵ц11娆? 鎴愬姛11娆? 鎴愬姛鐜?00.0%
[璋冭瘯] Episode 0007: 寤惰繜 0.458s, 鑳借€?2809.94J, 瀹屾垚鐜?97.8%, 杩佺Щ鎴愬姛鐜?100.0%, 缂撳瓨鍛戒腑 27.1%, 鏁版嵁鎹熷け 46.7%, 缂撳瓨娣樻卑鐜?0.0%
馃攳 杩佺Щ缁熻: 鎵ц11娆? 鎴愬姛11娆? 鎴愬姛鐜?00.0%
[璋冭瘯] Episode 0007: 寤惰繜 0.456s, 鑳借€?2824.50J, 瀹屾垚鐜?97.8%, 杩佺Щ鎴愬姛鐜?100.0%, 缂撳瓨鍛戒腑 27.3%, 鏁版嵁鎹熷け 46.6%, 缂撳瓨娣樻卑鐜?0.0%
馃攳 杩佺Щ缁熻: 鎵ц11娆? 鎴愬姛11娆? 鎴愬姛鐜?00.0%
[璋冭瘯] Episode 0007: 寤惰繜 0.452s, 鑳借€?2863.80J, 瀹屾垚鐜?97.8%, 杩佺Щ鎴愬姛鐜?100.0%, 缂撳瓨鍛戒腑 27.2%, 鏁版嵁鎹熷け 46.6%, 缂撳瓨娣樻卑鐜?0.0%
馃攳 杩佺Щ缁熻: 鎵ц11娆? 鎴愬姛11娆? 鎴愬姛鐜?00.0%
[璋冭瘯] Episode 0007: 寤惰繜 0.451s, 鑳借€?2877.52J, 瀹屾垚鐜?97.8%, 杩佺Щ鎴愬姛鐜?100.0%, 缂撳瓨鍛戒腑 27.1%, 鏁版嵁鎹熷け 46.6%, 缂撳瓨娣樻卑鐜?0.0%
馃攳 杩佺Щ缁熻: 鎵ц11娆? 鎴愬姛11娆? 鎴愬姛鐜?00.0%
[璋冭瘯] Episode 0007: 寤惰繜 0.450s, 鑳借€?2923.70J, 瀹屾垚鐜?97.8%, 杩佺Щ鎴愬姛鐜?100.0%, 缂撳瓨鍛戒腑 27.3%, 鏁版嵁鎹熷け 46.5%, 缂撳瓨娣樻卑鐜?0.0%
馃攳 杩佺Щ缁熻: 鎵ц11娆? 鎴愬姛11娆? 鎴愬姛鐜?00.0%
[璋冭瘯] Episode 0007: 寤惰繜 0.449s, 鑳借€?2939.26J, 瀹屾垚鐜?97.9%, 杩佺Щ鎴愬姛鐜?100.0%, 缂撳瓨鍛戒腑 27.8%, 鏁版嵁鎹熷け 46.4%, 缂撳瓨娣樻卑鐜?0.0%
馃攳 杩佺Щ缁熻: 鎵ц11娆? 鎴愬姛11娆? 鎴愬姛鐜?00.0%
[璋冭瘯] Episode 0007: 寤惰繜 0.446s, 鑳借€?2952.41J, 瀹屾垚鐜?97.9%, 杩佺Щ鎴愬姛鐜?100.0%, 缂撳瓨鍛戒腑 28.1%, 鏁版嵁鎹熷け 46.4%, 缂撳瓨娣樻卑鐜?0.0%
馃攳 杩佺Щ缁熻: 鎵ц11娆? 鎴愬姛11娆? 鎴愬姛鐜?00.0%
[璋冭瘯] Episode 0007: 寤惰繜 0.441s, 鑳借€?2975.52J, 瀹屾垚鐜?97.9%, 杩佺Щ鎴愬姛鐜?100.0%, 缂撳瓨鍛戒腑 28.8%, 鏁版嵁鎹熷け 46.3%, 缂撳瓨娣樻卑鐜?0.0%
馃攳 杩佺Щ缁熻: 鎵ц11娆? 鎴愬姛11娆? 鎴愬姛鐜?00.0%
[璋冭瘯] Episode 0007: 寤惰繜 0.438s, 鑳借€?2975.53J, 瀹屾垚鐜?97.7%, 杩佺Щ鎴愬姛鐜?100.0%, 缂撳瓨鍛戒腑 29.2%, 鏁版嵁鎹熷け 47.9%, 缂撳瓨娣樻卑鐜?0.0%
馃攳 杩佺Щ缁熻: 鎵ц11娆? 鎴愬姛11娆? 鎴愬姛鐜?00.0%
[璋冭瘯] Episode 0007: 寤惰繜 0.449s, 鑳借€?2987.01J, 瀹屾垚鐜?97.7%, 杩佺Щ鎴愬姛鐜?100.0%, 缂撳瓨鍛戒腑 29.4%, 鏁版嵁鎹熷け 47.9%, 缂撳瓨娣樻卑鐜?0.0%
馃攳 杩佺Щ缁熻: 鎵ц11娆? 鎴愬姛11娆? 鎴愬姛鐜?00.0%
[璋冭瘯] Episode 0007: 寤惰繜 0.448s, 鑳借€?2987.93J, 瀹屾垚鐜?97.7%, 杩佺Щ鎴愬姛鐜?100.0%, 缂撳瓨鍛戒腑 29.4%, 鏁版嵁鎹熷け 47.9%, 缂撳瓨娣樻卑鐜?0.0%
馃攳 杩佺Щ缁熻: 鎵ц11娆? 鎴愬姛11娆? 鎴愬姛鐜?00.0%
[璋冭瘯] Episode 0007: 寤惰繜 0.443s, 鑳借€?2987.99J, 瀹屾垚鐜?97.7%, 杩佺Щ鎴愬姛鐜?100.0%, 缂撳瓨鍛戒腑 30.0%, 鏁版嵁鎹熷け 47.8%, 缂撳瓨娣樻卑鐜?0.0%
浠诲姟鍒嗙被缁熻(400): 绫诲瀷1=0.0%, 绫诲瀷2=7.0%, 绫诲瀷3=38.0%, 绫诲瀷4=55.0%
   褰撳墠浠诲姟: navigation_0014, 2.54s 鈫?绫诲瀷3, 鏁版嵁0.42MB
   馃捑 缂撳瓨缁熻: 鍛戒腑鐜?30.11% (鎬诲懡涓?212, 鏈湴:0, 鏈懡涓?492)
馃攳 杩佺Щ缁熻: 鎵ц11娆? 鎴愬姛11娆? 鎴愬姛鐜?00.0%
[璋冭瘯] Episode 0007: 寤惰繜 0.439s, 鑳借€?3015.16J, 瀹屾垚鐜?97.8%, 杩佺Щ鎴愬姛鐜?100.0%, 缂撳瓨鍛戒腑 30.4%, 鏁版嵁鎹熷け 47.7%, 缂撳瓨娣樻卑鐜?0.0%
馃攳 杩佺Щ缁熻: 鎵ц11娆? 鎴愬姛11娆? 鎴愬姛鐜?00.0%
[璋冭瘯] Episode 0007: 寤惰繜 0.439s, 鑳借€?3016.41J, 瀹屾垚鐜?97.8%, 杩佺Щ鎴愬姛鐜?100.0%, 缂撳瓨鍛戒腑 30.4%, 鏁版嵁鎹熷け 47.7%, 缂撳瓨娣樻卑鐜?0.0%
馃攳 杩佺Щ缁熻: 鎵ц11娆? 鎴愬姛11娆? 鎴愬姛鐜?00.0%
[璋冭瘯] Episode 0007: 寤惰繜 0.437s, 鑳借€?3016.42J, 瀹屾垚鐜?97.8%, 杩佺Щ鎴愬姛鐜?100.0%, 缂撳瓨鍛戒腑 30.7%, 鏁版嵁鎹熷け 47.6%, 缂撳瓨娣樻卑鐜?0.0%
馃攳 杩佺Щ缁熻: 鎵ц11娆? 鎴愬姛11娆? 鎴愬姛鐜?00.0%
[璋冭瘯] Episode 0007: 寤惰繜 0.441s, 鑳借€?3016.72J, 瀹屾垚鐜?97.8%, 杩佺Щ鎴愬姛鐜?100.0%, 缂撳瓨鍛戒腑 30.6%, 鏁版嵁鎹熷け 46.9%, 缂撳瓨娣樻卑鐜?0.0%
馃攳 杩佺Щ缁熻: 鎵ц11娆? 鎴愬姛11娆? 鎴愬姛鐜?00.0%
[璋冭瘯] Episode 0007: 寤惰繜 0.439s, 鑳借€?3029.49J, 瀹屾垚鐜?97.8%, 杩佺Щ鎴愬姛鐜?100.0%, 缂撳瓨鍛戒腑 30.7%, 鏁版嵁鎹熷け 46.8%, 缂撳瓨娣樻卑鐜?0.0%
馃攳 杩佺Щ缁熻: 鎵ц11娆? 鎴愬姛11娆? 鎴愬姛鐜?00.0%
[璋冭瘯] Episode 0007: 寤惰繜 0.435s, 鑳借€?3075.94J, 瀹屾垚鐜?97.8%, 杩佺Щ鎴愬姛鐜?100.0%, 缂撳瓨鍛戒腑 31.0%, 鏁版嵁鎹熷け 46.8%, 缂撳瓨娣樻卑鐜?0.0%
馃攳 杩佺Щ缁熻: 鎵ц11娆? 鎴愬姛11娆? 鎴愬姛鐜?00.0%
[璋冭瘯] Episode 0007: 寤惰繜 0.434s, 鑳借€?3075.94J, 瀹屾垚鐜?97.8%, 杩佺Щ鎴愬姛鐜?100.0%, 缂撳瓨鍛戒腑 31.1%, 鏁版嵁鎹熷け 46.8%, 缂撳瓨娣樻卑鐜?0.0%
馃攳 杩佺Щ缁熻: 鎵ц11娆? 鎴愬姛11娆? 鎴愬姛鐜?00.0%
[璋冭瘯] Episode 0007: 寤惰繜 0.437s, 鑳借€?3101.70J, 瀹屾垚鐜?97.8%, 杩佺Щ鎴愬姛鐜?100.0%, 缂撳瓨鍛戒腑 31.2%, 鏁版嵁鎹熷け 46.8%, 缂撳瓨娣樻卑鐜?0.0%
馃攳 杩佺Щ缁熻: 鎵ц11娆? 鎴愬姛11娆? 鎴愬姛鐜?00.0%
[璋冭瘯] Episode 0007: 寤惰繜 0.438s, 鑳借€?3127.91J, 瀹屾垚鐜?97.9%, 杩佺Щ鎴愬姛鐜?100.0%, 缂撳瓨鍛戒腑 31.2%, 鏁版嵁鎹熷け 46.7%, 缂撳瓨娣樻卑鐜?0.0%
馃攳 杩佺Щ缁熻: 鎵ц11娆? 鎴愬姛11娆? 鎴愬姛鐜?00.0%
[璋冭瘯] Episode 0007: 寤惰繜 0.436s, 鑳借€?3128.27J, 瀹屾垚鐜?97.9%, 杩佺Щ鎴愬姛鐜?100.0%, 缂撳瓨鍛戒腑 31.4%, 鏁版嵁鎹熷け 46.7%, 缂撳瓨娣樻卑鐜?0.0%
馃攳 杩佺Щ缁熻: 鎵ц11娆? 鎴愬姛11娆? 鎴愬姛鐜?00.0%
[璋冭瘯] Episode 0007: 寤惰繜 0.435s, 鑳借€?3141.26J, 瀹屾垚鐜?97.9%, 杩佺Щ鎴愬姛鐜?100.0%, 缂撳瓨鍛戒腑 31.4%, 鏁版嵁鎹熷け 46.7%, 缂撳瓨娣樻卑鐜?0.0%
馃攳 杩佺Щ缁熻: 鎵ц11娆? 鎴愬姛11娆? 鎴愬姛鐜?00.0%
[璋冭瘯] Episode 0007: 寤惰繜 0.438s, 鑳借€?3141.41J, 瀹屾垚鐜?97.9%, 杩佺Щ鎴愬姛鐜?100.0%, 缂撳瓨鍛戒腑 31.4%, 鏁版嵁鎹熷け 46.7%, 缂撳瓨娣樻卑鐜?0.0%
馃攳 杩佺Щ缁熻: 鎵ц11娆? 鎴愬姛11娆? 鎴愬姛鐜?00.0%
[璋冭瘯] Episode 0007: 寤惰繜 0.443s, 鑳借€?3156.14J, 瀹屾垚鐜?97.9%, 杩佺Щ鎴愬姛鐜?100.0%, 缂撳瓨鍛戒腑 31.3%, 鏁版嵁鎹熷け 46.7%, 缂撳瓨娣樻卑鐜?0.0%
馃攳 杩佺Щ缁熻: 鎵ц11娆? 鎴愬姛11娆? 鎴愬姛鐜?00.0%
[璋冭瘯] Episode 0007: 寤惰繜 0.437s, 鑳借€?3183.70J, 瀹屾垚鐜?97.9%, 杩佺Щ鎴愬姛鐜?100.0%, 缂撳瓨鍛戒腑 31.4%, 鏁版嵁鎹熷け 46.6%, 缂撳瓨娣樻卑鐜?0.0%
馃攳 杩佺Щ缁熻: 鎵ц11娆? 鎴愬姛11娆? 鎴愬姛鐜?00.0%
[璋冭瘯] Episode 0007: 寤惰繜 0.439s, 鑳借€?3202.40J, 瀹屾垚鐜?97.9%, 杩佺Щ鎴愬姛鐜?100.0%, 缂撳瓨鍛戒腑 31.5%, 鏁版嵁鎹熷け 46.6%, 缂撳瓨娣樻卑鐜?0.0%
馃攳 杩佺Щ缁熻: 鎵ц11娆? 鎴愬姛11娆? 鎴愬姛鐜?00.0%
[璋冭瘯] Episode 0007: 寤惰繜 0.435s, 鑳借€?3217.21J, 瀹屾垚鐜?97.9%, 杩佺Щ鎴愬姛鐜?100.0%, 缂撳瓨鍛戒腑 31.8%, 鏁版嵁鎹熷け 46.5%, 缂撳瓨娣樻卑鐜?0.0%
[VehicleMigration] handover #1: vehicle V_11 task task_438 RSU_1 -> RSU_2
   Trigger: distance 295.7m > threshold 292.1m (speed 5.3 m/s)
   Score: 515.7 -> 195.7 (improvement 62.1%)
   Queue trend: RSU_1: 4 -> 3, RSU_2: 0 -> 1
[Migration] Executed 1 vehicle-following migrations.
馃攳 杩佺Щ缁熻: 鎵ц12娆? 鎴愬姛12娆? 鎴愬姛鐜?00.0%
[璋冭瘯] Episode 0007: 寤惰繜 0.435s, 鑳借€?3217.22J, 瀹屾垚鐜?97.9%, 杩佺Щ鎴愬姛鐜?100.0%, 缂撳瓨鍛戒腑 31.7%, 鏁版嵁鎹熷け 46.5%, 缂撳瓨娣樻卑鐜?0.0%
馃攳 杩佺Щ缁熻: 鎵ц12娆? 鎴愬姛12娆? 鎴愬姛鐜?00.0%
[璋冭瘯] Episode 0007: 寤惰繜 0.430s, 鑳借€?3259.23J, 瀹屾垚鐜?98.0%, 杩佺Щ鎴愬姛鐜?100.0%, 缂撳瓨鍛戒腑 32.1%, 鏁版嵁鎹熷け 46.5%, 缂撳瓨娣樻卑鐜?0.0%
馃攳 杩佺Щ缁熻: 鎵ц12娆? 鎴愬姛12娆? 鎴愬姛鐜?00.0%
[璋冭瘯] Episode 0007: 寤惰繜 0.425s, 鑳借€?3259.24J, 瀹屾垚鐜?98.0%, 杩佺Щ鎴愬姛鐜?100.0%, 缂撳瓨鍛戒腑 33.0%, 鏁版嵁鎹熷け 46.4%, 缂撳瓨娣樻卑鐜?0.0%
馃攳 杩佺Щ缁熻: 鎵ц12娆? 鎴愬姛12娆? 鎴愬姛鐜?00.0%
[璋冭瘯] Episode 0007: 寤惰繜 0.424s, 鑳借€?3259.24J, 瀹屾垚鐜?98.0%, 杩佺Щ鎴愬姛鐜?100.0%, 缂撳瓨鍛戒腑 33.2%, 鏁版嵁鎹熷け 46.4%, 缂撳瓨娣樻卑鐜?0.0%
馃攳 杩佺Щ缁熻: 鎵ц12娆? 鎴愬姛12娆? 鎴愬姛鐜?00.0%
[璋冭瘯] Episode 0007: 寤惰繜 0.423s, 鑳借€?3259.24J, 瀹屾垚鐜?98.0%, 杩佺Щ鎴愬姛鐜?100.0%, 缂撳瓨鍛戒腑 33.3%, 鏁版嵁鎹熷け 46.3%, 缂撳瓨娣樻卑鐜?0.0%
馃攳 杩佺Щ缁熻: 鎵ц12娆? 鎴愬姛12娆? 鎴愬姛鐜?00.0%
[璋冭瘯] Episode 0007: 寤惰繜 0.422s, 鑳借€?3261.44J, 瀹屾垚鐜?98.0%, 杩佺Щ鎴愬姛鐜?100.0%, 缂撳瓨鍛戒腑 33.4%, 鏁版嵁鎹熷け 46.3%, 缂撳瓨娣樻卑鐜?0.0%
[VehicleMigration] handover #1: vehicle V_11 task task_458 RSU_1 -> RSU_3
   Trigger: distance 298.7m > threshold 292.5m (speed 5.0 m/s)
   Score: 458.7 -> 201.3 (improvement 56.1%)
   Queue trend: RSU_1: 2 -> 1, RSU_3: 0 -> 1
[Migration] Executed 1 vehicle-following migrations.
馃攳 杩佺Щ缁熻: 鎵ц13娆? 鎴愬姛13娆? 鎴愬姛鐜?00.0%
[璋冭瘯] Episode 0007: 寤惰繜 0.422s, 鑳借€?3265.26J, 瀹屾垚鐜?97.8%, 杩佺Щ鎴愬姛鐜?100.0%, 缂撳瓨鍛戒腑 33.9%, 鏁版嵁鎹熷け 47.6%, 缂撳瓨娣樻卑鐜?0.0%
馃攳 杩佺Щ缁熻: 鎵ц13娆? 鎴愬姛13娆? 鎴愬姛鐜?00.0%
[璋冭瘯] Episode 0007: 寤惰繜 0.419s, 鑳借€?3303.26J, 瀹屾垚鐜?97.8%, 杩佺Щ鎴愬姛鐜?100.0%, 缂撳瓨鍛戒腑 34.0%, 鏁版嵁鎹熷け 47.5%, 缂撳瓨娣樻卑鐜?0.0%
馃攳 杩佺Щ缁熻: 鎵ц13娆? 鎴愬姛13娆? 鎴愬姛鐜?00.0%
[璋冭瘯] Episode 0007: 寤惰繜 0.418s, 鑳借€?3303.26J, 瀹屾垚鐜?97.8%, 杩佺Щ鎴愬姛鐜?100.0%, 缂撳瓨鍛戒腑 33.9%, 鏁版嵁鎹熷け 47.5%, 缂撳瓨娣樻卑鐜?0.0%
馃攳 杩佺Щ缁熻: 鎵ц13娆? 鎴愬姛13娆? 鎴愬姛鐜?00.0%
[璋冭瘯] Episode 0007: 寤惰繜 0.416s, 鑳借€?3316.87J, 瀹屾垚鐜?97.8%, 杩佺Щ鎴愬姛鐜?100.0%, 缂撳瓨鍛戒腑 34.1%, 鏁版嵁鎹熷け 47.5%, 缂撳瓨娣樻卑鐜?0.0%
馃攳 杩佺Щ缁熻: 鎵ц13娆? 鎴愬姛13娆? 鎴愬姛鐜?00.0%
[璋冭瘯] Episode 0007: 寤惰繜 0.419s, 鑳借€?3318.09J, 瀹屾垚鐜?97.9%, 杩佺Щ鎴愬姛鐜?100.0%, 缂撳瓨鍛戒腑 34.1%, 鏁版嵁鎹熷け 47.4%, 缂撳瓨娣樻卑鐜?0.0%
馃攳 杩佺Щ缁熻: 鎵ц13娆? 鎴愬姛13娆? 鎴愬姛鐜?00.0%
[璋冭瘯] Episode 0007: 寤惰繜 0.418s, 鑳借€?3341.21J, 瀹屾垚鐜?97.9%, 杩佺Щ鎴愬姛鐜?100.0%, 缂撳瓨鍛戒腑 34.1%, 鏁版嵁鎹熷け 47.4%, 缂撳瓨娣樻卑鐜?0.0%
馃攳 杩佺Щ缁熻: 鎵ц13娆? 鎴愬姛13娆? 鎴愬姛鐜?00.0%
[璋冭瘯] Episode 0007: 寤惰繜 0.415s, 鑳借€?3351.13J, 瀹屾垚鐜?97.9%, 杩佺Щ鎴愬姛鐜?100.0%, 缂撳瓨鍛戒腑 34.5%, 鏁版嵁鎹熷け 47.4%, 缂撳瓨娣樻卑鐜?0.0%
馃攳 杩佺Щ缁熻: 鎵ц13娆? 鎴愬姛13娆? 鎴愬姛鐜?00.0%
[璋冭瘯] Episode 0007: 寤惰繜 0.414s, 鑳借€?3351.13J, 瀹屾垚鐜?97.9%, 杩佺Щ鎴愬姛鐜?100.0%, 缂撳瓨鍛戒腑 34.7%, 鏁版嵁鎹熷け 47.3%, 缂撳瓨娣樻卑鐜?0.0%
馃攳 杩佺Щ缁熻: 鎵ц13娆? 鎴愬姛13娆? 鎴愬姛鐜?00.0%
[璋冭瘯] Episode 0007: 寤惰繜 0.412s, 鑳借€?3352.11J, 瀹屾垚鐜?97.9%, 杩佺Щ鎴愬姛鐜?100.0%, 缂撳瓨鍛戒腑 35.0%, 鏁版嵁鎹熷け 47.2%, 缂撳瓨娣樻卑鐜?0.0%
馃攳 杩佺Щ缁熻: 鎵ц13娆? 鎴愬姛13娆? 鎴愬姛鐜?00.0%
[璋冭瘯] Episode 0007: 寤惰繜 0.409s, 鑳借€?3352.12J, 瀹屾垚鐜?97.9%, 杩佺Щ鎴愬姛鐜?100.0%, 缂撳瓨鍛戒腑 35.2%, 鏁版嵁鎹熷け 47.1%, 缂撳瓨娣樻卑鐜?0.0%
馃攳 杩佺Щ缁熻: 鎵ц13娆? 鎴愬姛13娆? 鎴愬姛鐜?00.0%
[璋冭瘯] Episode 0007: 寤惰繜 0.405s, 鑳借€?3379.26J, 瀹屾垚鐜?97.9%, 杩佺Щ鎴愬姛鐜?100.0%, 缂撳瓨鍛戒腑 35.8%, 鏁版嵁鎹熷け 47.1%, 缂撳瓨娣樻卑鐜?0.0%
馃攳 杩佺Щ缁熻: 鎵ц13娆? 鎴愬姛13娆? 鎴愬姛鐜?00.0%
[璋冭瘯] Episode 0007: 寤惰繜 0.404s, 鑳借€?3396.11J, 瀹屾垚鐜?97.9%, 杩佺Щ鎴愬姛鐜?100.0%, 缂撳瓨鍛戒腑 36.0%, 鏁版嵁鎹熷け 47.1%, 缂撳瓨娣樻卑鐜?0.0%
馃攳 杩佺Щ缁熻: 鎵ц13娆? 鎴愬姛13娆? 鎴愬姛鐜?00.0%
[璋冭瘯] Episode 0007: 寤惰繜 0.404s, 鑳借€?3396.34J, 瀹屾垚鐜?98.0%, 杩佺Щ鎴愬姛鐜?100.0%, 缂撳瓨鍛戒腑 36.4%, 鏁版嵁鎹熷け 47.0%, 缂撳瓨娣樻卑鐜?0.0%
馃攳 杩佺Щ缁熻: 鎵ц13娆? 鎴愬姛13娆? 鎴愬姛鐜?00.0%
[璋冭瘯] Episode 0007: 寤惰繜 0.404s, 鑳借€?3415.37J, 瀹屾垚鐜?98.0%, 杩佺Щ鎴愬姛鐜?100.0%, 缂撳瓨鍛戒腑 36.4%, 鏁版嵁鎹熷け 47.0%, 缂撳瓨娣樻卑鐜?0.0%
馃攳 杩佺Щ缁熻: 鎵ц13娆? 鎴愬姛13娆? 鎴愬姛鐜?00.0%
[璋冭瘯] Episode 0007: 寤惰繜 0.399s, 鑳借€?3415.39J, 瀹屾垚鐜?98.0%, 杩佺Щ鎴愬姛鐜?100.0%, 缂撳瓨鍛戒腑 37.3%, 鏁版嵁鎹熷け 46.8%, 缂撳瓨娣樻卑鐜?0.0%
浠诲姟鍒嗙被缁熻(500): 绫诲瀷1=0.0%, 绫诲瀷2=6.6%, 绫诲瀷3=37.8%, 绫诲瀷4=55.6%
   褰撳墠浠诲姟: navigation_0019, 2.99s 鈫?绫诲瀷3, 鏁版嵁0.50MB
   馃捑 缂撳瓨缁熻: 鍛戒腑鐜?37.27% (鎬诲懡涓?328, 鏈湴:0, 鏈懡涓?552)
馃攳 杩佺Щ缁熻: 鎵ц13娆? 鎴愬姛13娆? 鎴愬姛鐜?00.0%
[璋冭瘯] Episode 0007: 寤惰繜 0.397s, 鑳借€?3449.65J, 瀹屾垚鐜?98.0%, 杩佺Щ鎴愬姛鐜?100.0%, 缂撳瓨鍛戒腑 37.3%, 鏁版嵁鎹熷け 46.7%, 缂撳瓨娣樻卑鐜?0.0%
馃攳 杩佺Щ缁熻: 鎵ц13娆? 鎴愬姛13娆? 鎴愬姛鐜?00.0%
[璋冭瘯] Episode 0007: 寤惰繜 0.395s, 鑳借€?3468.77J, 瀹屾垚鐜?98.0%, 杩佺Щ鎴愬姛鐜?100.0%, 缂撳瓨鍛戒腑 37.3%, 鏁版嵁鎹熷け 46.7%, 缂撳瓨娣樻卑鐜?0.0%
馃攳 杩佺Щ缁熻: 鎵ц13娆? 鎴愬姛13娆? 鎴愬姛鐜?00.0%
[璋冭瘯] Episode 0007: 寤惰繜 0.395s, 鑳借€?3481.48J, 瀹屾垚鐜?98.0%, 杩佺Щ鎴愬姛鐜?100.0%, 缂撳瓨鍛戒腑 37.3%, 鏁版嵁鎹熷け 46.7%, 缂撳瓨娣樻卑鐜?0.0%
馃攳 杩佺Щ缁熻: 鎵ц13娆? 鎴愬姛13娆? 鎴愬姛鐜?00.0%
[璋冭瘯] Episode 0007: 寤惰繜 0.396s, 鑳借€?3499.20J, 瀹屾垚鐜?98.0%, 杩佺Щ鎴愬姛鐜?100.0%, 缂撳瓨鍛戒腑 37.3%, 鏁版嵁鎹熷け 46.6%, 缂撳瓨娣樻卑鐜?0.0%
馃攳 杩佺Щ缁熻: 鎵ц13娆? 鎴愬姛13娆? 鎴愬姛鐜?00.0%
[璋冭瘯] Episode 0007: 寤惰繜 0.619s, 鑳借€?4135.61J, 瀹屾垚鐜?98.0%, 杩佺Щ鎴愬姛鐜?100.0%, 缂撳瓨鍛戒腑 37.3%, 鏁版嵁鎹熷け 43.5%, 缂撳瓨娣樻卑鐜?0.0%
馃攳 杩佺Щ缁熻: 鎵ц13娆? 鎴愬姛13娆? 鎴愬姛鐜?00.0%
[璋冭瘯] Episode 0007: 寤惰繜 0.620s, 鑳借€?4135.77J, 瀹屾垚鐜?98.1%, 杩佺Щ鎴愬姛鐜?100.0%, 缂撳瓨鍛戒腑 37.4%, 鏁版嵁鎹熷け 43.4%, 缂撳瓨娣樻卑鐜?0.0%
馃攳 杩佺Щ缁熻: 鎵ц13娆? 鎴愬姛13娆? 鎴愬姛鐜?00.0%
[璋冭瘯] Episode 0007: 寤惰繜 0.610s, 鑳借€?4189.02J, 瀹屾垚鐜?98.1%, 杩佺Щ鎴愬姛鐜?100.0%, 缂撳瓨鍛戒腑 38.0%, 鏁版嵁鎹熷け 43.4%, 缂撳瓨娣樻卑鐜?0.0%
馃攳 杩佺Щ缁熻: 鎵ц13娆? 鎴愬姛13娆? 鎴愬姛鐜?00.0%
[璋冭瘯] Episode 0007: 寤惰繜 0.606s, 鑳借€?4189.43J, 瀹屾垚鐜?98.1%, 杩佺Щ鎴愬姛鐜?100.0%, 缂撳瓨鍛戒腑 38.2%, 鏁版嵁鎹熷け 43.3%, 缂撳瓨娣樻卑鐜?0.0%
馃攳 杩佺Щ缁熻: 鎵ц13娆? 鎴愬姛13娆? 鎴愬姛鐜?00.0%
[璋冭瘯] Episode 0007: 寤惰繜 0.604s, 鑳借€?4199.34J, 瀹屾垚鐜?98.1%, 杩佺Щ鎴愬姛鐜?100.0%, 缂撳瓨鍛戒腑 38.4%, 鏁版嵁鎹熷け 43.3%, 缂撳瓨娣樻卑鐜?0.0%
馃攳 杩佺Щ缁熻: 鎵ц13娆? 鎴愬姛13娆? 鎴愬姛鐜?00.0%
[璋冭瘯] Episode 0007: 寤惰繜 0.596s, 鑳借€?4199.35J, 瀹屾垚鐜?98.1%, 杩佺Щ鎴愬姛鐜?100.0%, 缂撳瓨鍛戒腑 39.2%, 鏁版嵁鎹熷け 43.2%, 缂撳瓨娣樻卑鐜?0.0%
馃攳 杩佺Щ缁熻: 鎵ц13娆? 鎴愬姛13娆? 鎴愬姛鐜?00.0%
[璋冭瘯] Episode 0007: 寤惰繜 0.595s, 鑳借€?4199.35J, 瀹屾垚鐜?98.1%, 杩佺Щ鎴愬姛鐜?100.0%, 缂撳瓨鍛戒腑 39.3%, 鏁版嵁鎹熷け 43.2%, 缂撳瓨娣樻卑鐜?0.0%
馃攳 杩佺Щ缁熻: 鎵ц13娆? 鎴愬姛13娆? 鎴愬姛鐜?00.0%
[璋冭瘯] Episode 0007: 寤惰繜 0.597s, 鑳借€?4206.95J, 瀹屾垚鐜?98.1%, 杩佺Щ鎴愬姛鐜?100.0%, 缂撳瓨鍛戒腑 39.3%, 鏁版嵁鎹熷け 43.2%, 缂撳瓨娣樻卑鐜?0.0%
馃攳 杩佺Щ缁熻: 鎵ц13娆? 鎴愬姛13娆? 鎴愬姛鐜?00.0%
[璋冭瘯] Episode 0007: 寤惰繜 0.598s, 鑳借€?4208.52J, 瀹屾垚鐜?98.1%, 杩佺Щ鎴愬姛鐜?100.0%, 缂撳瓨鍛戒腑 39.4%, 鏁版嵁鎹熷け 43.1%, 缂撳瓨娣樻卑鐜?0.0%
[Episode 7, Step 1] Tasks: generated=4, local=0(0.0%), rsu=2(50.0%), uav=2(50.0%), dropped=0(0.0%)
[Episode 7, Step 3] Tasks: generated=3, local=0(0.0%), rsu=2(66.7%), uav=1(33.3%), dropped=0(0.0%)
[Episode 7, Step 5] Tasks: generated=0, local=0(0.0%), rsu=0(0.0%), uav=0(0.0%), dropped=0(0.0%)
[Episode 7, Step 7] Tasks: generated=3, local=0(0.0%), rsu=3(100.0%), uav=0(0.0%), dropped=0(0.0%)
[Episode 7, Step 9] Tasks: generated=4, local=0(0.0%), rsu=2(50.0%), uav=2(50.0%), dropped=0(0.0%)
[Episode 7, Step 11] Tasks: generated=2, local=0(0.0%), rsu=1(50.0%), uav=1(50.0%), dropped=0(0.0%)
[Episode 7, Step 13] Tasks: generated=5, local=1(20.0%), rsu=4(80.0%), uav=0(0.0%), dropped=0(0.0%)
[Episode 7, Step 15] Tasks: generated=4, local=0(0.0%), rsu=2(50.0%), uav=2(50.0%), dropped=0(0.0%)
[Episode 7, Step 17] Tasks: generated=3, local=1(33.3%), rsu=2(66.7%), uav=0(0.0%), dropped=0(0.0%)
[Episode 7, Step 19] Tasks: generated=1, local=1(100.0%), rsu=0(0.0%), uav=0(0.0%), dropped=0(0.0%)
[Episode 7, Step 21] Tasks: generated=4, local=0(0.0%), rsu=0(0.0%), uav=4(100.0%), dropped=0(0.0%)
[Episode 7, Step 23] Tasks: generated=4, local=0(0.0%), rsu=0(0.0%), uav=4(100.0%), dropped=0(0.0%)
[Episode 7, Step 25] Tasks: generated=1, local=0(0.0%), rsu=1(100.0%), uav=0(0.0%), dropped=0(0.0%)
[Episode 7, Step 27] Tasks: generated=2, local=0(0.0%), rsu=2(100.0%), uav=0(0.0%), dropped=0(0.0%)
[Episode 7, Step 29] Tasks: generated=3, local=0(0.0%), rsu=0(0.0%), uav=3(100.0%), dropped=0(0.0%)
[Episode 7, Step 31] Tasks: generated=4, local=0(0.0%), rsu=2(50.0%), uav=2(50.0%), dropped=1(25.0%)
[Episode 7, Step 33] Tasks: generated=7, local=0(0.0%), rsu=5(71.4%), uav=2(28.6%), dropped=0(0.0%)
[Episode 7, Step 35] Tasks: generated=2, local=0(0.0%), rsu=2(100.0%), uav=0(0.0%), dropped=0(0.0%)
[Episode 7, Step 37] Tasks: generated=3, local=1(33.3%), rsu=1(33.3%), uav=1(33.3%), dropped=0(0.0%)
[Episode 7, Step 39] Tasks: generated=5, local=1(20.0%), rsu=1(20.0%), uav=3(60.0%), dropped=0(0.0%)
[Episode 7, Step 41] Tasks: generated=1, local=0(0.0%), rsu=1(100.0%), uav=0(0.0%), dropped=0(0.0%)
[Episode 7, Step 43] Tasks: generated=4, local=0(0.0%), rsu=2(50.0%), uav=2(50.0%), dropped=0(0.0%)
[Episode 7, Step 45] Tasks: generated=2, local=0(0.0%), rsu=1(50.0%), uav=1(50.0%), dropped=0(0.0%)
[Episode 7, Step 47] Tasks: generated=2, local=0(0.0%), rsu=2(100.0%), uav=0(0.0%), dropped=0(0.0%)
[Episode 7, Step 49] Tasks: generated=2, local=1(50.0%), rsu=1(50.0%), uav=0(0.0%), dropped=0(0.0%)
[Episode 7, Step 51] Tasks: generated=3, local=0(0.0%), rsu=2(66.7%), uav=1(33.3%), dropped=0(0.0%)
[Episode 7, Step 53] Tasks: generated=3, local=0(0.0%), rsu=3(100.0%), uav=0(0.0%), dropped=0(0.0%)
[Episode 7, Step 55] Tasks: generated=2, local=0(0.0%), rsu=1(50.0%), uav=1(50.0%), dropped=0(0.0%)
[Episode 7, Step 57] Tasks: generated=1, local=0(0.0%), rsu=1(100.0%), uav=0(0.0%), dropped=0(0.0%)
[Episode 7, Step 59] Tasks: generated=2, local=1(50.0%), rsu=0(0.0%), uav=1(50.0%), dropped=0(0.0%)
[Episode 7, Step 61] Tasks: generated=2, local=1(50.0%), rsu=1(50.0%), uav=0(0.0%), dropped=0(0.0%)
[Episode 7, Step 63] Tasks: generated=3, local=1(33.3%), rsu=2(66.7%), uav=0(0.0%), dropped=0(0.0%)
[Episode 7, Step 65] Tasks: generated=2, local=0(0.0%), rsu=1(50.0%), uav=1(50.0%), dropped=0(0.0%)
[Episode 7, Step 67] Tasks: generated=1, local=0(0.0%), rsu=1(100.0%), uav=0(0.0%), dropped=0(0.0%)
[Episode 7, Step 69] Tasks: generated=1, local=0(0.0%), rsu=1(100.0%), uav=0(0.0%), dropped=0(0.0%)
[Episode 7, Step 71] Tasks: generated=3, local=2(66.7%), rsu=1(33.3%), uav=0(0.0%), dropped=0(0.0%)
[Episode 7, Step 73] Tasks: generated=5, local=0(0.0%), rsu=3(60.0%), uav=2(40.0%), dropped=0(0.0%)
[Episode 7, Step 75] Tasks: generated=5, local=1(20.0%), rsu=4(80.0%), uav=0(0.0%), dropped=0(0.0%)
[Episode 7, Step 77] Tasks: generated=5, local=0(0.0%), rsu=4(80.0%), uav=1(20.0%), dropped=1(20.0%)
[Episode 7, Step 79] Tasks: generated=4, local=2(50.0%), rsu=2(50.0%), uav=0(0.0%), dropped=0(0.0%)
[Episode 7, Step 81] Tasks: generated=5, local=1(20.0%), rsu=3(60.0%), uav=1(20.0%), dropped=0(0.0%)
[Episode 7, Step 83] Tasks: generated=4, local=0(0.0%), rsu=4(100.0%), uav=0(0.0%), dropped=0(0.0%)
[Episode 7, Step 85] Tasks: generated=1, local=0(0.0%), rsu=1(100.0%), uav=0(0.0%), dropped=1(100.0%)
[Episode 7, Step 87] Tasks: generated=3, local=1(33.3%), rsu=2(66.7%), uav=0(0.0%), dropped=0(0.0%)
[Episode 7, Step 89] Tasks: generated=3, local=0(0.0%), rsu=2(66.7%), uav=1(33.3%), dropped=0(0.0%)
[Episode 7, Step 91] Tasks: generated=4, local=1(25.0%), rsu=3(75.0%), uav=0(0.0%), dropped=0(0.0%)
[Episode 7, Step 93] Tasks: generated=1, local=0(0.0%), rsu=1(100.0%), uav=0(0.0%), dropped=0(0.0%)
[Episode 7, Step 95] Tasks: generated=1, local=0(0.0%), rsu=1(100.0%), uav=0(0.0%), dropped=0(0.0%)
[Episode 7, Step 97] Tasks: generated=5, local=1(20.0%), rsu=3(60.0%), uav=1(20.0%), dropped=0(0.0%)
[Episode 7, Step 99] Tasks: generated=3, local=0(0.0%), rsu=3(100.0%), uav=0(0.0%), dropped=0(0.0%)
[Episode 7, Step 101] Tasks: generated=4, local=0(0.0%), rsu=3(75.0%), uav=1(25.0%), dropped=0(0.0%)
[Episode 7, Step 103] Tasks: generated=3, local=0(0.0%), rsu=3(100.0%), uav=0(0.0%), dropped=1(33.3%)
[Episode 7, Step 105] Tasks: generated=3, local=2(66.7%), rsu=1(33.3%), uav=0(0.0%), dropped=0(0.0%)
[Episode 7, Step 107] Tasks: generated=1, local=0(0.0%), rsu=1(100.0%), uav=0(0.0%), dropped=0(0.0%)
[Episode 7, Step 109] Tasks: generated=3, local=0(0.0%), rsu=1(33.3%), uav=2(66.7%), dropped=0(0.0%)
[Episode 7, Step 111] Tasks: generated=1, local=0(0.0%), rsu=1(100.0%), uav=0(0.0%), dropped=0(0.0%)
[Episode 7, Step 113] Tasks: generated=2, local=0(0.0%), rsu=2(100.0%), uav=0(0.0%), dropped=0(0.0%)
[Episode 7, Step 115] Tasks: generated=1, local=1(100.0%), rsu=0(0.0%), uav=0(0.0%), dropped=0(0.0%)
[Episode 7, Step 117] Tasks: generated=5, local=3(60.0%), rsu=1(20.0%), uav=1(20.0%), dropped=0(0.0%)
[Episode 7, Step 119] Tasks: generated=0, local=0(0.0%), rsu=0(0.0%), uav=0(0.0%), dropped=0(0.0%)
[Episode 7, Step 121] Tasks: generated=0, local=0(0.0%), rsu=0(0.0%), uav=0(0.0%), dropped=0(0.0%)
[Episode 7, Step 123] Tasks: generated=4, local=1(25.0%), rsu=3(75.0%), uav=0(0.0%), dropped=0(0.0%)
[Episode 7, Step 125] Tasks: generated=5, local=0(0.0%), rsu=5(100.0%), uav=0(0.0%), dropped=0(0.0%)
[Episode 7, Step 127] Tasks: generated=0, local=0(0.0%), rsu=0(0.0%), uav=0(0.0%), dropped=0(0.0%)
[Episode 7, Step 129] Tasks: generated=1, local=0(0.0%), rsu=0(0.0%), uav=1(100.0%), dropped=0(0.0%)
[Episode 7, Step 131] Tasks: generated=3, local=0(0.0%), rsu=3(100.0%), uav=0(0.0%), dropped=0(0.0%)
[Episode 7, Step 133] Tasks: generated=1, local=1(100.0%), rsu=0(0.0%), uav=0(0.0%), dropped=0(0.0%)
[Episode 7, Step 135] Tasks: generated=2, local=0(0.0%), rsu=1(50.0%), uav=1(50.0%), dropped=0(0.0%)
[Episode 7, Step 137] Tasks: generated=2, local=0(0.0%), rsu=2(100.0%), uav=0(0.0%), dropped=0(0.0%)
[Episode 7, Step 139] Tasks: generated=5, local=1(20.0%), rsu=4(80.0%), uav=0(0.0%), dropped=0(0.0%)
[Episode 7, Step 141] Tasks: generated=1, local=0(0.0%), rsu=1(100.0%), uav=0(0.0%), dropped=0(0.0%)
[Episode 7, Step 143] Tasks: generated=4, local=1(25.0%), rsu=3(75.0%), uav=0(0.0%), dropped=0(0.0%)
[Episode 7, Step 145] Tasks: generated=4, local=1(25.0%), rsu=2(50.0%), uav=1(25.0%), dropped=0(0.0%)
[Episode 7, Step 147] Tasks: generated=2, local=0(0.0%), rsu=2(100.0%), uav=0(0.0%), dropped=0(0.0%)
[Episode 7, Step 149] Tasks: generated=5, local=0(0.0%), rsu=5(100.0%), uav=0(0.0%), dropped=0(0.0%)
[Episode 7, Step 151] Tasks: generated=3, local=1(33.3%), rsu=2(66.7%), uav=0(0.0%), dropped=0(0.0%)
[Episode 7, Step 153] Tasks: generated=4, local=0(0.0%), rsu=3(75.0%), uav=1(25.0%), dropped=0(0.0%)
[Episode 7, Step 155] Tasks: generated=4, local=0(0.0%), rsu=4(100.0%), uav=0(0.0%), dropped=0(0.0%)
[Episode 7, Step 157] Tasks: generated=1, local=0(0.0%), rsu=0(0.0%), uav=1(100.0%), dropped=0(0.0%)
[Episode 7, Step 159] Tasks: generated=2, local=1(50.0%), rsu=1(50.0%), uav=0(0.0%), dropped=0(0.0%)
[Episode 7, Step 161] Tasks: generated=1, local=0(0.0%), rsu=1(100.0%), uav=0(0.0%), dropped=0(0.0%)
[Episode 7, Step 163] Tasks: generated=4, local=3(75.0%), rsu=1(25.0%), uav=0(0.0%), dropped=0(0.0%)
[Episode 7, Step 165] Tasks: generated=4, local=1(25.0%), rsu=3(75.0%), uav=0(0.0%), dropped=0(0.0%)
[Episode 7, Step 167] Tasks: generated=3, local=0(0.0%), rsu=3(100.0%), uav=0(0.0%), dropped=0(0.0%)
[Episode 7, Step 169] Tasks: generated=1, local=0(0.0%), rsu=1(100.0%), uav=0(0.0%), dropped=0(0.0%)
[Episode 7, Step 171] Tasks: generated=3, local=1(33.3%), rsu=2(66.7%), uav=0(0.0%), dropped=0(0.0%)
[Episode 7, Step 173] Tasks: generated=2, local=0(0.0%), rsu=2(100.0%), uav=0(0.0%), dropped=0(0.0%)
[Episode 7, Step 175] Tasks: generated=1, local=0(0.0%), rsu=0(0.0%), uav=1(100.0%), dropped=0(0.0%)
[Episode 7, Step 177] Tasks: generated=0, local=0(0.0%), rsu=0(0.0%), uav=0(0.0%), dropped=0(0.0%)
[Episode 7, Step 179] Tasks: generated=1, local=0(0.0%), rsu=1(100.0%), uav=0(0.0%), dropped=0(0.0%)
[Episode 7, Step 181] Tasks: generated=4, local=0(0.0%), rsu=3(75.0%), uav=1(25.0%), dropped=0(0.0%)
[Episode 7, Step 183] Tasks: generated=1, local=0(0.0%), rsu=1(100.0%), uav=0(0.0%), dropped=0(0.0%)
[Episode 7, Step 185] Tasks: generated=3, local=1(33.3%), rsu=2(66.7%), uav=0(0.0%), dropped=0(0.0%)
[Episode 7, Step 187] Tasks: generated=3, local=0(0.0%), rsu=2(66.7%), uav=1(33.3%), dropped=0(0.0%)
[Episode 7, Step 189] Tasks: generated=2, local=1(50.0%), rsu=1(50.0%), uav=0(0.0%), dropped=0(0.0%)
[Episode 7, Step 191] Tasks: generated=6, local=1(16.7%), rsu=3(50.0%), uav=2(33.3%), dropped=0(0.0%)
[Episode 7, Step 193] Tasks: generated=6, local=0(0.0%), rsu=5(83.3%), uav=1(16.7%), dropped=0(0.0%)
[Episode 7, Step 195] Tasks: generated=1, local=0(0.0%), rsu=1(100.0%), uav=0(0.0%), dropped=0(0.0%)
[Episode 7, Step 197] Tasks: generated=1, local=0(0.0%), rsu=1(100.0%), uav=0(0.0%), dropped=0(0.0%)
[Episode 7, Step 199] Tasks: generated=5, local=1(20.0%), rsu=4(80.0%), uav=0(0.0%), dropped=0(0.0%)

================================================================================
馃搳 Episode 7 浠诲姟澶勭悊鏂瑰紡鍒嗗竷缁熻
================================================================================
鎬绘鏁? 200
鎬荤敓鎴愪换鍔℃暟: 540

浠诲姟鍒嗗竷鍗犳瘮:
  鉁?鏈湴澶勭悊:     64 浠诲姟 ( 11.9%)
  鉁?RSU澶勭悊:     370 浠诲姟 ( 68.5%)
  鉁?UAV澶勭悊:     106 浠诲姟 ( 19.6%)
  鉁?琚涪寮?       10 浠诲姟 (  1.9%)

琛ュ厖鎸囨爣:
  浠诲姟鎴愬姛鐜? 98.1%
  RSU缂撳瓨鍛戒腑鐜? 39.5%
  骞冲潎鏈湴鍗犳瘮: 11.3%
  骞冲潎RSU鍗犳瘮: 67.2%
  骞冲潎UAV鍗犳瘮: 17.0%
================================================================================

杞﹁締鍒濆鍖栧畬鎴愶細涓诲共閬撳弻璺彛鍦烘櫙
鍒涘缓浜?12 杞﹁締, 4 RSU, 2 UAV
涓ぎRSU璋冨害鍣ㄥ凡鍚敤: RSU_2
[Topology] Central RSU configured as RSU_2 for coordination.
鍒濆鍖栦簡 6 涓紦瀛樼鐞嗗櫒
[璋冭瘯] Episode 0008: 寤惰繜 0.413s, 鑳借€?2.22J, 瀹屾垚鐜?100.0%, 杩佺Щ鎴愬姛鐜?0.0%, 缂撳瓨鍛戒腑 25.8%, 鏁版嵁鎹熷け 0.0%, 缂撳瓨娣樻卑鐜?0.0%
[璋冭瘯] Episode 0008: 寤惰繜 0.628s, 鑳借€?12.22J, 瀹屾垚鐜?100.0%, 杩佺Щ鎴愬姛鐜?0.0%, 缂撳瓨鍛戒腑 25.7%, 鏁版嵁鎹熷け 0.0%, 缂撳瓨娣樻卑鐜?0.0%
[璋冭瘯] Episode 0008: 寤惰繜 0.374s, 鑳借€?47.69J, 瀹屾垚鐜?100.0%, 杩佺Щ鎴愬姛鐜?0.0%, 缂撳瓨鍛戒腑 25.7%, 鏁版嵁鎹熷け 0.0%, 缂撳瓨娣樻卑鐜?0.0%
[璋冭瘯] Episode 0008: 寤惰繜 0.538s, 鑳借€?47.84J, 瀹屾垚鐜?100.0%, 杩佺Щ鎴愬姛鐜?0.0%, 缂撳瓨鍛戒腑 25.7%, 鏁版嵁鎹熷け 0.0%, 缂撳瓨娣樻卑鐜?0.0%
[VehicleMigration] handover #1: vehicle V_8 task task_14 RSU_1 -> RSU_0
   Trigger: distance 291.6m > threshold 284.8m (speed 10.1 m/s)
   Score: 481.6 -> 251.6 (improvement 47.8%)
   Queue trend: RSU_1: 3 -> 2, RSU_0: 2 -> 3
[Migration] Executed 1 vehicle-following migrations.
馃攳 杩佺Щ缁熻: 鎵ц1娆? 鎴愬姛1娆? 鎴愬姛鐜?00.0%
[璋冭瘯] Episode 0008: 寤惰繜 0.548s, 鑳借€?90.10J, 瀹屾垚鐜?100.0%, 杩佺Щ鎴愬姛鐜?100.0%, 缂撳瓨鍛戒腑 25.6%, 鏁版嵁鎹熷け 0.0%, 缂撳瓨娣樻卑鐜?0.0%
馃攳 杩佺Щ缁熻: 鎵ц1娆? 鎴愬姛1娆? 鎴愬姛鐜?00.0%
[璋冭瘯] Episode 0008: 寤惰繜 0.413s, 鑳借€?133.09J, 瀹屾垚鐜?100.0%, 杩佺Щ鎴愬姛鐜?100.0%, 缂撳瓨鍛戒腑 25.6%, 鏁版嵁鎹熷け 0.0%, 缂撳瓨娣樻卑鐜?0.0%
馃攳 杩佺Щ缁熻: 鎵ц1娆? 鎴愬姛1娆? 鎴愬姛鐜?00.0%
[璋冭瘯] Episode 0008: 寤惰繜 0.526s, 鑳借€?136.31J, 瀹屾垚鐜?92.3%, 杩佺Щ鎴愬姛鐜?100.0%, 缂撳瓨鍛戒腑 25.6%, 鏁版嵁鎹熷け 1.4%, 缂撳瓨娣樻卑鐜?0.0%
馃攳 杩佺Щ缁熻: 鎵ц1娆? 鎴愬姛1娆? 鎴愬姛鐜?00.0%
[璋冭瘯] Episode 0008: 寤惰繜 0.640s, 鑳借€?198.87J, 瀹屾垚鐜?93.8%, 杩佺Щ鎴愬姛鐜?100.0%, 缂撳瓨鍛戒腑 25.5%, 鏁版嵁鎹熷け 1.0%, 缂撳瓨娣樻卑鐜?0.0%
[VehicleMigration] handover #1: vehicle V_4 task task_30 RSU_1 -> RSU_3
   Trigger: distance 292.6m > threshold 280.4m (speed 13.1 m/s)
   Score: 632.6 -> 207.7 (improvement 67.2%)
   Queue trend: RSU_1: 8 -> 7, RSU_3: 0 -> 1
[Migration] Executed 1 vehicle-following migrations.
馃攳 杩佺Щ缁熻: 鎵ц2娆? 鎴愬姛2娆? 鎴愬姛鐜?00.0%
[璋冭瘯] Episode 0008: 寤惰繜 0.571s, 鑳借€?275.65J, 瀹屾垚鐜?90.9%, 杩佺Щ鎴愬姛鐜?100.0%, 缂撳瓨鍛戒腑 25.5%, 鏁版嵁鎹熷け 1.0%, 缂撳瓨娣樻卑鐜?0.0%
馃攳 杩佺Щ缁熻: 鎵ц2娆? 鎴愬姛2娆? 鎴愬姛鐜?00.0%
[璋冭瘯] Episode 0008: 寤惰繜 0.630s, 鑳借€?288.91J, 瀹屾垚鐜?91.7%, 杩佺Щ鎴愬姛鐜?100.0%, 缂撳瓨鍛戒腑 25.5%, 鏁版嵁鎹熷け 0.9%, 缂撳瓨娣樻卑鐜?0.0%
馃攳 杩佺Щ缁熻: 鎵ц2娆? 鎴愬姛2娆? 鎴愬姛鐜?00.0%
[璋冭瘯] Episode 0008: 寤惰繜 0.533s, 鑳借€?371.92J, 瀹屾垚鐜?93.1%, 杩佺Щ鎴愬姛鐜?100.0%, 缂撳瓨鍛戒腑 25.5%, 鏁版嵁鎹熷け 0.9%, 缂撳瓨娣樻卑鐜?0.0%
[VehicleMigration] handover #1: vehicle V_4 task task_36 RSU_1 -> RSU_3
   Trigger: distance 296.6m > threshold 279.7m (speed 13.5 m/s)
   Score: 546.6 -> 203.6 (improvement 62.8%)
   Queue trend: RSU_1: 5 -> 4, RSU_3: 0 -> 1
[Migration] Executed 1 vehicle-following migrations.
馃攳 杩佺Щ缁熻: 鎵ц3娆? 鎴愬姛3娆? 鎴愬姛鐜?00.0%
[璋冭瘯] Episode 0008: 寤惰繜 0.528s, 鑳借€?402.95J, 瀹屾垚鐜?93.8%, 杩佺Щ鎴愬姛鐜?100.0%, 缂撳瓨鍛戒腑 25.4%, 鏁版嵁鎹熷け 0.7%, 缂撳瓨娣樻卑鐜?0.0%
[VehicleMigration] handover #1: vehicle V_2 task task_40 RSU_3 -> RSU_2
   Trigger: distance 298.4m > threshold 289.1m (speed 7.2 m/s)
   Score: 458.4 -> 258.5 (improvement 43.6%)
   Queue trend: RSU_3: 2 -> 1, RSU_2: 2 -> 3
[Migration] Executed 1 vehicle-following migrations.
馃攳 杩佺Щ缁熻: 鎵ц4娆? 鎴愬姛4娆? 鎴愬姛鐜?00.0%
[璋冭瘯] Episode 0008: 寤惰繜 0.603s, 鑳借€?426.27J, 瀹屾垚鐜?94.1%, 杩佺Щ鎴愬姛鐜?100.0%, 缂撳瓨鍛戒腑 25.4%, 鏁版嵁鎹熷け 0.6%, 缂撳瓨娣樻卑鐜?0.0%
馃攳 杩佺Щ缁熻: 鎵ц4娆? 鎴愬姛4娆? 鎴愬姛鐜?00.0%
[璋冭瘯] Episode 0008: 寤惰繜 0.607s, 鑳借€?508.68J, 瀹屾垚鐜?94.7%, 杩佺Щ鎴愬姛鐜?100.0%, 缂撳瓨鍛戒腑 25.4%, 鏁版嵁鎹熷け 0.6%, 缂撳瓨娣樻卑鐜?0.0%
馃攳 杩佺Щ缁熻: 鎵ц4娆? 鎴愬姛4娆? 鎴愬姛鐜?00.0%
[璋冭瘯] Episode 0008: 寤惰繜 0.651s, 鑳借€?534.87J, 瀹屾垚鐜?95.0%, 杩佺Щ鎴愬姛鐜?100.0%, 缂撳瓨鍛戒腑 25.3%, 鏁版嵁鎹熷け 0.5%, 缂撳瓨娣樻卑鐜?0.0%
馃攳 杩佺Щ缁熻: 鎵ц4娆? 鎴愬姛4娆? 鎴愬姛鐜?00.0%
[璋冭瘯] Episode 0008: 寤惰繜 0.622s, 鑳借€?567.96J, 瀹屾垚鐜?95.2%, 杩佺Щ鎴愬姛鐜?100.0%, 缂撳瓨鍛戒腑 25.3%, 鏁版嵁鎹熷け 0.5%, 缂撳瓨娣樻卑鐜?0.0%
馃攳 杩佺Щ缁熻: 鎵ц4娆? 鎴愬姛4娆? 鎴愬姛鐜?00.0%
[璋冭瘯] Episode 0008: 寤惰繜 0.641s, 鑳借€?585.99J, 瀹屾垚鐜?95.6%, 杩佺Щ鎴愬姛鐜?100.0%, 缂撳瓨鍛戒腑 25.3%, 鏁版嵁鎹熷け 0.4%, 缂撳瓨娣樻卑鐜?0.0%
馃攳 杩佺Щ缁熻: 鎵ц4娆? 鎴愬姛4娆? 鎴愬姛鐜?00.0%
[璋冭瘯] Episode 0008: 寤惰繜 1.419s, 鑳借€?848.28J, 瀹屾垚鐜?96.0%, 杩佺Щ鎴愬姛鐜?100.0%, 缂撳瓨鍛戒腑 25.3%, 鏁版嵁鎹熷け 0.2%, 缂撳瓨娣樻卑鐜?0.0%
馃攳 杩佺Щ缁熻: 鎵ц4娆? 鎴愬姛4娆? 鎴愬姛鐜?00.0%
[璋冭瘯] Episode 0008: 寤惰繜 1.321s, 鑳借€?918.10J, 瀹屾垚鐜?96.4%, 杩佺Щ鎴愬姛鐜?100.0%, 缂撳瓨鍛戒腑 25.2%, 鏁版嵁鎹熷け 0.1%, 缂撳瓨娣樻卑鐜?0.0%
[VehicleMigration] handover #1: vehicle V_2 task task_63 RSU_0 -> RSU_2
   Trigger: distance 296.9m > threshold 290.5m (speed 6.3 m/s)
   Score: 486.9 -> 233.2 (improvement 52.1%)
   Queue trend: RSU_0: 3 -> 2, RSU_2: 1 -> 2
[Migration] Executed 1 vehicle-following migrations.
馃攳 杩佺Щ缁熻: 鎵ц5娆? 鎴愬姛5娆? 鎴愬姛鐜?00.0%
[璋冭瘯] Episode 0008: 寤惰繜 1.343s, 鑳借€?918.31J, 瀹屾垚鐜?96.4%, 杩佺Щ鎴愬姛鐜?100.0%, 缂撳瓨鍛戒腑 25.2%, 鏁版嵁鎹熷け 0.1%, 缂撳瓨娣樻卑鐜?0.0%
馃攳 杩佺Щ缁熻: 鎵ц5娆? 鎴愬姛5娆? 鎴愬姛鐜?00.0%
[璋冭瘯] Episode 0008: 寤惰繜 1.284s, 鑳借€?963.75J, 瀹屾垚鐜?96.7%, 杩佺Щ鎴愬姛鐜?100.0%, 缂撳瓨鍛戒腑 25.2%, 鏁版嵁鎹熷け 0.1%, 缂撳瓨娣樻卑鐜?0.0%
[VehicleMigration] handover #1: vehicle V_2 task task_68 RSU_0 -> RSU_1
   Trigger: distance 295.7m > threshold 291.8m (speed 5.5 m/s)
   Score: 515.7 -> 255.7 (improvement 50.4%)
   Queue trend: RSU_0: 4 -> 3, RSU_1: 2 -> 3
[Migration] Executed 1 vehicle-following migrations.
馃攳 杩佺Щ缁熻: 鎵ц6娆? 鎴愬姛6娆? 鎴愬姛鐜?00.0%
[璋冭瘯] Episode 0008: 寤惰繜 1.278s, 鑳借€?989.92J, 瀹屾垚鐜?96.8%, 杩佺Щ鎴愬姛鐜?100.0%, 缂撳瓨鍛戒腑 25.2%, 鏁版嵁鎹熷け 0.1%, 缂撳瓨娣樻卑鐜?0.0%
馃攳 杩佺Щ缁熻: 鎵ц6娆? 鎴愬姛6娆? 鎴愬姛鐜?00.0%
[璋冭瘯] Episode 0008: 寤惰繜 1.207s, 鑳借€?1035.62J, 瀹屾垚鐜?97.0%, 杩佺Щ鎴愬姛鐜?100.0%, 缂撳瓨鍛戒腑 25.1%, 鏁版嵁鎹熷け 0.1%, 缂撳瓨娣樻卑鐜?0.0%
馃攳 杩佺Щ缁熻: 鎵ц6娆? 鎴愬姛6娆? 鎴愬姛鐜?00.0%
[璋冭瘯] Episode 0008: 寤惰繜 1.209s, 鑳借€?1053.80J, 瀹屾垚鐜?97.0%, 杩佺Щ鎴愬姛鐜?100.0%, 缂撳瓨鍛戒腑 25.1%, 鏁版嵁鎹熷け 0.1%, 缂撳瓨娣樻卑鐜?0.0%
馃攳 杩佺Щ缁熻: 鎵ц6娆? 鎴愬姛6娆? 鎴愬姛鐜?00.0%
[璋冭瘯] Episode 0008: 寤惰繜 1.176s, 鑳借€?1063.71J, 瀹屾垚鐜?97.1%, 杩佺Щ鎴愬姛鐜?100.0%, 缂撳瓨鍛戒腑 0.7%, 鏁版嵁鎹熷け 0.1%, 缂撳瓨娣樻卑鐜?0.0%
馃攳 杩佺Щ缁熻: 鎵ц6娆? 鎴愬姛6娆? 鎴愬姛鐜?00.0%
[璋冭瘯] Episode 0008: 寤惰繜 1.145s, 鑳借€?1083.53J, 瀹屾垚鐜?97.2%, 杩佺Щ鎴愬姛鐜?100.0%, 缂撳瓨鍛戒腑 1.4%, 鏁版嵁鎹熷け 0.0%, 缂撳瓨娣樻卑鐜?0.0%
[VehicleMigration] handover #1: vehicle V_2 task task_81 RSU_0 -> RSU_2
   Trigger: distance 292.9m > threshold 292.1m (speed 5.3 m/s)
   Score: 572.9 -> 237.1 (improvement 58.6%)
   Queue trend: RSU_0: 6 -> 5, RSU_2: 1 -> 2
[Migration] Executed 1 vehicle-following migrations.
馃攳 杩佺Щ缁熻: 鎵ц7娆? 鎴愬姛7娆? 鎴愬姛鐜?00.0%
[璋冭瘯] Episode 0008: 寤惰繜 1.138s, 鑳借€?1085.01J, 瀹屾垚鐜?97.2%, 杩佺Щ鎴愬姛鐜?100.0%, 缂撳瓨鍛戒腑 1.4%, 鏁版嵁鎹熷け 0.0%, 缂撳瓨娣樻卑鐜?0.0%
馃攳 杩佺Щ缁熻: 鎵ц7娆? 鎴愬姛7娆? 鎴愬姛鐜?00.0%
[璋冭瘯] Episode 0008: 寤惰繜 1.123s, 鑳借€?1104.64J, 瀹屾垚鐜?97.3%, 杩佺Щ鎴愬姛鐜?100.0%, 缂撳瓨鍛戒腑 2.6%, 鏁版嵁鎹熷け 0.0%, 缂撳瓨娣樻卑鐜?0.0%
[VehicleMigration] handover #1: vehicle V_8 task task_90 UAV_1 -> RSU_0
   Trigger: distance 490.2m > threshold 487.0m (speed 5.2 m/s)
   Score: 620.2 -> 385.3 (improvement 37.9%)
   Queue trend: UAV_1: 1 -> 0, RSU_0: 7 -> 8
[Migration] Executed 1 vehicle-following migrations.
馃攳 杩佺Щ缁熻: 鎵ц8娆? 鎴愬姛8娆? 鎴愬姛鐜?00.0%
[璋冭瘯] Episode 0008: 寤惰繜 1.087s, 鑳借€?1153.54J, 瀹屾垚鐜?97.5%, 杩佺Щ鎴愬姛鐜?100.0%, 缂撳瓨鍛戒腑 2.5%, 鏁版嵁鎹熷け 0.0%, 缂撳瓨娣樻卑鐜?0.0%
馃攳 杩佺Щ缁熻: 鎵ц8娆? 鎴愬姛8娆? 鎴愬姛鐜?00.0%
[璋冭瘯] Episode 0008: 寤惰繜 1.082s, 鑳借€?1165.40J, 瀹屾垚鐜?97.6%, 杩佺Щ鎴愬姛鐜?100.0%, 缂撳瓨鍛戒腑 2.5%, 鏁版嵁鎹熷け 0.0%, 缂撳瓨娣樻卑鐜?0.0%
[VehicleMigration] handover #1: vehicle V_9 task task_96 RSU_0 -> RSU_2
   Trigger: distance 295.5m > threshold 278.5m (speed 14.3 m/s)
   Score: 545.5 -> 234.5 (improvement 57.0%)
   Queue trend: RSU_0: 5 -> 4, RSU_2: 1 -> 2
[Migration] Executed 1 vehicle-following migrations.
馃攳 杩佺Щ缁熻: 鎵ц9娆? 鎴愬姛9娆? 鎴愬姛鐜?00.0%
[璋冭瘯] Episode 0008: 寤惰繜 1.060s, 鑳借€?1192.04J, 瀹屾垚鐜?97.6%, 杩佺Щ鎴愬姛鐜?100.0%, 缂撳瓨鍛戒腑 2.4%, 鏁版嵁鎹熷け 0.0%, 缂撳瓨娣樻卑鐜?0.0%
馃攳 杩佺Щ缁熻: 鎵ц9娆? 鎴愬姛9娆? 鎴愬姛鐜?00.0%
[璋冭瘯] Episode 0008: 寤惰繜 1.049s, 鑳借€?1211.30J, 瀹屾垚鐜?97.7%, 杩佺Щ鎴愬姛鐜?100.0%, 缂撳瓨鍛戒腑 2.4%, 鏁版嵁鎹熷け 0.0%, 缂撳瓨娣樻卑鐜?0.0%
馃攳 杩佺Щ缁熻: 鎵ц9娆? 鎴愬姛9娆? 鎴愬姛鐜?00.0%
[璋冭瘯] Episode 0008: 寤惰繜 1.043s, 鑳借€?1224.91J, 瀹屾垚鐜?97.7%, 杩佺Щ鎴愬姛鐜?100.0%, 缂撳瓨鍛戒腑 2.4%, 鏁版嵁鎹熷け 0.0%, 缂撳瓨娣樻卑鐜?0.0%
浠诲姟鍒嗙被缁熻(100): 绫诲瀷1=0.0%, 绫诲瀷2=10.0%, 绫诲瀷3=40.0%, 绫诲瀷4=50.0%
   褰撳墠浠诲姟: navigation_0004, 1.33s 鈫?绫诲瀷3, 鏁版嵁0.43MB
   馃捑 缂撳瓨缁熻: 鍛戒腑鐜?2.35% (鎬诲懡涓?4, 鏈湴:0, 鏈懡涓?166)
馃攳 杩佺Щ缁熻: 鎵ц9娆? 鎴愬姛9娆? 鎴愬姛鐜?00.0%
[璋冭瘯] Episode 0008: 寤惰繜 1.026s, 鑳借€?1227.93J, 瀹屾垚鐜?97.8%, 杩佺Щ鎴愬姛鐜?100.0%, 缂撳瓨鍛戒腑 3.5%, 鏁版嵁鎹熷け 0.0%, 缂撳瓨娣樻卑鐜?0.0%
馃攳 杩佺Щ缁熻: 鎵ц9娆? 鎴愬姛9娆? 鎴愬姛鐜?00.0%
[璋冭瘯] Episode 0008: 寤惰繜 1.008s, 鑳借€?1255.39J, 瀹屾垚鐜?97.8%, 杩佺Щ鎴愬姛鐜?100.0%, 缂撳瓨鍛戒腑 3.4%, 鏁版嵁鎹熷け 0.0%, 缂撳瓨娣樻卑鐜?0.0%
馃攳 杩佺Щ缁熻: 鎵ц9娆? 鎴愬姛9娆? 鎴愬姛鐜?00.0%
[璋冭瘯] Episode 0008: 寤惰繜 1.001s, 鑳借€?1290.26J, 瀹屾垚鐜?97.9%, 杩佺Щ鎴愬姛鐜?100.0%, 缂撳瓨鍛戒腑 3.3%, 鏁版嵁鎹熷け 0.0%, 缂撳瓨娣樻卑鐜?0.0%
馃攳 杩佺Щ缁熻: 鎵ц9娆? 鎴愬姛9娆? 鎴愬姛鐜?00.0%
[璋冭瘯] Episode 0008: 寤惰繜 0.978s, 鑳借€?1357.58J, 瀹屾垚鐜?98.0%, 杩佺Щ鎴愬姛鐜?100.0%, 缂撳瓨鍛戒腑 3.2%, 鏁版嵁鎹熷け 0.0%, 缂撳瓨娣樻卑鐜?0.0%
馃攳 杩佺Щ缁熻: 鎵ц9娆? 鎴愬姛9娆? 鎴愬姛鐜?00.0%
[璋冭瘯] Episode 0008: 寤惰繜 0.978s, 鑳借€?1357.58J, 瀹屾垚鐜?98.0%, 杩佺Щ鎴愬姛鐜?100.0%, 缂撳瓨鍛戒腑 3.2%, 鏁版嵁鎹熷け 0.0%, 缂撳瓨娣樻卑鐜?0.0%
馃攳 杩佺Щ缁熻: 鎵ц9娆? 鎴愬姛9娆? 鎴愬姛鐜?00.0%
[璋冭瘯] Episode 0008: 寤惰繜 0.980s, 鑳借€?1363.88J, 瀹屾垚鐜?98.0%, 杩佺Щ鎴愬姛鐜?100.0%, 缂撳瓨鍛戒腑 3.2%, 鏁版嵁鎹熷け 0.0%, 缂撳瓨娣樻卑鐜?0.0%
馃攳 杩佺Щ缁熻: 鎵ц9娆? 鎴愬姛9娆? 鎴愬姛鐜?00.0%
[璋冭瘯] Episode 0008: 寤惰繜 0.980s, 鑳借€?1363.88J, 瀹屾垚鐜?97.0%, 杩佺Щ鎴愬姛鐜?100.0%, 缂撳瓨鍛戒腑 3.2%, 鏁版嵁鎹熷け 0.1%, 缂撳瓨娣樻卑鐜?0.0%
馃攳 杩佺Щ缁熻: 鎵ц9娆? 鎴愬姛9娆? 鎴愬姛鐜?00.0%
[璋冭瘯] Episode 0008: 寤惰繜 0.994s, 鑳借€?1367.24J, 瀹屾垚鐜?97.1%, 杩佺Щ鎴愬姛鐜?100.0%, 缂撳瓨鍛戒腑 3.1%, 鏁版嵁鎹熷け 0.1%, 缂撳瓨娣樻卑鐜?0.0%
馃攳 杩佺Щ缁熻: 鎵ц9娆? 鎴愬姛9娆? 鎴愬姛鐜?00.0%
[璋冭瘯] Episode 0008: 寤惰繜 1.011s, 鑳借€?1367.48J, 瀹屾垚鐜?97.1%, 杩佺Щ鎴愬姛鐜?100.0%, 缂撳瓨鍛戒腑 2.9%, 鏁版嵁鎹熷け 0.1%, 缂撳瓨娣樻卑鐜?0.0%
馃攳 杩佺Щ缁熻: 鎵ц9娆? 鎴愬姛9娆? 鎴愬姛鐜?00.0%
[璋冭瘯] Episode 0008: 寤惰繜 1.018s, 鑳借€?1392.02J, 瀹屾垚鐜?96.2%, 杩佺Щ鎴愬姛鐜?100.0%, 缂撳瓨鍛戒腑 2.9%, 鏁版嵁鎹熷け 25.7%, 缂撳瓨娣樻卑鐜?0.0%
馃攳 杩佺Щ缁熻: 鎵ц9娆? 鎴愬姛9娆? 鎴愬姛鐜?00.0%
[璋冭瘯] Episode 0008: 寤惰繜 0.977s, 鑳借€?1472.04J, 瀹屾垚鐜?96.4%, 杩佺Щ鎴愬姛鐜?100.0%, 缂撳瓨鍛戒腑 2.9%, 鏁版嵁鎹熷け 25.6%, 缂撳瓨娣樻卑鐜?0.0%
馃攳 杩佺Щ缁熻: 鎵ц9娆? 鎴愬姛9娆? 鎴愬姛鐜?00.0%
[璋冭瘯] Episode 0008: 寤惰繜 2.413s, 鑳借€?2353.95J, 瀹屾垚鐜?96.5%, 杩佺Щ鎴愬姛鐜?100.0%, 缂撳瓨鍛戒腑 2.9%, 鏁版嵁鎹熷け 19.8%, 缂撳瓨娣樻卑鐜?0.0%
[VehicleMigration] handover #1: vehicle V_9 task task_125 RSU_3 -> RSU_2
   Trigger: distance 284.6m > threshold 278.5m (speed 14.4 m/s)
   Score: 414.6 -> 244.6 (improvement 41.0%)
   Queue trend: RSU_3: 1 -> 0, RSU_2: 2 -> 3
[Migration] Executed 1 vehicle-following migrations.
馃攳 杩佺Щ缁熻: 鎵ц10娆? 鎴愬姛10娆? 鎴愬姛鐜?00.0%
[璋冭瘯] Episode 0008: 寤惰繜 2.428s, 鑳借€?2354.14J, 瀹屾垚鐜?96.5%, 杩佺Щ鎴愬姛鐜?100.0%, 缂撳瓨鍛戒腑 2.8%, 鏁版嵁鎹熷け 19.7%, 缂撳瓨娣樻卑鐜?0.0%
馃攳 杩佺Щ缁熻: 鎵ц10娆? 鎴愬姛10娆? 鎴愬姛鐜?00.0%
[璋冭瘯] Episode 0008: 寤惰繜 2.417s, 鑳借€?2391.55J, 瀹屾垚鐜?95.7%, 杩佺Щ鎴愬姛鐜?100.0%, 缂撳瓨鍛戒腑 2.6%, 鏁版嵁鎹熷け 16.7%, 缂撳瓨娣樻卑鐜?0.0%
馃攳 杩佺Щ缁熻: 鎵ц10娆? 鎴愬姛10娆? 鎴愬姛鐜?00.0%
[璋冭瘯] Episode 0008: 寤惰繜 2.300s, 鑳借€?2454.08J, 瀹屾垚鐜?95.1%, 杩佺Щ鎴愬姛鐜?100.0%, 缂撳瓨鍛戒腑 2.6%, 鏁版嵁鎹熷け 16.7%, 缂撳瓨娣樻卑鐜?0.0%
馃攳 杩佺Щ缁熻: 鎵ц10娆? 鎴愬姛10娆? 鎴愬姛鐜?00.0%
[璋冭瘯] Episode 0008: 寤惰繜 2.266s, 鑳借€?2485.30J, 瀹屾垚鐜?94.4%, 杩佺Щ鎴愬姛鐜?100.0%, 缂撳瓨鍛戒腑 2.6%, 鏁版嵁鎹熷け 16.7%, 缂撳瓨娣樻卑鐜?0.0%
馃攳 杩佺Щ缁熻: 鎵ц10娆? 鎴愬姛10娆? 鎴愬姛鐜?00.0%
[璋冭瘯] Episode 0008: 寤惰繜 2.241s, 鑳借€?2493.11J, 瀹屾垚鐜?94.5%, 杩佺Щ鎴愬姛鐜?100.0%, 缂撳瓨鍛戒腑 2.6%, 鏁版嵁鎹熷け 16.7%, 缂撳瓨娣樻卑鐜?0.0%
馃攳 杩佺Щ缁熻: 鎵ц10娆? 鎴愬姛10娆? 鎴愬姛鐜?00.0%
[璋冭瘯] Episode 0008: 寤惰繜 2.531s, 鑳借€?2734.53J, 瀹屾垚鐜?94.7%, 杩佺Щ鎴愬姛鐜?100.0%, 缂撳瓨鍛戒腑 2.6%, 鏁版嵁鎹熷け 16.1%, 缂撳瓨娣樻卑鐜?0.0%
馃攳 杩佺Щ缁熻: 鎵ц10娆? 鎴愬姛10娆? 鎴愬姛鐜?00.0%
[璋冭瘯] Episode 0008: 寤惰繜 2.495s, 鑳借€?2737.55J, 瀹屾垚鐜?94.7%, 杩佺Щ鎴愬姛鐜?100.0%, 缂撳瓨鍛戒腑 3.0%, 鏁版嵁鎹熷け 16.1%, 缂撳瓨娣樻卑鐜?0.0%
馃攳 杩佺Щ缁熻: 鎵ц10娆? 鎴愬姛10娆? 鎴愬姛鐜?00.0%
[璋冭瘯] Episode 0008: 寤惰繜 2.486s, 鑳借€?2747.67J, 瀹屾垚鐜?94.8%, 杩佺Щ鎴愬姛鐜?100.0%, 缂撳瓨鍛戒腑 3.4%, 鏁版嵁鎹熷け 16.0%, 缂撳瓨娣樻卑鐜?0.0%
馃攳 杩佺Щ缁熻: 鎵ц10娆? 鎴愬姛10娆? 鎴愬姛鐜?00.0%
[璋冭瘯] Episode 0008: 寤惰繜 2.449s, 鑳借€?2750.69J, 瀹屾垚鐜?94.9%, 杩佺Щ鎴愬姛鐜?100.0%, 缂撳瓨鍛戒腑 3.7%, 鏁版嵁鎹熷け 16.0%, 缂撳瓨娣樻卑鐜?0.0%
馃攳 杩佺Щ缁熻: 鎵ц10娆? 鎴愬姛10娆? 鎴愬姛鐜?00.0%
[璋冭瘯] Episode 0008: 寤惰繜 2.449s, 鑳借€?2750.69J, 瀹屾垚鐜?94.2%, 杩佺Щ鎴愬姛鐜?100.0%, 缂撳瓨鍛戒腑 4.0%, 鏁版嵁鎹熷け 16.0%, 缂撳瓨娣樻卑鐜?0.0%
馃攳 杩佺Щ缁熻: 鎵ц10娆? 鎴愬姛10娆? 鎴愬姛鐜?00.0%
[璋冭瘯] Episode 0008: 寤惰繜 2.388s, 鑳借€?2816.55J, 瀹屾垚鐜?94.3%, 杩佺Щ鎴愬姛鐜?100.0%, 缂撳瓨鍛戒腑 4.0%, 鏁版嵁鎹熷け 16.0%, 缂撳瓨娣樻卑鐜?0.0%
馃攳 杩佺Щ缁熻: 鎵ц10娆? 鎴愬姛10娆? 鎴愬姛鐜?00.0%
[璋冭瘯] Episode 0008: 寤惰繜 2.339s, 鑳借€?2829.39J, 瀹屾垚鐜?94.4%, 杩佺Щ鎴愬姛鐜?100.0%, 缂撳瓨鍛戒腑 4.4%, 鏁版嵁鎹熷け 16.0%, 缂撳瓨娣樻卑鐜?0.0%
[VehicleMigration] handover #1: vehicle V_3 task task_127 RSU_3 -> RSU_0
   Trigger: distance 899.4m > threshold 273.2m (speed 17.9 m/s)
   Score: 1029.4 -> 549.4 (improvement 46.6%)
   Queue trend: RSU_3: 1 -> 0, RSU_0: 5 -> 6
[Migration] Executed 1 vehicle-following migrations.
馃攳 杩佺Щ缁熻: 鎵ц11娆? 鎴愬姛11娆? 鎴愬姛鐜?00.0%
[璋冭瘯] Episode 0008: 寤惰繜 2.318s, 鑳借€?2842.31J, 瀹屾垚鐜?94.5%, 杩佺Щ鎴愬姛鐜?100.0%, 缂撳瓨鍛戒腑 4.4%, 鏁版嵁鎹熷け 16.0%, 缂撳瓨娣樻卑鐜?0.0%
馃攳 杩佺Щ缁熻: 鎵ц11娆? 鎴愬姛11娆? 鎴愬姛鐜?00.0%
[璋冭瘯] Episode 0008: 寤惰繜 2.304s, 鑳借€?2850.10J, 瀹屾垚鐜?94.0%, 杩佺Щ鎴愬姛鐜?100.0%, 缂撳瓨鍛戒腑 4.7%, 鏁版嵁鎹熷け 15.9%, 缂撳瓨娣樻卑鐜?0.0%
馃攳 杩佺Щ缁熻: 鎵ц11娆? 鎴愬姛11娆? 鎴愬姛鐜?00.0%
[璋冭瘯] Episode 0008: 寤惰繜 2.300s, 鑳借€?2853.11J, 瀹屾垚鐜?94.0%, 杩佺Щ鎴愬姛鐜?100.0%, 缂撳瓨鍛戒腑 4.6%, 鏁版嵁鎹熷け 15.9%, 缂撳瓨娣樻卑鐜?0.0%
馃攳 杩佺Щ缁熻: 鎵ц11娆? 鎴愬姛11娆? 鎴愬姛鐜?00.0%
[璋冭瘯] Episode 0008: 寤惰繜 2.309s, 鑳借€?2853.33J, 瀹屾垚鐜?94.0%, 杩佺Щ鎴愬姛鐜?100.0%, 缂撳瓨鍛戒腑 4.6%, 鏁版嵁鎹熷け 15.9%, 缂撳瓨娣樻卑鐜?0.0%
馃攳 杩佺Щ缁熻: 鎵ц11娆? 鎴愬姛11娆? 鎴愬姛鐜?00.0%
[璋冭瘯] Episode 0008: 寤惰繜 2.262s, 鑳借€?2887.25J, 瀹屾垚鐜?93.5%, 杩佺Щ鎴愬姛鐜?100.0%, 缂撳瓨鍛戒腑 4.9%, 鏁版嵁鎹熷け 15.9%, 缂撳瓨娣樻卑鐜?0.0%
馃攳 杩佺Щ缁熻: 鎵ц11娆? 鎴愬姛11娆? 鎴愬姛鐜?00.0%
[璋冭瘯] Episode 0008: 寤惰繜 2.277s, 鑳借€?2887.50J, 瀹屾垚鐜?92.3%, 杩佺Щ鎴愬姛鐜?100.0%, 缂撳瓨鍛戒腑 5.1%, 鏁版嵁鎹熷け 16.0%, 缂撳瓨娣樻卑鐜?0.0%
馃攳 杩佺Щ缁熻: 鎵ц11娆? 鎴愬姛11娆? 鎴愬姛鐜?00.0%
[璋冭瘯] Episode 0008: 寤惰繜 2.264s, 鑳借€?2889.91J, 瀹屾垚鐜?92.4%, 杩佺Щ鎴愬姛鐜?100.0%, 缂撳瓨鍛戒腑 5.1%, 鏁版嵁鎹熷け 16.0%, 缂撳瓨娣樻卑鐜?0.0%
馃攳 杩佺Щ缁熻: 鎵ц11娆? 鎴愬姛11娆? 鎴愬姛鐜?00.0%
[璋冭瘯] Episode 0008: 寤惰繜 2.243s, 鑳借€?2925.47J, 瀹屾垚鐜?92.5%, 杩佺Щ鎴愬姛鐜?100.0%, 缂撳瓨鍛戒腑 5.1%, 鏁版嵁鎹熷け 16.0%, 缂撳瓨娣樻卑鐜?0.0%
馃攳 杩佺Щ缁熻: 鎵ц11娆? 鎴愬姛11娆? 鎴愬姛鐜?00.0%
[璋冭瘯] Episode 0008: 寤惰繜 2.190s, 鑳借€?2958.21J, 瀹屾垚鐜?92.6%, 杩佺Щ鎴愬姛鐜?100.0%, 缂撳瓨鍛戒腑 5.0%, 鏁版嵁鎹熷け 15.9%, 缂撳瓨娣樻卑鐜?0.0%
馃攳 杩佺Щ缁熻: 鎵ц11娆? 鎴愬姛11娆? 鎴愬姛鐜?00.0%
[璋冭瘯] Episode 0008: 寤惰繜 2.151s, 鑳借€?2969.16J, 瀹屾垚鐜?92.8%, 杩佺Щ鎴愬姛鐜?100.0%, 缂撳瓨鍛戒腑 5.0%, 鏁版嵁鎹熷け 15.9%, 缂撳瓨娣樻卑鐜?0.0%
馃攳 杩佺Щ缁熻: 鎵ц11娆? 鎴愬姛11娆? 鎴愬姛鐜?00.0%
[璋冭瘯] Episode 0008: 寤惰繜 2.146s, 鑳借€?2987.87J, 瀹屾垚鐜?92.9%, 杩佺Щ鎴愬姛鐜?100.0%, 缂撳瓨鍛戒腑 4.9%, 鏁版嵁鎹熷け 15.9%, 缂撳瓨娣樻卑鐜?0.0%
馃攳 杩佺Щ缁熻: 鎵ц11娆? 鎴愬姛11娆? 鎴愬姛鐜?00.0%
[璋冭瘯] Episode 0008: 寤惰繜 2.095s, 鑳借€?3001.20J, 瀹屾垚鐜?93.1%, 杩佺Щ鎴愬姛鐜?100.0%, 缂撳瓨鍛戒腑 6.1%, 鏁版嵁鎹熷け 15.9%, 缂撳瓨娣樻卑鐜?0.0%
馃攳 杩佺Щ缁熻: 鎵ц11娆? 鎴愬姛11娆? 鎴愬姛鐜?00.0%
[璋冭瘯] Episode 0008: 寤惰繜 2.102s, 鑳借€?3001.34J, 瀹屾垚鐜?93.1%, 杩佺Щ鎴愬姛鐜?100.0%, 缂撳瓨鍛戒腑 6.1%, 鏁版嵁鎹熷け 15.8%, 缂撳瓨娣樻卑鐜?0.0%
馃攳 杩佺Щ缁熻: 鎵ц11娆? 鎴愬姛11娆? 鎴愬姛鐜?00.0%
[璋冭瘯] Episode 0008: 寤惰繜 2.029s, 鑳借€?3057.94J, 瀹屾垚鐜?93.3%, 杩佺Щ鎴愬姛鐜?100.0%, 缂撳瓨鍛戒腑 6.1%, 鏁版嵁鎹熷け 15.8%, 缂撳瓨娣樻卑鐜?0.0%
馃攳 杩佺Щ缁熻: 鎵ц11娆? 鎴愬姛11娆? 鎴愬姛鐜?00.0%
[璋冭瘯] Episode 0008: 寤惰繜 2.017s, 鑳借€?3067.85J, 瀹屾垚鐜?93.3%, 杩佺Щ鎴愬姛鐜?100.0%, 缂撳瓨鍛戒腑 6.0%, 鏁版嵁鎹熷け 15.8%, 缂撳瓨娣樻卑鐜?0.0%
馃攳 杩佺Щ缁熻: 鎵ц11娆? 鎴愬姛11娆? 鎴愬姛鐜?00.0%
[璋冭瘯] Episode 0008: 寤惰繜 1.994s, 鑳借€?3077.76J, 瀹屾垚鐜?93.4%, 杩佺Щ鎴愬姛鐜?100.0%, 缂撳瓨鍛戒腑 6.6%, 鏁版嵁鎹熷け 13.4%, 缂撳瓨娣樻卑鐜?0.0%
馃攳 杩佺Щ缁熻: 鎵ц11娆? 鎴愬姛11娆? 鎴愬姛鐜?00.0%
[璋冭瘯] Episode 0008: 寤惰繜 1.972s, 鑳借€?3095.05J, 瀹屾垚鐜?93.5%, 杩佺Щ鎴愬姛鐜?100.0%, 缂撳瓨鍛戒腑 7.1%, 鏁版嵁鎹熷け 13.4%, 缂撳瓨娣樻卑鐜?0.0%
馃攳 杩佺Щ缁熻: 鎵ц11娆? 鎴愬姛11娆? 鎴愬姛鐜?00.0%
[璋冭瘯] Episode 0008: 寤惰繜 1.979s, 鑳借€?3095.20J, 瀹屾垚鐜?93.0%, 杩佺Щ鎴愬姛鐜?100.0%, 缂撳瓨鍛戒腑 7.0%, 鏁版嵁鎹熷け 13.4%, 缂撳瓨娣樻卑鐜?0.0%
馃攳 杩佺Щ缁熻: 鎵ц11娆? 鎴愬姛11娆? 鎴愬姛鐜?00.0%
[璋冭瘯] Episode 0008: 寤惰繜 1.922s, 鑳借€?3142.73J, 瀹屾垚鐜?93.2%, 杩佺Щ鎴愬姛鐜?100.0%, 缂撳瓨鍛戒腑 7.8%, 鏁版嵁鎹熷け 13.3%, 缂撳瓨娣樻卑鐜?0.0%
馃攳 杩佺Щ缁熻: 鎵ц11娆? 鎴愬姛11娆? 鎴愬姛鐜?00.0%
[璋冭瘯] Episode 0008: 寤惰繜 1.907s, 鑳借€?3167.19J, 瀹屾垚鐜?93.3%, 杩佺Щ鎴愬姛鐜?100.0%, 缂撳瓨鍛戒腑 8.0%, 鏁版嵁鎹熷け 13.3%, 缂撳瓨娣樻卑鐜?0.0%
浠诲姟鍒嗙被缁熻(200): 绫诲瀷1=0.0%, 绫诲瀷2=7.5%, 绫诲瀷3=43.5%, 绫诲瀷4=49.0%
   褰撳墠浠诲姟: navigation_0013, 0.89s 鈫?绫诲瀷3, 鏁版嵁0.60MB
   馃捑 缂撳瓨缁熻: 鍛戒腑鐜?7.93% (鎬诲懡涓?26, 鏈湴:0, 鏈懡涓?302)
馃攳 杩佺Щ缁熻: 鎵ц11娆? 鎴愬姛11娆? 鎴愬姛鐜?00.0%
[璋冭瘯] Episode 0008: 寤惰繜 1.879s, 鑳借€?3218.46J, 瀹屾垚鐜?93.4%, 杩佺Щ鎴愬姛鐜?100.0%, 缂撳瓨鍛戒腑 8.4%, 鏁版嵁鎹熷け 11.6%, 缂撳瓨娣樻卑鐜?0.0%
馃攳 杩佺Щ缁熻: 鎵ц11娆? 鎴愬姛11娆? 鎴愬姛鐜?00.0%
[璋冭瘯] Episode 0008: 寤惰繜 1.870s, 鑳借€?3228.36J, 瀹屾垚鐜?93.5%, 杩佺Щ鎴愬姛鐜?100.0%, 缂撳瓨鍛戒腑 8.4%, 鏁版嵁鎹熷け 11.6%, 缂撳瓨娣樻卑鐜?0.0%
馃攳 杩佺Щ缁熻: 鎵ц11娆? 鎴愬姛11娆? 鎴愬姛鐜?00.0%
[璋冭瘯] Episode 0008: 寤惰繜 1.870s, 鑳借€?3228.37J, 瀹屾垚鐜?93.5%, 杩佺Щ鎴愬姛鐜?100.0%, 缂撳瓨鍛戒腑 8.4%, 鏁版嵁鎹熷け 11.6%, 缂撳瓨娣樻卑鐜?0.0%
馃攳 杩佺Щ缁熻: 鎵ц11娆? 鎴愬姛11娆? 鎴愬姛鐜?00.0%
[璋冭瘯] Episode 0008: 寤惰繜 1.862s, 鑳借€?3228.44J, 瀹屾垚鐜?93.5%, 杩佺Щ鎴愬姛鐜?100.0%, 缂撳瓨鍛戒腑 8.7%, 鏁版嵁鎹熷け 11.6%, 缂撳瓨娣樻卑鐜?0.0%
馃攳 杩佺Щ缁熻: 鎵ц11娆? 鎴愬姛11娆? 鎴愬姛鐜?00.0%
[璋冭瘯] Episode 0008: 寤惰繜 1.836s, 鑳借€?3262.15J, 瀹屾垚鐜?93.6%, 杩佺Щ鎴愬姛鐜?100.0%, 缂撳瓨鍛戒腑 8.5%, 鏁版嵁鎹熷け 11.5%, 缂撳瓨娣樻卑鐜?0.0%
馃攳 杩佺Щ缁熻: 鎵ц11娆? 鎴愬姛11娆? 鎴愬姛鐜?00.0%
[璋冭瘯] Episode 0008: 寤惰繜 1.828s, 鑳借€?3272.06J, 瀹屾垚鐜?93.6%, 杩佺Щ鎴愬姛鐜?100.0%, 缂撳瓨鍛戒腑 8.5%, 鏁版嵁鎹熷け 11.5%, 缂撳瓨娣樻卑鐜?0.0%
馃攳 杩佺Щ缁熻: 鎵ц11娆? 鎴愬姛11娆? 鎴愬姛鐜?00.0%
[璋冭瘯] Episode 0008: 寤惰繜 1.780s, 鑳借€?3302.89J, 瀹屾垚鐜?93.8%, 杩佺Щ鎴愬姛鐜?100.0%, 缂撳瓨鍛戒腑 9.4%, 鏁版嵁鎹熷け 11.5%, 缂撳瓨娣樻卑鐜?0.0%
馃攳 杩佺Щ缁熻: 鎵ц11娆? 鎴愬姛11娆? 鎴愬姛鐜?00.0%
[璋冭瘯] Episode 0008: 寤惰繜 1.763s, 鑳借€?3312.79J, 瀹屾垚鐜?93.9%, 杩佺Щ鎴愬姛鐜?100.0%, 缂撳瓨鍛戒腑 9.6%, 鏁版嵁鎹熷け 11.5%, 缂撳瓨娣樻卑鐜?0.0%
馃攳 杩佺Щ缁熻: 鎵ц11娆? 鎴愬姛11娆? 鎴愬姛鐜?00.0%
[璋冭瘯] Episode 0008: 寤惰繜 1.740s, 鑳借€?3357.37J, 瀹屾垚鐜?94.0%, 杩佺Щ鎴愬姛鐜?100.0%, 缂撳瓨鍛戒腑 9.6%, 鏁版嵁鎹熷け 11.5%, 缂撳瓨娣樻卑鐜?0.0%
馃攳 杩佺Щ缁熻: 鎵ц11娆? 鎴愬姛11娆? 鎴愬姛鐜?00.0%
[璋冭瘯] Episode 0008: 寤惰繜 1.740s, 鑳借€?3357.37J, 瀹屾垚鐜?94.0%, 杩佺Щ鎴愬姛鐜?100.0%, 缂撳瓨鍛戒腑 9.8%, 鏁版嵁鎹熷け 11.5%, 缂撳瓨娣樻卑鐜?0.0%
馃攳 杩佺Щ缁熻: 鎵ц11娆? 鎴愬姛11娆? 鎴愬姛鐜?00.0%
[璋冭瘯] Episode 0008: 寤惰繜 1.732s, 鑳借€?3357.38J, 瀹屾垚鐜?94.0%, 杩佺Щ鎴愬姛鐜?100.0%, 缂撳瓨鍛戒腑 10.2%, 鏁版嵁鎹熷け 11.5%, 缂撳瓨娣樻卑鐜?0.0%
馃攳 杩佺Щ缁熻: 鎵ц11娆? 鎴愬姛11娆? 鎴愬姛鐜?00.0%
[璋冭瘯] Episode 0008: 寤惰繜 1.736s, 鑳借€?3357.47J, 瀹屾垚鐜?93.5%, 杩佺Щ鎴愬姛鐜?100.0%, 缂撳瓨鍛戒腑 10.1%, 鏁版嵁鎹熷け 24.3%, 缂撳瓨娣樻卑鐜?0.0%
馃攳 杩佺Щ缁熻: 鎵ц11娆? 鎴愬姛11娆? 鎴愬姛鐜?00.0%
[璋冭瘯] Episode 0008: 寤惰繜 1.724s, 鑳借€?3367.95J, 瀹屾垚鐜?93.6%, 杩佺Щ鎴愬姛鐜?100.0%, 缂撳瓨鍛戒腑 10.0%, 鏁版嵁鎹熷け 24.3%, 缂撳瓨娣樻卑鐜?0.0%
馃攳 杩佺Щ缁熻: 鎵ц11娆? 鎴愬姛11娆? 鎴愬姛鐜?00.0%
[璋冭瘯] Episode 0008: 寤惰繜 1.701s, 鑳借€?3394.59J, 瀹屾垚鐜?93.7%, 杩佺Щ鎴愬姛鐜?100.0%, 缂撳瓨鍛戒腑 10.2%, 鏁版嵁鎹熷け 24.3%, 缂撳瓨娣樻卑鐜?0.0%
馃攳 杩佺Щ缁熻: 鎵ц11娆? 鎴愬姛11娆? 鎴愬姛鐜?00.0%
[璋冭瘯] Episode 0008: 寤惰繜 1.669s, 鑳借€?3426.51J, 瀹屾垚鐜?93.8%, 杩佺Щ鎴愬姛鐜?100.0%, 缂撳瓨鍛戒腑 11.1%, 鏁版嵁鎹熷け 24.2%, 缂撳瓨娣樻卑鐜?0.0%
馃攳 杩佺Щ缁熻: 鎵ц11娆? 鎴愬姛11娆? 鎴愬姛鐜?00.0%
[璋冭瘯] Episode 0008: 寤惰繜 1.641s, 鑳借€?3457.22J, 瀹屾垚鐜?94.0%, 杩佺Щ鎴愬姛鐜?100.0%, 缂撳瓨鍛戒腑 11.8%, 鏁版嵁鎹熷け 24.1%, 缂撳瓨娣樻卑鐜?0.0%
馃攳 杩佺Щ缁熻: 鎵ц11娆? 鎴愬姛11娆? 鎴愬姛鐜?00.0%
[璋冭瘯] Episode 0008: 寤惰繜 1.627s, 鑳借€?3458.52J, 瀹屾垚鐜?94.0%, 杩佺Щ鎴愬姛鐜?100.0%, 缂撳瓨鍛戒腑 12.2%, 鏁版嵁鎹熷け 24.1%, 缂撳瓨娣樻卑鐜?0.0%
馃攳 杩佺Щ缁熻: 鎵ц11娆? 鎴愬姛11娆? 鎴愬姛鐜?00.0%
[璋冭瘯] Episode 0008: 寤惰繜 1.607s, 鑳借€?3506.77J, 瀹屾垚鐜?94.1%, 杩佺Щ鎴愬姛鐜?100.0%, 缂撳瓨鍛戒腑 12.2%, 鏁版嵁鎹熷け 24.1%, 缂撳瓨娣樻卑鐜?0.0%
馃攳 杩佺Щ缁熻: 鎵ц11娆? 鎴愬姛11娆? 鎴愬姛鐜?00.0%
[璋冭瘯] Episode 0008: 寤惰繜 1.575s, 鑳借€?3553.23J, 瀹屾垚鐜?94.2%, 杩佺Щ鎴愬姛鐜?100.0%, 缂撳瓨鍛戒腑 12.5%, 鏁版嵁鎹熷け 24.0%, 缂撳瓨娣樻卑鐜?0.0%
馃攳 杩佺Щ缁熻: 鎵ц11娆? 鎴愬姛11娆? 鎴愬姛鐜?00.0%
[璋冭瘯] Episode 0008: 寤惰繜 1.584s, 鑳借€?3563.69J, 瀹屾垚鐜?94.2%, 杩佺Щ鎴愬姛鐜?100.0%, 缂撳瓨鍛戒腑 12.3%, 鏁版嵁鎹熷け 23.4%, 缂撳瓨娣樻卑鐜?0.0%
馃攳 杩佺Щ缁熻: 鎵ц11娆? 鎴愬姛11娆? 鎴愬姛鐜?00.0%
[璋冭瘯] Episode 0008: 寤惰繜 1.560s, 鑳借€?3602.81J, 瀹屾垚鐜?94.4%, 杩佺Щ鎴愬姛鐜?100.0%, 缂撳瓨鍛戒腑 12.4%, 鏁版嵁鎹熷け 22.4%, 缂撳瓨娣樻卑鐜?0.0%
馃攳 杩佺Щ缁熻: 鎵ц11娆? 鎴愬姛11娆? 鎴愬姛鐜?00.0%
[璋冭瘯] Episode 0008: 寤惰繜 1.528s, 鑳借€?3628.92J, 瀹屾垚鐜?94.5%, 杩佺Щ鎴愬姛鐜?100.0%, 缂撳瓨鍛戒腑 13.5%, 鏁版嵁鎹熷け 22.3%, 缂撳瓨娣樻卑鐜?0.0%
馃攳 杩佺Щ缁熻: 鎵ц11娆? 鎴愬姛11娆? 鎴愬姛鐜?00.0%
[璋冭瘯] Episode 0008: 寤惰繜 1.534s, 鑳借€?3655.86J, 瀹屾垚鐜?94.5%, 杩佺Щ鎴愬姛鐜?100.0%, 缂撳瓨鍛戒腑 13.2%, 鏁版嵁鎹熷け 18.3%, 缂撳瓨娣樻卑鐜?0.0%
馃攳 杩佺Щ缁熻: 鎵ц11娆? 鎴愬姛11娆? 鎴愬姛鐜?00.0%
[璋冭瘯] Episode 0008: 寤惰繜 1.496s, 鑳借€?3723.90J, 瀹屾垚鐜?94.7%, 杩佺Щ鎴愬姛鐜?100.0%, 缂撳瓨鍛戒腑 13.8%, 鏁版嵁鎹熷け 18.2%, 缂撳瓨娣樻卑鐜?0.0%
馃攳 杩佺Щ缁熻: 鎵ц11娆? 鎴愬姛11娆? 鎴愬姛鐜?00.0%
[璋冭瘯] Episode 0008: 寤惰繜 1.469s, 鑳借€?3751.21J, 瀹屾垚鐜?94.8%, 杩佺Щ鎴愬姛鐜?100.0%, 缂撳瓨鍛戒腑 14.9%, 鏁版嵁鎹熷け 18.2%, 缂撳瓨娣樻卑鐜?0.0%
馃攳 杩佺Щ缁熻: 鎵ц11娆? 鎴愬姛11娆? 鎴愬姛鐜?00.0%
[璋冭瘯] Episode 0008: 寤惰繜 1.448s, 鑳借€?3788.94J, 瀹屾垚鐜?94.9%, 杩佺Щ鎴愬姛鐜?100.0%, 缂撳瓨鍛戒腑 15.3%, 鏁版嵁鎹熷け 18.1%, 缂撳瓨娣樻卑鐜?0.0%
馃攳 杩佺Щ缁熻: 鎵ц11娆? 鎴愬姛11娆? 鎴愬姛鐜?00.0%
[璋冭瘯] Episode 0008: 寤惰繜 1.422s, 鑳借€?3815.63J, 瀹屾垚鐜?95.0%, 杩佺Щ鎴愬姛鐜?100.0%, 缂撳瓨鍛戒腑 16.2%, 鏁版嵁鎹熷け 18.1%, 缂撳瓨娣樻卑鐜?0.0%
馃攳 杩佺Щ缁熻: 鎵ц11娆? 鎴愬姛11娆? 鎴愬姛鐜?00.0%
[璋冭瘯] Episode 0008: 寤惰繜 1.403s, 鑳借€?3875.08J, 瀹屾垚鐜?95.0%, 杩佺Щ鎴愬姛鐜?100.0%, 缂撳瓨鍛戒腑 16.2%, 鏁版嵁鎹熷け 18.1%, 缂撳瓨娣樻卑鐜?0.0%
馃攳 杩佺Щ缁熻: 鎵ц11娆? 鎴愬姛11娆? 鎴愬姛鐜?00.0%
[璋冭瘯] Episode 0008: 寤惰繜 1.399s, 鑳借€?3908.12J, 瀹屾垚鐜?95.1%, 杩佺Щ鎴愬姛鐜?100.0%, 缂撳瓨鍛戒腑 16.0%, 鏁版嵁鎹熷け 18.1%, 缂撳瓨娣樻卑鐜?0.0%
馃攳 杩佺Щ缁熻: 鎵ц11娆? 鎴愬姛11娆? 鎴愬姛鐜?00.0%
[璋冭瘯] Episode 0008: 寤惰繜 1.402s, 鑳借€?3908.27J, 瀹屾垚鐜?95.1%, 杩佺Щ鎴愬姛鐜?100.0%, 缂撳瓨鍛戒腑 15.9%, 鏁版嵁鎹熷け 16.9%, 缂撳瓨娣樻卑鐜?0.0%
馃攳 杩佺Щ缁熻: 鎵ц11娆? 鎴愬姛11娆? 鎴愬姛鐜?00.0%
[璋冭瘯] Episode 0008: 寤惰繜 1.392s, 鑳借€?3934.41J, 瀹屾垚鐜?95.1%, 杩佺Щ鎴愬姛鐜?100.0%, 缂撳瓨鍛戒腑 15.8%, 鏁版嵁鎹熷け 16.9%, 缂撳瓨娣樻卑鐜?0.0%
馃攳 杩佺Щ缁熻: 鎵ц11娆? 鎴愬姛11娆? 鎴愬姛鐜?00.0%
[璋冭瘯] Episode 0008: 寤惰繜 1.387s, 鑳借€?3951.07J, 瀹屾垚鐜?95.1%, 杩佺Щ鎴愬姛鐜?100.0%, 缂撳瓨鍛戒腑 15.7%, 鏁版嵁鎹熷け 16.9%, 缂撳瓨娣樻卑鐜?0.0%
馃攳 杩佺Щ缁熻: 鎵ц11娆? 鎴愬姛11娆? 鎴愬姛鐜?00.0%
[璋冭瘯] Episode 0008: 寤惰繜 1.385s, 鑳借€?3976.04J, 瀹屾垚鐜?95.2%, 杩佺Щ鎴愬姛鐜?100.0%, 缂撳瓨鍛戒腑 15.7%, 鏁版嵁鎹熷け 16.8%, 缂撳瓨娣樻卑鐜?0.0%
浠诲姟鍒嗙被缁熻(300): 绫诲瀷1=0.0%, 绫诲瀷2=7.3%, 绫诲瀷3=42.3%, 绫诲瀷4=50.3%
   褰撳墠浠诲姟: traffic_info, 0.90s 鈫?绫诲瀷4, 鏁版嵁0.08MB
   馃捑 缂撳瓨缁熻: 鍛戒腑鐜?15.62% (鎬诲懡涓?80, 鏈湴:0, 鏈懡涓?432)
馃攳 杩佺Щ缁熻: 鎵ц11娆? 鎴愬姛11娆? 鎴愬姛鐜?00.0%
[璋冭瘯] Episode 0008: 寤惰繜 1.366s, 鑳借€?4010.22J, 瀹屾垚鐜?95.2%, 杩佺Щ鎴愬姛鐜?100.0%, 缂撳瓨鍛戒腑 15.7%, 鏁版嵁鎹熷け 16.8%, 缂撳瓨娣樻卑鐜?0.0%
馃攳 杩佺Щ缁熻: 鎵ц11娆? 鎴愬姛11娆? 鎴愬姛鐜?00.0%
[璋冭瘯] Episode 0008: 寤惰繜 1.360s, 鑳借€?4024.45J, 瀹屾垚鐜?95.3%, 杩佺Щ鎴愬姛鐜?100.0%, 缂撳瓨鍛戒腑 16.1%, 鏁版嵁鎹熷け 16.8%, 缂撳瓨娣樻卑鐜?0.0%
馃攳 杩佺Щ缁熻: 鎵ц11娆? 鎴愬姛11娆? 鎴愬姛鐜?00.0%
[璋冭瘯] Episode 0008: 寤惰繜 1.352s, 鑳借€?4043.74J, 瀹屾垚鐜?95.3%, 杩佺Щ鎴愬姛鐜?100.0%, 缂撳瓨鍛戒腑 16.5%, 鏁版嵁鎹熷け 16.8%, 缂撳瓨娣樻卑鐜?0.0%
馃攳 杩佺Щ缁熻: 鎵ц11娆? 鎴愬姛11娆? 鎴愬姛鐜?00.0%
[璋冭瘯] Episode 0008: 寤惰繜 1.344s, 鑳借€?4046.76J, 瀹屾垚鐜?95.0%, 杩佺Щ鎴愬姛鐜?100.0%, 缂撳瓨鍛戒腑 16.7%, 鏁版嵁鎹熷け 24.8%, 缂撳瓨娣樻卑鐜?0.0%
馃攳 杩佺Щ缁熻: 鎵ц11娆? 鎴愬姛11娆? 鎴愬姛鐜?00.0%
[璋冭瘯] Episode 0008: 寤惰繜 1.336s, 鑳借€?4056.67J, 瀹屾垚鐜?95.0%, 杩佺Щ鎴愬姛鐜?100.0%, 缂撳瓨鍛戒腑 16.9%, 鏁版嵁鎹熷け 24.8%, 缂撳瓨娣樻卑鐜?0.0%
馃攳 杩佺Щ缁熻: 鎵ц11娆? 鎴愬姛11娆? 鎴愬姛鐜?00.0%
[璋冭瘯] Episode 0008: 寤惰繜 1.334s, 鑳借€?4066.71J, 瀹屾垚鐜?94.8%, 杩佺Щ鎴愬姛鐜?100.0%, 缂撳瓨鍛戒腑 16.9%, 鏁版嵁鎹熷け 26.1%, 缂撳瓨娣樻卑鐜?0.0%
馃攳 杩佺Щ缁熻: 鎵ц11娆? 鎴愬姛11娆? 鎴愬姛鐜?00.0%
[璋冭瘯] Episode 0008: 寤惰繜 1.336s, 鑳借€?4099.96J, 瀹屾垚鐜?94.5%, 杩佺Щ鎴愬姛鐜?100.0%, 缂撳瓨鍛戒腑 16.7%, 鏁版嵁鎹熷け 34.0%, 缂撳瓨娣樻卑鐜?0.0%
馃攳 杩佺Щ缁熻: 鎵ц11娆? 鎴愬姛11娆? 鎴愬姛鐜?00.0%
[璋冭瘯] Episode 0008: 寤惰繜 1.327s, 鑳借€?4099.97J, 瀹屾垚鐜?94.5%, 杩佺Щ鎴愬姛鐜?100.0%, 缂撳瓨鍛戒腑 17.2%, 鏁版嵁鎹熷け 34.0%, 缂撳瓨娣樻卑鐜?0.0%
馃攳 杩佺Щ缁熻: 鎵ц11娆? 鎴愬姛11娆? 鎴愬姛鐜?00.0%
[璋冭瘯] Episode 0008: 寤惰繜 1.318s, 鑳借€?4109.88J, 瀹屾垚鐜?94.6%, 杩佺Щ鎴愬姛鐜?100.0%, 缂撳瓨鍛戒腑 17.4%, 鏁版嵁鎹熷け 34.0%, 缂撳瓨娣樻卑鐜?0.0%
馃攳 杩佺Щ缁熻: 鎵ц11娆? 鎴愬姛11娆? 鎴愬姛鐜?00.0%
[璋冭瘯] Episode 0008: 寤惰繜 1.304s, 鑳借€?4146.62J, 瀹屾垚鐜?94.6%, 杩佺Щ鎴愬姛鐜?100.0%, 缂撳瓨鍛戒腑 17.4%, 鏁版嵁鎹熷け 33.9%, 缂撳瓨娣樻卑鐜?0.0%
馃攳 杩佺Щ缁熻: 鎵ц11娆? 鎴愬姛11娆? 鎴愬姛鐜?00.0%
[璋冭瘯] Episode 0008: 寤惰繜 1.304s, 鑳借€?4196.97J, 瀹屾垚鐜?94.7%, 杩佺Щ鎴愬姛鐜?100.0%, 缂撳瓨鍛戒腑 17.4%, 鏁版嵁鎹熷け 33.3%, 缂撳瓨娣樻卑鐜?0.0%
馃攳 杩佺Щ缁熻: 鎵ц11娆? 鎴愬姛11娆? 鎴愬姛鐜?00.0%
[璋冭瘯] Episode 0008: 寤惰繜 1.291s, 鑳借€?4200.16J, 瀹屾垚鐜?94.8%, 杩佺Щ鎴愬姛鐜?100.0%, 缂撳瓨鍛戒腑 18.0%, 鏁版嵁鎹熷け 33.3%, 缂撳瓨娣樻卑鐜?0.0%
馃攳 杩佺Щ缁熻: 鎵ц11娆? 鎴愬姛11娆? 鎴愬姛鐜?00.0%
[璋冭瘯] Episode 0008: 寤惰繜 1.276s, 鑳借€?4253.02J, 瀹屾垚鐜?94.9%, 杩佺Щ鎴愬姛鐜?100.0%, 缂撳瓨鍛戒腑 18.4%, 鏁版嵁鎹熷け 30.9%, 缂撳瓨娣樻卑鐜?0.0%
馃攳 杩佺Щ缁熻: 鎵ц11娆? 鎴愬姛11娆? 鎴愬姛鐜?00.0%
[璋冭瘯] Episode 0008: 寤惰繜 1.269s, 鑳借€?4271.52J, 瀹屾垚鐜?94.9%, 杩佺Щ鎴愬姛鐜?100.0%, 缂撳瓨鍛戒腑 18.4%, 鏁版嵁鎹熷け 30.9%, 缂撳瓨娣樻卑鐜?0.0%
馃攳 杩佺Щ缁熻: 鎵ц11娆? 鎴愬姛11娆? 鎴愬姛鐜?00.0%
[璋冭瘯] Episode 0008: 寤惰繜 1.269s, 鑳借€?4291.55J, 瀹屾垚鐜?94.9%, 杩佺Щ鎴愬姛鐜?100.0%, 缂撳瓨鍛戒腑 18.5%, 鏁版嵁鎹熷け 30.8%, 缂撳瓨娣樻卑鐜?0.0%
馃攳 杩佺Щ缁熻: 鎵ц11娆? 鎴愬姛11娆? 鎴愬姛鐜?00.0%
[璋冭瘯] Episode 0008: 寤惰繜 1.261s, 鑳借€?4291.56J, 瀹屾垚鐜?95.0%, 杩佺Щ鎴愬姛鐜?100.0%, 缂撳瓨鍛戒腑 18.8%, 鏁版嵁鎹熷け 30.8%, 缂撳瓨娣樻卑鐜?0.0%
馃攳 杩佺Щ缁熻: 鎵ц11娆? 鎴愬姛11娆? 鎴愬姛鐜?00.0%
[璋冭瘯] Episode 0008: 寤惰繜 1.259s, 鑳借€?4334.76J, 瀹屾垚鐜?95.0%, 杩佺Щ鎴愬姛鐜?100.0%, 缂撳瓨鍛戒腑 18.8%, 鏁版嵁鎹熷け 30.8%, 缂撳瓨娣樻卑鐜?0.0%
馃攳 杩佺Щ缁熻: 鎵ц11娆? 鎴愬姛11娆? 鎴愬姛鐜?00.0%
[璋冭瘯] Episode 0008: 寤惰繜 1.261s, 鑳借€?4359.04J, 瀹屾垚鐜?95.0%, 杩佺Щ鎴愬姛鐜?100.0%, 缂撳瓨鍛戒腑 18.7%, 鏁版嵁鎹熷け 30.5%, 缂撳瓨娣樻卑鐜?0.0%
馃攳 杩佺Щ缁熻: 鎵ц11娆? 鎴愬姛11娆? 鎴愬姛鐜?00.0%
[璋冭瘯] Episode 0008: 寤惰繜 1.250s, 鑳借€?4369.27J, 瀹屾垚鐜?95.1%, 杩佺Щ鎴愬姛鐜?100.0%, 缂撳瓨鍛戒腑 18.7%, 鏁版嵁鎹熷け 30.4%, 缂撳瓨娣樻卑鐜?0.0%
馃攳 杩佺Щ缁熻: 鎵ц11娆? 鎴愬姛11娆? 鎴愬姛鐜?00.0%
[璋冭瘯] Episode 0008: 寤惰繜 1.245s, 鑳借€?4379.28J, 瀹屾垚鐜?95.1%, 杩佺Щ鎴愬姛鐜?100.0%, 缂撳瓨鍛戒腑 18.9%, 鏁版嵁鎹熷け 30.4%, 缂撳瓨娣樻卑鐜?0.0%
馃攳 杩佺Щ缁熻: 鎵ц11娆? 鎴愬姛11娆? 鎴愬姛鐜?00.0%
[璋冭瘯] Episode 0008: 寤惰繜 1.238s, 鑳借€?4404.97J, 瀹屾垚鐜?95.1%, 杩佺Щ鎴愬姛鐜?100.0%, 缂撳瓨鍛戒腑 18.9%, 鏁版嵁鎹熷け 30.4%, 缂撳瓨娣樻卑鐜?0.0%
馃攳 杩佺Щ缁熻: 鎵ц11娆? 鎴愬姛11娆? 鎴愬姛鐜?00.0%
[璋冭瘯] Episode 0008: 寤惰繜 1.246s, 鑳借€?4415.54J, 瀹屾垚鐜?95.2%, 杩佺Щ鎴愬姛鐜?100.0%, 缂撳瓨鍛戒腑 18.9%, 鏁版嵁鎹熷け 30.3%, 缂撳瓨娣樻卑鐜?0.0%
馃攳 杩佺Щ缁熻: 鎵ц11娆? 鎴愬姛11娆? 鎴愬姛鐜?00.0%
[璋冭瘯] Episode 0008: 寤惰繜 1.242s, 鑳借€?4416.50J, 瀹屾垚鐜?95.2%, 杩佺Щ鎴愬姛鐜?100.0%, 缂撳瓨鍛戒腑 18.9%, 鏁版嵁鎹熷け 30.3%, 缂撳瓨娣樻卑鐜?0.0%
馃攳 杩佺Щ缁熻: 鎵ц11娆? 鎴愬姛11娆? 鎴愬姛鐜?00.0%
[璋冭瘯] Episode 0008: 寤惰繜 1.223s, 鑳借€?4480.72J, 瀹屾垚鐜?95.3%, 杩佺Щ鎴愬姛鐜?100.0%, 缂撳瓨鍛戒腑 18.8%, 鏁版嵁鎹熷け 30.3%, 缂撳瓨娣樻卑鐜?0.0%
馃攳 杩佺Щ缁熻: 鎵ц11娆? 鎴愬姛11娆? 鎴愬姛鐜?00.0%
[璋冭瘯] Episode 0008: 寤惰繜 1.221s, 鑳借€?4490.90J, 瀹屾垚鐜?95.3%, 杩佺Щ鎴愬姛鐜?100.0%, 缂撳瓨鍛戒腑 18.9%, 鏁版嵁鎹熷け 30.3%, 缂撳瓨娣樻卑鐜?0.0%
馃攳 杩佺Щ缁熻: 鎵ц11娆? 鎴愬姛11娆? 鎴愬姛鐜?00.0%
[璋冭瘯] Episode 0008: 寤惰繜 1.208s, 鑳借€?4571.69J, 瀹屾垚鐜?95.4%, 杩佺Щ鎴愬姛鐜?100.0%, 缂撳瓨鍛戒腑 18.8%, 鏁版嵁鎹熷け 29.9%, 缂撳瓨娣樻卑鐜?0.0%
馃攳 杩佺Щ缁熻: 鎵ц11娆? 鎴愬姛11娆? 鎴愬姛鐜?00.0%
[璋冭瘯] Episode 0008: 寤惰繜 1.203s, 鑳借€?4574.26J, 瀹屾垚鐜?95.1%, 杩佺Щ鎴愬姛鐜?100.0%, 缂撳瓨鍛戒腑 18.9%, 鏁版嵁鎹熷け 35.8%, 缂撳瓨娣樻卑鐜?0.0%
馃攳 杩佺Щ缁熻: 鎵ц11娆? 鎴愬姛11娆? 鎴愬姛鐜?00.0%
[璋冭瘯] Episode 0008: 寤惰繜 1.202s, 鑳借€?4577.63J, 瀹屾垚鐜?95.2%, 杩佺Щ鎴愬姛鐜?100.0%, 缂撳瓨鍛戒腑 19.3%, 鏁版嵁鎹熷け 35.7%, 缂撳瓨娣樻卑鐜?0.0%
馃攳 杩佺Щ缁熻: 鎵ц11娆? 鎴愬姛11娆? 鎴愬姛鐜?00.0%
[璋冭瘯] Episode 0008: 寤惰繜 1.207s, 鑳借€?4579.22J, 瀹屾垚鐜?95.2%, 杩佺Щ鎴愬姛鐜?100.0%, 缂撳瓨鍛戒腑 19.3%, 鏁版嵁鎹熷け 35.2%, 缂撳瓨娣樻卑鐜?0.0%
馃攳 杩佺Щ缁熻: 鎵ц11娆? 鎴愬姛11娆? 鎴愬姛鐜?00.0%
[璋冭瘯] Episode 0008: 寤惰繜 1.535s, 鑳借€?5280.34J, 瀹屾垚鐜?95.2%, 杩佺Щ鎴愬姛鐜?100.0%, 缂撳瓨鍛戒腑 19.6%, 鏁版嵁鎹熷け 33.2%, 缂撳瓨娣樻卑鐜?0.0%
馃攳 杩佺Щ缁熻: 鎵ц11娆? 鎴愬姛11娆? 鎴愬姛鐜?00.0%
[璋冭瘯] Episode 0008: 寤惰繜 1.527s, 鑳借€?5308.24J, 瀹屾垚鐜?95.3%, 杩佺Щ鎴愬姛鐜?100.0%, 缂撳瓨鍛戒腑 19.6%, 鏁版嵁鎹熷け 33.2%, 缂撳瓨娣樻卑鐜?0.0%
馃攳 杩佺Щ缁熻: 鎵ц11娆? 鎴愬姛11娆? 鎴愬姛鐜?00.0%
[璋冭瘯] Episode 0008: 寤惰繜 1.518s, 鑳借€?5321.16J, 瀹屾垚鐜?95.3%, 杩佺Щ鎴愬姛鐜?100.0%, 缂撳瓨鍛戒腑 19.6%, 鏁版嵁鎹熷け 33.2%, 缂撳瓨娣樻卑鐜?0.0%
馃攳 杩佺Щ缁熻: 鎵ц11娆? 鎴愬姛11娆? 鎴愬姛鐜?00.0%
[璋冭瘯] Episode 0008: 寤惰繜 1.510s, 鑳借€?5321.16J, 瀹屾垚鐜?95.3%, 杩佺Щ鎴愬姛鐜?100.0%, 缂撳瓨鍛戒腑 20.1%, 鏁版嵁鎹熷け 33.2%, 缂撳瓨娣樻卑鐜?0.0%
馃攳 杩佺Щ缁熻: 鎵ц11娆? 鎴愬姛11娆? 鎴愬姛鐜?00.0%
[璋冭瘯] Episode 0008: 寤惰繜 1.501s, 鑳借€?5331.38J, 瀹屾垚鐜?95.3%, 杩佺Щ鎴愬姛鐜?100.0%, 缂撳瓨鍛戒腑 20.3%, 鏁版嵁鎹熷け 33.2%, 缂撳瓨娣樻卑鐜?0.0%
馃攳 杩佺Щ缁熻: 鎵ц11娆? 鎴愬姛11娆? 鎴愬姛鐜?00.0%
[璋冭瘯] Episode 0008: 寤惰繜 1.496s, 鑳借€?5331.38J, 瀹屾垚鐜?95.4%, 杩佺Щ鎴愬姛鐜?100.0%, 缂撳瓨鍛戒腑 20.5%, 鏁版嵁鎹熷け 33.2%, 缂撳瓨娣樻卑鐜?0.0%
馃攳 杩佺Щ缁熻: 鎵ц11娆? 鎴愬姛11娆? 鎴愬姛鐜?00.0%
[璋冭瘯] Episode 0008: 寤惰繜 1.500s, 鑳借€?5332.96J, 瀹屾垚鐜?95.4%, 杩佺Щ鎴愬姛鐜?100.0%, 缂撳瓨鍛戒腑 20.4%, 鏁版嵁鎹熷け 32.7%, 缂撳瓨娣樻卑鐜?0.0%
馃攳 杩佺Щ缁熻: 鎵ц11娆? 鎴愬姛11娆? 鎴愬姛鐜?00.0%
[璋冭瘯] Episode 0008: 寤惰繜 1.497s, 鑳借€?5333.04J, 瀹屾垚鐜?95.4%, 杩佺Щ鎴愬姛鐜?100.0%, 缂撳瓨鍛戒腑 20.6%, 鏁版嵁鎹熷け 32.7%, 缂撳瓨娣樻卑鐜?0.0%
浠诲姟鍒嗙被缁熻(400): 绫诲瀷1=0.0%, 绫诲瀷2=8.5%, 绫诲瀷3=40.2%, 绫诲瀷4=51.2%
   褰撳墠浠诲姟: safety_alert, 0.41s 鈫?绫诲瀷4, 鏁版嵁0.04MB
   馃捑 缂撳瓨缁熻: 鍛戒腑鐜?20.53% (鎬诲懡涓?140, 鏈湴:0, 鏈懡涓?542)
馃攳 杩佺Щ缁熻: 鎵ц11娆? 鎴愬姛11娆? 鎴愬姛鐜?00.0%
[璋冭瘯] Episode 0008: 寤惰繜 1.493s, 鑳借€?5365.07J, 瀹屾垚鐜?95.4%, 杩佺Щ鎴愬姛鐜?100.0%, 缂撳瓨鍛戒腑 20.5%, 鏁版嵁鎹熷け 32.4%, 缂撳瓨娣樻卑鐜?0.0%
馃攳 杩佺Щ缁熻: 鎵ц11娆? 鎴愬姛11娆? 鎴愬姛鐜?00.0%
[璋冭瘯] Episode 0008: 寤惰繜 1.481s, 鑳借€?5411.95J, 瀹屾垚鐜?95.5%, 杩佺Щ鎴愬姛鐜?100.0%, 缂撳瓨鍛戒腑 20.5%, 鏁版嵁鎹熷け 32.4%, 缂撳瓨娣樻卑鐜?0.0%
馃攳 杩佺Щ缁熻: 鎵ц11娆? 鎴愬姛11娆? 鎴愬姛鐜?00.0%
[璋冭瘯] Episode 0008: 寤惰繜 1.472s, 鑳借€?5437.32J, 瀹屾垚鐜?95.5%, 杩佺Щ鎴愬姛鐜?100.0%, 缂撳瓨鍛戒腑 20.4%, 鏁版嵁鎹熷け 32.4%, 缂撳瓨娣樻卑鐜?0.0%
馃攳 杩佺Щ缁熻: 鎵ц11娆? 鎴愬姛11娆? 鎴愬姛鐜?00.0%
[璋冭瘯] Episode 0008: 寤惰繜 1.461s, 鑳借€?5477.10J, 瀹屾垚鐜?95.5%, 杩佺Щ鎴愬姛鐜?100.0%, 缂撳瓨鍛戒腑 20.3%, 鏁版嵁鎹熷け 32.3%, 缂撳瓨娣樻卑鐜?0.0%
馃攳 杩佺Щ缁熻: 鎵ц11娆? 鎴愬姛11娆? 鎴愬姛鐜?00.0%
[璋冭瘯] Episode 0008: 寤惰繜 1.460s, 鑳借€?5477.24J, 瀹屾垚鐜?95.6%, 杩佺Щ鎴愬姛鐜?100.0%, 缂撳瓨鍛戒腑 20.3%, 鏁版嵁鎹熷け 32.3%, 缂撳瓨娣樻卑鐜?0.0%
馃攳 杩佺Щ缁熻: 鎵ц11娆? 鎴愬姛11娆? 鎴愬姛鐜?00.0%
[璋冭瘯] Episode 0008: 寤惰繜 1.453s, 鑳借€?5477.25J, 瀹屾垚鐜?95.6%, 杩佺Щ鎴愬姛鐜?100.0%, 缂撳瓨鍛戒腑 20.7%, 鏁版嵁鎹熷け 32.3%, 缂撳瓨娣樻卑鐜?0.0%
馃攳 杩佺Щ缁熻: 鎵ц11娆? 鎴愬姛11娆? 鎴愬姛鐜?00.0%
[璋冭瘯] Episode 0008: 寤惰繜 1.442s, 鑳借€?5514.26J, 瀹屾垚鐜?95.6%, 杩佺Щ鎴愬姛鐜?100.0%, 缂撳瓨鍛戒腑 20.7%, 鏁版嵁鎹熷け 32.3%, 缂撳瓨娣樻卑鐜?0.0%
馃攳 杩佺Щ缁熻: 鎵ц11娆? 鎴愬姛11娆? 鎴愬姛鐜?00.0%
[璋冭瘯] Episode 0008: 寤惰繜 1.440s, 鑳借€?5529.10J, 瀹屾垚鐜?95.6%, 杩佺Щ鎴愬姛鐜?100.0%, 缂撳瓨鍛戒腑 20.9%, 鏁版嵁鎹熷け 32.2%, 缂撳瓨娣樻卑鐜?0.0%
馃攳 杩佺Щ缁熻: 鎵ц11娆? 鎴愬姛11娆? 鎴愬姛鐜?00.0%
[璋冭瘯] Episode 0008: 寤惰繜 1.444s, 鑳借€?5529.45J, 瀹屾垚鐜?95.6%, 杩佺Щ鎴愬姛鐜?100.0%, 缂撳瓨鍛戒腑 20.9%, 鏁版嵁鎹熷け 32.2%, 缂撳瓨娣樻卑鐜?0.0%
馃攳 杩佺Щ缁熻: 鎵ц11娆? 鎴愬姛11娆? 鎴愬姛鐜?00.0%
[璋冭瘯] Episode 0008: 寤惰繜 1.446s, 鑳借€?5530.06J, 瀹屾垚鐜?95.4%, 杩佺Щ鎴愬姛鐜?100.0%, 缂撳瓨鍛戒腑 20.7%, 鏁版嵁鎹熷け 33.2%, 缂撳瓨娣樻卑鐜?0.0%
馃攳 杩佺Щ缁熻: 鎵ц11娆? 鎴愬姛11娆? 鎴愬姛鐜?00.0%
[璋冭瘯] Episode 0008: 寤惰繜 1.438s, 鑳借€?5558.18J, 瀹屾垚鐜?95.4%, 杩佺Щ鎴愬姛鐜?100.0%, 缂撳瓨鍛戒腑 20.7%, 鏁版嵁鎹熷け 33.2%, 缂撳瓨娣樻卑鐜?0.0%
馃攳 杩佺Щ缁熻: 鎵ц11娆? 鎴愬姛11娆? 鎴愬姛鐜?00.0%
[璋冭瘯] Episode 0008: 寤惰繜 1.431s, 鑳借€?5584.71J, 瀹屾垚鐜?95.5%, 杩佺Щ鎴愬姛鐜?100.0%, 缂撳瓨鍛戒腑 20.6%, 鏁版嵁鎹熷け 33.2%, 缂撳瓨娣樻卑鐜?0.0%
馃攳 杩佺Щ缁熻: 鎵ц11娆? 鎴愬姛11娆? 鎴愬姛鐜?00.0%
[璋冭瘯] Episode 0008: 寤惰繜 1.433s, 鑳借€?5601.73J, 瀹屾垚鐜?95.5%, 杩佺Щ鎴愬姛鐜?100.0%, 缂撳瓨鍛戒腑 20.6%, 鏁版嵁鎹熷け 33.1%, 缂撳瓨娣樻卑鐜?0.0%
馃攳 杩佺Щ缁熻: 鎵ц11娆? 鎴愬姛11娆? 鎴愬姛鐜?00.0%
[璋冭瘯] Episode 0008: 寤惰繜 1.406s, 鑳借€?5654.82J, 瀹屾垚鐜?95.6%, 杩佺Щ鎴愬姛鐜?100.0%, 缂撳瓨鍛戒腑 21.3%, 鏁版嵁鎹熷け 33.1%, 缂撳瓨娣樻卑鐜?0.0%
馃攳 杩佺Щ缁熻: 鎵ц11娆? 鎴愬姛11娆? 鎴愬姛鐜?00.0%
[璋冭瘯] Episode 0008: 寤惰繜 1.407s, 鑳借€?5654.86J, 瀹屾垚鐜?95.6%, 杩佺Щ鎴愬姛鐜?100.0%, 缂撳瓨鍛戒腑 21.4%, 鏁版嵁鎹熷け 33.1%, 缂撳瓨娣樻卑鐜?0.0%
馃攳 杩佺Щ缁熻: 鎵ц11娆? 鎴愬姛11娆? 鎴愬姛鐜?00.0%
[璋冭瘯] Episode 0008: 寤惰繜 1.390s, 鑳借€?5691.66J, 瀹屾垚鐜?95.6%, 杩佺Щ鎴愬姛鐜?100.0%, 缂撳瓨鍛戒腑 21.7%, 鏁版嵁鎹熷け 33.0%, 缂撳瓨娣樻卑鐜?0.0%
馃攳 杩佺Щ缁熻: 鎵ц11娆? 鎴愬姛11娆? 鎴愬姛鐜?00.0%
[璋冭瘯] Episode 0008: 寤惰繜 1.380s, 鑳借€?5701.57J, 瀹屾垚鐜?95.7%, 杩佺Щ鎴愬姛鐜?100.0%, 缂撳瓨鍛戒腑 22.1%, 鏁版嵁鎹熷け 33.0%, 缂撳瓨娣樻卑鐜?0.0%
馃攳 杩佺Щ缁熻: 鎵ц11娆? 鎴愬姛11娆? 鎴愬姛鐜?00.0%
[璋冭瘯] Episode 0008: 寤惰繜 1.384s, 鑳借€?5701.84J, 瀹屾垚鐜?95.7%, 杩佺Щ鎴愬姛鐜?100.0%, 缂撳瓨鍛戒腑 22.0%, 鏁版嵁鎹熷け 33.0%, 缂撳瓨娣樻卑鐜?0.0%
馃攳 杩佺Щ缁熻: 鎵ц11娆? 鎴愬姛11娆? 鎴愬姛鐜?00.0%
[璋冭瘯] Episode 0008: 寤惰繜 1.364s, 鑳借€?5778.74J, 瀹屾垚鐜?95.7%, 杩佺Щ鎴愬姛鐜?100.0%, 缂撳瓨鍛戒腑 22.1%, 鏁版嵁鎹熷け 33.0%, 缂撳瓨娣樻卑鐜?0.0%
馃攳 杩佺Щ缁熻: 鎵ц11娆? 鎴愬姛11娆? 鎴愬姛鐜?00.0%
[璋冭瘯] Episode 0008: 寤惰繜 1.364s, 鑳借€?5778.74J, 瀹屾垚鐜?95.7%, 杩佺Щ鎴愬姛鐜?100.0%, 缂撳瓨鍛戒腑 22.1%, 鏁版嵁鎹熷け 32.9%, 缂撳瓨娣樻卑鐜?0.0%
馃攳 杩佺Щ缁熻: 鎵ц11娆? 鎴愬姛11娆? 鎴愬姛鐜?00.0%
[璋冭瘯] Episode 0008: 寤惰繜 1.350s, 鑳借€?5806.48J, 瀹屾垚鐜?95.8%, 杩佺Щ鎴愬姛鐜?100.0%, 缂撳瓨鍛戒腑 22.6%, 鏁版嵁鎹熷け 32.6%, 缂撳瓨娣樻卑鐜?0.0%
馃攳 杩佺Щ缁熻: 鎵ц11娆? 鎴愬姛11娆? 鎴愬姛鐜?00.0%
[璋冭瘯] Episode 0008: 寤惰繜 1.339s, 鑳借€?5836.20J, 瀹屾垚鐜?95.8%, 杩佺Щ鎴愬姛鐜?100.0%, 缂撳瓨鍛戒腑 22.6%, 鏁版嵁鎹熷け 32.6%, 缂撳瓨娣樻卑鐜?0.0%
馃攳 杩佺Щ缁熻: 鎵ц11娆? 鎴愬姛11娆? 鎴愬姛鐜?00.0%
[璋冭瘯] Episode 0008: 寤惰繜 1.333s, 鑳借€?5836.20J, 瀹屾垚鐜?95.8%, 杩佺Щ鎴愬姛鐜?100.0%, 缂撳瓨鍛戒腑 23.0%, 鏁版嵁鎹熷け 32.6%, 缂撳瓨娣樻卑鐜?0.0%
馃攳 杩佺Щ缁熻: 鎵ц11娆? 鎴愬姛11娆? 鎴愬姛鐜?00.0%
[璋冭瘯] Episode 0008: 寤惰繜 1.327s, 鑳借€?5836.21J, 瀹屾垚鐜?95.9%, 杩佺Щ鎴愬姛鐜?100.0%, 缂撳瓨鍛戒腑 23.3%, 鏁版嵁鎹熷け 32.5%, 缂撳瓨娣樻卑鐜?0.0%
馃攳 杩佺Щ缁熻: 鎵ц11娆? 鎴愬姛11娆? 鎴愬姛鐜?00.0%
[璋冭瘯] Episode 0008: 寤惰繜 1.324s, 鑳借€?5837.37J, 瀹屾垚鐜?95.9%, 杩佺Щ鎴愬姛鐜?100.0%, 缂撳瓨鍛戒腑 23.3%, 鏁版嵁鎹熷け 32.5%, 缂撳瓨娣樻卑鐜?0.0%
馃攳 杩佺Щ缁熻: 鎵ц11娆? 鎴愬姛11娆? 鎴愬姛鐜?00.0%
[璋冭瘯] Episode 0008: 寤惰繜 1.320s, 鑳借€?5851.95J, 瀹屾垚鐜?95.9%, 杩佺Щ鎴愬姛鐜?100.0%, 缂撳瓨鍛戒腑 23.5%, 鏁版嵁鎹熷け 32.5%, 缂撳瓨娣樻卑鐜?0.0%
[VehicleMigration] handover #1: vehicle V_11 task task_455 UAV_0 -> RSU_3
   Trigger: distance 709.5m > threshold 464.9m (speed 14.0 m/s)
   Score: 839.5 -> 199.3 (improvement 76.3%)
   Queue trend: UAV_0: 1 -> 0, RSU_3: 0 -> 1
[Migration] Executed 1 vehicle-following migrations.
馃攳 杩佺Щ缁熻: 鎵ц12娆? 鎴愬姛12娆? 鎴愬姛鐜?00.0%
[璋冭瘯] Episode 0008: 寤惰繜 1.307s, 鑳借€?5889.45J, 瀹屾垚鐜?95.9%, 杩佺Щ鎴愬姛鐜?100.0%, 缂撳瓨鍛戒腑 23.7%, 鏁版嵁鎹熷け 32.5%, 缂撳瓨娣樻卑鐜?0.0%
馃攳 杩佺Щ缁熻: 鎵ц12娆? 鎴愬姛12娆? 鎴愬姛鐜?00.0%
[璋冭瘯] Episode 0008: 寤惰繜 1.304s, 鑳借€?5896.02J, 瀹屾垚鐜?95.9%, 杩佺Щ鎴愬姛鐜?100.0%, 缂撳瓨鍛戒腑 23.8%, 鏁版嵁鎹熷け 32.5%, 缂撳瓨娣樻卑鐜?0.0%
馃攳 杩佺Щ缁熻: 鎵ц12娆? 鎴愬姛12娆? 鎴愬姛鐜?00.0%
[璋冭瘯] Episode 0008: 寤惰繜 1.287s, 鑳借€?5939.91J, 瀹屾垚鐜?96.0%, 杩佺Щ鎴愬姛鐜?100.0%, 缂撳瓨鍛戒腑 24.2%, 鏁版嵁鎹熷け 32.5%, 缂撳瓨娣樻卑鐜?0.0%
馃攳 杩佺Щ缁熻: 鎵ц12娆? 鎴愬姛12娆? 鎴愬姛鐜?00.0%
[璋冭瘯] Episode 0008: 寤惰繜 1.280s, 鑳借€?5942.21J, 瀹屾垚鐜?96.0%, 杩佺Щ鎴愬姛鐜?100.0%, 缂撳瓨鍛戒腑 24.6%, 鏁版嵁鎹熷け 32.5%, 缂撳瓨娣樻卑鐜?0.0%
馃攳 杩佺Щ缁熻: 鎵ц12娆? 鎴愬姛12娆? 鎴愬姛鐜?00.0%
[璋冭瘯] Episode 0008: 寤惰繜 1.275s, 鑳借€?5956.05J, 瀹屾垚鐜?96.0%, 杩佺Щ鎴愬姛鐜?100.0%, 缂撳瓨鍛戒腑 24.7%, 鏁版嵁鎹熷け 32.5%, 缂撳瓨娣樻卑鐜?0.0%
馃攳 杩佺Щ缁熻: 鎵ц12娆? 鎴愬姛12娆? 鎴愬姛鐜?00.0%
[璋冭瘯] Episode 0008: 寤惰繜 1.266s, 鑳借€?5982.12J, 瀹屾垚鐜?96.1%, 杩佺Щ鎴愬姛鐜?100.0%, 缂撳瓨鍛戒腑 25.0%, 鏁版嵁鎹熷け 32.4%, 缂撳瓨娣樻卑鐜?0.0%
馃攳 杩佺Щ缁熻: 鎵ц12娆? 鎴愬姛12娆? 鎴愬姛鐜?00.0%
[璋冭瘯] Episode 0008: 寤惰繜 1.261s, 鑳借€?5982.13J, 瀹屾垚鐜?96.1%, 杩佺Щ鎴愬姛鐜?100.0%, 缂撳瓨鍛戒腑 25.4%, 鏁版嵁鎹熷け 32.4%, 缂撳瓨娣樻卑鐜?0.0%
馃攳 杩佺Щ缁熻: 鎵ц12娆? 鎴愬姛12娆? 鎴愬姛鐜?00.0%
[璋冭瘯] Episode 0008: 寤惰繜 1.253s, 鑳借€?5992.04J, 瀹屾垚鐜?96.1%, 杩佺Щ鎴愬姛鐜?100.0%, 缂撳瓨鍛戒腑 25.7%, 鏁版嵁鎹熷け 32.4%, 缂撳瓨娣樻卑鐜?0.0%
馃攳 杩佺Щ缁熻: 鎵ц12娆? 鎴愬姛12娆? 鎴愬姛鐜?00.0%
[璋冭瘯] Episode 0008: 寤惰繜 1.253s, 鑳借€?5992.04J, 瀹屾垚鐜?96.1%, 杩佺Щ鎴愬姛鐜?100.0%, 缂撳瓨鍛戒腑 25.8%, 鏁版嵁鎹熷け 32.4%, 缂撳瓨娣樻卑鐜?0.0%
馃攳 杩佺Щ缁熻: 鎵ц12娆? 鎴愬姛12娆? 鎴愬姛鐜?00.0%
[璋冭瘯] Episode 0008: 寤惰繜 1.253s, 鑳借€?5992.18J, 瀹屾垚鐜?96.1%, 杩佺Щ鎴愬姛鐜?100.0%, 缂撳瓨鍛戒腑 25.8%, 鏁版嵁鎹熷け 32.4%, 缂撳瓨娣樻卑鐜?0.0%
馃攳 杩佺Щ缁熻: 鎵ц12娆? 鎴愬姛12娆? 鎴愬姛鐜?00.0%
[璋冭瘯] Episode 0008: 寤惰繜 1.251s, 鑳借€?6004.89J, 瀹屾垚鐜?96.1%, 杩佺Щ鎴愬姛鐜?100.0%, 缂撳瓨鍛戒腑 25.8%, 鏁版嵁鎹熷け 32.4%, 缂撳瓨娣樻卑鐜?0.0%
馃攳 杩佺Щ缁熻: 鎵ц12娆? 鎴愬姛12娆? 鎴愬姛鐜?00.0%
[璋冭瘯] Episode 0008: 寤惰繜 1.249s, 鑳借€?6013.45J, 瀹屾垚鐜?96.1%, 杩佺Щ鎴愬姛鐜?100.0%, 缂撳瓨鍛戒腑 26.0%, 鏁版嵁鎹熷け 32.3%, 缂撳瓨娣樻卑鐜?0.0%
浠诲姟鍒嗙被缁熻(500): 绫诲瀷1=0.0%, 绫诲瀷2=8.8%, 绫诲瀷3=38.2%, 绫诲瀷4=53.0%
   褰撳墠浠诲姟: weather_info, 2.46s 鈫?绫诲瀷2, 鏁版嵁0.33MB
   馃捑 缂撳瓨缁熻: 鍛戒腑鐜?25.93% (鎬诲懡涓?224, 鏈湴:0, 鏈懡涓?640)
馃攳 杩佺Щ缁熻: 鎵ц12娆? 鎴愬姛12娆? 鎴愬姛鐜?00.0%
[璋冭瘯] Episode 0008: 寤惰繜 1.239s, 鑳借€?6049.47J, 瀹屾垚鐜?96.2%, 杩佺Щ鎴愬姛鐜?100.0%, 缂撳瓨鍛戒腑 26.1%, 鏁版嵁鎹熷け 32.0%, 缂撳瓨娣樻卑鐜?0.0%
馃攳 杩佺Щ缁熻: 鎵ц12娆? 鎴愬姛12娆? 鎴愬姛鐜?00.0%
[璋冭瘯] Episode 0008: 寤惰繜 1.232s, 鑳借€?6050.55J, 瀹屾垚鐜?96.2%, 杩佺Щ鎴愬姛鐜?100.0%, 缂撳瓨鍛戒腑 26.3%, 鏁版嵁鎹熷け 31.9%, 缂撳瓨娣樻卑鐜?0.0%
馃攳 杩佺Щ缁熻: 鎵ц12娆? 鎴愬姛12娆? 鎴愬姛鐜?00.0%
[璋冭瘯] Episode 0008: 寤惰繜 1.228s, 鑳借€?6050.60J, 瀹屾垚鐜?96.2%, 杩佺Щ鎴愬姛鐜?100.0%, 缂撳瓨鍛戒腑 26.6%, 鏁版嵁鎹熷け 31.9%, 缂撳瓨娣樻卑鐜?0.0%
馃攳 杩佺Щ缁熻: 鎵ц12娆? 鎴愬姛12娆? 鎴愬姛鐜?00.0%
[璋冭瘯] Episode 0008: 寤惰繜 1.223s, 鑳借€?6074.11J, 瀹屾垚鐜?96.2%, 杩佺Щ鎴愬姛鐜?100.0%, 缂撳瓨鍛戒腑 26.7%, 鏁版嵁鎹熷け 31.9%, 缂撳瓨娣樻卑鐜?0.0%
馃攳 杩佺Щ缁熻: 鎵ц12娆? 鎴愬姛12娆? 鎴愬姛鐜?00.0%
[璋冭瘯] Episode 0008: 寤惰繜 1.221s, 鑳借€?6075.20J, 瀹屾垚鐜?96.2%, 杩佺Щ鎴愬姛鐜?100.0%, 缂撳瓨鍛戒腑 26.7%, 鏁版嵁鎹熷け 31.9%, 缂撳瓨娣樻卑鐜?0.0%
馃攳 杩佺Щ缁熻: 鎵ц12娆? 鎴愬姛12娆? 鎴愬姛鐜?00.0%
[璋冭瘯] Episode 0008: 寤惰繜 1.277s, 鑳借€?6251.84J, 瀹屾垚鐜?96.1%, 杩佺Щ鎴愬姛鐜?100.0%, 缂撳瓨鍛戒腑 26.7%, 鏁版嵁鎹熷け 31.5%, 缂撳瓨娣樻卑鐜?0.0%
馃攳 杩佺Щ缁熻: 鎵ц12娆? 鎴愬姛12娆? 鎴愬姛鐜?00.0%
[璋冭瘯] Episode 0008: 寤惰繜 1.267s, 鑳借€?6263.37J, 瀹屾垚鐜?96.1%, 杩佺Щ鎴愬姛鐜?100.0%, 缂撳瓨鍛戒腑 27.1%, 鏁版嵁鎹熷け 31.5%, 缂撳瓨娣樻卑鐜?0.0%
馃攳 杩佺Щ缁熻: 鎵ц12娆? 鎴愬姛12娆? 鎴愬姛鐜?00.0%
[璋冭瘯] Episode 0008: 寤惰繜 1.261s, 鑳借€?6287.40J, 瀹屾垚鐜?96.1%, 杩佺Щ鎴愬姛鐜?100.0%, 缂撳瓨鍛戒腑 27.2%, 鏁版嵁鎹熷け 31.5%, 缂撳瓨娣樻卑鐜?0.0%
馃攳 杩佺Щ缁熻: 鎵ц12娆? 鎴愬姛12娆? 鎴愬姛鐜?00.0%
[璋冭瘯] Episode 0008: 寤惰繜 1.261s, 鑳借€?6287.40J, 瀹屾垚鐜?96.1%, 杩佺Щ鎴愬姛鐜?100.0%, 缂撳瓨鍛戒腑 27.2%, 鏁版嵁鎹熷け 31.5%, 缂撳瓨娣樻卑鐜?0.0%
馃攳 杩佺Щ缁熻: 鎵ц12娆? 鎴愬姛12娆? 鎴愬姛鐜?00.0%
[璋冭瘯] Episode 0008: 寤惰繜 1.256s, 鑳借€?6299.46J, 瀹屾垚鐜?96.2%, 杩佺Щ鎴愬姛鐜?100.0%, 缂撳瓨鍛戒腑 27.3%, 鏁版嵁鎹熷け 31.5%, 缂撳瓨娣樻卑鐜?0.0%
[VehicleMigration] handover #1: vehicle V_2 task task_40 RSU_2 -> RSU_1
   Trigger: distance 280.9m > threshold 280.2m (speed 13.2 m/s)
   Score: 410.9 -> 180.9 (improvement 56.0%)
   Queue trend: RSU_2: 1 -> 1, RSU_1: 0 -> 1
[VehicleMigration] handover #2: vehicle V_2 task task_63 RSU_2 -> RSU_1
   Trigger: distance 280.9m > threshold 280.2m (speed 13.2 m/s)
   Score: 410.9 -> 210.9 (improvement 48.7%)
   Queue trend: RSU_2: 1 -> 1, RSU_1: 1 -> 2
[VehicleMigration] handover #3: vehicle V_2 task task_81 RSU_2 -> RSU_1
   Trigger: distance 280.9m > threshold 280.2m (speed 13.2 m/s)
   Score: 410.9 -> 240.9 (improvement 41.4%)
   Queue trend: RSU_2: 1 -> 1, RSU_1: 2 -> 3
[Migration] Executed 3 vehicle-following migrations.
馃攳 杩佺Щ缁熻: 鎵ц15娆? 鎴愬姛15娆? 鎴愬姛鐜?00.0%
[璋冭瘯] Episode 0008: 寤惰繜 1.246s, 鑳借€?6324.00J, 瀹屾垚鐜?95.6%, 杩佺Щ鎴愬姛鐜?100.0%, 缂撳瓨鍛戒腑 27.5%, 鏁版嵁鎹熷け 29.8%, 缂撳瓨娣樻卑鐜?0.0%
馃攳 杩佺Щ缁熻: 鎵ц15娆? 鎴愬姛15娆? 鎴愬姛鐜?00.0%
[璋冭瘯] Episode 0008: 寤惰繜 1.241s, 鑳借€?6333.91J, 瀹屾垚鐜?95.7%, 杩佺Щ鎴愬姛鐜?100.0%, 缂撳瓨鍛戒腑 27.6%, 鏁版嵁鎹熷け 29.8%, 缂撳瓨娣樻卑鐜?0.0%
馃攳 杩佺Щ缁熻: 鎵ц15娆? 鎴愬姛15娆? 鎴愬姛鐜?00.0%
[璋冭瘯] Episode 0008: 寤惰繜 1.522s, 鑳借€?7140.55J, 瀹屾垚鐜?95.7%, 杩佺Щ鎴愬姛鐜?100.0%, 缂撳瓨鍛戒腑 27.6%, 鏁版嵁鎹熷け 28.2%, 缂撳瓨娣樻卑鐜?0.0%
馃攳 杩佺Щ缁熻: 鎵ц15娆? 鎴愬姛15娆? 鎴愬姛鐜?00.0%
[璋冭瘯] Episode 0008: 寤惰繜 1.515s, 鑳借€?7141.27J, 瀹屾垚鐜?95.7%, 杩佺Щ鎴愬姛鐜?100.0%, 缂撳瓨鍛戒腑 27.9%, 鏁版嵁鎹熷け 28.2%, 缂撳瓨娣樻卑鐜?0.0%
馃攳 杩佺Щ缁熻: 鎵ц15娆? 鎴愬姛15娆? 鎴愬姛鐜?00.0%
[璋冭瘯] Episode 0008: 寤惰繜 1.515s, 鑳借€?7141.27J, 瀹屾垚鐜?95.7%, 杩佺Щ鎴愬姛鐜?100.0%, 缂撳瓨鍛戒腑 27.9%, 鏁版嵁鎹熷け 28.2%, 缂撳瓨娣樻卑鐜?0.0%
[Episode 8, Step 1] Tasks: generated=4, local=0(0.0%), rsu=2(50.0%), uav=2(50.0%), dropped=0(0.0%)
[Episode 8, Step 3] Tasks: generated=1, local=0(0.0%), rsu=1(100.0%), uav=0(0.0%), dropped=0(0.0%)
[Episode 8, Step 5] Tasks: generated=3, local=0(0.0%), rsu=3(100.0%), uav=0(0.0%), dropped=0(0.0%)
[Episode 8, Step 7] Tasks: generated=5, local=0(0.0%), rsu=4(80.0%), uav=1(20.0%), dropped=0(0.0%)
[Episode 8, Step 9] Tasks: generated=2, local=0(0.0%), rsu=2(100.0%), uav=0(0.0%), dropped=0(0.0%)
[Episode 8, Step 11] Tasks: generated=5, local=1(20.0%), rsu=4(80.0%), uav=0(0.0%), dropped=0(0.0%)
[Episode 8, Step 13] Tasks: generated=2, local=0(0.0%), rsu=2(100.0%), uav=0(0.0%), dropped=0(0.0%)
[Episode 8, Step 15] Tasks: generated=1, local=0(0.0%), rsu=1(100.0%), uav=0(0.0%), dropped=0(0.0%)
[Episode 8, Step 17] Tasks: generated=3, local=1(33.3%), rsu=2(66.7%), uav=0(0.0%), dropped=0(0.0%)
[Episode 8, Step 19] Tasks: generated=2, local=0(0.0%), rsu=2(100.0%), uav=0(0.0%), dropped=0(0.0%)
[Episode 8, Step 21] Tasks: generated=3, local=1(33.3%), rsu=2(66.7%), uav=0(0.0%), dropped=0(0.0%)
[Episode 8, Step 23] Tasks: generated=3, local=0(0.0%), rsu=1(33.3%), uav=2(66.7%), dropped=0(0.0%)
[Episode 8, Step 25] Tasks: generated=1, local=0(0.0%), rsu=1(100.0%), uav=0(0.0%), dropped=0(0.0%)
[Episode 8, Step 27] Tasks: generated=5, local=0(0.0%), rsu=3(60.0%), uav=2(40.0%), dropped=0(0.0%)
[Episode 8, Step 29] Tasks: generated=3, local=1(33.3%), rsu=1(33.3%), uav=1(33.3%), dropped=0(0.0%)
[Episode 8, Step 31] Tasks: generated=0, local=0(0.0%), rsu=0(0.0%), uav=0(0.0%), dropped=0(0.0%)
[Episode 8, Step 33] Tasks: generated=2, local=0(0.0%), rsu=2(100.0%), uav=0(0.0%), dropped=0(0.0%)
[Episode 8, Step 35] Tasks: generated=3, local=0(0.0%), rsu=2(66.7%), uav=1(33.3%), dropped=0(0.0%)
[Episode 8, Step 37] Tasks: generated=0, local=0(0.0%), rsu=0(0.0%), uav=0(0.0%), dropped=0(0.0%)
[Episode 8, Step 39] Tasks: generated=0, local=0(0.0%), rsu=0(0.0%), uav=0(0.0%), dropped=1(0.0%)
[Episode 8, Step 41] Tasks: generated=6, local=0(0.0%), rsu=5(83.3%), uav=1(16.7%), dropped=0(0.0%)
[Episode 8, Step 43] Tasks: generated=1, local=0(0.0%), rsu=1(100.0%), uav=0(0.0%), dropped=0(0.0%)
[Episode 8, Step 45] Tasks: generated=4, local=0(0.0%), rsu=2(50.0%), uav=2(50.0%), dropped=0(0.0%)
[Episode 8, Step 47] Tasks: generated=2, local=1(50.0%), rsu=1(50.0%), uav=0(0.0%), dropped=1(50.0%)
[Episode 8, Step 49] Tasks: generated=2, local=2(100.0%), rsu=0(0.0%), uav=0(0.0%), dropped=0(0.0%)
[Episode 8, Step 51] Tasks: generated=1, local=0(0.0%), rsu=1(100.0%), uav=0(0.0%), dropped=0(0.0%)
[Episode 8, Step 53] Tasks: generated=3, local=0(0.0%), rsu=3(100.0%), uav=0(0.0%), dropped=0(0.0%)
[Episode 8, Step 55] Tasks: generated=2, local=1(50.0%), rsu=0(0.0%), uav=1(50.0%), dropped=0(0.0%)
[Episode 8, Step 57] Tasks: generated=0, local=0(0.0%), rsu=0(0.0%), uav=0(0.0%), dropped=0(0.0%)
[Episode 8, Step 59] Tasks: generated=1, local=0(0.0%), rsu=1(100.0%), uav=0(0.0%), dropped=0(0.0%)
[Episode 8, Step 61] Tasks: generated=2, local=0(0.0%), rsu=2(100.0%), uav=0(0.0%), dropped=1(50.0%)
[Episode 8, Step 63] Tasks: generated=1, local=1(100.0%), rsu=0(0.0%), uav=0(0.0%), dropped=0(0.0%)
[Episode 8, Step 65] Tasks: generated=1, local=0(0.0%), rsu=0(0.0%), uav=1(100.0%), dropped=0(0.0%)
[Episode 8, Step 67] Tasks: generated=3, local=0(0.0%), rsu=3(100.0%), uav=0(0.0%), dropped=0(0.0%)
[Episode 8, Step 69] Tasks: generated=1, local=0(0.0%), rsu=0(0.0%), uav=1(100.0%), dropped=0(0.0%)
[Episode 8, Step 71] Tasks: generated=2, local=0(0.0%), rsu=1(50.0%), uav=1(50.0%), dropped=0(0.0%)
[Episode 8, Step 73] Tasks: generated=2, local=0(0.0%), rsu=2(100.0%), uav=0(0.0%), dropped=0(0.0%)
[Episode 8, Step 75] Tasks: generated=4, local=1(25.0%), rsu=2(50.0%), uav=1(25.0%), dropped=0(0.0%)
[Episode 8, Step 77] Tasks: generated=4, local=1(25.0%), rsu=2(50.0%), uav=1(25.0%), dropped=0(0.0%)
[Episode 8, Step 79] Tasks: generated=1, local=0(0.0%), rsu=0(0.0%), uav=1(100.0%), dropped=0(0.0%)
[Episode 8, Step 81] Tasks: generated=4, local=0(0.0%), rsu=1(25.0%), uav=3(75.0%), dropped=0(0.0%)
[Episode 8, Step 83] Tasks: generated=5, local=1(20.0%), rsu=2(40.0%), uav=2(40.0%), dropped=0(0.0%)
[Episode 8, Step 85] Tasks: generated=0, local=0(0.0%), rsu=0(0.0%), uav=0(0.0%), dropped=0(0.0%)
[Episode 8, Step 87] Tasks: generated=3, local=0(0.0%), rsu=0(0.0%), uav=3(100.0%), dropped=0(0.0%)
[Episode 8, Step 89] Tasks: generated=4, local=1(25.0%), rsu=2(50.0%), uav=1(25.0%), dropped=0(0.0%)
[Episode 8, Step 91] Tasks: generated=3, local=1(33.3%), rsu=1(33.3%), uav=1(33.3%), dropped=0(0.0%)
[Episode 8, Step 93] Tasks: generated=7, local=1(14.3%), rsu=2(28.6%), uav=4(57.1%), dropped=0(0.0%)
[Episode 8, Step 95] Tasks: generated=3, local=0(0.0%), rsu=1(33.3%), uav=2(66.7%), dropped=0(0.0%)
[Episode 8, Step 97] Tasks: generated=8, local=1(12.5%), rsu=4(50.0%), uav=3(37.5%), dropped=0(0.0%)
[Episode 8, Step 99] Tasks: generated=5, local=0(0.0%), rsu=3(60.0%), uav=2(40.0%), dropped=0(0.0%)
[Episode 8, Step 101] Tasks: generated=7, local=0(0.0%), rsu=4(57.1%), uav=3(42.9%), dropped=0(0.0%)
[Episode 8, Step 103] Tasks: generated=4, local=0(0.0%), rsu=2(50.0%), uav=2(50.0%), dropped=0(0.0%)
[Episode 8, Step 105] Tasks: generated=2, local=0(0.0%), rsu=1(50.0%), uav=1(50.0%), dropped=0(0.0%)
[Episode 8, Step 107] Tasks: generated=2, local=0(0.0%), rsu=2(100.0%), uav=0(0.0%), dropped=0(0.0%)
[Episode 8, Step 109] Tasks: generated=2, local=1(50.0%), rsu=1(50.0%), uav=0(0.0%), dropped=0(0.0%)
[Episode 8, Step 111] Tasks: generated=3, local=2(66.7%), rsu=1(33.3%), uav=0(0.0%), dropped=0(0.0%)
[Episode 8, Step 113] Tasks: generated=3, local=0(0.0%), rsu=1(33.3%), uav=2(66.7%), dropped=1(33.3%)
[Episode 8, Step 115] Tasks: generated=1, local=0(0.0%), rsu=1(100.0%), uav=0(0.0%), dropped=1(100.0%)
[Episode 8, Step 117] Tasks: generated=3, local=0(0.0%), rsu=2(66.7%), uav=1(33.3%), dropped=0(0.0%)
[Episode 8, Step 119] Tasks: generated=4, local=1(25.0%), rsu=2(50.0%), uav=1(25.0%), dropped=0(0.0%)
[Episode 8, Step 121] Tasks: generated=4, local=0(0.0%), rsu=3(75.0%), uav=1(25.0%), dropped=0(0.0%)
[Episode 8, Step 123] Tasks: generated=1, local=1(100.0%), rsu=0(0.0%), uav=0(0.0%), dropped=0(0.0%)
[Episode 8, Step 125] Tasks: generated=3, local=0(0.0%), rsu=3(100.0%), uav=0(0.0%), dropped=0(0.0%)
[Episode 8, Step 127] Tasks: generated=3, local=1(33.3%), rsu=1(33.3%), uav=1(33.3%), dropped=0(0.0%)
[Episode 8, Step 129] Tasks: generated=2, local=0(0.0%), rsu=0(0.0%), uav=2(100.0%), dropped=0(0.0%)
[Episode 8, Step 131] Tasks: generated=7, local=0(0.0%), rsu=3(42.9%), uav=4(57.1%), dropped=0(0.0%)
[Episode 8, Step 133] Tasks: generated=2, local=1(50.0%), rsu=1(50.0%), uav=0(0.0%), dropped=0(0.0%)
[Episode 8, Step 135] Tasks: generated=2, local=0(0.0%), rsu=2(100.0%), uav=0(0.0%), dropped=0(0.0%)
[Episode 8, Step 137] Tasks: generated=4, local=0(0.0%), rsu=2(50.0%), uav=2(50.0%), dropped=0(0.0%)
[Episode 8, Step 139] Tasks: generated=4, local=1(25.0%), rsu=3(75.0%), uav=0(0.0%), dropped=0(0.0%)
[Episode 8, Step 141] Tasks: generated=0, local=0(0.0%), rsu=0(0.0%), uav=0(0.0%), dropped=0(0.0%)
[Episode 8, Step 143] Tasks: generated=2, local=1(50.0%), rsu=0(0.0%), uav=1(50.0%), dropped=0(0.0%)
[Episode 8, Step 145] Tasks: generated=5, local=1(20.0%), rsu=3(60.0%), uav=1(20.0%), dropped=0(0.0%)
[Episode 8, Step 147] Tasks: generated=4, local=0(0.0%), rsu=2(50.0%), uav=2(50.0%), dropped=0(0.0%)
[Episode 8, Step 149] Tasks: generated=4, local=1(25.0%), rsu=0(0.0%), uav=3(75.0%), dropped=0(0.0%)
[Episode 8, Step 151] Tasks: generated=3, local=0(0.0%), rsu=2(66.7%), uav=1(33.3%), dropped=0(0.0%)
[Episode 8, Step 153] Tasks: generated=0, local=0(0.0%), rsu=0(0.0%), uav=0(0.0%), dropped=0(0.0%)
[Episode 8, Step 155] Tasks: generated=3, local=0(0.0%), rsu=2(66.7%), uav=1(33.3%), dropped=0(0.0%)
[Episode 8, Step 157] Tasks: generated=1, local=0(0.0%), rsu=1(100.0%), uav=0(0.0%), dropped=0(0.0%)
[Episode 8, Step 159] Tasks: generated=4, local=0(0.0%), rsu=2(50.0%), uav=2(50.0%), dropped=0(0.0%)
[Episode 8, Step 161] Tasks: generated=2, local=0(0.0%), rsu=0(0.0%), uav=2(100.0%), dropped=0(0.0%)
[Episode 8, Step 163] Tasks: generated=2, local=0(0.0%), rsu=0(0.0%), uav=2(100.0%), dropped=0(0.0%)
[Episode 8, Step 165] Tasks: generated=1, local=0(0.0%), rsu=0(0.0%), uav=1(100.0%), dropped=0(0.0%)
[Episode 8, Step 167] Tasks: generated=6, local=0(0.0%), rsu=2(33.3%), uav=4(66.7%), dropped=0(0.0%)
[Episode 8, Step 169] Tasks: generated=2, local=0(0.0%), rsu=1(50.0%), uav=1(50.0%), dropped=0(0.0%)
[Episode 8, Step 171] Tasks: generated=1, local=1(100.0%), rsu=0(0.0%), uav=0(0.0%), dropped=0(0.0%)
[Episode 8, Step 173] Tasks: generated=5, local=0(0.0%), rsu=5(100.0%), uav=0(0.0%), dropped=0(0.0%)
[Episode 8, Step 175] Tasks: generated=4, local=0(0.0%), rsu=2(50.0%), uav=2(50.0%), dropped=0(0.0%)
[Episode 8, Step 177] Tasks: generated=2, local=0(0.0%), rsu=2(100.0%), uav=0(0.0%), dropped=0(0.0%)
[Episode 8, Step 179] Tasks: generated=2, local=0(0.0%), rsu=1(50.0%), uav=1(50.0%), dropped=0(0.0%)
[Episode 8, Step 181] Tasks: generated=1, local=0(0.0%), rsu=1(100.0%), uav=0(0.0%), dropped=0(0.0%)
[Episode 8, Step 183] Tasks: generated=1, local=0(0.0%), rsu=1(100.0%), uav=0(0.0%), dropped=0(0.0%)
[Episode 8, Step 185] Tasks: generated=5, local=0(0.0%), rsu=4(80.0%), uav=1(20.0%), dropped=0(0.0%)
[Episode 8, Step 187] Tasks: generated=3, local=0(0.0%), rsu=1(33.3%), uav=2(66.7%), dropped=0(0.0%)
[Episode 8, Step 189] Tasks: generated=1, local=1(100.0%), rsu=0(0.0%), uav=0(0.0%), dropped=0(0.0%)
[Episode 8, Step 191] Tasks: generated=5, local=1(20.0%), rsu=3(60.0%), uav=1(20.0%), dropped=0(0.0%)
[Episode 8, Step 193] Tasks: generated=0, local=0(0.0%), rsu=0(0.0%), uav=0(0.0%), dropped=0(0.0%)
[Episode 8, Step 195] Tasks: generated=4, local=0(0.0%), rsu=2(50.0%), uav=2(50.0%), dropped=3(75.0%)
[Episode 8, Step 197] Tasks: generated=3, local=3(100.0%), rsu=0(0.0%), uav=0(0.0%), dropped=0(0.0%)
[Episode 8, Step 199] Tasks: generated=0, local=0(0.0%), rsu=0(0.0%), uav=0(0.0%), dropped=0(0.0%)

================================================================================
馃搳 Episode 8 浠诲姟澶勭悊鏂瑰紡鍒嗗竷缁熻
================================================================================
鎬绘鏁? 200
鎬荤敓鎴愪换鍔℃暟: 537

浠诲姟鍒嗗竷鍗犳瘮:
  鉁?鏈湴澶勭悊:     73 浠诲姟 ( 13.6%)
  鉁?RSU澶勭悊:     290 浠诲姟 ( 54.0%)
  鉁?UAV澶勭悊:     174 浠诲姟 ( 32.4%)
  鉁?琚涪寮?       23 浠诲姟 (  4.3%)

琛ュ厖鎸囨爣:
  浠诲姟鎴愬姛鐜? 95.7%
  RSU缂撳瓨鍛戒腑鐜? 28.0%
  骞冲潎鏈湴鍗犳瘮: 13.7%
  骞冲潎RSU鍗犳瘮: 50.9%
  骞冲潎UAV鍗犳瘮: 28.4%
================================================================================

杞﹁締鍒濆鍖栧畬鎴愶細涓诲共閬撳弻璺彛鍦烘櫙
鍒涘缓浜?12 杞﹁締, 4 RSU, 2 UAV
涓ぎRSU璋冨害鍣ㄥ凡鍚敤: RSU_2
[Topology] Central RSU configured as RSU_2 for coordination.
鍒濆鍖栦簡 6 涓紦瀛樼鐞嗗櫒
[璋冭瘯] Episode 0009: 寤惰繜 2.586s, 鑳借€?7.85J, 瀹屾垚鐜?100.0%, 杩佺Щ鎴愬姛鐜?0.0%, 缂撳瓨鍛戒腑 26.1%, 鏁版嵁鎹熷け 0.0%, 缂撳瓨娣樻卑鐜?0.0%
[璋冭瘯] Episode 0009: 寤惰繜 2.022s, 鑳借€?9.32J, 瀹屾垚鐜?100.0%, 杩佺Щ鎴愬姛鐜?0.0%, 缂撳瓨鍛戒腑 26.1%, 鏁版嵁鎹熷け 0.0%, 缂撳瓨娣樻卑鐜?0.0%
[璋冭瘯] Episode 0009: 寤惰繜 1.378s, 鑳借€?26.49J, 瀹屾垚鐜?100.0%, 杩佺Щ鎴愬姛鐜?0.0%, 缂撳瓨鍛戒腑 26.0%, 鏁版嵁鎹熷け 0.0%, 缂撳瓨娣樻卑鐜?0.0%
[璋冭瘯] Episode 0009: 寤惰繜 0.847s, 鑳借€?63.67J, 瀹屾垚鐜?100.0%, 杩佺Щ鎴愬姛鐜?0.0%, 缂撳瓨鍛戒腑 26.0%, 鏁版嵁鎹熷け 0.0%, 缂撳瓨娣樻卑鐜?0.0%
[璋冭瘯] Episode 0009: 寤惰繜 0.631s, 鑳借€?90.26J, 瀹屾垚鐜?100.0%, 杩佺Щ鎴愬姛鐜?0.0%, 缂撳瓨鍛戒腑 26.0%, 鏁版嵁鎹熷け 0.0%, 缂撳瓨娣樻卑鐜?0.0%
[璋冭瘯] Episode 0009: 寤惰繜 0.682s, 鑳借€?125.95J, 瀹屾垚鐜?100.0%, 杩佺Щ鎴愬姛鐜?0.0%, 缂撳瓨鍛戒腑 26.0%, 鏁版嵁鎹熷け 0.0%, 缂撳瓨娣樻卑鐜?0.0%
[璋冭瘯] Episode 0009: 寤惰繜 0.664s, 鑳借€?137.23J, 瀹屾垚鐜?100.0%, 杩佺Щ鎴愬姛鐜?0.0%, 缂撳瓨鍛戒腑 26.0%, 鏁版嵁鎹熷け 0.0%, 缂撳瓨娣樻卑鐜?0.0%
[璋冭瘯] Episode 0009: 寤惰繜 0.702s, 鑳借€?152.25J, 瀹屾垚鐜?100.0%, 杩佺Щ鎴愬姛鐜?0.0%, 缂撳瓨鍛戒腑 25.9%, 鏁版嵁鎹熷け 0.0%, 缂撳瓨娣樻卑鐜?0.0%
[璋冭瘯] Episode 0009: 寤惰繜 5.000s, 鑳借€?827.07J, 瀹屾垚鐜?100.0%, 杩佺Щ鎴愬姛鐜?0.0%, 缂撳瓨鍛戒腑 25.9%, 鏁版嵁鎹熷け 0.0%, 缂撳瓨娣樻卑鐜?0.0%
[璋冭瘯] Episode 0009: 寤惰繜 5.000s, 鑳借€?859.68J, 瀹屾垚鐜?100.0%, 杩佺Щ鎴愬姛鐜?0.0%, 缂撳瓨鍛戒腑 25.9%, 鏁版嵁鎹熷け 0.0%, 缂撳瓨娣樻卑鐜?0.0%
[璋冭瘯] Episode 0009: 寤惰繜 5.000s, 鑳借€?881.48J, 瀹屾垚鐜?100.0%, 杩佺Щ鎴愬姛鐜?0.0%, 缂撳瓨鍛戒腑 25.9%, 鏁版嵁鎹熷け 0.0%, 缂撳瓨娣樻卑鐜?0.0%
[璋冭瘯] Episode 0009: 寤惰繜 4.920s, 鑳借€?896.94J, 瀹屾垚鐜?100.0%, 杩佺Щ鎴愬姛鐜?0.0%, 缂撳瓨鍛戒腑 25.9%, 鏁版嵁鎹熷け 0.0%, 缂撳瓨娣樻卑鐜?0.0%
[璋冭瘯] Episode 0009: 寤惰繜 4.312s, 鑳借€?935.31J, 瀹屾垚鐜?100.0%, 杩佺Щ鎴愬姛鐜?0.0%, 缂撳瓨鍛戒腑 25.9%, 鏁版嵁鎹熷け 0.0%, 缂撳瓨娣樻卑鐜?0.0%
[VehicleMigration] handover #1: vehicle V_8 task task_40 RSU_3 -> RSU_1
   Trigger: distance 280.6m > threshold 277.4m (speed 15.1 m/s)
   Score: 440.6 -> 219.6 (improvement 50.2%)
   Queue trend: RSU_3: 2 -> 1, RSU_1: 0 -> 1
[Migration] Executed 1 vehicle-following migrations.
馃攳 杩佺Щ缁熻: 鎵ц1娆? 鎴愬姛1娆? 鎴愬姛鐜?00.0%
[璋冭瘯] Episode 0009: 寤惰繜 4.018s, 鑳借€?970.17J, 瀹屾垚鐜?100.0%, 杩佺Щ鎴愬姛鐜?100.0%, 缂撳瓨鍛戒腑 25.8%, 鏁版嵁鎹熷け 0.0%, 缂撳瓨娣樻卑鐜?0.0%
[VehicleMigration] handover #1: vehicle V_8 task task_45 RSU_3 -> RSU_1
   Trigger: distance 279.1m > threshold 277.4m (speed 15.1 m/s)
   Score: 439.1 -> 251.1 (improvement 42.8%)
   Queue trend: RSU_3: 2 -> 1, RSU_1: 1 -> 2
[Migration] Executed 1 vehicle-following migrations.
馃攳 杩佺Щ缁熻: 鎵ц2娆? 鎴愬姛2娆? 鎴愬姛鐜?00.0%
[璋冭瘯] Episode 0009: 寤惰繜 3.926s, 鑳借€?983.44J, 瀹屾垚鐜?100.0%, 杩佺Щ鎴愬姛鐜?100.0%, 缂撳瓨鍛戒腑 25.8%, 鏁版嵁鎹熷け 0.0%, 缂撳瓨娣樻卑鐜?0.0%
馃攳 杩佺Щ缁熻: 鎵ц2娆? 鎴愬姛2娆? 鎴愬姛鐜?00.0%
[璋冭瘯] Episode 0009: 寤惰繜 3.827s, 鑳借€?996.37J, 瀹屾垚鐜?100.0%, 杩佺Щ鎴愬姛鐜?100.0%, 缂撳瓨鍛戒腑 25.8%, 鏁版嵁鎹熷け 0.0%, 缂撳瓨娣樻卑鐜?0.0%
馃攳 杩佺Щ缁熻: 鎵ц2娆? 鎴愬姛2娆? 鎴愬姛鐜?00.0%
[璋冭瘯] Episode 0009: 寤惰繜 3.399s, 鑳借€?1065.20J, 瀹屾垚鐜?100.0%, 杩佺Щ鎴愬姛鐜?100.0%, 缂撳瓨鍛戒腑 25.8%, 鏁版嵁鎹熷け 0.0%, 缂撳瓨娣樻卑鐜?0.0%
[VehicleMigration] handover #1: vehicle V_3 task task_52 RSU_0 -> RSU_1
   Trigger: distance 288.9m > threshold 282.2m (speed 11.9 m/s)
   Score: 538.9 -> 248.9 (improvement 53.8%)
   Queue trend: RSU_0: 5 -> 4, RSU_1: 2 -> 3
[Migration] Executed 1 vehicle-following migrations.
馃攳 杩佺Щ缁熻: 鎵ц3娆? 鎴愬姛3娆? 鎴愬姛鐜?00.0%
[璋冭瘯] Episode 0009: 寤惰繜 3.100s, 鑳借€?1129.52J, 瀹屾垚鐜?100.0%, 杩佺Щ鎴愬姛鐜?100.0%, 缂撳瓨鍛戒腑 25.7%, 鏁版嵁鎹熷け 0.0%, 缂撳瓨娣樻卑鐜?0.0%
[VehicleMigration] handover #1: vehicle V_3 task task_58 RSU_0 -> RSU_1
   Trigger: distance 287.7m > threshold 282.0m (speed 12.0 m/s)
   Score: 447.7 -> 277.8 (improvement 38.0%)
   Queue trend: RSU_0: 2 -> 1, RSU_1: 3 -> 4
[Migration] Executed 1 vehicle-following migrations.
馃攳 杩佺Щ缁熻: 鎵ц4娆? 鎴愬姛4娆? 鎴愬姛鐜?00.0%
[璋冭瘯] Episode 0009: 寤惰繜 3.008s, 鑳借€?1156.08J, 瀹屾垚鐜?100.0%, 杩佺Щ鎴愬姛鐜?100.0%, 缂撳瓨鍛戒腑 25.7%, 鏁版嵁鎹熷け 0.0%, 缂撳瓨娣樻卑鐜?0.0%
馃攳 杩佺Щ缁熻: 鎵ц4娆? 鎴愬姛4娆? 鎴愬姛鐜?00.0%
[璋冭瘯] Episode 0009: 寤惰繜 2.941s, 鑳借€?1182.16J, 瀹屾垚鐜?100.0%, 杩佺Щ鎴愬姛鐜?100.0%, 缂撳瓨鍛戒腑 25.7%, 鏁版嵁鎹熷け 0.0%, 缂撳瓨娣樻卑鐜?0.0%
馃攳 杩佺Щ缁熻: 鎵ц4娆? 鎴愬姛4娆? 鎴愬姛鐜?00.0%
[璋冭瘯] Episode 0009: 寤惰繜 2.755s, 鑳借€?1241.92J, 瀹屾垚鐜?100.0%, 杩佺Щ鎴愬姛鐜?100.0%, 缂撳瓨鍛戒腑 25.7%, 鏁版嵁鎹熷け 0.0%, 缂撳瓨娣樻卑鐜?0.0%
馃攳 杩佺Щ缁熻: 鎵ц4娆? 鎴愬姛4娆? 鎴愬姛鐜?00.0%
[璋冭瘯] Episode 0009: 寤惰繜 2.633s, 鑳借€?1281.91J, 瀹屾垚鐜?100.0%, 杩佺Щ鎴愬姛鐜?100.0%, 缂撳瓨鍛戒腑 25.6%, 鏁版嵁鎹熷け 0.0%, 缂撳瓨娣樻卑鐜?0.0%
馃攳 杩佺Щ缁熻: 鎵ц4娆? 鎴愬姛4娆? 鎴愬姛鐜?00.0%
[璋冭瘯] Episode 0009: 寤惰繜 2.507s, 鑳借€?1327.98J, 瀹屾垚鐜?100.0%, 杩佺Щ鎴愬姛鐜?100.0%, 缂撳瓨鍛戒腑 25.6%, 鏁版嵁鎹熷け 0.0%, 缂撳瓨娣樻卑鐜?0.0%
馃攳 杩佺Щ缁熻: 鎵ц4娆? 鎴愬姛4娆? 鎴愬姛鐜?00.0%
[璋冭瘯] Episode 0009: 寤惰繜 2.336s, 鑳借€?1378.18J, 瀹屾垚鐜?100.0%, 杩佺Щ鎴愬姛鐜?100.0%, 缂撳瓨鍛戒腑 0.8%, 鏁版嵁鎹熷け 0.0%, 缂撳瓨娣樻卑鐜?0.0%
馃攳 杩佺Щ缁熻: 鎵ц4娆? 鎴愬姛4娆? 鎴愬姛鐜?00.0%
[璋冭瘯] Episode 0009: 寤惰繜 2.341s, 鑳借€?1391.79J, 瀹屾垚鐜?100.0%, 杩佺Щ鎴愬姛鐜?100.0%, 缂撳瓨鍛戒腑 1.5%, 鏁版嵁鎹熷け 0.0%, 缂撳瓨娣樻卑鐜?0.0%
馃攳 杩佺Щ缁熻: 鎵ц4娆? 鎴愬姛4娆? 鎴愬姛鐜?00.0%
[璋冭瘯] Episode 0009: 寤惰繜 2.179s, 鑳借€?1462.23J, 瀹屾垚鐜?100.0%, 杩佺Щ鎴愬姛鐜?100.0%, 缂撳瓨鍛戒腑 1.4%, 鏁版嵁鎹熷け 0.0%, 缂撳瓨娣樻卑鐜?0.0%
馃攳 杩佺Щ缁熻: 鎵ц4娆? 鎴愬姛4娆? 鎴愬姛鐜?00.0%
[璋冭瘯] Episode 0009: 寤惰繜 2.123s, 鑳借€?1476.68J, 瀹屾垚鐜?100.0%, 杩佺Щ鎴愬姛鐜?100.0%, 缂撳瓨鍛戒腑 2.7%, 鏁版嵁鎹熷け 0.0%, 缂撳瓨娣樻卑鐜?0.0%
馃攳 杩佺Щ缁熻: 鎵ц4娆? 鎴愬姛4娆? 鎴愬姛鐜?00.0%
[璋冭瘯] Episode 0009: 寤惰繜 2.070s, 鑳借€?1524.24J, 瀹屾垚鐜?100.0%, 杩佺Щ鎴愬姛鐜?100.0%, 缂撳瓨鍛戒腑 2.6%, 鏁版嵁鎹熷け 0.0%, 缂撳瓨娣樻卑鐜?0.0%
馃攳 杩佺Щ缁熻: 鎵ц4娆? 鎴愬姛4娆? 鎴愬姛鐜?00.0%
[璋冭瘯] Episode 0009: 寤惰繜 1.933s, 鑳借€?1596.57J, 瀹屾垚鐜?100.0%, 杩佺Щ鎴愬姛鐜?100.0%, 缂撳瓨鍛戒腑 2.5%, 鏁版嵁鎹熷け 0.0%, 缂撳瓨娣樻卑鐜?0.0%
馃攳 杩佺Щ缁熻: 鎵ц4娆? 鎴愬姛4娆? 鎴愬姛鐜?00.0%
[璋冭瘯] Episode 0009: 寤惰繜 1.947s, 鑳借€?1596.79J, 瀹屾垚鐜?100.0%, 杩佺Щ鎴愬姛鐜?100.0%, 缂撳瓨鍛戒腑 2.5%, 鏁版嵁鎹熷け 0.0%, 缂撳瓨娣樻卑鐜?0.0%
馃攳 杩佺Щ缁熻: 鎵ц4娆? 鎴愬姛4娆? 鎴愬姛鐜?00.0%
[璋冭瘯] Episode 0009: 寤惰繜 1.868s, 鑳借€?1639.39J, 瀹屾垚鐜?100.0%, 杩佺Щ鎴愬姛鐜?100.0%, 缂撳瓨鍛戒腑 2.4%, 鏁版嵁鎹熷け 0.0%, 缂撳瓨娣樻卑鐜?0.0%
馃攳 杩佺Щ缁熻: 鎵ц4娆? 鎴愬姛4娆? 鎴愬姛鐜?00.0%
[璋冭瘯] Episode 0009: 寤惰繜 1.843s, 鑳借€?1653.82J, 瀹屾垚鐜?100.0%, 杩佺Щ鎴愬姛鐜?100.0%, 缂撳瓨鍛戒腑 2.4%, 鏁版嵁鎹熷け 0.0%, 缂撳瓨娣樻卑鐜?0.0%
浠诲姟鍒嗙被缁熻(100): 绫诲瀷1=0.0%, 绫诲瀷2=12.0%, 绫诲瀷3=48.0%, 绫诲瀷4=40.0%
   褰撳墠浠诲姟: traffic_info, 1.21s 鈫?绫诲瀷4, 鏁版嵁0.10MB
   馃捑 缂撳瓨缁熻: 鍛戒腑鐜?2.35% (鎬诲懡涓?4, 鏈湴:0, 鏈懡涓?166)
馃攳 杩佺Щ缁熻: 鎵ц4娆? 鎴愬姛4娆? 鎴愬姛鐜?00.0%
[璋冭瘯] Episode 0009: 寤惰繜 1.820s, 鑳借€?1667.88J, 瀹屾垚鐜?100.0%, 杩佺Щ鎴愬姛鐜?100.0%, 缂撳瓨鍛戒腑 2.3%, 鏁版嵁鎹熷け 0.0%, 缂撳瓨娣樻卑鐜?0.0%
馃攳 杩佺Щ缁熻: 鎵ц4娆? 鎴愬姛4娆? 鎴愬姛鐜?00.0%
[璋冭瘯] Episode 0009: 寤惰繜 1.793s, 鑳借€?1693.30J, 瀹屾垚鐜?100.0%, 杩佺Щ鎴愬姛鐜?100.0%, 缂撳瓨鍛戒腑 2.2%, 鏁版嵁鎹熷け 0.0%, 缂撳瓨娣樻卑鐜?0.0%
馃攳 杩佺Щ缁熻: 鎵ц4娆? 鎴愬姛4娆? 鎴愬姛鐜?00.0%
[璋冭瘯] Episode 0009: 寤惰繜 1.757s, 鑳借€?1705.67J, 瀹屾垚鐜?100.0%, 杩佺Щ鎴愬姛鐜?100.0%, 缂撳瓨鍛戒腑 2.6%, 鏁版嵁鎹熷け 0.0%, 缂撳瓨娣樻卑鐜?0.0%
馃攳 杩佺Щ缁熻: 鎵ц4娆? 鎴愬姛4娆? 鎴愬姛鐜?00.0%
[璋冭瘯] Episode 0009: 寤惰繜 1.651s, 鑳借€?1763.56J, 瀹屾垚鐜?100.0%, 杩佺Щ鎴愬姛鐜?100.0%, 缂撳瓨鍛戒腑 3.6%, 鏁版嵁鎹熷け 0.0%, 缂撳瓨娣樻卑鐜?0.0%
馃攳 杩佺Щ缁熻: 鎵ц4娆? 鎴愬姛4娆? 鎴愬姛鐜?00.0%
[璋冭瘯] Episode 0009: 寤惰繜 1.621s, 鑳借€?1798.11J, 瀹屾垚鐜?100.0%, 杩佺Щ鎴愬姛鐜?100.0%, 缂撳瓨鍛戒腑 4.1%, 鏁版嵁鎹熷け 0.0%, 缂撳瓨娣樻卑鐜?0.0%
馃攳 杩佺Щ缁熻: 鎵ц4娆? 鎴愬姛4娆? 鎴愬姛鐜?00.0%
[璋冭瘯] Episode 0009: 寤惰繜 1.618s, 鑳借€?1808.51J, 瀹屾垚鐜?100.0%, 杩佺Щ鎴愬姛鐜?100.0%, 缂撳瓨鍛戒腑 4.8%, 鏁版嵁鎹熷け 0.0%, 缂撳瓨娣樻卑鐜?0.0%
馃攳 杩佺Щ缁熻: 鎵ц4娆? 鎴愬姛4娆? 鎴愬姛鐜?00.0%
[璋冭瘯] Episode 0009: 寤惰繜 1.577s, 鑳借€?1846.31J, 瀹屾垚鐜?100.0%, 杩佺Щ鎴愬姛鐜?100.0%, 缂撳瓨鍛戒腑 4.7%, 鏁版嵁鎹熷け 0.0%, 缂撳瓨娣樻卑鐜?0.0%
[VehicleMigration] handover #1: vehicle V_4 task task_127 RSU_0 -> RSU_1
   Trigger: distance 299.1m > threshold 287.9m (speed 8.1 m/s)
   Score: 549.1 -> 289.2 (improvement 47.3%)
   Queue trend: RSU_0: 5 -> 4, RSU_1: 3 -> 4
[Migration] Executed 1 vehicle-following migrations.
馃攳 杩佺Щ缁熻: 鎵ц5娆? 鎴愬姛5娆? 鎴愬姛鐜?00.0%
[璋冭瘯] Episode 0009: 寤惰繜 1.607s, 鑳借€?1859.25J, 瀹屾垚鐜?100.0%, 杩佺Щ鎴愬姛鐜?100.0%, 缂撳瓨鍛戒腑 4.5%, 鏁版嵁鎹熷け 0.0%, 缂撳瓨娣樻卑鐜?0.0%
馃攳 杩佺Щ缁熻: 鎵ц5娆? 鎴愬姛5娆? 鎴愬姛鐜?00.0%
[璋冭瘯] Episode 0009: 寤惰繜 1.590s, 鑳借€?1885.20J, 瀹屾垚鐜?100.0%, 杩佺Щ鎴愬姛鐜?100.0%, 缂撳瓨鍛戒腑 4.4%, 鏁版嵁鎹熷け 0.0%, 缂撳瓨娣樻卑鐜?0.0%
馃攳 杩佺Щ缁熻: 鎵ц5娆? 鎴愬姛5娆? 鎴愬姛鐜?00.0%
[璋冭瘯] Episode 0009: 寤惰繜 1.544s, 鑳借€?1932.69J, 瀹屾垚鐜?100.0%, 杩佺Щ鎴愬姛鐜?100.0%, 缂撳瓨鍛戒腑 4.4%, 鏁版嵁鎹熷け 0.0%, 缂撳瓨娣樻卑鐜?0.0%
馃攳 杩佺Щ缁熻: 鎵ц5娆? 鎴愬姛5娆? 鎴愬姛鐜?00.0%
[璋冭瘯] Episode 0009: 寤惰繜 1.512s, 鑳借€?1967.92J, 瀹屾垚鐜?100.0%, 杩佺Щ鎴愬姛鐜?100.0%, 缂撳瓨鍛戒腑 5.2%, 鏁版嵁鎹熷け 0.0%, 缂撳瓨娣樻卑鐜?0.0%
馃攳 杩佺Щ缁熻: 鎵ц5娆? 鎴愬姛5娆? 鎴愬姛鐜?00.0%
[璋冭瘯] Episode 0009: 寤惰繜 1.510s, 鑳借€?1992.35J, 瀹屾垚鐜?100.0%, 杩佺Щ鎴愬姛鐜?100.0%, 缂撳瓨鍛戒腑 5.1%, 鏁版嵁鎹熷け 0.0%, 缂撳瓨娣樻卑鐜?0.0%
馃攳 杩佺Щ缁熻: 鎵ц5娆? 鎴愬姛5娆? 鎴愬姛鐜?00.0%
[璋冭瘯] Episode 0009: 寤惰繜 1.502s, 鑳借€?1994.97J, 瀹屾垚鐜?100.0%, 杩佺Щ鎴愬姛鐜?100.0%, 缂撳瓨鍛戒腑 5.0%, 鏁版嵁鎹熷け 0.0%, 缂撳瓨娣樻卑鐜?0.0%
馃攳 杩佺Щ缁熻: 鎵ц5娆? 鎴愬姛5娆? 鎴愬姛鐜?00.0%
[璋冭瘯] Episode 0009: 寤惰繜 1.480s, 鑳借€?2020.51J, 瀹屾垚鐜?100.0%, 杩佺Щ鎴愬姛鐜?100.0%, 缂撳瓨鍛戒腑 4.9%, 鏁版嵁鎹熷け 0.0%, 缂撳瓨娣樻卑鐜?0.0%
馃攳 杩佺Щ缁熻: 鎵ц5娆? 鎴愬姛5娆? 鎴愬姛鐜?00.0%
[璋冭瘯] Episode 0009: 寤惰繜 1.458s, 鑳借€?2042.97J, 瀹屾垚鐜?100.0%, 杩佺Щ鎴愬姛鐜?100.0%, 缂撳瓨鍛戒腑 4.8%, 鏁版嵁鎹熷け 0.0%, 缂撳瓨娣樻卑鐜?0.0%
馃攳 杩佺Щ缁熻: 鎵ц5娆? 鎴愬姛5娆? 鎴愬姛鐜?00.0%
[璋冭瘯] Episode 0009: 寤惰繜 1.434s, 鑳借€?2093.80J, 瀹屾垚鐜?100.0%, 杩佺Щ鎴愬姛鐜?100.0%, 缂撳瓨鍛戒腑 5.4%, 鏁版嵁鎹熷け 0.0%, 缂撳瓨娣樻卑鐜?0.0%
馃攳 杩佺Щ缁熻: 鎵ц5娆? 鎴愬姛5娆? 鎴愬姛鐜?00.0%
[璋冭瘯] Episode 0009: 寤惰繜 1.417s, 鑳借€?2119.91J, 瀹屾垚鐜?100.0%, 杩佺Щ鎴愬姛鐜?100.0%, 缂撳瓨鍛戒腑 5.4%, 鏁版嵁鎹熷け 0.0%, 缂撳瓨娣樻卑鐜?0.0%
馃攳 杩佺Щ缁熻: 鎵ц5娆? 鎴愬姛5娆? 鎴愬姛鐜?00.0%
[璋冭瘯] Episode 0009: 寤惰繜 1.399s, 鑳借€?2146.38J, 瀹屾垚鐜?100.0%, 杩佺Щ鎴愬姛鐜?100.0%, 缂撳瓨鍛戒腑 5.3%, 鏁版嵁鎹熷け 0.0%, 缂撳瓨娣樻卑鐜?0.0%
馃攳 杩佺Щ缁熻: 鎵ц5娆? 鎴愬姛5娆? 鎴愬姛鐜?00.0%
[璋冭瘯] Episode 0009: 寤惰繜 1.399s, 鑳借€?2156.50J, 瀹屾垚鐜?100.0%, 杩佺Щ鎴愬姛鐜?100.0%, 缂撳瓨鍛戒腑 5.3%, 鏁版嵁鎹熷け 0.0%, 缂撳瓨娣樻卑鐜?0.0%
[VehicleMigration] handover #1: vehicle V_9 task task_155 RSU_2 -> RSU_1
   Trigger: distance 287.6m > threshold 282.7m (speed 11.5 m/s)
   Score: 447.6 -> 247.6 (improvement 44.7%)
   Queue trend: RSU_2: 2 -> 1, RSU_1: 2 -> 3
[Migration] Executed 1 vehicle-following migrations.
馃攳 杩佺Щ缁熻: 鎵ц6娆? 鎴愬姛6娆? 鎴愬姛鐜?00.0%
[璋冭瘯] Episode 0009: 寤惰繜 1.371s, 鑳借€?2170.41J, 瀹屾垚鐜?100.0%, 杩佺Щ鎴愬姛鐜?100.0%, 缂撳瓨鍛戒腑 6.6%, 鏁版嵁鎹熷け 0.0%, 缂撳瓨娣樻卑鐜?0.0%
馃攳 杩佺Щ缁熻: 鎵ц6娆? 鎴愬姛6娆? 鎴愬姛鐜?00.0%
[璋冭瘯] Episode 0009: 寤惰繜 1.362s, 鑳借€?2170.83J, 瀹屾垚鐜?100.0%, 杩佺Щ鎴愬姛鐜?100.0%, 缂撳瓨鍛戒腑 6.6%, 鏁版嵁鎹熷け 0.0%, 缂撳瓨娣樻卑鐜?0.0%
馃攳 杩佺Щ缁熻: 鎵ц6娆? 鎴愬姛6娆? 鎴愬姛鐜?00.0%
[璋冭瘯] Episode 0009: 寤惰繜 1.321s, 鑳借€?2219.59J, 瀹屾垚鐜?100.0%, 杩佺Щ鎴愬姛鐜?100.0%, 缂撳瓨鍛戒腑 7.5%, 鏁版嵁鎹熷け 0.0%, 缂撳瓨娣樻卑鐜?0.0%
馃攳 杩佺Щ缁熻: 鎵ц6娆? 鎴愬姛6娆? 鎴愬姛鐜?00.0%
[璋冭瘯] Episode 0009: 寤惰繜 1.330s, 鑳借€?2259.16J, 瀹屾垚鐜?100.0%, 杩佺Щ鎴愬姛鐜?100.0%, 缂撳瓨鍛戒腑 7.5%, 鏁版嵁鎹熷け 0.0%, 缂撳瓨娣樻卑鐜?0.0%
馃攳 杩佺Щ缁熻: 鎵ц6娆? 鎴愬姛6娆? 鎴愬姛鐜?00.0%
[璋冭瘯] Episode 0009: 寤惰繜 1.320s, 鑳借€?2262.57J, 瀹屾垚鐜?100.0%, 杩佺Щ鎴愬姛鐜?100.0%, 缂撳瓨鍛戒腑 7.8%, 鏁版嵁鎹熷け 0.0%, 缂撳瓨娣樻卑鐜?0.0%
馃攳 杩佺Щ缁熻: 鎵ц6娆? 鎴愬姛6娆? 鎴愬姛鐜?00.0%
[璋冭瘯] Episode 0009: 寤惰繜 1.302s, 鑳借€?2272.62J, 瀹屾垚鐜?100.0%, 杩佺Щ鎴愬姛鐜?100.0%, 缂撳瓨鍛戒腑 8.7%, 鏁版嵁鎹熷け 0.0%, 缂撳瓨娣樻卑鐜?0.0%
馃攳 杩佺Щ缁熻: 鎵ц6娆? 鎴愬姛6娆? 鎴愬姛鐜?00.0%
[璋冭瘯] Episode 0009: 寤惰繜 1.280s, 鑳借€?2304.70J, 瀹屾垚鐜?100.0%, 杩佺Щ鎴愬姛鐜?100.0%, 缂撳瓨鍛戒腑 8.9%, 鏁版嵁鎹熷け 0.0%, 缂撳瓨娣樻卑鐜?0.0%
馃攳 杩佺Щ缁熻: 鎵ц6娆? 鎴愬姛6娆? 鎴愬姛鐜?00.0%
[璋冭瘯] Episode 0009: 寤惰繜 1.270s, 鑳借€?2304.87J, 瀹屾垚鐜?100.0%, 杩佺Щ鎴愬姛鐜?100.0%, 缂撳瓨鍛戒腑 10.0%, 鏁版嵁鎹熷け 0.0%, 缂撳瓨娣樻卑鐜?0.0%
[VehicleMigration] handover #1: vehicle V_7 task task_171 RSU_0 -> RSU_2
   Trigger: distance 270.7m > threshold 270.0m (speed 20.0 m/s)
   Score: 490.7 -> 259.3 (improvement 47.2%)
   Queue trend: RSU_0: 4 -> 3, RSU_2: 1 -> 2
[Migration] Executed 1 vehicle-following migrations.
馃攳 杩佺Щ缁熻: 鎵ц7娆? 鎴愬姛7娆? 鎴愬姛鐜?00.0%
[璋冭瘯] Episode 0009: 寤惰繜 1.277s, 鑳借€?2315.99J, 瀹屾垚鐜?100.0%, 杩佺Щ鎴愬姛鐜?100.0%, 缂撳瓨鍛戒腑 10.2%, 鏁版嵁鎹熷け 0.0%, 缂撳瓨娣樻卑鐜?0.0%
馃攳 杩佺Щ缁熻: 鎵ц7娆? 鎴愬姛7娆? 鎴愬姛鐜?00.0%
[璋冭瘯] Episode 0009: 寤惰繜 1.250s, 鑳借€?2343.54J, 瀹屾垚鐜?100.0%, 杩佺Щ鎴愬姛鐜?100.0%, 缂撳瓨鍛戒腑 11.3%, 鏁版嵁鎹熷け 0.0%, 缂撳瓨娣樻卑鐜?0.0%
馃攳 杩佺Щ缁熻: 鎵ц7娆? 鎴愬姛7娆? 鎴愬姛鐜?00.0%
[璋冭瘯] Episode 0009: 寤惰繜 1.236s, 鑳借€?2355.87J, 瀹屾垚鐜?100.0%, 杩佺Щ鎴愬姛鐜?100.0%, 缂撳瓨鍛戒腑 12.2%, 鏁版嵁鎹熷け 0.0%, 缂撳瓨娣樻卑鐜?0.0%
馃攳 杩佺Щ缁熻: 鎵ц7娆? 鎴愬姛7娆? 鎴愬姛鐜?00.0%
[璋冭瘯] Episode 0009: 寤惰繜 1.231s, 鑳借€?2398.74J, 瀹屾垚鐜?100.0%, 杩佺Щ鎴愬姛鐜?100.0%, 缂撳瓨鍛戒腑 12.4%, 鏁版嵁鎹熷け 0.0%, 缂撳瓨娣樻卑鐜?0.0%
馃攳 杩佺Щ缁熻: 鎵ц7娆? 鎴愬姛7娆? 鎴愬姛鐜?00.0%
[璋冭瘯] Episode 0009: 寤惰繜 1.213s, 鑳借€?2419.28J, 瀹屾垚鐜?99.5%, 杩佺Щ鎴愬姛鐜?100.0%, 缂撳瓨鍛戒腑 13.5%, 鏁版嵁鎹熷け 9.6%, 缂撳瓨娣樻卑鐜?0.0%
馃攳 杩佺Щ缁熻: 鎵ц7娆? 鎴愬姛7娆? 鎴愬姛鐜?00.0%
[璋冭瘯] Episode 0009: 寤惰繜 1.197s, 鑳借€?2448.40J, 瀹屾垚鐜?99.5%, 杩佺Щ鎴愬姛鐜?100.0%, 缂撳瓨鍛戒腑 14.2%, 鏁版嵁鎹熷け 9.6%, 缂撳瓨娣樻卑鐜?0.0%
浠诲姟鍒嗙被缁熻(200): 绫诲瀷1=0.0%, 绫诲瀷2=11.0%, 绫诲瀷3=46.5%, 绫诲瀷4=42.5%
   褰撳墠浠诲姟: entertainment_0007, 1.10s 鈫?绫诲瀷3, 鏁版嵁58.04MB
   馃捑 缂撳瓨缁熻: 鍛戒腑鐜?14.12% (鎬诲懡涓?48, 鏈湴:0, 鏈懡涓?292)
馃攳 杩佺Щ缁熻: 鎵ц7娆? 鎴愬姛7娆? 鎴愬姛鐜?00.0%
[璋冭瘯] Episode 0009: 寤惰繜 1.191s, 鑳借€?2462.18J, 瀹屾垚鐜?99.5%, 杩佺Щ鎴愬姛鐜?100.0%, 缂撳瓨鍛戒腑 14.1%, 鏁版嵁鎹熷け 8.8%, 缂撳瓨娣樻卑鐜?0.0%
馃攳 杩佺Щ缁熻: 鎵ц7娆? 鎴愬姛7娆? 鎴愬姛鐜?00.0%
[璋冭瘯] Episode 0009: 寤惰繜 1.186s, 鑳借€?2475.93J, 瀹屾垚鐜?99.5%, 杩佺Щ鎴愬姛鐜?100.0%, 缂撳瓨鍛戒腑 14.0%, 鏁版嵁鎹熷け 8.8%, 缂撳瓨娣樻卑鐜?0.0%
馃攳 杩佺Щ缁熻: 鎵ц7娆? 鎴愬姛7娆? 鎴愬姛鐜?00.0%
[璋冭瘯] Episode 0009: 寤惰繜 1.186s, 鑳借€?2475.94J, 瀹屾垚鐜?99.5%, 杩佺Щ鎴愬姛鐜?100.0%, 缂撳瓨鍛戒腑 13.8%, 鏁版嵁鎹熷け 8.8%, 缂撳瓨娣樻卑鐜?0.0%
馃攳 杩佺Щ缁熻: 鎵ц7娆? 鎴愬姛7娆? 鎴愬姛鐜?00.0%
[璋冭瘯] Episode 0009: 寤惰繜 1.166s, 鑳借€?2515.95J, 瀹屾垚鐜?99.5%, 杩佺Щ鎴愬姛鐜?100.0%, 缂撳瓨鍛戒腑 13.8%, 鏁版嵁鎹熷け 8.8%, 缂撳瓨娣樻卑鐜?0.0%
[VehicleMigration] handover #1: vehicle V_7 task task_205 RSU_0 -> RSU_1
   Trigger: distance 290.3m > threshold 270.3m (speed 19.8 m/s)
   Score: 480.3 -> 190.3 (improvement 60.4%)
   Queue trend: RSU_0: 3 -> 2, RSU_1: 0 -> 1
[Migration] Executed 1 vehicle-following migrations.
馃攳 杩佺Щ缁熻: 鎵ц8娆? 鎴愬姛8娆? 鎴愬姛鐜?00.0%
[璋冭瘯] Episode 0009: 寤惰繜 1.151s, 鑳借€?2549.21J, 瀹屾垚鐜?99.0%, 杩佺Щ鎴愬姛鐜?100.0%, 缂撳瓨鍛戒腑 14.6%, 鏁版嵁鎹熷け 17.2%, 缂撳瓨娣樻卑鐜?0.0%
馃攳 杩佺Щ缁熻: 鎵ц8娆? 鎴愬姛8娆? 鎴愬姛鐜?00.0%
[璋冭瘯] Episode 0009: 寤惰繜 1.138s, 鑳借€?2562.23J, 瀹屾垚鐜?99.0%, 杩佺Щ鎴愬姛鐜?100.0%, 缂撳瓨鍛戒腑 15.2%, 鏁版嵁鎹熷け 17.2%, 缂撳瓨娣樻卑鐜?0.0%
[VehicleMigration] handover #1: vehicle V_7 task task_213 RSU_0 -> RSU_1
   Trigger: distance 294.2m > threshold 270.1m (speed 20.0 m/s)
   Score: 484.2 -> 194.2 (improvement 59.9%)
   Queue trend: RSU_0: 3 -> 2, RSU_1: 0 -> 1
[Migration] Executed 1 vehicle-following migrations.
馃攳 杩佺Щ缁熻: 鎵ц9娆? 鎴愬姛9娆? 鎴愬姛鐜?00.0%
[璋冭瘯] Episode 0009: 寤惰繜 1.127s, 鑳借€?2562.23J, 瀹屾垚鐜?99.0%, 杩佺Щ鎴愬姛鐜?100.0%, 缂撳瓨鍛戒腑 16.0%, 鏁版嵁鎹熷け 17.2%, 缂撳瓨娣樻卑鐜?0.0%
馃攳 杩佺Щ缁熻: 鎵ц9娆? 鎴愬姛9娆? 鎴愬姛鐜?00.0%
[璋冭瘯] Episode 0009: 寤惰繜 1.133s, 鑳借€?2562.45J, 瀹屾垚鐜?99.0%, 杩佺Щ鎴愬姛鐜?100.0%, 缂撳瓨鍛戒腑 16.0%, 鏁版嵁鎹熷け 16.9%, 缂撳瓨娣樻卑鐜?0.0%
馃攳 杩佺Щ缁熻: 鎵ц9娆? 鎴愬姛9娆? 鎴愬姛鐜?00.0%
[璋冭瘯] Episode 0009: 寤惰繜 1.116s, 鑳借€?2601.07J, 瀹屾垚鐜?99.0%, 杩佺Щ鎴愬姛鐜?100.0%, 缂撳瓨鍛戒腑 16.1%, 鏁版嵁鎹熷け 16.9%, 缂撳瓨娣樻卑鐜?0.0%
馃攳 杩佺Щ缁熻: 鎵ц9娆? 鎴愬姛9娆? 鎴愬姛鐜?00.0%
[璋冭瘯] Episode 0009: 寤惰繜 1.101s, 鑳借€?2627.06J, 瀹屾垚鐜?99.1%, 杩佺Щ鎴愬姛鐜?100.0%, 缂撳瓨鍛戒腑 16.4%, 鏁版嵁鎹熷け 16.9%, 缂撳瓨娣樻卑鐜?0.0%
[VehicleMigration] handover #1: vehicle V_6 task task_217 RSU_0 -> RSU_3
   Trigger: distance 699.8m > threshold 271.3m (speed 19.1 m/s)
   Score: 889.8 -> 199.8 (improvement 77.5%)
   Queue trend: RSU_0: 3 -> 2, RSU_3: 0 -> 1
[Migration] Executed 1 vehicle-following migrations.
馃攳 杩佺Щ缁熻: 鎵ц10娆? 鎴愬姛10娆? 鎴愬姛鐜?00.0%
[璋冭瘯] Episode 0009: 寤惰繜 1.101s, 鑳借€?2627.06J, 瀹屾垚鐜?98.1%, 杩佺Щ鎴愬姛鐜?100.0%, 缂撳瓨鍛戒腑 16.4%, 鏁版嵁鎹熷け 26.6%, 缂撳瓨娣樻卑鐜?0.0%
馃攳 杩佺Щ缁熻: 鎵ц10娆? 鎴愬姛10娆? 鎴愬姛鐜?00.0%
[璋冭瘯] Episode 0009: 寤惰繜 1.093s, 鑳借€?2648.80J, 瀹屾垚鐜?98.2%, 杩佺Щ鎴愬姛鐜?100.0%, 缂撳瓨鍛戒腑 16.5%, 鏁版嵁鎹熷け 26.5%, 缂撳瓨娣樻卑鐜?0.0%
馃攳 杩佺Щ缁熻: 鎵ц10娆? 鎴愬姛10娆? 鎴愬姛鐜?00.0%
[璋冭瘯] Episode 0009: 寤惰繜 1.093s, 鑳借€?2675.86J, 瀹屾垚鐜?97.7%, 杩佺Щ鎴愬姛鐜?100.0%, 缂撳瓨鍛戒腑 16.5%, 鏁版嵁鎹熷け 35.1%, 缂撳瓨娣樻卑鐜?0.0%
[VehicleMigration] handover #1: vehicle V_7 task task_234 RSU_3 -> RSU_1
   Trigger: distance 292.1m > threshold 271.3m (speed 19.1 m/s)
   Score: 452.1 -> 237.9 (improvement 47.4%)
   Queue trend: RSU_3: 2 -> 1, RSU_1: 1 -> 2
[Migration] Executed 1 vehicle-following migrations.
馃攳 杩佺Щ缁熻: 鎵ц11娆? 鎴愬姛11娆? 鎴愬姛鐜?00.0%
[璋冭瘯] Episode 0009: 寤惰繜 1.093s, 鑳借€?2682.78J, 瀹屾垚鐜?97.8%, 杩佺Щ鎴愬姛鐜?100.0%, 缂撳瓨鍛戒腑 17.1%, 鏁版嵁鎹熷け 35.0%, 缂撳瓨娣樻卑鐜?0.0%
馃攳 杩佺Щ缁熻: 鎵ц11娆? 鎴愬姛11娆? 鎴愬姛鐜?00.0%
[璋冭瘯] Episode 0009: 寤惰繜 1.081s, 鑳借€?2722.71J, 瀹屾垚鐜?97.0%, 杩佺Щ鎴愬姛鐜?100.0%, 缂撳瓨鍛戒腑 16.9%, 鏁版嵁鎹熷け 42.3%, 缂撳瓨娣樻卑鐜?0.0%
馃攳 杩佺Щ缁熻: 鎵ц11娆? 鎴愬姛11娆? 鎴愬姛鐜?00.0%
[璋冭瘯] Episode 0009: 寤惰繜 1.090s, 鑳借€?2735.76J, 瀹屾垚鐜?97.0%, 杩佺Щ鎴愬姛鐜?100.0%, 缂撳瓨鍛戒腑 16.7%, 鏁版嵁鎹熷け 42.3%, 缂撳瓨娣樻卑鐜?0.0%
[VehicleMigration] handover #1: vehicle V_6 task task_242 RSU_2 -> RSU_3
   Trigger: distance 288.4m > threshold 272.2m (speed 18.6 m/s)
   Score: 478.4 -> 218.4 (improvement 54.3%)
   Queue trend: RSU_2: 3 -> 2, RSU_3: 1 -> 2
[Migration] Executed 1 vehicle-following migrations.
馃攳 杩佺Щ缁熻: 鎵ц12娆? 鎴愬姛12娆? 鎴愬姛鐜?00.0%
[璋冭瘯] Episode 0009: 寤惰繜 1.081s, 鑳借€?2759.38J, 瀹屾垚鐜?97.0%, 杩佺Щ鎴愬姛鐜?100.0%, 缂撳瓨鍛戒腑 16.5%, 鏁版嵁鎹熷け 42.3%, 缂撳瓨娣樻卑鐜?0.0%
馃攳 杩佺Щ缁熻: 鎵ц12娆? 鎴愬姛12娆? 鎴愬姛鐜?00.0%
[璋冭瘯] Episode 0009: 寤惰繜 1.075s, 鑳借€?2786.03J, 瀹屾垚鐜?97.0%, 杩佺Щ鎴愬姛鐜?100.0%, 缂撳瓨鍛戒腑 16.6%, 鏁版嵁鎹熷け 42.1%, 缂撳瓨娣樻卑鐜?0.0%
馃攳 杩佺Щ缁熻: 鎵ц12娆? 鎴愬姛12娆? 鎴愬姛鐜?00.0%
[璋冭瘯] Episode 0009: 寤惰繜 1.078s, 鑳借€?2799.79J, 瀹屾垚鐜?97.1%, 杩佺Щ鎴愬姛鐜?100.0%, 缂撳瓨鍛戒腑 16.5%, 鏁版嵁鎹熷け 41.5%, 缂撳瓨娣樻卑鐜?0.0%
馃攳 杩佺Щ缁熻: 鎵ц12娆? 鎴愬姛12娆? 鎴愬姛鐜?00.0%
[璋冭瘯] Episode 0009: 寤惰繜 1.070s, 鑳借€?2819.61J, 瀹屾垚鐜?97.1%, 杩佺Щ鎴愬姛鐜?100.0%, 缂撳瓨鍛戒腑 16.6%, 鏁版嵁鎹熷け 41.5%, 缂撳瓨娣樻卑鐜?0.0%
馃攳 杩佺Щ缁熻: 鎵ц12娆? 鎴愬姛12娆? 鎴愬姛鐜?00.0%
[璋冭瘯] Episode 0009: 寤惰繜 1.070s, 鑳借€?2819.61J, 瀹屾垚鐜?97.1%, 杩佺Щ鎴愬姛鐜?100.0%, 缂撳瓨鍛戒腑 16.7%, 鏁版嵁鎹熷け 40.9%, 缂撳瓨娣樻卑鐜?0.0%
[VehicleMigration] handover #1: vehicle V_6 task task_256 RSU_2 -> RSU_3
   Trigger: distance 278.8m > threshold 270.0m (speed 20.0 m/s)
   Score: 528.8 -> 208.8 (improvement 60.5%)
   Queue trend: RSU_2: 5 -> 4, RSU_3: 1 -> 2
[Migration] Executed 1 vehicle-following migrations.
馃攳 杩佺Щ缁熻: 鎵ц13娆? 鎴愬姛13娆? 鎴愬姛鐜?00.0%
[璋冭瘯] Episode 0009: 寤惰繜 1.061s, 鑳借€?2849.21J, 瀹屾垚鐜?97.1%, 杩佺Щ鎴愬姛鐜?100.0%, 缂撳瓨鍛戒腑 16.8%, 鏁版嵁鎹熷け 40.9%, 缂撳瓨娣樻卑鐜?0.0%
馃攳 杩佺Щ缁熻: 鎵ц13娆? 鎴愬姛13娆? 鎴愬姛鐜?00.0%
[璋冭瘯] Episode 0009: 寤惰繜 1.050s, 鑳借€?2859.32J, 瀹屾垚鐜?97.2%, 杩佺Щ鎴愬姛鐜?100.0%, 缂撳瓨鍛戒腑 17.2%, 鏁版嵁鎹熷け 40.8%, 缂撳瓨娣樻卑鐜?0.0%
馃攳 杩佺Щ缁熻: 鎵ц13娆? 鎴愬姛13娆? 鎴愬姛鐜?00.0%
[璋冭瘯] Episode 0009: 寤惰繜 1.034s, 鑳借€?2915.70J, 瀹屾垚鐜?96.8%, 杩佺Щ鎴愬姛鐜?100.0%, 缂撳瓨鍛戒腑 17.6%, 鏁版嵁鎹熷け 40.8%, 缂撳瓨娣樻卑鐜?0.0%
[VehicleMigration] handover #1: vehicle V_6 task task_265 RSU_2 -> RSU_3
   Trigger: distance 272.9m > threshold 270.6m (speed 19.6 m/s)
   Score: 432.9 -> 232.9 (improvement 46.2%)
   Queue trend: RSU_2: 2 -> 1, RSU_3: 2 -> 3
[Migration] Executed 1 vehicle-following migrations.
馃攳 杩佺Щ缁熻: 鎵ц14娆? 鎴愬姛14娆? 鎴愬姛鐜?00.0%
[璋冭瘯] Episode 0009: 寤惰繜 1.036s, 鑳借€?2929.80J, 瀹屾垚鐜?96.5%, 杩佺Щ鎴愬姛鐜?100.0%, 缂撳瓨鍛戒腑 17.5%, 鏁版嵁鎹熷け 40.8%, 缂撳瓨娣樻卑鐜?0.0%
馃攳 杩佺Щ缁熻: 鎵ц14娆? 鎴愬姛14娆? 鎴愬姛鐜?00.0%
[璋冭瘯] Episode 0009: 寤惰繜 1.022s, 鑳借€?2979.49J, 瀹屾垚鐜?96.6%, 杩佺Щ鎴愬姛鐜?100.0%, 缂撳瓨鍛戒腑 17.8%, 鏁版嵁鎹熷け 40.8%, 缂撳瓨娣樻卑鐜?0.0%
馃攳 杩佺Щ缁熻: 鎵ц14娆? 鎴愬姛14娆? 鎴愬姛鐜?00.0%
[璋冭瘯] Episode 0009: 寤惰繜 1.022s, 鑳借€?2994.35J, 瀹屾垚鐜?96.6%, 杩佺Щ鎴愬姛鐜?100.0%, 缂撳瓨鍛戒腑 17.6%, 鏁版嵁鎹熷け 37.9%, 缂撳瓨娣樻卑鐜?0.0%
馃攳 杩佺Щ缁熻: 鎵ц14娆? 鎴愬姛14娆? 鎴愬姛鐜?00.0%
[璋冭瘯] Episode 0009: 寤惰繜 1.018s, 鑳借€?3001.75J, 瀹屾垚鐜?96.6%, 杩佺Щ鎴愬姛鐜?100.0%, 缂撳瓨鍛戒腑 17.6%, 鏁版嵁鎹熷け 37.9%, 缂撳瓨娣樻卑鐜?0.0%
馃攳 杩佺Щ缁熻: 鎵ц14娆? 鎴愬姛14娆? 鎴愬姛鐜?00.0%
[璋冭瘯] Episode 0009: 寤惰繜 1.018s, 鑳借€?3027.03J, 瀹屾垚鐜?96.6%, 杩佺Щ鎴愬姛鐜?100.0%, 缂撳瓨鍛戒腑 17.5%, 鏁版嵁鎹熷け 37.8%, 缂撳瓨娣樻卑鐜?0.0%
馃攳 杩佺Щ缁熻: 鎵ц14娆? 鎴愬姛14娆? 鎴愬姛鐜?00.0%
[璋冭瘯] Episode 0009: 寤惰繜 1.020s, 鑳借€?3037.09J, 瀹屾垚鐜?96.6%, 杩佺Щ鎴愬姛鐜?100.0%, 缂撳瓨鍛戒腑 17.2%, 鏁版嵁鎹熷け 35.8%, 缂撳瓨娣樻卑鐜?0.0%
馃攳 杩佺Щ缁熻: 鎵ц14娆? 鎴愬姛14娆? 鎴愬姛鐜?00.0%
[璋冭瘯] Episode 0009: 寤惰繜 1.017s, 鑳借€?3057.12J, 瀹屾垚鐜?96.6%, 杩佺Щ鎴愬姛鐜?100.0%, 缂撳瓨鍛戒腑 17.2%, 鏁版嵁鎹熷け 35.8%, 缂撳瓨娣樻卑鐜?0.0%
馃攳 杩佺Щ缁熻: 鎵ц14娆? 鎴愬姛14娆? 鎴愬姛鐜?00.0%
[璋冭瘯] Episode 0009: 寤惰繜 1.009s, 鑳借€?3077.15J, 瀹屾垚鐜?96.7%, 杩佺Щ鎴愬姛鐜?100.0%, 缂撳瓨鍛戒腑 17.6%, 鏁版嵁鎹熷け 35.7%, 缂撳瓨娣樻卑鐜?0.0%
馃攳 杩佺Щ缁熻: 鎵ц14娆? 鎴愬姛14娆? 鎴愬姛鐜?00.0%
[璋冭瘯] Episode 0009: 寤惰繜 1.009s, 鑳借€?3077.16J, 瀹屾垚鐜?96.7%, 杩佺Щ鎴愬姛鐜?100.0%, 缂撳瓨鍛戒腑 17.7%, 鏁版嵁鎹熷け 35.7%, 缂撳瓨娣樻卑鐜?0.0%
馃攳 杩佺Щ缁熻: 鎵ц14娆? 鎴愬姛14娆? 鎴愬姛鐜?00.0%
[璋冭瘯] Episode 0009: 寤惰繜 1.021s, 鑳借€?3092.06J, 瀹屾垚鐜?96.7%, 杩佺Щ鎴愬姛鐜?100.0%, 缂撳瓨鍛戒腑 17.5%, 鏁版嵁鎹熷け 35.7%, 缂撳瓨娣樻卑鐜?0.0%
馃攳 杩佺Щ缁熻: 鎵ц14娆? 鎴愬姛14娆? 鎴愬姛鐜?00.0%
[璋冭瘯] Episode 0009: 寤惰繜 1.015s, 鑳借€?3107.26J, 瀹屾垚鐜?96.7%, 杩佺Щ鎴愬姛鐜?100.0%, 缂撳瓨鍛戒腑 17.6%, 鏁版嵁鎹熷け 35.7%, 缂撳瓨娣樻卑鐜?0.0%
馃攳 杩佺Щ缁熻: 鎵ц14娆? 鎴愬姛14娆? 鎴愬姛鐜?00.0%
[璋冭瘯] Episode 0009: 寤惰繜 1.002s, 鑳借€?3133.84J, 瀹屾垚鐜?96.8%, 杩佺Щ鎴愬姛鐜?100.0%, 缂撳瓨鍛戒腑 17.8%, 鏁版嵁鎹熷け 35.7%, 缂撳瓨娣樻卑鐜?0.0%
馃攳 杩佺Щ缁熻: 鎵ц14娆? 鎴愬姛14娆? 鎴愬姛鐜?00.0%
[璋冭瘯] Episode 0009: 寤惰繜 1.006s, 鑳借€?3134.05J, 瀹屾垚鐜?96.8%, 杩佺Щ鎴愬姛鐜?100.0%, 缂撳瓨鍛戒腑 17.9%, 鏁版嵁鎹熷け 35.7%, 缂撳瓨娣樻卑鐜?0.0%
馃攳 杩佺Щ缁熻: 鎵ц14娆? 鎴愬姛14娆? 鎴愬姛鐜?00.0%
[璋冭瘯] Episode 0009: 寤惰繜 0.996s, 鑳借€?3143.96J, 瀹屾垚鐜?96.8%, 杩佺Щ鎴愬姛鐜?100.0%, 缂撳瓨鍛戒腑 18.3%, 鏁版嵁鎹熷け 35.6%, 缂撳瓨娣樻卑鐜?0.0%
馃攳 杩佺Щ缁熻: 鎵ц14娆? 鎴愬姛14娆? 鎴愬姛鐜?00.0%
[璋冭瘯] Episode 0009: 寤惰繜 0.982s, 鑳借€?3163.38J, 瀹屾垚鐜?96.9%, 杩佺Щ鎴愬姛鐜?100.0%, 缂撳瓨鍛戒腑 19.1%, 鏁版嵁鎹熷け 35.6%, 缂撳瓨娣樻卑鐜?0.0%
浠诲姟鍒嗙被缁熻(300): 绫诲瀷1=0.0%, 绫诲瀷2=10.3%, 绫诲瀷3=44.0%, 绫诲瀷4=45.7%
   褰撳墠浠诲姟: parking_info, 0.65s 鈫?绫诲瀷3, 鏁版嵁0.19MB
   馃捑 缂撳瓨缁熻: 鍛戒腑鐜?19.10% (鎬诲懡涓?102, 鏈湴:0, 鏈懡涓?432)
馃攳 杩佺Щ缁熻: 鎵ц14娆? 鎴愬姛14娆? 鎴愬姛鐜?00.0%
[璋冭瘯] Episode 0009: 寤惰繜 0.982s, 鑳借€?3183.15J, 瀹屾垚鐜?96.9%, 杩佺Щ鎴愬姛鐜?100.0%, 缂撳瓨鍛戒腑 19.2%, 鏁版嵁鎹熷け 35.2%, 缂撳瓨娣樻卑鐜?0.0%
馃攳 杩佺Щ缁熻: 鎵ц14娆? 鎴愬姛14娆? 鎴愬姛鐜?00.0%
[璋冭瘯] Episode 0009: 寤惰繜 0.969s, 鑳借€?3222.78J, 瀹屾垚鐜?96.9%, 杩佺Щ鎴愬姛鐜?100.0%, 缂撳瓨鍛戒腑 19.2%, 鏁版嵁鎹熷け 35.2%, 缂撳瓨娣樻卑鐜?0.0%
馃攳 杩佺Щ缁熻: 鎵ц14娆? 鎴愬姛14娆? 鎴愬姛鐜?00.0%
[璋冭瘯] Episode 0009: 寤惰繜 0.969s, 鑳借€?3232.77J, 瀹屾垚鐜?97.0%, 杩佺Щ鎴愬姛鐜?100.0%, 缂撳瓨鍛戒腑 19.1%, 鏁版嵁鎹熷け 35.2%, 缂撳瓨娣樻卑鐜?0.0%
馃攳 杩佺Щ缁熻: 鎵ц14娆? 鎴愬姛14娆? 鎴愬姛鐜?00.0%
[璋冭瘯] Episode 0009: 寤惰繜 0.972s, 鑳借€?3232.98J, 瀹屾垚鐜?96.6%, 杩佺Щ鎴愬姛鐜?100.0%, 缂撳瓨鍛戒腑 19.2%, 鏁版嵁鎹熷け 35.2%, 缂撳瓨娣樻卑鐜?0.0%
馃攳 杩佺Щ缁熻: 鎵ц14娆? 鎴愬姛14娆? 鎴愬姛鐜?00.0%
[璋冭瘯] Episode 0009: 寤惰繜 0.968s, 鑳借€?3246.49J, 瀹屾垚鐜?96.7%, 杩佺Щ鎴愬姛鐜?100.0%, 缂撳瓨鍛戒腑 19.0%, 鏁版嵁鎹熷け 33.3%, 缂撳瓨娣樻卑鐜?0.0%
馃攳 杩佺Щ缁熻: 鎵ц14娆? 鎴愬姛14娆? 鎴愬姛鐜?00.0%
[璋冭瘯] Episode 0009: 寤惰繜 0.959s, 鑳借€?3284.05J, 瀹屾垚鐜?96.7%, 杩佺Щ鎴愬姛鐜?100.0%, 缂撳瓨鍛戒腑 19.0%, 鏁版嵁鎹熷け 33.2%, 缂撳瓨娣樻卑鐜?0.0%
馃攳 杩佺Щ缁熻: 鎵ц14娆? 鎴愬姛14娆? 鎴愬姛鐜?00.0%
[璋冭瘯] Episode 0009: 寤惰繜 0.948s, 鑳借€?3295.75J, 瀹屾垚鐜?96.8%, 杩佺Щ鎴愬姛鐜?100.0%, 缂撳瓨鍛戒腑 19.1%, 鏁版嵁鎹熷け 33.2%, 缂撳瓨娣樻卑鐜?0.0%
馃攳 杩佺Щ缁熻: 鎵ц14娆? 鎴愬姛14娆? 鎴愬姛鐜?00.0%
[璋冭瘯] Episode 0009: 寤惰繜 0.948s, 鑳借€?3315.80J, 瀹屾垚鐜?96.8%, 杩佺Щ鎴愬姛鐜?100.0%, 缂撳瓨鍛戒腑 19.4%, 鏁版嵁鎹熷け 33.2%, 缂撳瓨娣樻卑鐜?0.0%
馃攳 杩佺Щ缁熻: 鎵ц14娆? 鎴愬姛14娆? 鎴愬姛鐜?00.0%
[璋冭瘯] Episode 0009: 寤惰繜 0.939s, 鑳借€?3352.88J, 瀹屾垚鐜?96.8%, 杩佺Щ鎴愬姛鐜?100.0%, 缂撳瓨鍛戒腑 19.9%, 鏁版嵁鎹熷け 33.2%, 缂撳瓨娣樻卑鐜?0.0%
馃攳 杩佺Щ缁熻: 鎵ц14娆? 鎴愬姛14娆? 鎴愬姛鐜?00.0%
[璋冭瘯] Episode 0009: 寤惰繜 0.936s, 鑳借€?3369.61J, 瀹屾垚鐜?96.9%, 杩佺Щ鎴愬姛鐜?100.0%, 缂撳瓨鍛戒腑 19.8%, 鏁版嵁鎹熷け 33.1%, 缂撳瓨娣樻卑鐜?0.0%
馃攳 杩佺Щ缁熻: 鎵ц14娆? 鎴愬姛14娆? 鎴愬姛鐜?00.0%
[璋冭瘯] Episode 0009: 寤惰繜 0.929s, 鑳借€?3405.86J, 瀹屾垚鐜?96.9%, 杩佺Щ鎴愬姛鐜?100.0%, 缂撳瓨鍛戒腑 19.8%, 鏁版嵁鎹熷け 33.1%, 缂撳瓨娣樻卑鐜?0.0%
馃攳 杩佺Щ缁熻: 鎵ц14娆? 鎴愬姛14娆? 鎴愬姛鐜?00.0%
[璋冭瘯] Episode 0009: 寤惰繜 0.926s, 鑳借€?3406.46J, 瀹屾垚鐜?96.9%, 杩佺Щ鎴愬姛鐜?100.0%, 缂撳瓨鍛戒腑 20.0%, 鏁版嵁鎹熷け 33.1%, 缂撳瓨娣樻卑鐜?0.0%
馃攳 杩佺Щ缁熻: 鎵ц14娆? 鎴愬姛14娆? 鎴愬姛鐜?00.0%
[璋冭瘯] Episode 0009: 寤惰繜 0.919s, 鑳借€?3416.43J, 瀹屾垚鐜?96.9%, 杩佺Щ鎴愬姛鐜?100.0%, 缂撳瓨鍛戒腑 20.6%, 鏁版嵁鎹熷け 33.1%, 缂撳瓨娣樻卑鐜?0.0%
馃攳 杩佺Щ缁熻: 鎵ц14娆? 鎴愬姛14娆? 鎴愬姛鐜?00.0%
[璋冭瘯] Episode 0009: 寤惰繜 1.393s, 鑳借€?4280.61J, 瀹屾垚鐜?97.0%, 杩佺Щ鎴愬姛鐜?100.0%, 缂撳瓨鍛戒腑 20.6%, 鏁版嵁鎹熷け 31.1%, 缂撳瓨娣樻卑鐜?0.0%
馃攳 杩佺Щ缁熻: 鎵ц14娆? 鎴愬姛14娆? 鎴愬姛鐜?00.0%
[璋冭瘯] Episode 0009: 寤惰繜 1.387s, 鑳借€?4293.53J, 瀹屾垚鐜?97.0%, 杩佺Щ鎴愬姛鐜?100.0%, 缂撳瓨鍛戒腑 20.5%, 鏁版嵁鎹熷け 31.1%, 缂撳瓨娣樻卑鐜?0.0%
馃攳 杩佺Щ缁熻: 鎵ц14娆? 鎴愬姛14娆? 鎴愬姛鐜?00.0%
[璋冭瘯] Episode 0009: 寤惰繜 1.388s, 鑳借€?4293.99J, 瀹屾垚鐜?97.0%, 杩佺Щ鎴愬姛鐜?100.0%, 缂撳瓨鍛戒腑 20.7%, 鏁版嵁鎹熷け 31.0%, 缂撳瓨娣樻卑鐜?0.0%
馃攳 杩佺Щ缁熻: 鎵ц14娆? 鎴愬姛14娆? 鎴愬姛鐜?00.0%
[璋冭瘯] Episode 0009: 寤惰繜 1.372s, 鑳借€?4330.73J, 瀹屾垚鐜?97.1%, 杩佺Щ鎴愬姛鐜?100.0%, 缂撳瓨鍛戒腑 21.2%, 鏁版嵁鎹熷け 31.0%, 缂撳瓨娣樻卑鐜?0.0%
馃攳 杩佺Щ缁熻: 鎵ц14娆? 鎴愬姛14娆? 鎴愬姛鐜?00.0%
[璋冭瘯] Episode 0009: 寤惰繜 1.371s, 鑳借€?4330.88J, 瀹屾垚鐜?97.1%, 杩佺Щ鎴愬姛鐜?100.0%, 缂撳瓨鍛戒腑 21.2%, 鏁版嵁鎹熷け 31.0%, 缂撳瓨娣樻卑鐜?0.0%
馃攳 杩佺Щ缁熻: 鎵ц14娆? 鎴愬姛14娆? 鎴愬姛鐜?00.0%
[璋冭瘯] Episode 0009: 寤惰繜 1.360s, 鑳借€?4374.47J, 瀹屾垚鐜?96.8%, 杩佺Щ鎴愬姛鐜?100.0%, 缂撳瓨鍛戒腑 21.6%, 鏁版嵁鎹熷け 33.6%, 缂撳瓨娣樻卑鐜?0.0%
馃攳 杩佺Щ缁熻: 鎵ц14娆? 鎴愬姛14娆? 鎴愬姛鐜?00.0%
[璋冭瘯] Episode 0009: 寤惰繜 1.348s, 鑳借€?4377.87J, 瀹屾垚鐜?96.8%, 杩佺Щ鎴愬姛鐜?100.0%, 缂撳瓨鍛戒腑 21.8%, 鏁版嵁鎹熷け 33.6%, 缂撳瓨娣樻卑鐜?0.0%
馃攳 杩佺Щ缁熻: 鎵ц14娆? 鎴愬姛14娆? 鎴愬姛鐜?00.0%
[璋冭瘯] Episode 0009: 寤惰繜 1.407s, 鑳借€?4558.05J, 瀹屾垚鐜?96.6%, 杩佺Щ鎴愬姛鐜?100.0%, 缂撳瓨鍛戒腑 21.9%, 鏁版嵁鎹熷け 38.0%, 缂撳瓨娣樻卑鐜?0.0%
馃攳 杩佺Щ缁熻: 鎵ц14娆? 鎴愬姛14娆? 鎴愬姛鐜?00.0%
[璋冭瘯] Episode 0009: 寤惰繜 1.391s, 鑳借€?4570.26J, 瀹屾垚鐜?96.7%, 杩佺Щ鎴愬姛鐜?100.0%, 缂撳瓨鍛戒腑 22.5%, 鏁版嵁鎹熷け 36.0%, 缂撳瓨娣樻卑鐜?0.0%
馃攳 杩佺Щ缁熻: 鎵ц14娆? 鎴愬姛14娆? 鎴愬姛鐜?00.0%
[璋冭瘯] Episode 0009: 寤惰繜 1.381s, 鑳借€?4590.55J, 瀹屾垚鐜?96.7%, 杩佺Щ鎴愬姛鐜?100.0%, 缂撳瓨鍛戒腑 22.8%, 鏁版嵁鎹熷け 36.0%, 缂撳瓨娣樻卑鐜?0.0%
馃攳 杩佺Щ缁熻: 鎵ц14娆? 鎴愬姛14娆? 鎴愬姛鐜?00.0%
[璋冭瘯] Episode 0009: 寤惰繜 1.378s, 鑳借€?4594.57J, 瀹屾垚鐜?96.7%, 杩佺Щ鎴愬姛鐜?100.0%, 缂撳瓨鍛戒腑 22.7%, 鏁版嵁鎹熷け 35.9%, 缂撳瓨娣樻卑鐜?0.0%
馃攳 杩佺Щ缁熻: 鎵ц14娆? 鎴愬姛14娆? 鎴愬姛鐜?00.0%
[璋冭瘯] Episode 0009: 寤惰繜 1.378s, 鑳借€?4594.58J, 瀹屾垚鐜?96.4%, 杩佺Щ鎴愬姛鐜?100.0%, 缂撳瓨鍛戒腑 22.6%, 鏁版嵁鎹熷け 35.9%, 缂撳瓨娣樻卑鐜?0.0%
馃攳 杩佺Щ缁熻: 鎵ц14娆? 鎴愬姛14娆? 鎴愬姛鐜?00.0%
[璋冭瘯] Episode 0009: 寤惰繜 1.365s, 鑳借€?4624.30J, 瀹屾垚鐜?96.2%, 杩佺Щ鎴愬姛鐜?100.0%, 缂撳瓨鍛戒腑 22.8%, 鏁版嵁鎹熷け 39.2%, 缂撳瓨娣樻卑鐜?0.0%
馃攳 杩佺Щ缁熻: 鎵ц14娆? 鎴愬姛14娆? 鎴愬姛鐜?00.0%
[璋冭瘯] Episode 0009: 寤惰繜 1.662s, 鑳借€?5236.36J, 瀹屾垚鐜?96.3%, 杩佺Щ鎴愬姛鐜?100.0%, 缂撳瓨鍛戒腑 22.9%, 鏁版嵁鎹熷け 37.8%, 缂撳瓨娣樻卑鐜?0.0%
馃攳 杩佺Щ缁熻: 鎵ц14娆? 鎴愬姛14娆? 鎴愬姛鐜?00.0%
[璋冭瘯] Episode 0009: 寤惰繜 1.649s, 鑳借€?5236.37J, 瀹屾垚鐜?96.3%, 杩佺Щ鎴愬姛鐜?100.0%, 缂撳瓨鍛戒腑 23.5%, 鏁版嵁鎹熷け 37.8%, 缂撳瓨娣樻卑鐜?0.0%
馃攳 杩佺Щ缁熻: 鎵ц14娆? 鎴愬姛14娆? 鎴愬姛鐜?00.0%
[璋冭瘯] Episode 0009: 寤惰繜 1.649s, 鑳借€?5246.49J, 瀹屾垚鐜?96.3%, 杩佺Щ鎴愬姛鐜?100.0%, 缂撳瓨鍛戒腑 23.6%, 鏁版嵁鎹熷け 37.8%, 缂撳瓨娣樻卑鐜?0.0%
馃攳 杩佺Щ缁熻: 鎵ц14娆? 鎴愬姛14娆? 鎴愬姛鐜?00.0%
[璋冭瘯] Episode 0009: 寤惰繜 1.640s, 鑳借€?5267.33J, 瀹屾垚鐜?96.3%, 杩佺Щ鎴愬姛鐜?100.0%, 缂撳瓨鍛戒腑 23.7%, 鏁版嵁鎹熷け 37.8%, 缂撳瓨娣樻卑鐜?0.0%
馃攳 杩佺Щ缁熻: 鎵ц14娆? 鎴愬姛14娆? 鎴愬姛鐜?00.0%
[璋冭瘯] Episode 0009: 寤惰繜 1.641s, 鑳借€?5267.40J, 瀹屾垚鐜?96.3%, 杩佺Щ鎴愬姛鐜?100.0%, 缂撳瓨鍛戒腑 23.6%, 鏁版嵁鎹熷け 37.8%, 缂撳瓨娣樻卑鐜?0.0%
馃攳 杩佺Щ缁熻: 鎵ц14娆? 鎴愬姛14娆? 鎴愬姛鐜?00.0%
[璋冭瘯] Episode 0009: 寤惰繜 1.625s, 鑳借€?5295.58J, 瀹屾垚鐜?96.4%, 杩佺Щ鎴愬姛鐜?100.0%, 缂撳瓨鍛戒腑 23.8%, 鏁版嵁鎹熷け 37.8%, 缂撳瓨娣樻卑鐜?0.0%
馃攳 杩佺Щ缁熻: 鎵ц14娆? 鎴愬姛14娆? 鎴愬姛鐜?00.0%
[璋冭瘯] Episode 0009: 寤惰繜 1.617s, 鑳借€?5295.64J, 瀹屾垚鐜?96.4%, 杩佺Щ鎴愬姛鐜?100.0%, 缂撳瓨鍛戒腑 24.0%, 鏁版嵁鎹熷け 37.8%, 缂撳瓨娣樻卑鐜?0.0%
馃攳 杩佺Щ缁熻: 鎵ц14娆? 鎴愬姛14娆? 鎴愬姛鐜?00.0%
[璋冭瘯] Episode 0009: 寤惰繜 1.603s, 鑳借€?5305.66J, 瀹屾垚鐜?96.2%, 杩佺Щ鎴愬姛鐜?100.0%, 缂撳瓨鍛戒腑 24.6%, 鏁版嵁鎹熷け 42.5%, 缂撳瓨娣樻卑鐜?0.0%
浠诲姟鍒嗙被缁熻(400): 绫诲瀷1=0.0%, 绫诲瀷2=9.0%, 绫诲瀷3=42.0%, 绫诲瀷4=49.0%
   褰撳墠浠诲姟: traffic_info, 0.96s 鈫?绫诲瀷4, 鏁版嵁0.10MB
   馃捑 缂撳瓨缁熻: 鍛戒腑鐜?24.58% (鎬诲懡涓?174, 鏈湴:0, 鏈懡涓?534)
馃攳 杩佺Щ缁熻: 鎵ц14娆? 鎴愬姛14娆? 鎴愬姛鐜?00.0%
[璋冭瘯] Episode 0009: 寤惰繜 1.594s, 鑳借€?5320.91J, 瀹屾垚鐜?96.2%, 杩佺Щ鎴愬姛鐜?100.0%, 缂撳瓨鍛戒腑 24.5%, 鏁版嵁鎹熷け 42.5%, 缂撳瓨娣樻卑鐜?0.0%
馃攳 杩佺Щ缁熻: 鎵ц14娆? 鎴愬姛14娆? 鎴愬姛鐜?00.0%
[璋冭瘯] Episode 0009: 寤惰繜 1.584s, 鑳借€?5370.50J, 瀹屾垚鐜?96.2%, 杩佺Щ鎴愬姛鐜?100.0%, 缂撳瓨鍛戒腑 24.8%, 鏁版嵁鎹熷け 42.4%, 缂撳瓨娣樻卑鐜?0.0%
馃攳 杩佺Щ缁熻: 鎵ц14娆? 鎴愬姛14娆? 鎴愬姛鐜?00.0%
[璋冭瘯] Episode 0009: 寤惰繜 1.563s, 鑳借€?5407.83J, 瀹屾垚鐜?96.3%, 杩佺Щ鎴愬姛鐜?100.0%, 缂撳瓨鍛戒腑 24.9%, 鏁版嵁鎹熷け 42.4%, 缂撳瓨娣樻卑鐜?0.0%
馃攳 杩佺Щ缁熻: 鎵ц14娆? 鎴愬姛14娆? 鎴愬姛鐜?00.0%
[璋冭瘯] Episode 0009: 寤惰繜 1.552s, 鑳借€?5418.80J, 瀹屾垚鐜?96.3%, 杩佺Щ鎴愬姛鐜?100.0%, 缂撳瓨鍛戒腑 25.0%, 鏁版嵁鎹熷け 42.4%, 缂撳瓨娣樻卑鐜?0.0%
馃攳 杩佺Щ缁熻: 鎵ц14娆? 鎴愬姛14娆? 鎴愬姛鐜?00.0%
[璋冭瘯] Episode 0009: 寤惰繜 1.534s, 鑳借€?5458.43J, 瀹屾垚鐜?96.4%, 杩佺Щ鎴愬姛鐜?100.0%, 缂撳瓨鍛戒腑 25.1%, 鏁版嵁鎹熷け 42.4%, 缂撳瓨娣樻卑鐜?0.0%
馃攳 杩佺Щ缁熻: 鎵ц14娆? 鎴愬姛14娆? 鎴愬姛鐜?00.0%
[璋冭瘯] Episode 0009: 寤惰繜 1.534s, 鑳借€?5468.55J, 瀹屾垚鐜?96.4%, 杩佺Щ鎴愬姛鐜?100.0%, 缂撳瓨鍛戒腑 25.2%, 鏁版嵁鎹熷け 42.4%, 缂撳瓨娣樻卑鐜?0.0%
馃攳 杩佺Щ缁熻: 鎵ц14娆? 鎴愬姛14娆? 鎴愬姛鐜?00.0%
[璋冭瘯] Episode 0009: 寤惰繜 1.534s, 鑳借€?5495.25J, 瀹屾垚鐜?96.4%, 杩佺Щ鎴愬姛鐜?100.0%, 缂撳瓨鍛戒腑 25.1%, 鏁版嵁鎹熷け 42.4%, 缂撳瓨娣樻卑鐜?0.0%
馃攳 杩佺Щ缁熻: 鎵ц14娆? 鎴愬姛14娆? 鎴愬姛鐜?00.0%
[璋冭瘯] Episode 0009: 寤惰繜 1.526s, 鑳借€?5512.80J, 瀹屾垚鐜?96.4%, 杩佺Щ鎴愬姛鐜?100.0%, 缂撳瓨鍛戒腑 25.2%, 鏁版嵁鎹熷け 42.3%, 缂撳瓨娣樻卑鐜?0.0%
馃攳 杩佺Щ缁熻: 鎵ц14娆? 鎴愬姛14娆? 鎴愬姛鐜?00.0%
[璋冭瘯] Episode 0009: 寤惰繜 1.516s, 鑳借€?5515.42J, 瀹屾垚鐜?96.4%, 杩佺Щ鎴愬姛鐜?100.0%, 缂撳瓨鍛戒腑 25.5%, 鏁版嵁鎹熷け 42.3%, 缂撳瓨娣樻卑鐜?0.0%
馃攳 杩佺Щ缁熻: 鎵ц14娆? 鎴愬姛14娆? 鎴愬姛鐜?00.0%
[璋冭瘯] Episode 0009: 寤惰繜 1.491s, 鑳借€?5522.26J, 瀹屾垚鐜?96.5%, 杩佺Щ鎴愬姛鐜?100.0%, 缂撳瓨鍛戒腑 26.4%, 鏁版嵁鎹熷け 42.3%, 缂撳瓨娣樻卑鐜?0.0%
馃攳 杩佺Щ缁熻: 鎵ц14娆? 鎴愬姛14娆? 鎴愬姛鐜?00.0%
[璋冭瘯] Episode 0009: 寤惰繜 1.484s, 鑳借€?5523.32J, 瀹屾垚鐜?96.5%, 杩佺Щ鎴愬姛鐜?100.0%, 缂撳瓨鍛戒腑 26.6%, 鏁版嵁鎹熷け 42.3%, 缂撳瓨娣樻卑鐜?0.0%
馃攳 杩佺Щ缁熻: 鎵ц14娆? 鎴愬姛14娆? 鎴愬姛鐜?00.0%
[璋冭瘯] Episode 0009: 寤惰繜 1.471s, 鑳借€?5567.60J, 瀹屾垚鐜?96.5%, 杩佺Щ鎴愬姛鐜?100.0%, 缂撳瓨鍛戒腑 26.7%, 鏁版嵁鎹熷け 42.2%, 缂撳瓨娣樻卑鐜?0.0%
馃攳 杩佺Щ缁熻: 鎵ц14娆? 鎴愬姛14娆? 鎴愬姛鐜?00.0%
[璋冭瘯] Episode 0009: 寤惰繜 1.465s, 鑳借€?5568.66J, 瀹屾垚鐜?96.6%, 杩佺Щ鎴愬姛鐜?100.0%, 缂撳瓨鍛戒腑 26.9%, 鏁版嵁鎹熷け 42.2%, 缂撳瓨娣樻卑鐜?0.0%
馃攳 杩佺Щ缁熻: 鎵ц14娆? 鎴愬姛14娆? 鎴愬姛鐜?00.0%
[璋冭瘯] Episode 0009: 寤惰繜 1.457s, 鑳借€?5578.26J, 瀹屾垚鐜?96.6%, 杩佺Щ鎴愬姛鐜?100.0%, 缂撳瓨鍛戒腑 27.1%, 鏁版嵁鎹熷け 42.2%, 缂撳瓨娣樻卑鐜?0.0%
馃攳 杩佺Щ缁熻: 鎵ц14娆? 鎴愬姛14娆? 鎴愬姛鐜?00.0%
[璋冭瘯] Episode 0009: 寤惰繜 1.450s, 鑳借€?5578.41J, 瀹屾垚鐜?96.6%, 杩佺Щ鎴愬姛鐜?100.0%, 缂撳瓨鍛戒腑 27.5%, 鏁版嵁鎹熷け 42.1%, 缂撳瓨娣樻卑鐜?0.0%
馃攳 杩佺Щ缁熻: 鎵ц14娆? 鎴愬姛14娆? 鎴愬姛鐜?00.0%
[璋冭瘯] Episode 0009: 寤惰繜 1.443s, 鑳借€?5588.32J, 瀹屾垚鐜?96.6%, 杩佺Щ鎴愬姛鐜?100.0%, 缂撳瓨鍛戒腑 27.6%, 鏁版嵁鎹熷け 42.1%, 缂撳瓨娣樻卑鐜?0.0%
馃攳 杩佺Щ缁熻: 鎵ц14娆? 鎴愬姛14娆? 鎴愬姛鐜?00.0%
[璋冭瘯] Episode 0009: 寤惰繜 1.431s, 鑳借€?5608.21J, 瀹屾垚鐜?96.7%, 杩佺Щ鎴愬姛鐜?100.0%, 缂撳瓨鍛戒腑 27.9%, 鏁版嵁鎹熷け 42.0%, 缂撳瓨娣樻卑鐜?0.0%
馃攳 杩佺Щ缁熻: 鎵ц14娆? 鎴愬姛14娆? 鎴愬姛鐜?00.0%
[璋冭瘯] Episode 0009: 寤惰繜 1.419s, 鑳借€?5652.01J, 瀹屾垚鐜?96.7%, 杩佺Щ鎴愬姛鐜?100.0%, 缂撳瓨鍛戒腑 27.9%, 鏁版嵁鎹熷け 42.0%, 缂撳瓨娣樻卑鐜?0.0%
馃攳 杩佺Щ缁熻: 鎵ц14娆? 鎴愬姛14娆? 鎴愬姛鐜?00.0%
[璋冭瘯] Episode 0009: 寤惰繜 1.402s, 鑳借€?5671.94J, 瀹屾垚鐜?96.5%, 杩佺Щ鎴愬姛鐜?100.0%, 缂撳瓨鍛戒腑 28.6%, 鏁版嵁鎹熷け 46.5%, 缂撳瓨娣樻卑鐜?0.0%
馃攳 杩佺Щ缁熻: 鎵ц14娆? 鎴愬姛14娆? 鎴愬姛鐜?00.0%
[璋冭瘯] Episode 0009: 寤惰繜 1.403s, 鑳借€?5672.41J, 瀹屾垚鐜?96.5%, 杩佺Щ鎴愬姛鐜?100.0%, 缂撳瓨鍛戒腑 28.7%, 鏁版嵁鎹熷け 46.5%, 缂撳瓨娣樻卑鐜?0.0%
馃攳 杩佺Щ缁熻: 鎵ц14娆? 鎴愬姛14娆? 鎴愬姛鐜?00.0%
[璋冭瘯] Episode 0009: 寤惰繜 1.400s, 鑳借€?5712.33J, 瀹屾垚鐜?96.5%, 杩佺Щ鎴愬姛鐜?100.0%, 缂撳瓨鍛戒腑 28.7%, 鏁版嵁鎹熷け 46.5%, 缂撳瓨娣樻卑鐜?0.0%
馃攳 杩佺Щ缁熻: 鎵ц14娆? 鎴愬姛14娆? 鎴愬姛鐜?00.0%
[璋冭瘯] Episode 0009: 寤惰繜 1.389s, 鑳借€?5757.62J, 瀹屾垚鐜?96.6%, 杩佺Щ鎴愬姛鐜?100.0%, 缂撳瓨鍛戒腑 28.7%, 鏁版嵁鎹熷け 46.5%, 缂撳瓨娣樻卑鐜?0.0%
馃攳 杩佺Щ缁熻: 鎵ц14娆? 鎴愬姛14娆? 鎴愬姛鐜?00.0%
[璋冭瘯] Episode 0009: 寤惰繜 1.386s, 鑳借€?5757.62J, 瀹屾垚鐜?96.6%, 杩佺Щ鎴愬姛鐜?100.0%, 缂撳瓨鍛戒腑 28.7%, 鏁版嵁鎹熷け 46.1%, 缂撳瓨娣樻卑鐜?0.0%
馃攳 杩佺Щ缁熻: 鎵ц14娆? 鎴愬姛14娆? 鎴愬姛鐜?00.0%
[璋冭瘯] Episode 0009: 寤惰繜 1.386s, 鑳借€?5757.62J, 瀹屾垚鐜?96.6%, 杩佺Щ鎴愬姛鐜?100.0%, 缂撳瓨鍛戒腑 28.7%, 鏁版嵁鎹熷け 46.1%, 缂撳瓨娣樻卑鐜?0.0%
馃攳 杩佺Щ缁熻: 鎵ц14娆? 鎴愬姛14娆? 鎴愬姛鐜?00.0%
[璋冭瘯] Episode 0009: 寤惰繜 1.383s, 鑳借€?5757.62J, 瀹屾垚鐜?96.6%, 杩佺Щ鎴愬姛鐜?100.0%, 缂撳瓨鍛戒腑 28.8%, 鏁版嵁鎹熷け 46.1%, 缂撳瓨娣樻卑鐜?0.0%
馃攳 杩佺Щ缁熻: 鎵ц14娆? 鎴愬姛14娆? 鎴愬姛鐜?00.0%
[璋冭瘯] Episode 0009: 寤惰繜 1.380s, 鑳借€?5757.63J, 瀹屾垚鐜?96.6%, 杩佺Щ鎴愬姛鐜?100.0%, 缂撳瓨鍛戒腑 29.0%, 鏁版嵁鎹熷け 46.1%, 缂撳瓨娣樻卑鐜?0.0%
馃攳 杩佺Щ缁熻: 鎵ц14娆? 鎴愬姛14娆? 鎴愬姛鐜?00.0%
[璋冭瘯] Episode 0009: 寤惰繜 1.377s, 鑳借€?5757.63J, 瀹屾垚鐜?96.6%, 杩佺Щ鎴愬姛鐜?100.0%, 缂撳瓨鍛戒腑 29.2%, 鏁版嵁鎹熷け 46.1%, 缂撳瓨娣樻卑鐜?0.0%
馃攳 杩佺Щ缁熻: 鎵ц14娆? 鎴愬姛14娆? 鎴愬姛鐜?00.0%
[璋冭瘯] Episode 0009: 寤惰繜 1.379s, 鑳借€?5757.76J, 瀹屾垚鐜?96.6%, 杩佺Щ鎴愬姛鐜?100.0%, 缂撳瓨鍛戒腑 29.2%, 鏁版嵁鎹熷け 46.1%, 缂撳瓨娣樻卑鐜?0.0%
馃攳 杩佺Щ缁熻: 鎵ц14娆? 鎴愬姛14娆? 鎴愬姛鐜?00.0%
[璋冭瘯] Episode 0009: 寤惰繜 1.379s, 鑳借€?5757.76J, 瀹屾垚鐜?96.6%, 杩佺Щ鎴愬姛鐜?100.0%, 缂撳瓨鍛戒腑 29.1%, 鏁版嵁鎹熷け 44.2%, 缂撳瓨娣樻卑鐜?0.0%
馃攳 杩佺Щ缁熻: 鎵ц14娆? 鎴愬姛14娆? 鎴愬姛鐜?00.0%
[璋冭瘯] Episode 0009: 寤惰繜 1.370s, 鑳借€?5788.82J, 瀹屾垚鐜?96.4%, 杩佺Щ鎴愬姛鐜?100.0%, 缂撳瓨鍛戒腑 28.9%, 鏁版嵁鎹熷け 44.2%, 缂撳瓨娣樻卑鐜?0.0%
馃攳 杩佺Щ缁熻: 鎵ц14娆? 鎴愬姛14娆? 鎴愬姛鐜?00.0%
[璋冭瘯] Episode 0009: 寤惰繜 1.428s, 鑳借€?5992.82J, 瀹屾垚鐜?96.5%, 杩佺Щ鎴愬姛鐜?100.0%, 缂撳瓨鍛戒腑 29.0%, 鏁版嵁鎹熷け 43.9%, 缂撳瓨娣樻卑鐜?0.0%
馃攳 杩佺Щ缁熻: 鎵ц14娆? 鎴愬姛14娆? 鎴愬姛鐜?00.0%
[璋冭瘯] Episode 0009: 寤惰繜 1.422s, 鑳借€?5992.82J, 瀹屾垚鐜?96.5%, 杩佺Щ鎴愬姛鐜?100.0%, 缂撳瓨鍛戒腑 29.3%, 鏁版嵁鎹熷け 43.9%, 缂撳瓨娣樻卑鐜?0.0%
馃攳 杩佺Щ缁熻: 鎵ц14娆? 鎴愬姛14娆? 鎴愬姛鐜?00.0%
[璋冭瘯] Episode 0009: 寤惰繜 1.425s, 鑳借€?5993.08J, 瀹屾垚鐜?96.5%, 杩佺Щ鎴愬姛鐜?100.0%, 缂撳瓨鍛戒腑 29.2%, 鏁版嵁鎹熷け 43.9%, 缂撳瓨娣樻卑鐜?0.0%
馃攳 杩佺Щ缁熻: 鎵ц14娆? 鎴愬姛14娆? 鎴愬姛鐜?00.0%
[璋冭瘯] Episode 0009: 寤惰繜 1.417s, 鑳借€?5996.05J, 瀹屾垚鐜?96.5%, 杩佺Щ鎴愬姛鐜?100.0%, 缂撳瓨鍛戒腑 29.3%, 鏁版嵁鎹熷け 43.8%, 缂撳瓨娣樻卑鐜?0.0%
馃攳 杩佺Щ缁熻: 鎵ц14娆? 鎴愬姛14娆? 鎴愬姛鐜?00.0%
[璋冭瘯] Episode 0009: 寤惰繜 1.409s, 鑳借€?6011.62J, 瀹屾垚鐜?96.5%, 杩佺Щ鎴愬姛鐜?100.0%, 缂撳瓨鍛戒腑 29.5%, 鏁版嵁鎹熷け 43.8%, 缂撳瓨娣樻卑鐜?0.0%
馃攳 杩佺Щ缁熻: 鎵ц14娆? 鎴愬姛14娆? 鎴愬姛鐜?00.0%
[璋冭瘯] Episode 0009: 寤惰繜 1.683s, 鑳借€?6753.62J, 瀹屾垚鐜?96.5%, 杩佺Щ鎴愬姛鐜?100.0%, 缂撳瓨鍛戒腑 29.7%, 鏁版嵁鎹熷け 42.1%, 缂撳瓨娣樻卑鐜?0.0%
浠诲姟鍒嗙被缁熻(500): 绫诲瀷1=0.0%, 绫诲瀷2=9.4%, 绫诲瀷3=40.6%, 绫诲瀷4=50.0%
   褰撳墠浠诲姟: navigation_0018, 2.52s 鈫?绫诲瀷3, 鏁版嵁0.59MB
   馃捑 缂撳瓨缁熻: 鍛戒腑鐜?29.79% (鎬诲懡涓?258, 鏈湴:0, 鏈懡涓?608)
馃攳 杩佺Щ缁熻: 鎵ц14娆? 鎴愬姛14娆? 鎴愬姛鐜?00.0%
[璋冭瘯] Episode 0009: 寤惰繜 1.676s, 鑳借€?6753.62J, 瀹屾垚鐜?96.6%, 杩佺Щ鎴愬姛鐜?100.0%, 缂撳瓨鍛戒腑 30.0%, 鏁版嵁鎹熷け 40.7%, 缂撳瓨娣樻卑鐜?0.0%
馃攳 杩佺Щ缁熻: 鎵ц14娆? 鎴愬姛14娆? 鎴愬姛鐜?00.0%
[璋冭瘯] Episode 0009: 寤惰繜 1.672s, 鑳借€?6753.62J, 瀹屾垚鐜?96.4%, 杩佺Щ鎴愬姛鐜?100.0%, 缂撳瓨鍛戒腑 30.1%, 鏁版嵁鎹熷け 40.7%, 缂撳瓨娣樻卑鐜?0.0%
馃攳 杩佺Щ缁熻: 鎵ц14娆? 鎴愬姛14娆? 鎴愬姛鐜?00.0%
[璋冭瘯] Episode 0009: 寤惰繜 1.669s, 鑳借€?6753.63J, 瀹屾垚鐜?96.2%, 杩佺Щ鎴愬姛鐜?100.0%, 缂撳瓨鍛戒腑 30.3%, 鏁版嵁鎹熷け 40.7%, 缂撳瓨娣樻卑鐜?0.0%
馃攳 杩佺Щ缁熻: 鎵ц14娆? 鎴愬姛14娆? 鎴愬姛鐜?00.0%
[璋冭瘯] Episode 0009: 寤惰繜 1.662s, 鑳借€?6753.63J, 瀹屾垚鐜?96.2%, 杩佺Щ鎴愬姛鐜?100.0%, 缂撳瓨鍛戒腑 30.6%, 鏁版嵁鎹熷け 40.7%, 缂撳瓨娣樻卑鐜?0.0%
馃攳 杩佺Щ缁熻: 鎵ц14娆? 鎴愬姛14娆? 鎴愬姛鐜?00.0%
[璋冭瘯] Episode 0009: 寤惰繜 1.659s, 鑳借€?6753.63J, 瀹屾垚鐜?96.2%, 杩佺Щ鎴愬姛鐜?100.0%, 缂撳瓨鍛戒腑 30.6%, 鏁版嵁鎹熷け 40.7%, 缂撳瓨娣樻卑鐜?0.0%
馃攳 杩佺Щ缁熻: 鎵ц14娆? 鎴愬姛14娆? 鎴愬姛鐜?00.0%
[璋冭瘯] Episode 0009: 寤惰繜 1.910s, 鑳借€?7481.24J, 瀹屾垚鐜?96.2%, 杩佺Щ鎴愬姛鐜?100.0%, 缂撳瓨鍛戒腑 30.9%, 鏁版嵁鎹熷け 39.3%, 缂撳瓨娣樻卑鐜?0.0%
馃攳 杩佺Щ缁熻: 鎵ц14娆? 鎴愬姛14娆? 鎴愬姛鐜?00.0%
[璋冭瘯] Episode 0009: 寤惰繜 1.900s, 鑳借€?7537.53J, 瀹屾垚鐜?96.3%, 杩佺Щ鎴愬姛鐜?100.0%, 缂撳瓨鍛戒腑 30.9%, 鏁版嵁鎹熷け 39.3%, 缂撳瓨娣樻卑鐜?0.0%
馃攳 杩佺Щ缁熻: 鎵ц14娆? 鎴愬姛14娆? 鎴愬姛鐜?00.0%
[璋冭瘯] Episode 0009: 寤惰繜 1.893s, 鑳借€?7554.16J, 瀹屾垚鐜?96.1%, 杩佺Щ鎴愬姛鐜?100.0%, 缂撳瓨鍛戒腑 31.0%, 鏁版嵁鎹熷け 42.4%, 缂撳瓨娣樻卑鐜?0.0%
馃攳 杩佺Щ缁熻: 鎵ц14娆? 鎴愬姛14娆? 鎴愬姛鐜?00.0%
[璋冭瘯] Episode 0009: 寤惰繜 1.885s, 鑳借€?7569.79J, 瀹屾垚鐜?96.1%, 杩佺Щ鎴愬姛鐜?100.0%, 缂撳瓨鍛戒腑 31.1%, 鏁版嵁鎹熷け 42.1%, 缂撳瓨娣樻卑鐜?0.0%
馃攳 杩佺Щ缁熻: 鎵ц14娆? 鎴愬姛14娆? 鎴愬姛鐜?00.0%
[璋冭瘯] Episode 0009: 寤惰繜 1.882s, 鑳借€?7569.79J, 瀹屾垚鐜?96.1%, 杩佺Щ鎴愬姛鐜?100.0%, 缂撳瓨鍛戒腑 31.3%, 鏁版嵁鎹熷け 40.4%, 缂撳瓨娣樻卑鐜?0.0%
馃攳 杩佺Щ缁熻: 鎵ц14娆? 鎴愬姛14娆? 鎴愬姛鐜?00.0%
[璋冭瘯] Episode 0009: 寤惰繜 1.881s, 鑳借€?7570.39J, 瀹屾垚鐜?96.1%, 杩佺Щ鎴愬姛鐜?100.0%, 缂撳瓨鍛戒腑 31.1%, 鏁版嵁鎹熷け 40.4%, 缂撳瓨娣樻卑鐜?0.0%
馃攳 杩佺Щ缁熻: 鎵ц14娆? 鎴愬姛14娆? 鎴愬姛鐜?00.0%
[璋冭瘯] Episode 0009: 寤惰繜 1.862s, 鑳借€?7601.22J, 瀹屾垚鐜?96.0%, 杩佺Щ鎴愬姛鐜?100.0%, 缂撳瓨鍛戒腑 31.4%, 鏁版嵁鎹熷け 40.4%, 缂撳瓨娣樻卑鐜?0.0%
馃攳 杩佺Щ缁熻: 鎵ц14娆? 鎴愬姛14娆? 鎴愬姛鐜?00.0%
[璋冭瘯] Episode 0009: 寤惰繜 1.855s, 鑳借€?7613.07J, 瀹屾垚鐜?96.0%, 杩佺Щ鎴愬姛鐜?100.0%, 缂撳瓨鍛戒腑 31.6%, 鏁版嵁鎹熷け 40.4%, 缂撳瓨娣樻卑鐜?0.0%
馃攳 杩佺Щ缁熻: 鎵ц14娆? 鎴愬姛14娆? 鎴愬姛鐜?00.0%
[璋冭瘯] Episode 0009: 寤惰繜 1.851s, 鑳借€?7613.07J, 瀹屾垚鐜?96.0%, 杩佺Щ鎴愬姛鐜?100.0%, 缂撳瓨鍛戒腑 31.8%, 鏁版嵁鎹熷け 40.4%, 缂撳瓨娣樻卑鐜?0.0%
馃攳 杩佺Щ缁熻: 鎵ц14娆? 鎴愬姛14娆? 鎴愬姛鐜?00.0%
[璋冭瘯] Episode 0009: 寤惰繜 1.839s, 鑳借€?7613.19J, 瀹屾垚鐜?96.0%, 杩佺Щ鎴愬姛鐜?100.0%, 缂撳瓨鍛戒腑 32.2%, 鏁版嵁鎹熷け 40.3%, 缂撳瓨娣樻卑鐜?0.0%
馃攳 杩佺Щ缁熻: 鎵ц14娆? 鎴愬姛14娆? 鎴愬姛鐜?00.0%
[璋冭瘯] Episode 0009: 寤惰繜 1.832s, 鑳借€?7614.26J, 瀹屾垚鐜?96.1%, 杩佺Щ鎴愬姛鐜?100.0%, 缂撳瓨鍛戒腑 32.3%, 鏁版嵁鎹熷け 40.3%, 缂撳瓨娣樻卑鐜?0.0%
馃攳 杩佺Щ缁熻: 鎵ц14娆? 鎴愬姛14娆? 鎴愬姛鐜?00.0%
[璋冭瘯] Episode 0009: 寤惰繜 1.830s, 鑳借€?7634.20J, 瀹屾垚鐜?96.1%, 杩佺Щ鎴愬姛鐜?100.0%, 缂撳瓨鍛戒腑 32.3%, 鏁版嵁鎹熷け 40.3%, 缂撳瓨娣樻卑鐜?0.0%
馃攳 杩佺Щ缁熻: 鎵ц14娆? 鎴愬姛14娆? 鎴愬姛鐜?00.0%
[璋冭瘯] Episode 0009: 寤惰繜 1.825s, 鑳借€?7654.23J, 瀹屾垚鐜?96.1%, 杩佺Щ鎴愬姛鐜?100.0%, 缂撳瓨鍛戒腑 32.3%, 鏁版嵁鎹熷け 40.3%, 缂撳瓨娣樻卑鐜?0.0%
馃攳 杩佺Щ缁熻: 鎵ц14娆? 鎴愬姛14娆? 鎴愬姛鐜?00.0%
[璋冭瘯] Episode 0009: 寤惰繜 1.817s, 鑳借€?7669.32J, 瀹屾垚鐜?96.1%, 杩佺Щ鎴愬姛鐜?100.0%, 缂撳瓨鍛戒腑 32.4%, 鏁版嵁鎹熷け 39.0%, 缂撳瓨娣樻卑鐜?0.0%
馃攳 杩佺Щ缁熻: 鎵ц14娆? 鎴愬姛14娆? 鎴愬姛鐜?00.0%
[璋冭瘯] Episode 0009: 寤惰繜 1.804s, 鑳借€?7685.67J, 瀹屾垚鐜?96.1%, 杩佺Щ鎴愬姛鐜?100.0%, 缂撳瓨鍛戒腑 32.7%, 鏁版嵁鎹熷け 38.9%, 缂撳瓨娣樻卑鐜?0.0%
馃攳 杩佺Щ缁熻: 鎵ц14娆? 鎴愬姛14娆? 鎴愬姛鐜?00.0%
[璋冭瘯] Episode 0009: 寤惰繜 1.805s, 鑳借€?7685.80J, 瀹屾垚鐜?96.1%, 杩佺Щ鎴愬姛鐜?100.0%, 缂撳瓨鍛戒腑 32.6%, 鏁版嵁鎹熷け 38.9%, 缂撳瓨娣樻卑鐜?0.0%
馃攳 杩佺Щ缁熻: 鎵ц14娆? 鎴愬姛14娆? 鎴愬姛鐜?00.0%
[璋冭瘯] Episode 0009: 寤惰繜 1.792s, 鑳借€?7748.08J, 瀹屾垚鐜?96.0%, 杩佺Щ鎴愬姛鐜?100.0%, 缂撳瓨鍛戒腑 32.5%, 鏁版嵁鎹熷け 42.9%, 缂撳瓨娣樻卑鐜?0.0%
馃攳 杩佺Щ缁熻: 鎵ц14娆? 鎴愬姛14娆? 鎴愬姛鐜?00.0%
[璋冭瘯] Episode 0009: 寤惰繜 1.779s, 鑳借€?7776.85J, 瀹屾垚鐜?96.0%, 杩佺Щ鎴愬姛鐜?100.0%, 缂撳瓨鍛戒腑 32.6%, 鏁版嵁鎹熷け 41.7%, 缂撳瓨娣樻卑鐜?0.0%
[VehicleMigration] handover #1: vehicle V_5 task task_557 RSU_2 -> RSU_3
   Trigger: distance 299.7m > threshold 282.4m (speed 11.7 m/s)
   Score: 429.7 -> 259.7 (improvement 39.6%)
   Queue trend: RSU_2: 1 -> 0, RSU_3: 2 -> 3
[Migration] Executed 1 vehicle-following migrations.
馃攳 杩佺Щ缁熻: 鎵ц15娆? 鎴愬姛15娆? 鎴愬姛鐜?00.0%
[璋冭瘯] Episode 0009: 寤惰繜 1.782s, 鑳借€?7777.14J, 瀹屾垚鐜?96.0%, 杩佺Щ鎴愬姛鐜?100.0%, 缂撳瓨鍛戒腑 32.5%, 鏁版嵁鎹熷け 41.6%, 缂撳瓨娣樻卑鐜?0.0%
[VehicleMigration] handover #1: vehicle V_5 task task_557 RSU_3 -> RSU_0
   Trigger: distance 899.1m > threshold 281.5m (speed 12.3 m/s)
   Score: 1089.1 -> 429.1 (improvement 60.6%)
   Queue trend: RSU_3: 3 -> 2, RSU_0: 1 -> 2
[VehicleMigration] handover #2: vehicle V_5 task task_558 RSU_3 -> RSU_0
   Trigger: distance 899.1m > threshold 281.5m (speed 12.3 m/s)
   Score: 1059.1 -> 459.1 (improvement 56.7%)
   Queue trend: RSU_3: 2 -> 1, RSU_0: 2 -> 3
[Migration] Executed 2 vehicle-following migrations.
馃攳 杩佺Щ缁熻: 鎵ц17娆? 鎴愬姛17娆? 鎴愬姛鐜?00.0%
[璋冭瘯] Episode 0009: 寤惰繜 1.767s, 鑳借€?7790.21J, 瀹屾垚鐜?95.9%, 杩佺Щ鎴愬姛鐜?100.0%, 缂撳瓨鍛戒腑 32.8%, 鏁版嵁鎹熷け 41.6%, 缂撳瓨娣樻卑鐜?0.0%
馃攳 杩佺Щ缁熻: 鎵ц17娆? 鎴愬姛17娆? 鎴愬姛鐜?00.0%
[璋冭瘯] Episode 0009: 寤惰繜 1.763s, 鑳借€?7790.21J, 瀹屾垚鐜?95.9%, 杩佺Щ鎴愬姛鐜?100.0%, 缂撳瓨鍛戒腑 32.9%, 鏁版嵁鎹熷け 41.3%, 缂撳瓨娣樻卑鐜?0.0%
[Episode 9, Step 1] Tasks: generated=5, local=1(20.0%), rsu=3(60.0%), uav=1(20.0%), dropped=0(0.0%)
[Episode 9, Step 3] Tasks: generated=1, local=0(0.0%), rsu=0(0.0%), uav=1(100.0%), dropped=0(0.0%)
[Episode 9, Step 5] Tasks: generated=3, local=0(0.0%), rsu=3(100.0%), uav=0(0.0%), dropped=0(0.0%)
[Episode 9, Step 7] Tasks: generated=3, local=1(33.3%), rsu=2(66.7%), uav=0(0.0%), dropped=0(0.0%)
[Episode 9, Step 9] Tasks: generated=1, local=1(100.0%), rsu=0(0.0%), uav=0(0.0%), dropped=0(0.0%)
[Episode 9, Step 11] Tasks: generated=2, local=1(50.0%), rsu=1(50.0%), uav=0(0.0%), dropped=0(0.0%)
[Episode 9, Step 13] Tasks: generated=4, local=0(0.0%), rsu=3(75.0%), uav=1(25.0%), dropped=0(0.0%)
[Episode 9, Step 15] Tasks: generated=4, local=0(0.0%), rsu=3(75.0%), uav=1(25.0%), dropped=0(0.0%)
[Episode 9, Step 17] Tasks: generated=5, local=0(0.0%), rsu=5(100.0%), uav=0(0.0%), dropped=0(0.0%)
[Episode 9, Step 19] Tasks: generated=3, local=0(0.0%), rsu=3(100.0%), uav=0(0.0%), dropped=0(0.0%)
[Episode 9, Step 21] Tasks: generated=5, local=0(0.0%), rsu=4(80.0%), uav=1(20.0%), dropped=0(0.0%)
[Episode 9, Step 23] Tasks: generated=2, local=0(0.0%), rsu=2(100.0%), uav=0(0.0%), dropped=0(0.0%)
[Episode 9, Step 25] Tasks: generated=4, local=1(25.0%), rsu=3(75.0%), uav=0(0.0%), dropped=0(0.0%)
[Episode 9, Step 27] Tasks: generated=1, local=0(0.0%), rsu=1(100.0%), uav=0(0.0%), dropped=0(0.0%)
[Episode 9, Step 29] Tasks: generated=3, local=0(0.0%), rsu=2(66.7%), uav=1(33.3%), dropped=0(0.0%)
[Episode 9, Step 31] Tasks: generated=3, local=1(33.3%), rsu=2(66.7%), uav=0(0.0%), dropped=0(0.0%)
[Episode 9, Step 33] Tasks: generated=3, local=0(0.0%), rsu=2(66.7%), uav=1(33.3%), dropped=0(0.0%)
[Episode 9, Step 35] Tasks: generated=5, local=3(60.0%), rsu=1(20.0%), uav=1(20.0%), dropped=0(0.0%)
[Episode 9, Step 37] Tasks: generated=5, local=0(0.0%), rsu=5(100.0%), uav=0(0.0%), dropped=0(0.0%)
[Episode 9, Step 39] Tasks: generated=3, local=0(0.0%), rsu=2(66.7%), uav=1(33.3%), dropped=0(0.0%)
[Episode 9, Step 41] Tasks: generated=1, local=0(0.0%), rsu=1(100.0%), uav=0(0.0%), dropped=0(0.0%)
[Episode 9, Step 43] Tasks: generated=2, local=0(0.0%), rsu=1(50.0%), uav=1(50.0%), dropped=0(0.0%)
[Episode 9, Step 45] Tasks: generated=2, local=0(0.0%), rsu=1(50.0%), uav=1(50.0%), dropped=0(0.0%)
[Episode 9, Step 47] Tasks: generated=3, local=0(0.0%), rsu=3(100.0%), uav=0(0.0%), dropped=0(0.0%)
[Episode 9, Step 49] Tasks: generated=2, local=0(0.0%), rsu=2(100.0%), uav=0(0.0%), dropped=0(0.0%)
[Episode 9, Step 51] Tasks: generated=4, local=0(0.0%), rsu=4(100.0%), uav=0(0.0%), dropped=0(0.0%)
[Episode 9, Step 53] Tasks: generated=5, local=2(40.0%), rsu=2(40.0%), uav=1(20.0%), dropped=0(0.0%)
[Episode 9, Step 55] Tasks: generated=3, local=2(66.7%), rsu=1(33.3%), uav=0(0.0%), dropped=0(0.0%)
[Episode 9, Step 57] Tasks: generated=2, local=1(50.0%), rsu=1(50.0%), uav=0(0.0%), dropped=0(0.0%)
[Episode 9, Step 59] Tasks: generated=2, local=0(0.0%), rsu=2(100.0%), uav=0(0.0%), dropped=0(0.0%)
[Episode 9, Step 61] Tasks: generated=4, local=0(0.0%), rsu=4(100.0%), uav=0(0.0%), dropped=0(0.0%)
[Episode 9, Step 63] Tasks: generated=6, local=1(16.7%), rsu=5(83.3%), uav=0(0.0%), dropped=1(16.7%)
[Episode 9, Step 65] Tasks: generated=1, local=0(0.0%), rsu=1(100.0%), uav=0(0.0%), dropped=0(0.0%)
[Episode 9, Step 67] Tasks: generated=2, local=0(0.0%), rsu=1(50.0%), uav=1(50.0%), dropped=0(0.0%)
[Episode 9, Step 69] Tasks: generated=4, local=0(0.0%), rsu=4(100.0%), uav=0(0.0%), dropped=1(25.0%)
[Episode 9, Step 71] Tasks: generated=3, local=0(0.0%), rsu=2(66.7%), uav=1(33.3%), dropped=0(0.0%)
[Episode 9, Step 73] Tasks: generated=2, local=0(0.0%), rsu=2(100.0%), uav=0(0.0%), dropped=0(0.0%)
[Episode 9, Step 75] Tasks: generated=0, local=0(0.0%), rsu=0(0.0%), uav=0(0.0%), dropped=2(0.0%)
[Episode 9, Step 77] Tasks: generated=6, local=0(0.0%), rsu=6(100.0%), uav=0(0.0%), dropped=1(16.7%)
[Episode 9, Step 79] Tasks: generated=2, local=0(0.0%), rsu=0(0.0%), uav=2(100.0%), dropped=2(100.0%)
[Episode 9, Step 81] Tasks: generated=2, local=0(0.0%), rsu=1(50.0%), uav=1(50.0%), dropped=0(0.0%)
[Episode 9, Step 83] Tasks: generated=2, local=0(0.0%), rsu=1(50.0%), uav=1(50.0%), dropped=0(0.0%)
[Episode 9, Step 85] Tasks: generated=2, local=0(0.0%), rsu=0(0.0%), uav=2(100.0%), dropped=0(0.0%)
[Episode 9, Step 87] Tasks: generated=3, local=0(0.0%), rsu=2(66.7%), uav=1(33.3%), dropped=0(0.0%)
[Episode 9, Step 89] Tasks: generated=2, local=0(0.0%), rsu=2(100.0%), uav=0(0.0%), dropped=1(50.0%)
[Episode 9, Step 91] Tasks: generated=2, local=0(0.0%), rsu=1(50.0%), uav=1(50.0%), dropped=0(0.0%)
[Episode 9, Step 93] Tasks: generated=2, local=0(0.0%), rsu=0(0.0%), uav=2(100.0%), dropped=0(0.0%)
[Episode 9, Step 95] Tasks: generated=1, local=0(0.0%), rsu=1(100.0%), uav=0(0.0%), dropped=0(0.0%)
[Episode 9, Step 97] Tasks: generated=1, local=0(0.0%), rsu=0(0.0%), uav=1(100.0%), dropped=0(0.0%)
[Episode 9, Step 99] Tasks: generated=2, local=0(0.0%), rsu=2(100.0%), uav=0(0.0%), dropped=0(0.0%)
[Episode 9, Step 101] Tasks: generated=1, local=0(0.0%), rsu=1(100.0%), uav=0(0.0%), dropped=0(0.0%)
[Episode 9, Step 103] Tasks: generated=7, local=0(0.0%), rsu=4(57.1%), uav=3(42.9%), dropped=0(0.0%)
[Episode 9, Step 105] Tasks: generated=0, local=0(0.0%), rsu=0(0.0%), uav=0(0.0%), dropped=0(0.0%)
[Episode 9, Step 107] Tasks: generated=4, local=0(0.0%), rsu=3(75.0%), uav=1(25.0%), dropped=1(25.0%)
[Episode 9, Step 109] Tasks: generated=1, local=0(0.0%), rsu=1(100.0%), uav=0(0.0%), dropped=0(0.0%)
[Episode 9, Step 111] Tasks: generated=3, local=0(0.0%), rsu=3(100.0%), uav=0(0.0%), dropped=0(0.0%)
[Episode 9, Step 113] Tasks: generated=1, local=0(0.0%), rsu=0(0.0%), uav=1(100.0%), dropped=0(0.0%)
[Episode 9, Step 115] Tasks: generated=6, local=1(16.7%), rsu=3(50.0%), uav=2(33.3%), dropped=0(0.0%)
[Episode 9, Step 117] Tasks: generated=2, local=1(50.0%), rsu=1(50.0%), uav=0(0.0%), dropped=0(0.0%)
[Episode 9, Step 119] Tasks: generated=5, local=0(0.0%), rsu=3(60.0%), uav=2(40.0%), dropped=0(0.0%)
[Episode 9, Step 121] Tasks: generated=2, local=0(0.0%), rsu=1(50.0%), uav=1(50.0%), dropped=0(0.0%)
[Episode 9, Step 123] Tasks: generated=2, local=1(50.0%), rsu=1(50.0%), uav=0(0.0%), dropped=0(0.0%)
[Episode 9, Step 125] Tasks: generated=6, local=1(16.7%), rsu=2(33.3%), uav=3(50.0%), dropped=0(0.0%)
[Episode 9, Step 127] Tasks: generated=3, local=1(33.3%), rsu=0(0.0%), uav=2(66.7%), dropped=0(0.0%)
[Episode 9, Step 129] Tasks: generated=2, local=0(0.0%), rsu=1(50.0%), uav=1(50.0%), dropped=1(50.0%)
[Episode 9, Step 131] Tasks: generated=4, local=0(0.0%), rsu=4(100.0%), uav=0(0.0%), dropped=0(0.0%)
[Episode 9, Step 133] Tasks: generated=2, local=0(0.0%), rsu=1(50.0%), uav=1(50.0%), dropped=0(0.0%)
[Episode 9, Step 135] Tasks: generated=3, local=1(33.3%), rsu=1(33.3%), uav=1(33.3%), dropped=0(0.0%)
[Episode 9, Step 137] Tasks: generated=6, local=0(0.0%), rsu=3(50.0%), uav=3(50.0%), dropped=1(16.7%)
[Episode 9, Step 139] Tasks: generated=3, local=0(0.0%), rsu=2(66.7%), uav=1(33.3%), dropped=0(0.0%)
[Episode 9, Step 141] Tasks: generated=3, local=1(33.3%), rsu=0(0.0%), uav=2(66.7%), dropped=0(0.0%)
[Episode 9, Step 143] Tasks: generated=1, local=0(0.0%), rsu=1(100.0%), uav=0(0.0%), dropped=0(0.0%)
[Episode 9, Step 145] Tasks: generated=3, local=1(33.3%), rsu=1(33.3%), uav=1(33.3%), dropped=0(0.0%)
[Episode 9, Step 147] Tasks: generated=7, local=1(14.3%), rsu=3(42.9%), uav=3(42.9%), dropped=0(0.0%)
[Episode 9, Step 149] Tasks: generated=4, local=2(50.0%), rsu=2(50.0%), uav=0(0.0%), dropped=0(0.0%)
[Episode 9, Step 151] Tasks: generated=4, local=1(25.0%), rsu=0(0.0%), uav=3(75.0%), dropped=0(0.0%)
[Episode 9, Step 153] Tasks: generated=3, local=0(0.0%), rsu=1(33.3%), uav=2(66.7%), dropped=0(0.0%)
[Episode 9, Step 155] Tasks: generated=2, local=1(50.0%), rsu=0(0.0%), uav=1(50.0%), dropped=0(0.0%)
[Episode 9, Step 157] Tasks: generated=6, local=0(0.0%), rsu=3(50.0%), uav=3(50.0%), dropped=0(0.0%)
[Episode 9, Step 159] Tasks: generated=2, local=1(50.0%), rsu=1(50.0%), uav=0(0.0%), dropped=0(0.0%)
[Episode 9, Step 161] Tasks: generated=0, local=0(0.0%), rsu=0(0.0%), uav=0(0.0%), dropped=0(0.0%)
[Episode 9, Step 163] Tasks: generated=1, local=0(0.0%), rsu=1(100.0%), uav=0(0.0%), dropped=0(0.0%)
[Episode 9, Step 165] Tasks: generated=2, local=0(0.0%), rsu=2(100.0%), uav=0(0.0%), dropped=0(0.0%)
[Episode 9, Step 167] Tasks: generated=4, local=2(50.0%), rsu=1(25.0%), uav=1(25.0%), dropped=1(25.0%)
[Episode 9, Step 169] Tasks: generated=2, local=0(0.0%), rsu=1(50.0%), uav=1(50.0%), dropped=0(0.0%)
[Episode 9, Step 171] Tasks: generated=3, local=2(66.7%), rsu=1(33.3%), uav=0(0.0%), dropped=0(0.0%)
[Episode 9, Step 173] Tasks: generated=5, local=2(40.0%), rsu=3(60.0%), uav=0(0.0%), dropped=0(0.0%)
[Episode 9, Step 175] Tasks: generated=1, local=0(0.0%), rsu=1(100.0%), uav=0(0.0%), dropped=1(100.0%)
[Episode 9, Step 177] Tasks: generated=2, local=0(0.0%), rsu=2(100.0%), uav=0(0.0%), dropped=0(0.0%)
[Episode 9, Step 179] Tasks: generated=4, local=1(25.0%), rsu=2(50.0%), uav=1(25.0%), dropped=0(0.0%)
[Episode 9, Step 181] Tasks: generated=3, local=0(0.0%), rsu=3(100.0%), uav=0(0.0%), dropped=1(33.3%)
[Episode 9, Step 183] Tasks: generated=2, local=0(0.0%), rsu=2(100.0%), uav=0(0.0%), dropped=0(0.0%)
[Episode 9, Step 185] Tasks: generated=3, local=0(0.0%), rsu=2(66.7%), uav=1(33.3%), dropped=1(33.3%)
[Episode 9, Step 187] Tasks: generated=2, local=0(0.0%), rsu=2(100.0%), uav=0(0.0%), dropped=0(0.0%)
[Episode 9, Step 189] Tasks: generated=2, local=1(50.0%), rsu=1(50.0%), uav=0(0.0%), dropped=0(0.0%)
[Episode 9, Step 191] Tasks: generated=2, local=0(0.0%), rsu=2(100.0%), uav=0(0.0%), dropped=0(0.0%)
[Episode 9, Step 193] Tasks: generated=3, local=1(33.3%), rsu=1(33.3%), uav=1(33.3%), dropped=0(0.0%)
[Episode 9, Step 195] Tasks: generated=2, local=1(50.0%), rsu=1(50.0%), uav=0(0.0%), dropped=1(50.0%)
[Episode 9, Step 197] Tasks: generated=3, local=0(0.0%), rsu=3(100.0%), uav=0(0.0%), dropped=0(0.0%)
[Episode 9, Step 199] Tasks: generated=2, local=0(0.0%), rsu=1(50.0%), uav=1(50.0%), dropped=0(0.0%)

================================================================================
馃搳 Episode 9 浠诲姟澶勭悊鏂瑰紡鍒嗗竷缁熻
================================================================================
鎬绘鏁? 200
鎬荤敓鎴愪换鍔℃暟: 565

浠诲姟鍒嗗竷鍗犳瘮:
  鉁?鏈湴澶勭悊:     70 浠诲姟 ( 12.4%)
  鉁?RSU澶勭悊:     355 浠诲姟 ( 62.8%)
  鉁?UAV澶勭悊:     140 浠诲姟 ( 24.8%)
  鉁?琚涪寮?       23 浠诲姟 (  4.1%)

琛ュ厖鎸囨爣:
  浠诲姟鎴愬姛鐜? 95.9%
  RSU缂撳瓨鍛戒腑鐜? 32.9%
  骞冲潎鏈湴鍗犳瘮: 12.1%
  骞冲潎RSU鍗犳瘮: 60.2%
  骞冲潎UAV鍗犳瘮: 24.6%
================================================================================

杞﹁締鍒濆鍖栧畬鎴愶細涓诲共閬撳弻璺彛鍦烘櫙
鍒涘缓浜?12 杞﹁締, 4 RSU, 2 UAV
涓ぎRSU璋冨害鍣ㄥ凡鍚敤: RSU_2
[Topology] Central RSU configured as RSU_2 for coordination.
鍒濆鍖栦簡 6 涓紦瀛樼鐞嗗櫒
[璋冭瘯] Episode 0010: 寤惰繜 2.974s, 鑳借€?0.48J, 瀹屾垚鐜?50.0%, 杩佺Щ鎴愬姛鐜?0.0%, 缂撳瓨鍛戒腑 27.0%, 鏁版嵁鎹熷け 0.0%, 缂撳瓨娣樻卑鐜?0.0%
[璋冭瘯] Episode 0010: 寤惰繜 3.802s, 鑳借€?27.08J, 瀹屾垚鐜?100.0%, 杩佺Щ鎴愬姛鐜?0.0%, 缂撳瓨鍛戒腑 27.0%, 鏁版嵁鎹熷け 0.0%, 缂撳瓨娣樻卑鐜?0.0%
[璋冭瘯] Episode 0010: 寤惰繜 1.696s, 鑳借€?37.01J, 瀹屾垚鐜?100.0%, 杩佺Щ鎴愬姛鐜?0.0%, 缂撳瓨鍛戒腑 27.0%, 鏁版嵁鎹熷け 0.0%, 缂撳瓨娣樻卑鐜?0.0%
[璋冭瘯] Episode 0010: 寤惰繜 1.313s, 鑳借€?46.58J, 瀹屾垚鐜?100.0%, 杩佺Щ鎴愬姛鐜?0.0%, 缂撳瓨鍛戒腑 27.0%, 鏁版嵁鎹熷け 0.0%, 缂撳瓨娣樻卑鐜?0.0%
[璋冭瘯] Episode 0010: 寤惰繜 1.185s, 鑳借€?55.97J, 瀹屾垚鐜?87.5%, 杩佺Щ鎴愬姛鐜?0.0%, 缂撳瓨鍛戒腑 27.0%, 鏁版嵁鎹熷け 2.5%, 缂撳瓨娣樻卑鐜?0.0%
[璋冭瘯] Episode 0010: 寤惰繜 0.864s, 鑳借€?142.89J, 瀹屾垚鐜?91.7%, 杩佺Щ鎴愬姛鐜?0.0%, 缂撳瓨鍛戒腑 26.9%, 鏁版嵁鎹熷け 2.4%, 缂撳瓨娣樻卑鐜?0.0%
[璋冭瘯] Episode 0010: 寤惰繜 0.826s, 鑳借€?167.03J, 瀹屾垚鐜?92.9%, 杩佺Щ鎴愬姛鐜?0.0%, 缂撳瓨鍛戒腑 26.9%, 鏁版嵁鎹熷け 0.2%, 缂撳瓨娣樻卑鐜?0.0%
[璋冭瘯] Episode 0010: 寤惰繜 0.827s, 鑳借€?167.03J, 瀹屾垚鐜?86.7%, 杩佺Щ鎴愬姛鐜?0.0%, 缂撳瓨鍛戒腑 26.9%, 鏁版嵁鎹熷け 0.3%, 缂撳瓨娣樻卑鐜?0.0%
[璋冭瘯] Episode 0010: 寤惰繜 0.830s, 鑳借€?194.03J, 瀹屾垚鐜?88.9%, 杩佺Щ鎴愬姛鐜?0.0%, 缂撳瓨鍛戒腑 26.9%, 鏁版嵁鎹熷け 0.2%, 缂撳瓨娣樻卑鐜?0.0%
[璋冭瘯] Episode 0010: 寤惰繜 0.803s, 鑳借€?210.74J, 瀹屾垚鐜?90.5%, 杩佺Щ鎴愬姛鐜?0.0%, 缂撳瓨鍛戒腑 26.9%, 鏁版嵁鎹熷け 0.2%, 缂撳瓨娣樻卑鐜?0.0%
[璋冭瘯] Episode 0010: 寤惰繜 0.705s, 鑳借€?322.80J, 瀹屾垚鐜?92.3%, 杩佺Щ鎴愬姛鐜?0.0%, 缂撳瓨鍛戒腑 26.8%, 鏁版嵁鎹熷け 0.2%, 缂撳瓨娣樻卑鐜?0.0%
[璋冭瘯] Episode 0010: 寤惰繜 0.759s, 鑳借€?389.05J, 瀹屾垚鐜?93.1%, 杩佺Щ鎴愬姛鐜?0.0%, 缂撳瓨鍛戒腑 26.8%, 鏁版嵁鎹熷け 0.2%, 缂撳瓨娣樻卑鐜?0.0%
[VehicleMigration] handover #1: vehicle V_10 task task_46 RSU_1 -> RSU_2
   Trigger: distance 292.9m > threshold 277.0m (speed 15.3 m/s)
   Score: 662.9 -> 222.9 (improvement 66.4%)
   Queue trend: RSU_1: 9 -> 8, RSU_2: 1 -> 2
[Migration] Executed 1 vehicle-following migrations.
馃攳 杩佺Щ缁熻: 鎵ц1娆? 鎴愬姛1娆? 鎴愬姛鐜?00.0%
[璋冭瘯] Episode 0010: 寤惰繜 0.697s, 鑳借€?417.76J, 瀹屾垚鐜?93.9%, 杩佺Щ鎴愬姛鐜?100.0%, 缂撳瓨鍛戒腑 26.8%, 鏁版嵁鎹熷け 0.2%, 缂撳瓨娣樻卑鐜?0.0%
馃攳 杩佺Щ缁熻: 鎵ц1娆? 鎴愬姛1娆? 鎴愬姛鐜?00.0%
[璋冭瘯] Episode 0010: 寤惰繜 0.661s, 鑳借€?484.46J, 瀹屾垚鐜?94.3%, 杩佺Щ鎴愬姛鐜?100.0%, 缂撳瓨鍛戒腑 26.8%, 鏁版嵁鎹熷け 0.1%, 缂撳瓨娣樻卑鐜?0.0%
[VehicleMigration] handover #1: vehicle V_10 task task_49 RSU_1 -> RSU_2
   Trigger: distance 296.0m > threshold 277.5m (speed 15.0 m/s)
   Score: 636.0 -> 196.0 (improvement 69.2%)
   Queue trend: RSU_1: 8 -> 7, RSU_2: 0 -> 1
[Migration] Executed 1 vehicle-following migrations.
馃攳 杩佺Щ缁熻: 鎵ц2娆? 鎴愬姛2娆? 鎴愬姛鐜?00.0%
[璋冭瘯] Episode 0010: 寤惰繜 0.624s, 鑳借€?507.82J, 瀹屾垚鐜?94.7%, 杩佺Щ鎴愬姛鐜?100.0%, 缂撳瓨鍛戒腑 26.7%, 鏁版嵁鎹熷け 0.1%, 缂撳瓨娣樻卑鐜?0.0%
馃攳 杩佺Щ缁熻: 鎵ц2娆? 鎴愬姛2娆? 鎴愬姛鐜?00.0%
[璋冭瘯] Episode 0010: 寤惰繜 0.611s, 鑳借€?548.97J, 瀹屾垚鐜?95.2%, 杩佺Щ鎴愬姛鐜?100.0%, 缂撳瓨鍛戒腑 26.7%, 鏁版嵁鎹熷け 0.1%, 缂撳瓨娣樻卑鐜?0.0%
馃攳 杩佺Щ缁熻: 鎵ц2娆? 鎴愬姛2娆? 鎴愬姛鐜?00.0%
[璋冭瘯] Episode 0010: 寤惰繜 0.588s, 鑳借€?587.22J, 瀹屾垚鐜?95.5%, 杩佺Щ鎴愬姛鐜?100.0%, 缂撳瓨鍛戒腑 26.7%, 鏁版嵁鎹熷け 0.1%, 缂撳瓨娣樻卑鐜?0.0%
馃攳 杩佺Щ缁熻: 鎵ц2娆? 鎴愬姛2娆? 鎴愬姛鐜?00.0%
[璋冭瘯] Episode 0010: 寤惰繜 0.600s, 鑳借€?593.39J, 瀹屾垚鐜?95.6%, 杩佺Щ鎴愬姛鐜?100.0%, 缂撳瓨鍛戒腑 26.7%, 鏁版嵁鎹熷け 0.1%, 缂撳瓨娣樻卑鐜?0.0%
馃攳 杩佺Щ缁熻: 鎵ц2娆? 鎴愬姛2娆? 鎴愬姛鐜?00.0%
[璋冭瘯] Episode 0010: 寤惰繜 0.608s, 鑳借€?651.83J, 瀹屾垚鐜?95.8%, 杩佺Щ鎴愬姛鐜?100.0%, 缂撳瓨鍛戒腑 26.7%, 鏁版嵁鎹熷け 0.1%, 缂撳瓨娣樻卑鐜?0.0%
[VehicleMigration] handover #1: vehicle V_8 task task_63 RSU_1 -> RSU_0
   Trigger: distance 299.5m > threshold 287.8m (speed 8.1 m/s)
   Score: 579.5 -> 229.6 (improvement 60.4%)
   Queue trend: RSU_1: 6 -> 5, RSU_0: 1 -> 2
[Migration] Executed 1 vehicle-following migrations.
馃攳 杩佺Щ缁熻: 鎵ц3娆? 鎴愬姛3娆? 鎴愬姛鐜?00.0%
[璋冭瘯] Episode 0010: 寤惰繜 0.635s, 鑳借€?665.31J, 瀹屾垚鐜?95.9%, 杩佺Щ鎴愬姛鐜?100.0%, 缂撳瓨鍛戒腑 26.7%, 鏁版嵁鎹熷け 0.1%, 缂撳瓨娣樻卑鐜?0.0%
[VehicleMigration] handover #1: vehicle V_8 task task_65 RSU_1 -> RSU_0
   Trigger: distance 298.7m > threshold 287.9m (speed 8.0 m/s)
   Score: 608.7 -> 258.8 (improvement 57.5%)
   Queue trend: RSU_1: 7 -> 6, RSU_0: 2 -> 3
[VehicleMigration] handover #2: vehicle V_8 task task_66 RSU_1 -> RSU_0
   Trigger: distance 298.7m > threshold 287.9m (speed 8.0 m/s)
   Score: 578.7 -> 288.8 (improvement 50.1%)
   Queue trend: RSU_1: 6 -> 5, RSU_0: 3 -> 4
[Migration] Executed 2 vehicle-following migrations.
馃攳 杩佺Щ缁熻: 鎵ц5娆? 鎴愬姛5娆? 鎴愬姛鐜?00.0%
[璋冭瘯] Episode 0010: 寤惰繜 0.659s, 鑳借€?700.22J, 瀹屾垚鐜?96.1%, 杩佺Щ鎴愬姛鐜?100.0%, 缂撳瓨鍛戒腑 26.6%, 鏁版嵁鎹熷け 0.1%, 缂撳瓨娣樻卑鐜?0.0%
[VehicleMigration] handover #1: vehicle V_8 task task_70 RSU_1 -> RSU_0
   Trigger: distance 297.9m > threshold 287.7m (speed 8.2 m/s)
   Score: 577.9 -> 318.0 (improvement 45.0%)
   Queue trend: RSU_1: 6 -> 5, RSU_0: 4 -> 5
[Migration] Executed 1 vehicle-following migrations.
馃攳 杩佺Щ缁熻: 鎵ц6娆? 鎴愬姛6娆? 鎴愬姛鐜?00.0%
[璋冭瘯] Episode 0010: 寤惰繜 0.677s, 鑳借€?758.30J, 瀹屾垚鐜?96.4%, 杩佺Щ鎴愬姛鐜?100.0%, 缂撳瓨鍛戒腑 26.6%, 鏁版嵁鎹熷け 0.1%, 缂撳瓨娣樻卑鐜?0.0%
馃攳 杩佺Щ缁熻: 鎵ц6娆? 鎴愬姛6娆? 鎴愬姛鐜?00.0%
[璋冭瘯] Episode 0010: 寤惰繜 0.660s, 鑳借€?822.47J, 瀹屾垚鐜?96.7%, 杩佺Щ鎴愬姛鐜?100.0%, 缂撳瓨鍛戒腑 26.6%, 鏁版嵁鎹熷け 0.1%, 缂撳瓨娣樻卑鐜?0.0%
馃攳 杩佺Щ缁熻: 鎵ц6娆? 鎴愬姛6娆? 鎴愬姛鐜?00.0%
[璋冭瘯] Episode 0010: 寤惰繜 0.650s, 鑳借€?865.23J, 瀹屾垚鐜?96.9%, 杩佺Щ鎴愬姛鐜?100.0%, 缂撳瓨鍛戒腑 26.6%, 鏁版嵁鎹熷け 0.1%, 缂撳瓨娣樻卑鐜?0.0%
馃攳 杩佺Щ缁熻: 鎵ц6娆? 鎴愬姛6娆? 鎴愬姛鐜?00.0%
[璋冭瘯] Episode 0010: 寤惰繜 0.656s, 鑳借€?876.80J, 瀹屾垚鐜?97.0%, 杩佺Щ鎴愬姛鐜?100.0%, 缂撳瓨鍛戒腑 0.7%, 鏁版嵁鎹熷け 0.1%, 缂撳瓨娣樻卑鐜?0.0%
馃攳 杩佺Щ缁熻: 鎵ц6娆? 鎴愬姛6娆? 鎴愬姛鐜?00.0%
[璋冭瘯] Episode 0010: 寤惰繜 0.639s, 鑳借€?898.20J, 瀹屾垚鐜?97.1%, 杩佺Щ鎴愬姛鐜?100.0%, 缂撳瓨鍛戒腑 1.5%, 鏁版嵁鎹熷け 0.1%, 缂撳瓨娣樻卑鐜?0.0%
馃攳 杩佺Щ缁熻: 鎵ц6娆? 鎴愬姛6娆? 鎴愬姛鐜?00.0%
[璋冭瘯] Episode 0010: 寤惰繜 0.639s, 鑳借€?898.20J, 瀹屾垚鐜?95.7%, 杩佺Щ鎴愬姛鐜?100.0%, 缂撳瓨鍛戒腑 1.5%, 鏁版嵁鎹熷け 0.4%, 缂撳瓨娣樻卑鐜?0.0%
馃攳 杩佺Щ缁熻: 鎵ц6娆? 鎴愬姛6娆? 鎴愬姛鐜?00.0%
[璋冭瘯] Episode 0010: 寤惰繜 0.650s, 鑳借€?908.25J, 瀹屾垚鐜?95.8%, 杩佺Щ鎴愬姛鐜?100.0%, 缂撳瓨鍛戒腑 1.4%, 鏁版嵁鎹熷け 0.4%, 缂撳瓨娣樻卑鐜?0.0%
馃攳 杩佺Щ缁熻: 鎵ц6娆? 鎴愬姛6娆? 鎴愬姛鐜?00.0%
[璋冭瘯] Episode 0010: 寤惰繜 0.691s, 鑳借€?919.89J, 瀹屾垚鐜?95.9%, 杩佺Щ鎴愬姛鐜?100.0%, 缂撳瓨鍛戒腑 1.4%, 鏁版嵁鎹熷け 0.4%, 缂撳瓨娣樻卑鐜?0.0%
馃攳 杩佺Щ缁熻: 鎵ц6娆? 鎴愬姛6娆? 鎴愬姛鐜?00.0%
[璋冭瘯] Episode 0010: 寤惰繜 0.715s, 鑳借€?920.17J, 瀹屾垚鐜?95.9%, 杩佺Щ鎴愬姛鐜?100.0%, 缂撳瓨鍛戒腑 1.3%, 鏁版嵁鎹熷け 0.4%, 缂撳瓨娣樻卑鐜?0.0%
馃攳 杩佺Щ缁熻: 鎵ц6娆? 鎴愬姛6娆? 鎴愬姛鐜?00.0%
[璋冭瘯] Episode 0010: 寤惰繜 0.693s, 鑳借€?942.36J, 瀹屾垚鐜?96.1%, 杩佺Щ鎴愬姛鐜?100.0%, 缂撳瓨鍛戒腑 1.3%, 鏁版嵁鎹熷け 0.4%, 缂撳瓨娣樻卑鐜?0.0%
馃攳 杩佺Щ缁熻: 鎵ц6娆? 鎴愬姛6娆? 鎴愬姛鐜?00.0%
[璋冭瘯] Episode 0010: 寤惰繜 0.673s, 鑳借€?994.18J, 瀹屾垚鐜?96.2%, 杩佺Щ鎴愬姛鐜?100.0%, 缂撳瓨鍛戒腑 1.3%, 鏁版嵁鎹熷け 0.4%, 缂撳瓨娣樻卑鐜?0.0%
馃攳 杩佺Щ缁熻: 鎵ц6娆? 鎴愬姛6娆? 鎴愬姛鐜?00.0%
[璋冭瘯] Episode 0010: 寤惰繜 0.652s, 鑳借€?1015.78J, 瀹屾垚鐜?96.3%, 杩佺Щ鎴愬姛鐜?100.0%, 缂撳瓨鍛戒腑 1.3%, 鏁版嵁鎹熷け 0.4%, 缂撳瓨娣樻卑鐜?0.0%
馃攳 杩佺Щ缁熻: 鎵ц6娆? 鎴愬姛6娆? 鎴愬姛鐜?00.0%
[璋冭瘯] Episode 0010: 寤惰繜 0.667s, 鑳借€?1016.00J, 瀹屾垚鐜?96.3%, 杩佺Щ鎴愬姛鐜?100.0%, 缂撳瓨鍛戒腑 1.2%, 鏁版嵁鎹熷け 0.4%, 缂撳瓨娣樻卑鐜?0.0%
浠诲姟鍒嗙被缁熻(100): 绫诲瀷1=0.0%, 绫诲瀷2=5.0%, 绫诲瀷3=43.0%, 绫诲瀷4=52.0%
   褰撳墠浠诲姟: navigation_0015, 3.64s 鈫?绫诲瀷3, 鏁版嵁0.57MB
   馃捑 缂撳瓨缁熻: 鍛戒腑鐜?1.23% (鎬诲懡涓?2, 鏈湴:0, 鏈懡涓?160)
[VehicleMigration] handover #1: vehicle V_11 task task_103 UAV_1 -> RSU_0
   Trigger: distance 489.1m > threshold 475.2m (speed 9.9 m/s)
   Score: 679.1 -> 324.2 (improvement 52.3%)
   Queue trend: UAV_1: 3 -> 2, RSU_0: 5 -> 6
[Migration] Executed 1 vehicle-following migrations.
馃攳 杩佺Щ缁熻: 鎵ц7娆? 鎴愬姛7娆? 鎴愬姛鐜?00.0%
[璋冭瘯] Episode 0010: 寤惰繜 0.685s, 鑳借€?1016.27J, 瀹屾垚鐜?96.4%, 杩佺Щ鎴愬姛鐜?100.0%, 缂撳瓨鍛戒腑 2.3%, 鏁版嵁鎹熷け 0.4%, 缂撳瓨娣樻卑鐜?0.0%
馃攳 杩佺Щ缁熻: 鎵ц7娆? 鎴愬姛7娆? 鎴愬姛鐜?00.0%
[璋冭瘯] Episode 0010: 寤惰繜 0.646s, 鑳借€?1121.13J, 瀹屾垚鐜?95.6%, 杩佺Щ鎴愬姛鐜?100.0%, 缂撳瓨鍛戒腑 2.2%, 鏁版嵁鎹熷け 23.4%, 缂撳瓨娣樻卑鐜?0.0%
馃攳 杩佺Щ缁熻: 鎵ц7娆? 鎴愬姛7娆? 鎴愬姛鐜?00.0%
[璋冭瘯] Episode 0010: 寤惰繜 0.669s, 鑳借€?1162.85J, 瀹屾垚鐜?95.7%, 杩佺Щ鎴愬姛鐜?100.0%, 缂撳瓨鍛戒腑 2.1%, 鏁版嵁鎹熷け 22.1%, 缂撳瓨娣樻卑鐜?0.0%
馃攳 杩佺Щ缁熻: 鎵ц7娆? 鎴愬姛7娆? 鎴愬姛鐜?00.0%
[璋冭瘯] Episode 0010: 寤惰繜 0.708s, 鑳借€?1197.24J, 瀹屾垚鐜?95.9%, 杩佺Щ鎴愬姛鐜?100.0%, 缂撳瓨鍛戒腑 2.0%, 鏁版嵁鎹熷け 20.9%, 缂撳瓨娣樻卑鐜?0.0%
馃攳 杩佺Щ缁熻: 鎵ц7娆? 鎴愬姛7娆? 鎴愬姛鐜?00.0%
[璋冭瘯] Episode 0010: 寤惰繜 0.740s, 鑳借€?1225.81J, 瀹屾垚鐜?96.0%, 杩佺Щ鎴愬姛鐜?100.0%, 缂撳瓨鍛戒腑 2.0%, 鏁版嵁鎹熷け 20.7%, 缂撳瓨娣樻卑鐜?0.0%
馃攳 杩佺Щ缁熻: 鎵ц7娆? 鎴愬姛7娆? 鎴愬姛鐜?00.0%
[璋冭瘯] Episode 0010: 寤惰繜 0.729s, 鑳借€?1258.84J, 瀹屾垚鐜?96.2%, 杩佺Щ鎴愬姛鐜?100.0%, 缂撳瓨鍛戒腑 2.4%, 鏁版嵁鎹熷け 20.7%, 缂撳瓨娣樻卑鐜?0.0%
馃攳 杩佺Щ缁熻: 鎵ц7娆? 鎴愬姛7娆? 鎴愬姛鐜?00.0%
[璋冭瘯] Episode 0010: 寤惰繜 0.729s, 鑳借€?1278.74J, 瀹屾垚鐜?95.3%, 杩佺Щ鎴愬姛鐜?100.0%, 缂撳瓨鍛戒腑 2.7%, 鏁版嵁鎹熷け 20.7%, 缂撳瓨娣樻卑鐜?0.0%
馃攳 杩佺Щ缁熻: 鎵ц7娆? 鎴愬姛7娆? 鎴愬姛鐜?00.0%
[璋冭瘯] Episode 0010: 寤惰繜 0.724s, 鑳借€?1301.57J, 瀹屾垚鐜?95.4%, 杩佺Щ鎴愬姛鐜?100.0%, 缂撳瓨鍛戒腑 2.7%, 鏁版嵁鎹熷け 20.7%, 缂撳瓨娣樻卑鐜?0.0%
馃攳 杩佺Щ缁熻: 鎵ц7娆? 鎴愬姛7娆? 鎴愬姛鐜?00.0%
[璋冭瘯] Episode 0010: 寤惰繜 0.757s, 鑳借€?1312.76J, 瀹屾垚鐜?95.4%, 杩佺Щ鎴愬姛鐜?100.0%, 缂撳瓨鍛戒腑 2.6%, 鏁版嵁鎹熷け 20.6%, 缂撳瓨娣樻卑鐜?0.0%
馃攳 杩佺Щ缁熻: 鎵ц7娆? 鎴愬姛7娆? 鎴愬姛鐜?00.0%
[璋冭瘯] Episode 0010: 寤惰繜 0.757s, 鑳借€?1354.44J, 瀹屾垚鐜?95.5%, 杩佺Щ鎴愬姛鐜?100.0%, 缂撳瓨鍛戒腑 2.6%, 鏁版嵁鎹熷け 20.5%, 缂撳瓨娣樻卑鐜?0.0%
馃攳 杩佺Щ缁熻: 鎵ц7娆? 鎴愬姛7娆? 鎴愬姛鐜?00.0%
[璋冭瘯] Episode 0010: 寤惰繜 0.741s, 鑳借€?1443.21J, 瀹屾垚鐜?95.8%, 杩佺Щ鎴愬姛鐜?100.0%, 缂撳瓨鍛戒腑 2.6%, 鏁版嵁鎹熷け 20.5%, 缂撳瓨娣樻卑鐜?0.0%
馃攳 杩佺Щ缁熻: 鎵ц7娆? 鎴愬姛7娆? 鎴愬姛鐜?00.0%
[璋冭瘯] Episode 0010: 寤惰繜 0.723s, 鑳借€?1485.85J, 瀹屾垚鐜?95.9%, 杩佺Щ鎴愬姛鐜?100.0%, 缂撳瓨鍛戒腑 2.5%, 鏁版嵁鎹熷け 19.6%, 缂撳瓨娣樻卑鐜?0.0%
馃攳 杩佺Щ缁熻: 鎵ц7娆? 鎴愬姛7娆? 鎴愬姛鐜?00.0%
[璋冭瘯] Episode 0010: 寤惰繜 0.703s, 鑳借€?1538.55J, 瀹屾垚鐜?96.1%, 杩佺Щ鎴愬姛鐜?100.0%, 缂撳瓨鍛戒腑 2.4%, 鏁版嵁鎹熷け 19.5%, 缂撳瓨娣樻卑鐜?0.0%
馃攳 杩佺Щ缁熻: 鎵ц7娆? 鎴愬姛7娆? 鎴愬姛鐜?00.0%
[璋冭瘯] Episode 0010: 寤惰繜 0.734s, 鑳借€?1567.13J, 瀹屾垚鐜?96.2%, 杩佺Щ鎴愬姛鐜?100.0%, 缂撳瓨鍛戒腑 3.1%, 鏁版嵁鎹熷け 19.5%, 缂撳瓨娣樻卑鐜?0.0%
馃攳 杩佺Щ缁熻: 鎵ц7娆? 鎴愬姛7娆? 鎴愬姛鐜?00.0%
[璋冭瘯] Episode 0010: 寤惰繜 0.744s, 鑳借€?1577.33J, 瀹屾垚鐜?96.3%, 杩佺Щ鎴愬姛鐜?100.0%, 缂撳瓨鍛戒腑 3.4%, 鏁版嵁鎹熷け 19.3%, 缂撳瓨娣樻卑鐜?0.0%
馃攳 杩佺Щ缁熻: 鎵ц7娆? 鎴愬姛7娆? 鎴愬姛鐜?00.0%
[璋冭瘯] Episode 0010: 寤惰繜 0.727s, 鑳借€?1607.05J, 瀹屾垚鐜?96.4%, 杩佺Щ鎴愬姛鐜?100.0%, 缂撳瓨鍛戒腑 3.8%, 鏁版嵁鎹熷け 19.3%, 缂撳瓨娣樻卑鐜?0.0%
馃攳 杩佺Щ缁熻: 鎵ц7娆? 鎴愬姛7娆? 鎴愬姛鐜?00.0%
[璋冭瘯] Episode 0010: 寤惰繜 0.724s, 鑳借€?1645.61J, 瀹屾垚鐜?96.4%, 杩佺Щ鎴愬姛鐜?100.0%, 缂撳瓨鍛戒腑 3.7%, 鏁版嵁鎹熷け 19.2%, 缂撳瓨娣樻卑鐜?0.0%
馃攳 杩佺Щ缁熻: 鎵ц7娆? 鎴愬姛7娆? 鎴愬姛鐜?00.0%
[璋冭瘯] Episode 0010: 寤惰繜 0.710s, 鑳借€?1675.34J, 瀹屾垚鐜?96.5%, 杩佺Щ鎴愬姛鐜?100.0%, 缂撳瓨鍛戒腑 3.6%, 鏁版嵁鎹熷け 19.1%, 缂撳瓨娣樻卑鐜?0.0%
馃攳 杩佺Щ缁熻: 鎵ц7娆? 鎴愬姛7娆? 鎴愬姛鐜?00.0%
[璋冭瘯] Episode 0010: 寤惰繜 0.697s, 鑳借€?1698.20J, 瀹屾垚鐜?96.6%, 杩佺Щ鎴愬姛鐜?100.0%, 缂撳瓨鍛戒腑 3.9%, 鏁版嵁鎹熷け 19.0%, 缂撳瓨娣樻卑鐜?0.0%
馃攳 杩佺Щ缁熻: 鎵ц7娆? 鎴愬姛7娆? 鎴愬姛鐜?00.0%
[璋冭瘯] Episode 0010: 寤惰繜 0.708s, 鑳借€?1718.34J, 瀹屾垚鐜?96.6%, 杩佺Щ鎴愬姛鐜?100.0%, 缂撳瓨鍛戒腑 4.2%, 鏁版嵁鎹熷け 19.0%, 缂撳瓨娣樻卑鐜?0.0%
馃攳 杩佺Щ缁熻: 鎵ц7娆? 鎴愬姛7娆? 鎴愬姛鐜?00.0%
[璋冭瘯] Episode 0010: 寤惰繜 0.705s, 鑳借€?1746.15J, 瀹屾垚鐜?96.7%, 杩佺Щ鎴愬姛鐜?100.0%, 缂撳瓨鍛戒腑 4.1%, 鏁版嵁鎹熷け 18.9%, 缂撳瓨娣樻卑鐜?0.0%
馃攳 杩佺Щ缁熻: 鎵ц7娆? 鎴愬姛7娆? 鎴愬姛鐜?00.0%
[璋冭瘯] Episode 0010: 寤惰繜 0.687s, 鑳借€?1818.80J, 瀹屾垚鐜?96.8%, 杩佺Щ鎴愬姛鐜?100.0%, 缂撳瓨鍛戒腑 4.0%, 鏁版嵁鎹熷け 18.9%, 缂撳瓨娣樻卑鐜?0.0%
馃攳 杩佺Щ缁熻: 鎵ц7娆? 鎴愬姛7娆? 鎴愬姛鐜?00.0%
[璋冭瘯] Episode 0010: 寤惰繜 0.683s, 鑳借€?1828.71J, 瀹屾垚鐜?96.8%, 杩佺Щ鎴愬姛鐜?100.0%, 缂撳瓨鍛戒腑 4.0%, 鏁版嵁鎹熷け 18.9%, 缂撳瓨娣樻卑鐜?0.0%
馃攳 杩佺Щ缁熻: 鎵ц7娆? 鎴愬姛7娆? 鎴愬姛鐜?00.0%
[璋冭瘯] Episode 0010: 寤惰繜 0.672s, 鑳借€?1881.27J, 瀹屾垚鐜?96.9%, 杩佺Щ鎴愬姛鐜?100.0%, 缂撳瓨鍛戒腑 4.0%, 鏁版嵁鎹熷け 18.9%, 缂撳瓨娣樻卑鐜?0.0%
馃攳 杩佺Щ缁熻: 鎵ц7娆? 鎴愬姛7娆? 鎴愬姛鐜?00.0%
[璋冭瘯] Episode 0010: 寤惰繜 0.670s, 鑳借€?1902.01J, 瀹屾垚鐜?97.0%, 杩佺Щ鎴愬姛鐜?100.0%, 缂撳瓨鍛戒腑 3.9%, 鏁版嵁鎹熷け 18.9%, 缂撳瓨娣樻卑鐜?0.0%
馃攳 杩佺Щ缁熻: 鎵ц7娆? 鎴愬姛7娆? 鎴愬姛鐜?00.0%
[璋冭瘯] Episode 0010: 寤惰繜 0.677s, 鑳借€?1903.72J, 瀹屾垚鐜?97.0%, 杩佺Щ鎴愬姛鐜?100.0%, 缂撳瓨鍛戒腑 4.5%, 鏁版嵁鎹熷け 18.8%, 缂撳瓨娣樻卑鐜?0.0%
馃攳 杩佺Щ缁熻: 鎵ц7娆? 鎴愬姛7娆? 鎴愬姛鐜?00.0%
[璋冭瘯] Episode 0010: 寤惰繜 0.664s, 鑳借€?1933.86J, 瀹屾垚鐜?96.5%, 杩佺Щ鎴愬姛鐜?100.0%, 缂撳瓨鍛戒腑 4.5%, 鏁版嵁鎹熷け 41.0%, 缂撳瓨娣樻卑鐜?0.0%
馃攳 杩佺Щ缁熻: 鎵ц7娆? 鎴愬姛7娆? 鎴愬姛鐜?00.0%
[璋冭瘯] Episode 0010: 寤惰繜 0.656s, 鑳借€?1933.87J, 瀹屾垚鐜?96.5%, 杩佺Щ鎴愬姛鐜?100.0%, 缂撳瓨鍛戒腑 5.6%, 鏁版嵁鎹熷け 40.9%, 缂撳瓨娣樻卑鐜?0.0%
馃攳 杩佺Щ缁熻: 鎵ц7娆? 鎴愬姛7娆? 鎴愬姛鐜?00.0%
[璋冭瘯] Episode 0010: 寤惰繜 0.646s, 鑳借€?1963.59J, 瀹屾垚鐜?96.6%, 杩佺Щ鎴愬姛鐜?100.0%, 缂撳瓨鍛戒腑 5.6%, 鏁版嵁鎹熷け 40.8%, 缂撳瓨娣樻卑鐜?0.0%
馃攳 杩佺Щ缁熻: 鎵ц7娆? 鎴愬姛7娆? 鎴愬姛鐜?00.0%
[璋冭瘯] Episode 0010: 寤惰繜 0.642s, 鑳借€?1963.60J, 瀹屾垚鐜?96.6%, 杩佺Щ鎴愬姛鐜?100.0%, 缂撳瓨鍛戒腑 6.0%, 鏁版嵁鎹熷け 40.7%, 缂撳瓨娣樻卑鐜?0.0%
馃攳 杩佺Щ缁熻: 鎵ц7娆? 鎴愬姛7娆? 鎴愬姛鐜?00.0%
[璋冭瘯] Episode 0010: 寤惰繜 0.645s, 鑳借€?1963.74J, 瀹屾垚鐜?96.6%, 杩佺Щ鎴愬姛鐜?100.0%, 缂撳瓨鍛戒腑 6.4%, 鏁版嵁鎹熷け 40.5%, 缂撳瓨娣樻卑鐜?0.0%
馃攳 杩佺Щ缁熻: 鎵ц7娆? 鎴愬姛7娆? 鎴愬姛鐜?00.0%
[璋冭瘯] Episode 0010: 寤惰繜 0.637s, 鑳借€?2039.36J, 瀹屾垚鐜?96.8%, 杩佺Щ鎴愬姛鐜?100.0%, 缂撳瓨鍛戒腑 6.3%, 鏁版嵁鎹熷け 40.4%, 缂撳瓨娣樻卑鐜?0.0%
馃攳 杩佺Щ缁熻: 鎵ц7娆? 鎴愬姛7娆? 鎴愬姛鐜?00.0%
[璋冭瘯] Episode 0010: 寤惰繜 0.643s, 鑳借€?2070.48J, 瀹屾垚鐜?96.8%, 杩佺Щ鎴愬姛鐜?100.0%, 缂撳瓨鍛戒腑 6.6%, 鏁版嵁鎹熷け 40.4%, 缂撳瓨娣樻卑鐜?0.0%
馃攳 杩佺Щ缁熻: 鎵ц7娆? 鎴愬姛7娆? 鎴愬姛鐜?00.0%
[璋冭瘯] Episode 0010: 寤惰繜 0.645s, 鑳借€?2113.30J, 瀹屾垚鐜?96.9%, 杩佺Щ鎴愬姛鐜?100.0%, 缂撳瓨鍛戒腑 6.8%, 鏁版嵁鎹熷け 40.3%, 缂撳瓨娣樻卑鐜?0.0%
馃攳 杩佺Щ缁熻: 鎵ц7娆? 鎴愬姛7娆? 鎴愬姛鐜?00.0%
[璋冭瘯] Episode 0010: 寤惰繜 0.652s, 鑳借€?2113.45J, 瀹屾垚鐜?96.9%, 杩佺Щ鎴愬姛鐜?100.0%, 缂撳瓨鍛戒腑 6.6%, 鏁版嵁鎹熷け 38.7%, 缂撳瓨娣樻卑鐜?0.0%
浠诲姟鍒嗙被缁熻(200): 绫诲瀷1=0.0%, 绫诲瀷2=7.5%, 绫诲瀷3=40.0%, 绫诲瀷4=52.5%
   褰撳墠浠诲姟: weather_info, 2.87s 鈫?绫诲瀷2, 鏁版嵁0.34MB
   馃捑 缂撳瓨缁熻: 鍛戒腑鐜?6.63% (鎬诲懡涓?24, 鏈湴:0, 鏈懡涓?338)
馃攳 杩佺Щ缁熻: 鎵ц7娆? 鎴愬姛7娆? 鎴愬姛鐜?00.0%
[璋冭瘯] Episode 0010: 寤惰繜 0.665s, 鑳借€?2134.48J, 瀹屾垚鐜?97.0%, 杩佺Щ鎴愬姛鐜?100.0%, 缂撳瓨鍛戒腑 7.1%, 鏁版嵁鎹熷け 31.9%, 缂撳瓨娣樻卑鐜?0.0%
馃攳 杩佺Щ缁熻: 鎵ц7娆? 鎴愬姛7娆? 鎴愬姛鐜?00.0%
[璋冭瘯] Episode 0010: 寤惰繜 0.661s, 鑳借€?2164.30J, 瀹屾垚鐜?97.0%, 杩佺Щ鎴愬姛鐜?100.0%, 缂撳瓨鍛戒腑 7.0%, 鏁版嵁鎹熷け 31.9%, 缂撳瓨娣樻卑鐜?0.0%
馃攳 杩佺Щ缁熻: 鎵ц7娆? 鎴愬姛7娆? 鎴愬姛鐜?00.0%
[璋冭瘯] Episode 0010: 寤惰繜 0.659s, 鑳借€?2174.21J, 瀹屾垚鐜?97.0%, 杩佺Щ鎴愬姛鐜?100.0%, 缂撳瓨鍛戒腑 6.9%, 鏁版嵁鎹熷け 31.8%, 缂撳瓨娣樻卑鐜?0.0%
馃攳 杩佺Щ缁熻: 鎵ц7娆? 鎴愬姛7娆? 鎴愬姛鐜?00.0%
[璋冭瘯] Episode 0010: 寤惰繜 0.652s, 鑳借€?2218.30J, 瀹屾垚鐜?97.1%, 杩佺Щ鎴愬姛鐜?100.0%, 缂撳瓨鍛戒腑 6.9%, 鏁版嵁鎹熷け 31.8%, 缂撳瓨娣樻卑鐜?0.0%
馃攳 杩佺Щ缁熻: 鎵ц7娆? 鎴愬姛7娆? 鎴愬姛鐜?00.0%
[璋冭瘯] Episode 0010: 寤惰繜 0.654s, 鑳借€?2218.45J, 瀹屾垚鐜?97.1%, 杩佺Щ鎴愬姛鐜?100.0%, 缂撳瓨鍛戒腑 7.0%, 鏁版嵁鎹熷け 31.8%, 缂撳瓨娣樻卑鐜?0.0%
馃攳 杩佺Щ缁熻: 鎵ц7娆? 鎴愬姛7娆? 鎴愬姛鐜?00.0%
[璋冭瘯] Episode 0010: 寤惰繜 0.658s, 鑳借€?2236.93J, 瀹屾垚鐜?97.1%, 杩佺Щ鎴愬姛鐜?100.0%, 缂撳瓨鍛戒腑 7.7%, 鏁版嵁鎹熷け 31.7%, 缂撳瓨娣樻卑鐜?0.0%
馃攳 杩佺Щ缁熻: 鎵ц7娆? 鎴愬姛7娆? 鎴愬姛鐜?00.0%
[璋冭瘯] Episode 0010: 寤惰繜 0.653s, 鑳借€?2276.75J, 瀹屾垚鐜?97.2%, 杩佺Щ鎴愬姛鐜?100.0%, 缂撳瓨鍛戒腑 7.6%, 鏁版嵁鎹熷け 31.6%, 缂撳瓨娣樻卑鐜?0.0%
馃攳 杩佺Щ缁熻: 鎵ц7娆? 鎴愬姛7娆? 鎴愬姛鐜?00.0%
[璋冭瘯] Episode 0010: 寤惰繜 0.653s, 鑳借€?2276.90J, 瀹屾垚鐜?97.2%, 杩佺Щ鎴愬姛鐜?100.0%, 缂撳瓨鍛戒腑 8.2%, 鏁版嵁鎹熷け 26.7%, 缂撳瓨娣樻卑鐜?0.0%
馃攳 杩佺Щ缁熻: 鎵ц7娆? 鎴愬姛7娆? 鎴愬姛鐜?00.0%
[璋冭瘯] Episode 0010: 寤惰繜 0.644s, 鑳借€?2306.62J, 瀹屾垚鐜?97.3%, 杩佺Щ鎴愬姛鐜?100.0%, 缂撳瓨鍛戒腑 8.2%, 鏁版嵁鎹熷け 26.7%, 缂撳瓨娣樻卑鐜?0.0%
馃攳 杩佺Щ缁熻: 鎵ц7娆? 鎴愬姛7娆? 鎴愬姛鐜?00.0%
[璋冭瘯] Episode 0010: 寤惰繜 0.648s, 鑳借€?2307.18J, 瀹屾垚鐜?97.3%, 杩佺Щ鎴愬姛鐜?100.0%, 缂撳瓨鍛戒腑 8.6%, 鏁版嵁鎹熷け 26.6%, 缂撳瓨娣樻卑鐜?0.0%
馃攳 杩佺Щ缁熻: 鎵ц7娆? 鎴愬姛7娆? 鎴愬姛鐜?00.0%
[璋冭瘯] Episode 0010: 寤惰繜 0.650s, 鑳借€?2307.29J, 瀹屾垚鐜?97.3%, 杩佺Щ鎴愬姛鐜?100.0%, 缂撳瓨鍛戒腑 9.2%, 鏁版嵁鎹熷け 26.6%, 缂撳瓨娣樻卑鐜?0.0%
馃攳 杩佺Щ缁熻: 鎵ц7娆? 鎴愬姛7娆? 鎴愬姛鐜?00.0%
[璋冭瘯] Episode 0010: 寤惰繜 1.245s, 鑳借€?3045.58J, 瀹屾垚鐜?97.3%, 杩佺Щ鎴愬姛鐜?100.0%, 缂撳瓨鍛戒腑 9.1%, 鏁版嵁鎹熷け 20.6%, 缂撳瓨娣樻卑鐜?0.0%
馃攳 杩佺Щ缁熻: 鎵ц7娆? 鎴愬姛7娆? 鎴愬姛鐜?00.0%
[璋冭瘯] Episode 0010: 寤惰繜 1.224s, 鑳借€?3086.86J, 瀹屾垚鐜?97.4%, 杩佺Щ鎴愬姛鐜?100.0%, 缂撳瓨鍛戒腑 9.4%, 鏁版嵁鎹熷け 20.6%, 缂撳瓨娣樻卑鐜?0.0%
馃攳 杩佺Щ缁熻: 鎵ц7娆? 鎴愬姛7娆? 鎴愬姛鐜?00.0%
[璋冭瘯] Episode 0010: 寤惰繜 1.229s, 鑳借€?3088.44J, 瀹屾垚鐜?97.4%, 杩佺Щ鎴愬姛鐜?100.0%, 缂撳瓨鍛戒腑 9.3%, 鏁版嵁鎹熷け 20.1%, 缂撳瓨娣樻卑鐜?0.0%
馃攳 杩佺Щ缁熻: 鎵ц7娆? 鎴愬姛7娆? 鎴愬姛鐜?00.0%
[璋冭瘯] Episode 0010: 寤惰繜 1.218s, 鑳借€?3108.37J, 瀹屾垚鐜?97.0%, 杩佺Щ鎴愬姛鐜?100.0%, 缂撳瓨鍛戒腑 9.5%, 鏁版嵁鎹熷け 31.8%, 缂撳瓨娣樻卑鐜?0.0%
馃攳 杩佺Щ缁熻: 鎵ц7娆? 鎴愬姛7娆? 鎴愬姛鐜?00.0%
[璋冭瘯] Episode 0010: 寤惰繜 1.209s, 鑳借€?3134.06J, 瀹屾垚鐜?97.1%, 杩佺Щ鎴愬姛鐜?100.0%, 缂撳瓨鍛戒腑 9.5%, 鏁版嵁鎹熷け 31.8%, 缂撳瓨娣樻卑鐜?0.0%
馃攳 杩佺Щ缁熻: 鎵ц7娆? 鎴愬姛7娆? 鎴愬姛鐜?00.0%
[璋冭瘯] Episode 0010: 寤惰繜 1.182s, 鑳借€?3196.08J, 瀹屾垚鐜?96.7%, 杩佺Щ鎴愬姛鐜?100.0%, 缂撳瓨鍛戒腑 9.7%, 鏁版嵁鎹熷け 42.7%, 缂撳瓨娣樻卑鐜?0.0%
馃攳 杩佺Щ缁熻: 鎵ц7娆? 鎴愬姛7娆? 鎴愬姛鐜?00.0%
[璋冭瘯] Episode 0010: 寤惰繜 1.178s, 鑳借€?3205.99J, 瀹屾垚鐜?96.8%, 杩佺Щ鎴愬姛鐜?100.0%, 缂撳瓨鍛戒腑 9.8%, 鏁版嵁鎹熷け 42.7%, 缂撳瓨娣樻卑鐜?0.0%
馃攳 杩佺Щ缁熻: 鎵ц7娆? 鎴愬姛7娆? 鎴愬姛鐜?00.0%
[璋冭瘯] Episode 0010: 寤惰繜 1.174s, 鑳借€?3206.03J, 瀹屾垚鐜?96.8%, 杩佺Щ鎴愬姛鐜?100.0%, 缂撳瓨鍛戒腑 10.2%, 鏁版嵁鎹熷け 42.7%, 缂撳瓨娣樻卑鐜?0.0%
馃攳 杩佺Щ缁熻: 鎵ц7娆? 鎴愬姛7娆? 鎴愬姛鐜?00.0%
[璋冭瘯] Episode 0010: 寤惰繜 1.170s, 鑳借€?3225.94J, 瀹屾垚鐜?96.8%, 杩佺Щ鎴愬姛鐜?100.0%, 缂撳瓨鍛戒腑 10.1%, 鏁版嵁鎹熷け 42.7%, 缂撳瓨娣樻卑鐜?0.0%
馃攳 杩佺Щ缁熻: 鎵ц7娆? 鎴愬姛7娆? 鎴愬姛鐜?00.0%
[璋冭瘯] Episode 0010: 寤惰繜 1.165s, 鑳借€?3235.99J, 瀹屾垚鐜?96.8%, 杩佺Щ鎴愬姛鐜?100.0%, 缂撳瓨鍛戒腑 10.2%, 鏁版嵁鎹熷け 42.6%, 缂撳瓨娣樻卑鐜?0.0%
馃攳 杩佺Щ缁熻: 鎵ц7娆? 鎴愬姛7娆? 鎴愬姛鐜?00.0%
[璋冭瘯] Episode 0010: 寤惰繜 1.158s, 鑳借€?3256.49J, 瀹屾垚鐜?96.9%, 杩佺Щ鎴愬姛鐜?100.0%, 缂撳瓨鍛戒腑 10.2%, 鏁版嵁鎹熷け 42.6%, 缂撳瓨娣樻卑鐜?0.0%
馃攳 杩佺Щ缁熻: 鎵ц7娆? 鎴愬姛7娆? 鎴愬姛鐜?00.0%
[璋冭瘯] Episode 0010: 寤惰繜 1.141s, 鑳借€?3319.70J, 瀹屾垚鐜?96.9%, 杩佺Щ鎴愬姛鐜?100.0%, 缂撳瓨鍛戒腑 10.2%, 鏁版嵁鎹熷け 42.6%, 缂撳瓨娣樻卑鐜?0.0%
馃攳 杩佺Щ缁熻: 鎵ц7娆? 鎴愬姛7娆? 鎴愬姛鐜?00.0%
[璋冭瘯] Episode 0010: 寤惰繜 1.141s, 鑳借€?3329.76J, 瀹屾垚鐜?96.9%, 杩佺Щ鎴愬姛鐜?100.0%, 缂撳瓨鍛戒腑 10.1%, 鏁版嵁鎹熷け 42.5%, 缂撳瓨娣樻卑鐜?0.0%
馃攳 杩佺Щ缁熻: 鎵ц7娆? 鎴愬姛7娆? 鎴愬姛鐜?00.0%
[璋冭瘯] Episode 0010: 寤惰繜 1.146s, 鑳借€?3329.90J, 瀹屾垚鐜?96.9%, 杩佺Щ鎴愬姛鐜?100.0%, 缂撳瓨鍛戒腑 10.1%, 鏁版嵁鎹熷け 42.4%, 缂撳瓨娣樻卑鐜?0.0%
馃攳 杩佺Щ缁熻: 鎵ц7娆? 鎴愬姛7娆? 鎴愬姛鐜?00.0%
[璋冭瘯] Episode 0010: 寤惰繜 1.145s, 鑳借€?3335.83J, 瀹屾垚鐜?96.9%, 杩佺Щ鎴愬姛鐜?100.0%, 缂撳瓨鍛戒腑 10.1%, 鏁版嵁鎹熷け 42.4%, 缂撳瓨娣樻卑鐜?0.0%
馃攳 杩佺Щ缁熻: 鎵ц7娆? 鎴愬姛7娆? 鎴愬姛鐜?00.0%
[璋冭瘯] Episode 0010: 寤惰繜 1.145s, 鑳借€?3355.85J, 瀹屾垚鐜?97.0%, 杩佺Щ鎴愬姛鐜?100.0%, 缂撳瓨鍛戒腑 9.9%, 鏁版嵁鎹熷け 42.4%, 缂撳瓨娣樻卑鐜?0.0%
馃攳 杩佺Щ缁熻: 鎵ц7娆? 鎴愬姛7娆? 鎴愬姛鐜?00.0%
[璋冭瘯] Episode 0010: 寤惰繜 1.124s, 鑳借€?3376.56J, 瀹屾垚鐜?97.0%, 杩佺Щ鎴愬姛鐜?100.0%, 缂撳瓨鍛戒腑 10.5%, 鏁版嵁鎹熷け 42.3%, 缂撳瓨娣樻卑鐜?0.0%
馃攳 杩佺Щ缁熻: 鎵ц7娆? 鎴愬姛7娆? 鎴愬姛鐜?00.0%
[璋冭瘯] Episode 0010: 寤惰繜 1.104s, 鑳借€?3406.29J, 瀹屾垚鐜?97.1%, 杩佺Щ鎴愬姛鐜?100.0%, 缂撳瓨鍛戒腑 11.2%, 鏁版嵁鎹熷け 42.3%, 缂撳瓨娣樻卑鐜?0.0%
馃攳 杩佺Щ缁熻: 鎵ц7娆? 鎴愬姛7娆? 鎴愬姛鐜?00.0%
[璋冭瘯] Episode 0010: 寤惰繜 1.096s, 鑳借€?3407.40J, 瀹屾垚鐜?97.1%, 杩佺Щ鎴愬姛鐜?100.0%, 缂撳瓨鍛戒腑 11.6%, 鏁版嵁鎹熷け 42.3%, 缂撳瓨娣樻卑鐜?0.0%
馃攳 杩佺Щ缁熻: 鎵ц7娆? 鎴愬姛7娆? 鎴愬姛鐜?00.0%
[璋冭瘯] Episode 0010: 寤惰繜 1.096s, 鑳借€?3407.40J, 瀹屾垚鐜?97.1%, 杩佺Щ鎴愬姛鐜?100.0%, 缂撳瓨鍛戒腑 11.6%, 鏁版嵁鎹熷け 42.3%, 缂撳瓨娣樻卑鐜?0.0%
馃攳 杩佺Щ缁熻: 鎵ц7娆? 鎴愬姛7娆? 鎴愬姛鐜?00.0%
[璋冭瘯] Episode 0010: 寤惰繜 1.075s, 鑳借€?3407.49J, 瀹屾垚鐜?97.2%, 杩佺Щ鎴愬姛鐜?100.0%, 缂撳瓨鍛戒腑 13.8%, 鏁版嵁鎹熷け 42.2%, 缂撳瓨娣樻卑鐜?0.0%
馃攳 杩佺Щ缁熻: 鎵ц7娆? 鎴愬姛7娆? 鎴愬姛鐜?00.0%
[璋冭瘯] Episode 0010: 寤惰繜 1.075s, 鑳借€?3407.49J, 瀹屾垚鐜?97.2%, 杩佺Щ鎴愬姛鐜?100.0%, 缂撳瓨鍛戒腑 13.7%, 鏁版嵁鎹熷け 42.2%, 缂撳瓨娣樻卑鐜?0.0%
馃攳 杩佺Щ缁熻: 鎵ц7娆? 鎴愬姛7娆? 鎴愬姛鐜?00.0%
[璋冭瘯] Episode 0010: 寤惰繜 1.074s, 鑳借€?3427.40J, 瀹屾垚鐜?97.2%, 杩佺Щ鎴愬姛鐜?100.0%, 缂撳瓨鍛戒腑 13.9%, 鏁版嵁鎹熷け 42.1%, 缂撳瓨娣樻卑鐜?0.0%
馃攳 杩佺Щ缁熻: 鎵ц7娆? 鎴愬姛7娆? 鎴愬姛鐜?00.0%
[璋冭瘯] Episode 0010: 寤惰繜 1.068s, 鑳借€?3447.22J, 瀹屾垚鐜?97.2%, 杩佺Щ鎴愬姛鐜?100.0%, 缂撳瓨鍛戒腑 13.9%, 鏁版嵁鎹熷け 42.1%, 缂撳瓨娣樻卑鐜?0.0%
馃攳 杩佺Щ缁熻: 鎵ц7娆? 鎴愬姛7娆? 鎴愬姛鐜?00.0%
[璋冭瘯] Episode 0010: 寤惰繜 1.064s, 鑳借€?3467.09J, 瀹屾垚鐜?97.2%, 杩佺Щ鎴愬姛鐜?100.0%, 缂撳瓨鍛戒腑 13.8%, 鏁版嵁鎹熷け 42.1%, 缂撳瓨娣樻卑鐜?0.0%
[VehicleMigration] handover #1: vehicle V_0 task task_293 UAV_1 -> RSU_0
   Trigger: distance 492.0m > threshold 486.5m (speed 5.4 m/s)
   Score: 682.0 -> 177.3 (improvement 74.0%)
   Queue trend: UAV_1: 3 -> 2, RSU_0: 0 -> 1
[Migration] Executed 1 vehicle-following migrations.
馃攳 杩佺Щ缁熻: 鎵ц8娆? 鎴愬姛8娆? 鎴愬姛鐜?00.0%
[璋冭瘯] Episode 0010: 寤惰繜 1.061s, 鑳借€?3487.06J, 瀹屾垚鐜?97.3%, 杩佺Щ鎴愬姛鐜?100.0%, 缂撳瓨鍛戒腑 13.9%, 鏁版嵁鎹熷け 42.0%, 缂撳瓨娣樻卑鐜?0.0%
馃攳 杩佺Щ缁熻: 鎵ц8娆? 鎴愬姛8娆? 鎴愬姛鐜?00.0%
[璋冭瘯] Episode 0010: 寤惰繜 1.066s, 鑳借€?3497.25J, 瀹屾垚鐜?97.3%, 杩佺Щ鎴愬姛鐜?100.0%, 缂撳瓨鍛戒腑 14.0%, 鏁版嵁鎹熷け 42.0%, 缂撳瓨娣樻卑鐜?0.0%
馃攳 杩佺Щ缁熻: 鎵ц8娆? 鎴愬姛8娆? 鎴愬姛鐜?00.0%
[璋冭瘯] Episode 0010: 寤惰繜 1.059s, 鑳借€?3512.77J, 瀹屾垚鐜?97.3%, 杩佺Щ鎴愬姛鐜?100.0%, 缂撳瓨鍛戒腑 14.0%, 鏁版嵁鎹熷け 41.2%, 缂撳瓨娣樻卑鐜?0.0%
浠诲姟鍒嗙被缁熻(300): 绫诲瀷1=0.0%, 绫诲瀷2=6.7%, 绫诲瀷3=38.0%, 绫诲瀷4=55.3%
   褰撳墠浠诲姟: navigation_0001, 2.02s 鈫?绫诲瀷3, 鏁版嵁0.45MB
   馃捑 缂撳瓨缁熻: 鍛戒腑鐜?14.18% (鎬诲懡涓?76, 鏈湴:0, 鏈懡涓?460)
馃攳 杩佺Щ缁熻: 鎵ц8娆? 鎴愬姛8娆? 鎴愬姛鐜?00.0%
[璋冭瘯] Episode 0010: 寤惰繜 1.052s, 鑳借€?3522.68J, 瀹屾垚鐜?97.3%, 杩佺Щ鎴愬姛鐜?100.0%, 缂撳瓨鍛戒腑 14.5%, 鏁版嵁鎹熷け 41.2%, 缂撳瓨娣樻卑鐜?0.0%
馃攳 杩佺Щ缁熻: 鎵ц8娆? 鎴愬姛8娆? 鎴愬姛鐜?00.0%
[璋冭瘯] Episode 0010: 寤惰繜 1.044s, 鑳借€?3549.00J, 瀹屾垚鐜?97.3%, 杩佺Щ鎴愬姛鐜?100.0%, 缂撳瓨鍛戒腑 14.5%, 鏁版嵁鎹熷け 41.1%, 缂撳瓨娣樻卑鐜?0.0%
馃攳 杩佺Щ缁熻: 鎵ц8娆? 鎴愬姛8娆? 鎴愬姛鐜?00.0%
[璋冭瘯] Episode 0010: 寤惰繜 1.026s, 鑳借€?3586.36J, 瀹屾垚鐜?97.4%, 杩佺Щ鎴愬姛鐜?100.0%, 缂撳瓨鍛戒腑 15.1%, 鏁版嵁鎹熷け 41.1%, 缂撳瓨娣樻卑鐜?0.0%
馃攳 杩佺Щ缁熻: 鎵ц8娆? 鎴愬姛8娆? 鎴愬姛鐜?00.0%
[璋冭瘯] Episode 0010: 寤惰繜 1.017s, 鑳借€?3592.93J, 瀹屾垚鐜?97.4%, 杩佺Щ鎴愬姛鐜?100.0%, 缂撳瓨鍛戒腑 16.0%, 鏁版嵁鎹熷け 41.0%, 缂撳瓨娣樻卑鐜?0.0%
馃攳 杩佺Щ缁熻: 鎵ц8娆? 鎴愬姛8娆? 鎴愬姛鐜?00.0%
[璋冭瘯] Episode 0010: 寤惰繜 1.011s, 鑳借€?3593.08J, 瀹屾垚鐜?97.5%, 杩佺Щ鎴愬姛鐜?100.0%, 缂撳瓨鍛戒腑 16.8%, 鏁版嵁鎹熷け 37.7%, 缂撳瓨娣樻卑鐜?0.0%
馃攳 杩佺Щ缁熻: 鎵ц8娆? 鎴愬姛8娆? 鎴愬姛鐜?00.0%
[璋冭瘯] Episode 0010: 寤惰繜 1.008s, 鑳借€?3593.08J, 瀹屾垚鐜?97.5%, 杩佺Щ鎴愬姛鐜?100.0%, 缂撳瓨鍛戒腑 17.0%, 鏁版嵁鎹熷け 37.7%, 缂撳瓨娣樻卑鐜?0.0%
馃攳 杩佺Щ缁熻: 鎵ц8娆? 鎴愬姛8娆? 鎴愬姛鐜?00.0%
[璋冭瘯] Episode 0010: 寤惰繜 1.006s, 鑳借€?3604.12J, 瀹屾垚鐜?97.5%, 杩佺Щ鎴愬姛鐜?100.0%, 缂撳瓨鍛戒腑 17.1%, 鏁版嵁鎹熷け 37.7%, 缂撳瓨娣樻卑鐜?0.0%
馃攳 杩佺Щ缁熻: 鎵ц8娆? 鎴愬姛8娆? 鎴愬姛鐜?00.0%
[璋冭瘯] Episode 0010: 寤惰繜 0.997s, 鑳借€?3633.84J, 瀹屾垚鐜?97.5%, 杩佺Щ鎴愬姛鐜?100.0%, 缂撳瓨鍛戒腑 17.0%, 鏁版嵁鎹熷け 37.7%, 缂撳瓨娣樻卑鐜?0.0%
馃攳 杩佺Щ缁熻: 鎵ц8娆? 鎴愬姛8娆? 鎴愬姛鐜?00.0%
[璋冭瘯] Episode 0010: 寤惰繜 0.994s, 鑳借€?3633.84J, 瀹屾垚鐜?97.5%, 杩佺Щ鎴愬姛鐜?100.0%, 缂撳瓨鍛戒腑 17.1%, 鏁版嵁鎹熷け 37.7%, 缂撳瓨娣樻卑鐜?0.0%
馃攳 杩佺Щ缁熻: 鎵ц8娆? 鎴愬姛8娆? 鎴愬姛鐜?00.0%
[璋冭瘯] Episode 0010: 寤惰繜 0.993s, 鑳借€?3653.80J, 瀹屾垚鐜?97.5%, 杩佺Щ鎴愬姛鐜?100.0%, 缂撳瓨鍛戒腑 17.2%, 鏁版嵁鎹熷け 37.1%, 缂撳瓨娣樻卑鐜?0.0%
馃攳 杩佺Щ缁熻: 鎵ц8娆? 鎴愬姛8娆? 鎴愬姛鐜?00.0%
[璋冭瘯] Episode 0010: 寤惰繜 0.989s, 鑳借€?3653.80J, 瀹屾垚鐜?97.5%, 杩佺Щ鎴愬姛鐜?100.0%, 缂撳瓨鍛戒腑 17.3%, 鏁版嵁鎹熷け 37.1%, 缂撳瓨娣樻卑鐜?0.0%
馃攳 杩佺Щ缁熻: 鎵ц8娆? 鎴愬姛8娆? 鎴愬姛鐜?00.0%
[璋冭瘯] Episode 0010: 寤惰繜 0.993s, 鑳借€?3660.93J, 瀹屾垚鐜?97.5%, 杩佺Щ鎴愬姛鐜?100.0%, 缂撳瓨鍛戒腑 17.4%, 鏁版嵁鎹熷け 37.0%, 缂撳瓨娣樻卑鐜?0.0%
[VehicleMigration] handover #1: vehicle V_6 task task_297 UAV_1 -> RSU_0
   Trigger: distance 709.3m > threshold 450.0m (speed 20.0 m/s)
   Score: 869.3 -> 399.1 (improvement 54.1%)
   Queue trend: UAV_1: 2 -> 1, RSU_0: 0 -> 1
[Migration] Executed 1 vehicle-following migrations.
馃攳 杩佺Щ缁熻: 鎵ц9娆? 鎴愬姛9娆? 鎴愬姛鐜?00.0%
[璋冭瘯] Episode 0010: 寤惰繜 0.991s, 鑳借€?3676.82J, 瀹屾垚鐜?97.6%, 杩佺Щ鎴愬姛鐜?100.0%, 缂撳瓨鍛戒腑 17.7%, 鏁版嵁鎹熷け 37.0%, 缂撳瓨娣樻卑鐜?0.0%
[VehicleMigration] handover #1: vehicle V_0 task task_332 UAV_1 -> RSU_0
   Trigger: distance 483.2m > threshold 482.3m (speed 7.1 m/s)
   Score: 643.2 -> 168.1 (improvement 73.9%)
   Queue trend: UAV_1: 2 -> 1, RSU_0: 0 -> 1
[Migration] Executed 1 vehicle-following migrations.
馃攳 杩佺Щ缁熻: 鎵ц10娆? 鎴愬姛10娆? 鎴愬姛鐜?00.0%
[璋冭瘯] Episode 0010: 寤惰繜 0.994s, 鑳借€?3676.97J, 瀹屾垚鐜?97.6%, 杩佺Щ鎴愬姛鐜?100.0%, 缂撳瓨鍛戒腑 17.6%, 鏁版嵁鎹熷け 37.0%, 缂撳瓨娣樻卑鐜?0.0%
[VehicleMigration] handover #1: vehicle V_0 task task_333 UAV_1 -> RSU_0
   Trigger: distance 482.5m > threshold 482.1m (speed 7.1 m/s)
   Score: 702.5 -> 197.4 (improvement 71.9%)
   Queue trend: UAV_1: 4 -> 3, RSU_0: 1 -> 2
[Migration] Executed 1 vehicle-following migrations.
馃攳 杩佺Щ缁熻: 鎵ц11娆? 鎴愬姛11娆? 鎴愬姛鐜?00.0%
[璋冭瘯] Episode 0010: 寤惰繜 0.995s, 鑳借€?3693.29J, 瀹屾垚鐜?97.6%, 杩佺Щ鎴愬姛鐜?100.0%, 缂撳瓨鍛戒腑 17.4%, 鏁版嵁鎹熷け 36.9%, 缂撳瓨娣樻卑鐜?0.0%
馃攳 杩佺Щ缁熻: 鎵ц11娆? 鎴愬姛11娆? 鎴愬姛鐜?00.0%
[璋冭瘯] Episode 0010: 寤惰繜 0.989s, 鑳借€?3709.29J, 瀹屾垚鐜?97.6%, 杩佺Щ鎴愬姛鐜?100.0%, 缂撳瓨鍛戒腑 17.4%, 鏁版嵁鎹熷け 36.9%, 缂撳瓨娣樻卑鐜?0.0%
馃攳 杩佺Щ缁熻: 鎵ц11娆? 鎴愬姛11娆? 鎴愬姛鐜?00.0%
[璋冭瘯] Episode 0010: 寤惰繜 0.982s, 鑳借€?3746.29J, 瀹屾垚鐜?97.6%, 杩佺Щ鎴愬姛鐜?100.0%, 缂撳瓨鍛戒腑 17.3%, 鏁版嵁鎹熷け 36.9%, 缂撳瓨娣樻卑鐜?0.0%
馃攳 杩佺Щ缁熻: 鎵ц11娆? 鎴愬姛11娆? 鎴愬姛鐜?00.0%
[璋冭瘯] Episode 0010: 寤惰繜 0.971s, 鑳借€?3772.22J, 瀹屾垚鐜?97.6%, 杩佺Щ鎴愬姛鐜?100.0%, 缂撳瓨鍛戒腑 17.7%, 鏁版嵁鎹熷け 36.9%, 缂撳瓨娣樻卑鐜?0.0%
馃攳 杩佺Щ缁熻: 鎵ц11娆? 鎴愬姛11娆? 鎴愬姛鐜?00.0%
[璋冭瘯] Episode 0010: 寤惰繜 0.965s, 鑳借€?3772.22J, 瀹屾垚鐜?97.6%, 杩佺Щ鎴愬姛鐜?100.0%, 缂撳瓨鍛戒腑 18.2%, 鏁版嵁鎹熷け 36.8%, 缂撳瓨娣樻卑鐜?0.0%
馃攳 杩佺Щ缁熻: 鎵ц11娆? 鎴愬姛11娆? 鎴愬姛鐜?00.0%
[璋冭瘯] Episode 0010: 寤惰繜 0.966s, 鑳借€?3772.30J, 瀹屾垚鐜?97.6%, 杩佺Щ鎴愬姛鐜?100.0%, 缂撳瓨鍛戒腑 18.3%, 鏁版嵁鎹熷け 36.8%, 缂撳瓨娣樻卑鐜?0.0%
馃攳 杩佺Щ缁熻: 鎵ц11娆? 鎴愬姛11娆? 鎴愬姛鐜?00.0%
[璋冭瘯] Episode 0010: 寤惰繜 1.349s, 鑳借€?4511.49J, 瀹屾垚鐜?97.7%, 杩佺Щ鎴愬姛鐜?100.0%, 缂撳瓨鍛戒腑 18.8%, 鏁版嵁鎹熷け 33.9%, 缂撳瓨娣樻卑鐜?0.0%
馃攳 杩佺Щ缁熻: 鎵ц11娆? 鎴愬姛11娆? 鎴愬姛鐜?00.0%
[璋冭瘯] Episode 0010: 寤惰繜 1.349s, 鑳借€?4528.67J, 瀹屾垚鐜?97.4%, 杩佺Щ鎴愬姛鐜?100.0%, 缂撳瓨鍛戒腑 18.9%, 鏁版嵁鎹熷け 40.8%, 缂撳瓨娣樻卑鐜?0.0%
馃攳 杩佺Щ缁熻: 鎵ц11娆? 鎴愬姛11娆? 鎴愬姛鐜?00.0%
[璋冭瘯] Episode 0010: 寤惰繜 1.343s, 鑳借€?4558.04J, 瀹屾垚鐜?97.4%, 杩佺Щ鎴愬姛鐜?100.0%, 缂撳瓨鍛戒腑 18.7%, 鏁版嵁鎹熷け 40.8%, 缂撳瓨娣樻卑鐜?0.0%
馃攳 杩佺Щ缁熻: 鎵ц11娆? 鎴愬姛11娆? 鎴愬姛鐜?00.0%
[璋冭瘯] Episode 0010: 寤惰繜 1.342s, 鑳借€?4568.09J, 瀹屾垚鐜?97.4%, 杩佺Щ鎴愬姛鐜?100.0%, 缂撳瓨鍛戒腑 18.6%, 鏁版嵁鎹熷け 40.8%, 缂撳瓨娣樻卑鐜?0.0%
馃攳 杩佺Щ缁熻: 鎵ц11娆? 鎴愬姛11娆? 鎴愬姛鐜?00.0%
[璋冭瘯] Episode 0010: 寤惰繜 1.331s, 鑳借€?4598.03J, 瀹屾垚鐜?97.5%, 杩佺Щ鎴愬姛鐜?100.0%, 缂撳瓨鍛戒腑 18.8%, 鏁版嵁鎹熷け 40.7%, 缂撳瓨娣樻卑鐜?0.0%
馃攳 杩佺Щ缁熻: 鎵ц11娆? 鎴愬姛11娆? 鎴愬姛鐜?00.0%
[璋冭瘯] Episode 0010: 寤惰繜 1.327s, 鑳借€?4607.94J, 瀹屾垚鐜?97.5%, 杩佺Щ鎴愬姛鐜?100.0%, 缂撳瓨鍛戒腑 18.8%, 鏁版嵁鎹熷け 40.7%, 缂撳瓨娣樻卑鐜?0.0%
馃攳 杩佺Щ缁熻: 鎵ц11娆? 鎴愬姛11娆? 鎴愬姛鐜?00.0%
[璋冭瘯] Episode 0010: 寤惰繜 1.324s, 鑳借€?4625.71J, 瀹屾垚鐜?97.5%, 杩佺Щ鎴愬姛鐜?100.0%, 缂撳瓨鍛戒腑 18.6%, 鏁版嵁鎹熷け 40.1%, 缂撳瓨娣樻卑鐜?0.0%
馃攳 杩佺Щ缁熻: 鎵ц11娆? 鎴愬姛11娆? 鎴愬姛鐜?00.0%
[璋冭瘯] Episode 0010: 寤惰繜 1.313s, 鑳借€?4654.09J, 瀹屾垚鐜?97.5%, 杩佺Щ鎴愬姛鐜?100.0%, 缂撳瓨鍛戒腑 18.8%, 鏁版嵁鎹熷け 40.1%, 缂撳瓨娣樻卑鐜?0.0%
馃攳 杩佺Щ缁熻: 鎵ц11娆? 鎴愬姛11娆? 鎴愬姛鐜?00.0%
[璋冭瘯] Episode 0010: 寤惰繜 1.313s, 鑳借€?4654.09J, 瀹屾垚鐜?97.5%, 杩佺Щ鎴愬姛鐜?100.0%, 缂撳瓨鍛戒腑 18.8%, 鏁版嵁鎹熷け 40.1%, 缂撳瓨娣樻卑鐜?0.0%
馃攳 杩佺Щ缁熻: 鎵ц11娆? 鎴愬姛11娆? 鎴愬姛鐜?00.0%
[璋冭瘯] Episode 0010: 寤惰繜 1.310s, 鑳借€?4674.25J, 瀹屾垚鐜?97.5%, 杩佺Щ鎴愬姛鐜?100.0%, 缂撳瓨鍛戒腑 18.7%, 鏁版嵁鎹熷け 40.1%, 缂撳瓨娣樻卑鐜?0.0%
馃攳 杩佺Щ缁熻: 鎵ц11娆? 鎴愬姛11娆? 鎴愬姛鐜?00.0%
[璋冭瘯] Episode 0010: 寤惰繜 1.306s, 鑳借€?4674.39J, 瀹屾垚鐜?97.5%, 杩佺Щ鎴愬姛鐜?100.0%, 缂撳瓨鍛戒腑 19.0%, 鏁版嵁鎹熷け 40.0%, 缂撳瓨娣樻卑鐜?0.0%
馃攳 杩佺Щ缁熻: 鎵ц11娆? 鎴愬姛11娆? 鎴愬姛鐜?00.0%
[璋冭瘯] Episode 0010: 寤惰繜 1.299s, 鑳借€?4684.30J, 瀹屾垚鐜?97.5%, 杩佺Щ鎴愬姛鐜?100.0%, 缂撳瓨鍛戒腑 19.2%, 鏁版嵁鎹熷け 40.0%, 缂撳瓨娣樻卑鐜?0.0%
馃攳 杩佺Щ缁熻: 鎵ц11娆? 鎴愬姛11娆? 鎴愬姛鐜?00.0%
[璋冭瘯] Episode 0010: 寤惰繜 1.292s, 鑳借€?4714.04J, 瀹屾垚鐜?97.6%, 杩佺Щ鎴愬姛鐜?100.0%, 缂撳瓨鍛戒腑 19.3%, 鏁版嵁鎹熷け 40.0%, 缂撳瓨娣樻卑鐜?0.0%
馃攳 杩佺Щ缁熻: 鎵ц11娆? 鎴愬姛11娆? 鎴愬姛鐜?00.0%
[璋冭瘯] Episode 0010: 寤惰繜 1.292s, 鑳借€?4714.04J, 瀹屾垚鐜?97.6%, 杩佺Щ鎴愬姛鐜?100.0%, 缂撳瓨鍛戒腑 19.2%, 鏁版嵁鎹熷け 39.9%, 缂撳瓨娣樻卑鐜?0.0%
馃攳 杩佺Щ缁熻: 鎵ц11娆? 鎴愬姛11娆? 鎴愬姛鐜?00.0%
[璋冭瘯] Episode 0010: 寤惰繜 1.293s, 鑳借€?4714.12J, 瀹屾垚鐜?97.6%, 杩佺Щ鎴愬姛鐜?100.0%, 缂撳瓨鍛戒腑 19.0%, 鏁版嵁鎹熷け 39.3%, 缂撳瓨娣樻卑鐜?0.0%
馃攳 杩佺Щ缁熻: 鎵ц11娆? 鎴愬姛11娆? 鎴愬姛鐜?00.0%
[璋冭瘯] Episode 0010: 寤惰繜 1.291s, 鑳借€?4736.49J, 瀹屾垚鐜?97.3%, 杩佺Щ鎴愬姛鐜?100.0%, 缂撳瓨鍛戒腑 18.9%, 鏁版嵁鎹熷け 39.4%, 缂撳瓨娣樻卑鐜?0.0%
馃攳 杩佺Щ缁熻: 鎵ц11娆? 鎴愬姛11娆? 鎴愬姛鐜?00.0%
[璋冭瘯] Episode 0010: 寤惰繜 1.265s, 鑳借€?4800.62J, 瀹屾垚鐜?97.4%, 杩佺Щ鎴愬姛鐜?100.0%, 缂撳瓨鍛戒腑 19.7%, 鏁版嵁鎹熷け 39.4%, 缂撳瓨娣樻卑鐜?0.0%
馃攳 杩佺Щ缁熻: 鎵ц11娆? 鎴愬姛11娆? 鎴愬姛鐜?00.0%
[璋冭瘯] Episode 0010: 寤惰繜 1.258s, 鑳借€?4826.35J, 瀹屾垚鐜?97.4%, 杩佺Щ鎴愬姛鐜?100.0%, 缂撳瓨鍛戒腑 20.0%, 鏁版嵁鎹熷け 39.3%, 缂撳瓨娣樻卑鐜?0.0%
馃攳 杩佺Щ缁熻: 鎵ц11娆? 鎴愬姛11娆? 鎴愬姛鐜?00.0%
[璋冭瘯] Episode 0010: 寤惰繜 1.252s, 鑳借€?4833.76J, 瀹屾垚鐜?97.4%, 杩佺Щ鎴愬姛鐜?100.0%, 缂撳瓨鍛戒腑 20.1%, 鏁版嵁鎹熷け 39.3%, 缂撳瓨娣樻卑鐜?0.0%
馃攳 杩佺Щ缁熻: 鎵ц11娆? 鎴愬姛11娆? 鎴愬姛鐜?00.0%
[璋冭瘯] Episode 0010: 寤惰繜 1.257s, 鑳借€?4844.09J, 瀹屾垚鐜?97.4%, 杩佺Щ鎴愬姛鐜?100.0%, 缂撳瓨鍛戒腑 19.8%, 鏁版嵁鎹熷け 39.3%, 缂撳瓨娣樻卑鐜?0.0%
馃攳 杩佺Щ缁熻: 鎵ц11娆? 鎴愬姛11娆? 鎴愬姛鐜?00.0%
[璋冭瘯] Episode 0010: 寤惰繜 1.253s, 鑳借€?4844.10J, 瀹屾垚鐜?97.4%, 杩佺Щ鎴愬姛鐜?100.0%, 缂撳瓨鍛戒腑 20.0%, 鏁版嵁鎹熷け 39.3%, 缂撳瓨娣樻卑鐜?0.0%
馃攳 杩佺Щ缁熻: 鎵ц11娆? 鎴愬姛11娆? 鎴愬姛鐜?00.0%
[璋冭瘯] Episode 0010: 寤惰繜 1.229s, 鑳借€?4983.14J, 瀹屾垚鐜?97.4%, 杩佺Щ鎴愬姛鐜?100.0%, 缂撳瓨鍛戒腑 20.1%, 鏁版嵁鎹熷け 39.3%, 缂撳瓨娣樻卑鐜?0.0%
浠诲姟鍒嗙被缁熻(400): 绫诲瀷1=0.0%, 绫诲瀷2=7.2%, 绫诲瀷3=35.8%, 绫诲瀷4=57.0%
   褰撳墠浠诲姟: safety_alert, 0.62s 鈫?绫诲瀷4, 鏁版嵁0.04MB
   馃捑 缂撳瓨缁熻: 鍛戒腑鐜?20.17% (鎬诲懡涓?144, 鏈湴:0, 鏈懡涓?570)
[VehicleMigration] handover #1: vehicle V_1 task task_398 RSU_2 -> RSU_3
   Trigger: distance 298.4m > threshold 289.9m (speed 6.7 m/s)
   Score: 428.4 -> 198.5 (improvement 53.7%)
   Queue trend: RSU_2: 1 -> 0, RSU_3: 0 -> 1
[Migration] Executed 1 vehicle-following migrations.
馃攳 杩佺Щ缁熻: 鎵ц12娆? 鎴愬姛12娆? 鎴愬姛鐜?00.0%
[璋冭瘯] Episode 0010: 寤惰繜 1.224s, 鑳借€?4993.35J, 瀹屾垚鐜?97.5%, 杩佺Щ鎴愬姛鐜?100.0%, 缂撳瓨鍛戒腑 20.1%, 鏁版嵁鎹熷け 39.3%, 缂撳瓨娣樻卑鐜?0.0%
馃攳 杩佺Щ缁熻: 鎵ц12娆? 鎴愬姛12娆? 鎴愬姛鐜?00.0%
[璋冭瘯] Episode 0010: 寤惰繜 1.217s, 鑳借€?4993.35J, 瀹屾垚鐜?97.5%, 杩佺Щ鎴愬姛鐜?100.0%, 缂撳瓨鍛戒腑 20.5%, 鏁版嵁鎹熷け 38.6%, 缂撳瓨娣樻卑鐜?0.0%
馃攳 杩佺Щ缁熻: 鎵ц12娆? 鎴愬姛12娆? 鎴愬姛鐜?00.0%
[璋冭瘯] Episode 0010: 寤惰繜 1.215s, 鑳借€?5003.26J, 瀹屾垚鐜?97.5%, 杩佺Щ鎴愬姛鐜?100.0%, 缂撳瓨鍛戒腑 20.4%, 鏁版嵁鎹熷け 38.6%, 缂撳瓨娣樻卑鐜?0.0%
馃攳 杩佺Щ缁熻: 鎵ц12娆? 鎴愬姛12娆? 鎴愬姛鐜?00.0%
[璋冭瘯] Episode 0010: 寤惰繜 1.216s, 鑳借€?5003.33J, 瀹屾垚鐜?97.2%, 杩佺Щ鎴愬姛鐜?100.0%, 缂撳瓨鍛戒腑 20.4%, 鏁版嵁鎹熷け 38.6%, 缂撳瓨娣樻卑鐜?0.0%
馃攳 杩佺Щ缁熻: 鎵ц12娆? 鎴愬姛12娆? 鎴愬姛鐜?00.0%
[璋冭瘯] Episode 0010: 寤惰繜 1.216s, 鑳借€?5045.04J, 瀹屾垚鐜?97.0%, 杩佺Щ鎴愬姛鐜?100.0%, 缂撳瓨鍛戒腑 20.2%, 鏁版嵁鎹熷け 38.6%, 缂撳瓨娣樻卑鐜?0.0%
馃攳 杩佺Щ缁熻: 鎵ц12娆? 鎴愬姛12娆? 鎴愬姛鐜?00.0%
[璋冭瘯] Episode 0010: 寤惰繜 1.204s, 鑳借€?5130.91J, 瀹屾垚鐜?97.0%, 杩佺Щ鎴愬姛鐜?100.0%, 缂撳瓨鍛戒腑 20.3%, 鏁版嵁鎹熷け 38.6%, 缂撳瓨娣樻卑鐜?0.0%
馃攳 杩佺Щ缁熻: 鎵ц12娆? 鎴愬姛12娆? 鎴愬姛鐜?00.0%
[璋冭瘯] Episode 0010: 寤惰繜 1.214s, 鑳借€?5148.87J, 瀹屾垚鐜?97.1%, 杩佺Щ鎴愬姛鐜?100.0%, 缂撳瓨鍛戒腑 20.3%, 鏁版嵁鎹熷け 35.4%, 缂撳瓨娣樻卑鐜?0.0%
馃攳 杩佺Щ缁熻: 鎵ц12娆? 鎴愬姛12娆? 鎴愬姛鐜?00.0%
[璋冭瘯] Episode 0010: 寤惰繜 1.211s, 鑳借€?5150.22J, 瀹屾垚鐜?97.1%, 杩佺Щ鎴愬姛鐜?100.0%, 缂撳瓨鍛戒腑 20.3%, 鏁版嵁鎹熷け 35.4%, 缂撳瓨娣樻卑鐜?0.0%
馃攳 杩佺Щ缁熻: 鎵ц12娆? 鎴愬姛12娆? 鎴愬姛鐜?00.0%
[璋冭瘯] Episode 0010: 寤惰繜 1.208s, 鑳借€?5150.22J, 瀹屾垚鐜?97.1%, 杩佺Щ鎴愬姛鐜?100.0%, 缂撳瓨鍛戒腑 20.4%, 鏁版嵁鎹熷け 35.4%, 缂撳瓨娣樻卑鐜?0.0%
馃攳 杩佺Щ缁熻: 鎵ц12娆? 鎴愬姛12娆? 鎴愬姛鐜?00.0%
[璋冭瘯] Episode 0010: 寤惰繜 1.206s, 鑳借€?5170.43J, 瀹屾垚鐜?97.1%, 杩佺Щ鎴愬姛鐜?100.0%, 缂撳瓨鍛戒腑 20.6%, 鏁版嵁鎹熷け 35.3%, 缂撳瓨娣樻卑鐜?0.0%
馃攳 杩佺Щ缁熻: 鎵ц12娆? 鎴愬姛12娆? 鎴愬姛鐜?00.0%
[璋冭瘯] Episode 0010: 寤惰繜 1.203s, 鑳借€?5180.34J, 瀹屾垚鐜?97.1%, 杩佺Щ鎴愬姛鐜?100.0%, 缂撳瓨鍛戒腑 20.6%, 鏁版嵁鎹熷け 35.3%, 缂撳瓨娣樻卑鐜?0.0%
[VehicleMigration] handover #1: vehicle V_2 task task_424 RSU_2 -> RSU_1
   Trigger: distance 298.4m > threshold 288.0m (speed 8.0 m/s)
   Score: 428.4 -> 288.5 (improvement 32.7%)
   Queue trend: RSU_2: 1 -> 0, RSU_1: 3 -> 4
[Migration] Executed 1 vehicle-following migrations.
馃攳 杩佺Щ缁熻: 鎵ц13娆? 鎴愬姛13娆? 鎴愬姛鐜?00.0%
[璋冭瘯] Episode 0010: 寤惰繜 1.200s, 鑳借€?5180.34J, 瀹屾垚鐜?97.1%, 杩佺Щ鎴愬姛鐜?100.0%, 缂撳瓨鍛戒腑 20.8%, 鏁版嵁鎹熷け 35.3%, 缂撳瓨娣樻卑鐜?0.0%
馃攳 杩佺Щ缁熻: 鎵ц13娆? 鎴愬姛13娆? 鎴愬姛鐜?00.0%
[璋冭瘯] Episode 0010: 寤惰繜 1.191s, 鑳借€?5192.55J, 瀹屾垚鐜?97.1%, 杩佺Щ鎴愬姛鐜?100.0%, 缂撳瓨鍛戒腑 21.0%, 鏁版嵁鎹熷け 35.3%, 缂撳瓨娣樻卑鐜?0.0%
馃攳 杩佺Щ缁熻: 鎵ц13娆? 鎴愬姛13娆? 鎴愬姛鐜?00.0%
[璋冭瘯] Episode 0010: 寤惰繜 1.179s, 鑳借€?5197.10J, 瀹屾垚鐜?97.2%, 杩佺Щ鎴愬姛鐜?100.0%, 缂撳瓨鍛戒腑 21.7%, 鏁版嵁鎹熷け 35.3%, 缂撳瓨娣樻卑鐜?0.0%
馃攳 杩佺Щ缁熻: 鎵ц13娆? 鎴愬姛13娆? 鎴愬姛鐜?00.0%
[璋冭瘯] Episode 0010: 寤惰繜 1.169s, 鑳借€?5205.86J, 瀹屾垚鐜?97.2%, 杩佺Щ鎴愬姛鐜?100.0%, 缂撳瓨鍛戒腑 21.9%, 鏁版嵁鎹熷け 35.2%, 缂撳瓨娣樻卑鐜?0.0%
馃攳 杩佺Щ缁熻: 鎵ц13娆? 鎴愬姛13娆? 鎴愬姛鐜?00.0%
[璋冭瘯] Episode 0010: 寤惰繜 1.164s, 鑳借€?5215.77J, 瀹屾垚鐜?97.2%, 杩佺Щ鎴愬姛鐜?100.0%, 缂撳瓨鍛戒腑 22.0%, 鏁版嵁鎹熷け 35.2%, 缂撳瓨娣樻卑鐜?0.0%
馃攳 杩佺Щ缁熻: 鎵ц13娆? 鎴愬姛13娆? 鎴愬姛鐜?00.0%
[璋冭瘯] Episode 0010: 寤惰繜 1.162s, 鑳借€?5219.00J, 瀹屾垚鐜?97.0%, 杩佺Щ鎴愬姛鐜?100.0%, 缂撳瓨鍛戒腑 22.2%, 鏁版嵁鎹熷け 43.1%, 缂撳瓨娣樻卑鐜?0.0%
馃攳 杩佺Щ缁熻: 鎵ц13娆? 鎴愬姛13娆? 鎴愬姛鐜?00.0%
[璋冭瘯] Episode 0010: 寤惰繜 1.150s, 鑳借€?5221.35J, 瀹屾垚鐜?97.0%, 杩佺Щ鎴愬姛鐜?100.0%, 缂撳瓨鍛戒腑 22.6%, 鏁版嵁鎹熷け 43.0%, 缂撳瓨娣樻卑鐜?0.0%
馃攳 杩佺Щ缁熻: 鎵ц13娆? 鎴愬姛13娆? 鎴愬姛鐜?00.0%
[璋冭瘯] Episode 0010: 寤惰繜 1.149s, 鑳借€?5221.50J, 瀹屾垚鐜?97.0%, 杩佺Щ鎴愬姛鐜?100.0%, 缂撳瓨鍛戒腑 22.8%, 鏁版嵁鎹熷け 43.0%, 缂撳瓨娣樻卑鐜?0.0%
馃攳 杩佺Щ缁熻: 鎵ц13娆? 鎴愬姛13娆? 鎴愬姛鐜?00.0%
[璋冭瘯] Episode 0010: 寤惰繜 1.152s, 鑳借€?5221.64J, 瀹屾垚鐜?96.8%, 杩佺Щ鎴愬姛鐜?100.0%, 缂撳瓨鍛戒腑 22.7%, 鏁版嵁鎹熷け 43.0%, 缂撳瓨娣樻卑鐜?0.0%
馃攳 杩佺Щ缁熻: 鎵ц13娆? 鎴愬姛13娆? 鎴愬姛鐜?00.0%
[璋冭瘯] Episode 0010: 寤惰繜 1.145s, 鑳借€?5294.92J, 瀹屾垚鐜?96.8%, 杩佺Щ鎴愬姛鐜?100.0%, 缂撳瓨鍛戒腑 22.7%, 鏁版嵁鎹熷け 42.9%, 缂撳瓨娣樻卑鐜?0.0%
馃攳 杩佺Щ缁熻: 鎵ц13娆? 鎴愬姛13娆? 鎴愬姛鐜?00.0%
[璋冭瘯] Episode 0010: 寤惰繜 1.139s, 鑳借€?5301.17J, 瀹屾垚鐜?96.9%, 杩佺Щ鎴愬姛鐜?100.0%, 缂撳瓨鍛戒腑 23.0%, 鏁版嵁鎹熷け 42.8%, 缂撳瓨娣樻卑鐜?0.0%
[VehicleMigration] handover #1: vehicle V_9 task task_460 UAV_0 -> RSU_2
   Trigger: distance 494.4m > threshold 474.0m (speed 10.4 m/s)
   Score: 654.4 -> 269.8 (improvement 58.8%)
   Queue trend: UAV_0: 2 -> 1, RSU_2: 3 -> 4
[Migration] Executed 1 vehicle-following migrations.
馃攳 杩佺Щ缁熻: 鎵ц14娆? 鎴愬姛14娆? 鎴愬姛鐜?00.0%
[璋冭瘯] Episode 0010: 寤惰繜 1.131s, 鑳借€?5397.98J, 瀹屾垚鐜?96.9%, 杩佺Щ鎴愬姛鐜?100.0%, 缂撳瓨鍛戒腑 23.3%, 鏁版嵁鎹熷け 42.7%, 缂撳瓨娣樻卑鐜?0.0%
馃攳 杩佺Щ缁熻: 鎵ц14娆? 鎴愬姛14娆? 鎴愬姛鐜?00.0%
[璋冭瘯] Episode 0010: 寤惰繜 1.125s, 鑳借€?5514.27J, 瀹屾垚鐜?96.9%, 杩佺Щ鎴愬姛鐜?100.0%, 缂撳瓨鍛戒腑 23.2%, 鏁版嵁鎹熷け 42.7%, 缂撳瓨娣樻卑鐜?0.0%
[VehicleMigration] handover #1: vehicle V_4 task task_463 RSU_2 -> RSU_3
   Trigger: distance 296.3m > threshold 287.4m (speed 8.4 m/s)
   Score: 456.3 -> 256.4 (improvement 43.8%)
   Queue trend: RSU_2: 2 -> 1, RSU_3: 2 -> 3
[Migration] Executed 1 vehicle-following migrations.
馃攳 杩佺Щ缁熻: 鎵ц15娆? 鎴愬姛15娆? 鎴愬姛鐜?00.0%
[璋冭瘯] Episode 0010: 寤惰繜 1.120s, 鑳借€?5517.29J, 瀹屾垚鐜?97.0%, 杩佺Щ鎴愬姛鐜?100.0%, 缂撳瓨鍛戒腑 23.2%, 鏁版嵁鎹熷け 42.6%, 缂撳瓨娣樻卑鐜?0.0%
馃攳 杩佺Щ缁熻: 鎵ц15娆? 鎴愬姛15娆? 鎴愬姛鐜?00.0%
[璋冭瘯] Episode 0010: 寤惰繜 1.116s, 鑳借€?5562.68J, 瀹屾垚鐜?97.0%, 杩佺Щ鎴愬姛鐜?100.0%, 缂撳瓨鍛戒腑 23.5%, 鏁版嵁鎹熷け 39.5%, 缂撳瓨娣樻卑鐜?0.0%
馃攳 杩佺Щ缁熻: 鎵ц15娆? 鎴愬姛15娆? 鎴愬姛鐜?00.0%
[璋冭瘯] Episode 0010: 寤惰繜 1.106s, 鑳借€?5566.21J, 瀹屾垚鐜?97.0%, 杩佺Щ鎴愬姛鐜?100.0%, 缂撳瓨鍛戒腑 24.1%, 鏁版嵁鎹熷け 39.0%, 缂撳瓨娣樻卑鐜?0.0%
馃攳 杩佺Щ缁熻: 鎵ц15娆? 鎴愬姛15娆? 鎴愬姛鐜?00.0%
[璋冭瘯] Episode 0010: 寤惰繜 1.104s, 鑳借€?5589.04J, 瀹屾垚鐜?97.0%, 杩佺Щ鎴愬姛鐜?100.0%, 缂撳瓨鍛戒腑 24.3%, 鏁版嵁鎹熷け 38.9%, 缂撳瓨娣樻卑鐜?0.0%
馃攳 杩佺Щ缁熻: 鎵ц15娆? 鎴愬姛15娆? 鎴愬姛鐜?00.0%
[璋冭瘯] Episode 0010: 寤惰繜 1.098s, 鑳借€?5592.47J, 瀹屾垚鐜?97.1%, 杩佺Щ鎴愬姛鐜?100.0%, 缂撳瓨鍛戒腑 24.3%, 鏁版嵁鎹熷け 38.9%, 缂撳瓨娣樻卑鐜?0.0%
[VehicleMigration] handover #1: vehicle V_4 task task_463 RSU_3 -> RSU_0
   Trigger: distance 899.6m > threshold 286.7m (speed 8.9 m/s)
   Score: 1029.6 -> 429.7 (improvement 58.3%)
   Queue trend: RSU_3: 1 -> 0, RSU_0: 1 -> 2
[Migration] Executed 1 vehicle-following migrations.
馃攳 杩佺Щ缁熻: 鎵ц16娆? 鎴愬姛16娆? 鎴愬姛鐜?00.0%
[璋冭瘯] Episode 0010: 寤惰繜 1.090s, 鑳借€?5611.32J, 瀹屾垚鐜?97.1%, 杩佺Щ鎴愬姛鐜?100.0%, 缂撳瓨鍛戒腑 24.7%, 鏁版嵁鎹熷け 38.9%, 缂撳瓨娣樻卑鐜?0.0%
馃攳 杩佺Щ缁熻: 鎵ц16娆? 鎴愬姛16娆? 鎴愬姛鐜?00.0%
[璋冭瘯] Episode 0010: 寤惰繜 1.089s, 鑳借€?5611.37J, 瀹屾垚鐜?97.1%, 杩佺Щ鎴愬姛鐜?100.0%, 缂撳瓨鍛戒腑 25.0%, 鏁版嵁鎹熷け 38.9%, 缂撳瓨娣樻卑鐜?0.0%
馃攳 杩佺Щ缁熻: 鎵ц16娆? 鎴愬姛16娆? 鎴愬姛鐜?00.0%
[璋冭瘯] Episode 0010: 寤惰繜 1.087s, 鑳借€?5611.59J, 瀹屾垚鐜?97.1%, 杩佺Щ鎴愬姛鐜?100.0%, 缂撳瓨鍛戒腑 25.1%, 鏁版嵁鎹熷け 38.8%, 缂撳瓨娣樻卑鐜?0.0%
馃攳 杩佺Щ缁熻: 鎵ц16娆? 鎴愬姛16娆? 鎴愬姛鐜?00.0%
[璋冭瘯] Episode 0010: 寤惰繜 1.080s, 鑳借€?5631.55J, 瀹屾垚鐜?97.1%, 杩佺Щ鎴愬姛鐜?100.0%, 缂撳瓨鍛戒腑 25.5%, 鏁版嵁鎹熷け 38.8%, 缂撳瓨娣樻卑鐜?0.0%
馃攳 杩佺Щ缁熻: 鎵ц16娆? 鎴愬姛16娆? 鎴愬姛鐜?00.0%
[璋冭瘯] Episode 0010: 寤惰繜 1.078s, 鑳借€?5656.76J, 瀹屾垚鐜?97.2%, 杩佺Щ鎴愬姛鐜?100.0%, 缂撳瓨鍛戒腑 25.6%, 鏁版嵁鎹熷け 38.3%, 缂撳瓨娣樻卑鐜?0.0%
馃攳 杩佺Щ缁熻: 鎵ц16娆? 鎴愬姛16娆? 鎴愬姛鐜?00.0%
[璋冭瘯] Episode 0010: 寤惰繜 1.078s, 鑳借€?5656.76J, 瀹屾垚鐜?97.2%, 杩佺Щ鎴愬姛鐜?100.0%, 缂撳瓨鍛戒腑 25.6%, 鏁版嵁鎹熷け 38.3%, 缂撳瓨娣樻卑鐜?0.0%
浠诲姟鍒嗙被缁熻(500): 绫诲瀷1=0.0%, 绫诲瀷2=7.4%, 绫诲瀷3=38.4%, 绫诲瀷4=54.2%
   褰撳墠浠诲姟: navigation_0015, 1.41s 鈫?绫诲瀷3, 鏁版嵁0.47MB
   馃捑 缂撳瓨缁熻: 鍛戒腑鐜?25.62% (鎬诲懡涓?228, 鏈湴:0, 鏈懡涓?662)
馃攳 杩佺Щ缁熻: 鎵ц16娆? 鎴愬姛16娆? 鎴愬姛鐜?00.0%
[璋冭瘯] Episode 0010: 寤惰繜 1.072s, 鑳借€?5669.69J, 瀹屾垚鐜?97.2%, 杩佺Щ鎴愬姛鐜?100.0%, 缂撳瓨鍛戒腑 25.6%, 鏁版嵁鎹熷け 38.2%, 缂撳瓨娣樻卑鐜?0.0%
馃攳 杩佺Щ缁熻: 鎵ц16娆? 鎴愬姛16娆? 鎴愬姛鐜?00.0%
[璋冭瘯] Episode 0010: 寤惰繜 1.072s, 鑳借€?5669.69J, 瀹屾垚鐜?97.2%, 杩佺Щ鎴愬姛鐜?100.0%, 缂撳瓨鍛戒腑 25.6%, 鏁版嵁鎹熷け 38.2%, 缂撳瓨娣樻卑鐜?0.0%
馃攳 杩佺Щ缁熻: 鎵ц16娆? 鎴愬姛16娆? 鎴愬姛鐜?00.0%
[璋冭瘯] Episode 0010: 寤惰繜 1.070s, 鑳借€?5694.72J, 瀹屾垚鐜?97.2%, 杩佺Щ鎴愬姛鐜?100.0%, 缂撳瓨鍛戒腑 25.5%, 鏁版嵁鎹熷け 38.2%, 缂撳瓨娣樻卑鐜?0.0%
馃攳 杩佺Щ缁熻: 鎵ц16娆? 鎴愬姛16娆? 鎴愬姛鐜?00.0%
[璋冭瘯] Episode 0010: 寤惰繜 1.068s, 鑳借€?5731.72J, 瀹屾垚鐜?97.2%, 杩佺Щ鎴愬姛鐜?100.0%, 缂撳瓨鍛戒腑 25.2%, 鏁版嵁鎹熷け 38.1%, 缂撳瓨娣樻卑鐜?0.0%
馃攳 杩佺Щ缁熻: 鎵ц16娆? 鎴愬姛16娆? 鎴愬姛鐜?00.0%
[璋冭瘯] Episode 0010: 寤惰繜 1.063s, 鑳借€?5732.16J, 瀹屾垚鐜?97.2%, 杩佺Щ鎴愬姛鐜?100.0%, 缂撳瓨鍛戒腑 25.8%, 鏁版嵁鎹熷け 38.0%, 缂撳瓨娣樻卑鐜?0.0%
馃攳 杩佺Щ缁熻: 鎵ц16娆? 鎴愬姛16娆? 鎴愬姛鐜?00.0%
[璋冭瘯] Episode 0010: 寤惰繜 1.059s, 鑳借€?5754.26J, 瀹屾垚鐜?97.0%, 杩佺Щ鎴愬姛鐜?100.0%, 缂撳瓨鍛戒腑 25.8%, 鏁版嵁鎹熷け 38.0%, 缂撳瓨娣樻卑鐜?0.0%
馃攳 杩佺Щ缁熻: 鎵ц16娆? 鎴愬姛16娆? 鎴愬姛鐜?00.0%
[璋冭瘯] Episode 0010: 寤惰繜 1.048s, 鑳借€?5790.15J, 瀹屾垚鐜?97.1%, 杩佺Щ鎴愬姛鐜?100.0%, 缂撳瓨鍛戒腑 26.3%, 鏁版嵁鎹熷け 38.0%, 缂撳瓨娣樻卑鐜?0.0%
馃攳 杩佺Щ缁熻: 鎵ц16娆? 鎴愬姛16娆? 鎴愬姛鐜?00.0%
[璋冭瘯] Episode 0010: 寤惰繜 1.040s, 鑳借€?5802.32J, 瀹屾垚鐜?97.1%, 杩佺Щ鎴愬姛鐜?100.0%, 缂撳瓨鍛戒腑 26.7%, 鏁版嵁鎹熷け 37.9%, 缂撳瓨娣樻卑鐜?0.0%
馃攳 杩佺Щ缁熻: 鎵ц16娆? 鎴愬姛16娆? 鎴愬姛鐜?00.0%
[璋冭瘯] Episode 0010: 寤惰繜 1.043s, 鑳借€?5812.58J, 瀹屾垚鐜?97.1%, 杩佺Щ鎴愬姛鐜?100.0%, 缂撳瓨鍛戒腑 26.7%, 鏁版嵁鎹熷け 37.9%, 缂撳瓨娣樻卑鐜?0.0%
馃攳 杩佺Щ缁熻: 鎵ц16娆? 鎴愬姛16娆? 鎴愬姛鐜?00.0%
[璋冭瘯] Episode 0010: 寤惰繜 1.041s, 鑳借€?5812.59J, 瀹屾垚鐜?97.1%, 杩佺Щ鎴愬姛鐜?100.0%, 缂撳瓨鍛戒腑 26.7%, 鏁版嵁鎹熷け 37.9%, 缂撳瓨娣樻卑鐜?0.0%
馃攳 杩佺Щ缁熻: 鎵ц16娆? 鎴愬姛16娆? 鎴愬姛鐜?00.0%
[璋冭瘯] Episode 0010: 寤惰繜 1.031s, 鑳借€?5844.90J, 瀹屾垚鐜?97.2%, 杩佺Щ鎴愬姛鐜?100.0%, 缂撳瓨鍛戒腑 27.1%, 鏁版嵁鎹熷け 37.8%, 缂撳瓨娣樻卑鐜?0.0%
馃攳 杩佺Щ缁熻: 鎵ц16娆? 鎴愬姛16娆? 鎴愬姛鐜?00.0%
[璋冭瘯] Episode 0010: 寤惰繜 1.025s, 鑳借€?5875.74J, 瀹屾垚鐜?97.2%, 杩佺Щ鎴愬姛鐜?100.0%, 缂撳瓨鍛戒腑 27.1%, 鏁版嵁鎹熷け 37.8%, 缂撳瓨娣樻卑鐜?0.0%
馃攳 杩佺Щ缁熻: 鎵ц16娆? 鎴愬姛16娆? 鎴愬姛鐜?00.0%
[璋冭瘯] Episode 0010: 寤惰繜 1.024s, 鑳借€?5889.72J, 瀹屾垚鐜?97.2%, 杩佺Щ鎴愬姛鐜?100.0%, 缂撳瓨鍛戒腑 27.3%, 鏁版嵁鎹熷け 37.8%, 缂撳瓨娣樻卑鐜?0.0%
馃攳 杩佺Щ缁熻: 鎵ц16娆? 鎴愬姛16娆? 鎴愬姛鐜?00.0%
[璋冭瘯] Episode 0010: 寤惰繜 1.021s, 鑳借€?5930.34J, 瀹屾垚鐜?97.2%, 杩佺Щ鎴愬姛鐜?100.0%, 缂撳瓨鍛戒腑 27.3%, 鏁版嵁鎹熷け 37.8%, 缂撳瓨娣樻卑鐜?0.0%
馃攳 杩佺Щ缁熻: 鎵ц16娆? 鎴愬姛16娆? 鎴愬姛鐜?00.0%
[璋冭瘯] Episode 0010: 寤惰繜 1.021s, 鑳借€?5930.34J, 瀹屾垚鐜?97.0%, 杩佺Щ鎴愬姛鐜?100.0%, 缂撳瓨鍛戒腑 27.3%, 鏁版嵁鎹熷け 44.9%, 缂撳瓨娣樻卑鐜?0.0%
[Episode 10, Step 1] Tasks: generated=2, local=0(0.0%), rsu=2(100.0%), uav=0(0.0%), dropped=0(0.0%)
[Episode 10, Step 3] Tasks: generated=5, local=1(20.0%), rsu=4(80.0%), uav=0(0.0%), dropped=0(0.0%)
[Episode 10, Step 5] Tasks: generated=2, local=0(0.0%), rsu=2(100.0%), uav=0(0.0%), dropped=0(0.0%)
[Episode 10, Step 7] Tasks: generated=1, local=0(0.0%), rsu=1(100.0%), uav=0(0.0%), dropped=1(100.0%)
[Episode 10, Step 9] Tasks: generated=3, local=1(33.3%), rsu=1(33.3%), uav=1(33.3%), dropped=0(0.0%)
[Episode 10, Step 11] Tasks: generated=3, local=1(33.3%), rsu=2(66.7%), uav=0(0.0%), dropped=0(0.0%)
[Episode 10, Step 13] Tasks: generated=1, local=0(0.0%), rsu=1(100.0%), uav=0(0.0%), dropped=0(0.0%)
[Episode 10, Step 15] Tasks: generated=1, local=1(100.0%), rsu=0(0.0%), uav=0(0.0%), dropped=0(0.0%)
[Episode 10, Step 17] Tasks: generated=3, local=1(33.3%), rsu=2(66.7%), uav=0(0.0%), dropped=0(0.0%)
[Episode 10, Step 19] Tasks: generated=2, local=0(0.0%), rsu=1(50.0%), uav=1(50.0%), dropped=0(0.0%)
[Episode 10, Step 21] Tasks: generated=4, local=0(0.0%), rsu=2(50.0%), uav=2(50.0%), dropped=0(0.0%)
[Episode 10, Step 23] Tasks: generated=2, local=1(50.0%), rsu=0(0.0%), uav=1(50.0%), dropped=0(0.0%)
[Episode 10, Step 25] Tasks: generated=1, local=0(0.0%), rsu=0(0.0%), uav=1(100.0%), dropped=0(0.0%)
[Episode 10, Step 27] Tasks: generated=1, local=0(0.0%), rsu=0(0.0%), uav=1(100.0%), dropped=0(0.0%)
[Episode 10, Step 29] Tasks: generated=4, local=0(0.0%), rsu=2(50.0%), uav=2(50.0%), dropped=0(0.0%)
[Episode 10, Step 31] Tasks: generated=0, local=0(0.0%), rsu=0(0.0%), uav=0(0.0%), dropped=0(0.0%)
[Episode 10, Step 33] Tasks: generated=1, local=0(0.0%), rsu=1(100.0%), uav=0(0.0%), dropped=0(0.0%)
[Episode 10, Step 35] Tasks: generated=2, local=0(0.0%), rsu=1(50.0%), uav=1(50.0%), dropped=1(50.0%)
[Episode 10, Step 37] Tasks: generated=5, local=0(0.0%), rsu=2(40.0%), uav=3(60.0%), dropped=0(0.0%)
[Episode 10, Step 39] Tasks: generated=2, local=0(0.0%), rsu=2(100.0%), uav=0(0.0%), dropped=0(0.0%)
[Episode 10, Step 41] Tasks: generated=0, local=0(0.0%), rsu=0(0.0%), uav=0(0.0%), dropped=0(0.0%)
[Episode 10, Step 43] Tasks: generated=2, local=0(0.0%), rsu=0(0.0%), uav=2(100.0%), dropped=0(0.0%)
[Episode 10, Step 45] Tasks: generated=2, local=0(0.0%), rsu=0(0.0%), uav=2(100.0%), dropped=0(0.0%)
[Episode 10, Step 47] Tasks: generated=5, local=0(0.0%), rsu=3(60.0%), uav=2(40.0%), dropped=0(0.0%)
[Episode 10, Step 49] Tasks: generated=1, local=0(0.0%), rsu=1(100.0%), uav=0(0.0%), dropped=0(0.0%)
[Episode 10, Step 51] Tasks: generated=2, local=0(0.0%), rsu=1(50.0%), uav=1(50.0%), dropped=0(0.0%)
[Episode 10, Step 53] Tasks: generated=3, local=0(0.0%), rsu=1(33.3%), uav=2(66.7%), dropped=0(0.0%)
[Episode 10, Step 55] Tasks: generated=4, local=1(25.0%), rsu=2(50.0%), uav=1(25.0%), dropped=0(0.0%)
[Episode 10, Step 57] Tasks: generated=0, local=0(0.0%), rsu=0(0.0%), uav=0(0.0%), dropped=0(0.0%)
[Episode 10, Step 59] Tasks: generated=4, local=1(25.0%), rsu=0(0.0%), uav=3(75.0%), dropped=0(0.0%)
[Episode 10, Step 61] Tasks: generated=4, local=0(0.0%), rsu=1(25.0%), uav=3(75.0%), dropped=0(0.0%)
[Episode 10, Step 63] Tasks: generated=5, local=0(0.0%), rsu=2(40.0%), uav=3(60.0%), dropped=0(0.0%)
[Episode 10, Step 65] Tasks: generated=3, local=0(0.0%), rsu=1(33.3%), uav=2(66.7%), dropped=0(0.0%)
[Episode 10, Step 67] Tasks: generated=2, local=0(0.0%), rsu=0(0.0%), uav=2(100.0%), dropped=0(0.0%)
[Episode 10, Step 69] Tasks: generated=4, local=1(25.0%), rsu=0(0.0%), uav=3(75.0%), dropped=0(0.0%)
[Episode 10, Step 71] Tasks: generated=1, local=0(0.0%), rsu=1(100.0%), uav=0(0.0%), dropped=0(0.0%)
[Episode 10, Step 73] Tasks: generated=2, local=0(0.0%), rsu=0(0.0%), uav=2(100.0%), dropped=0(0.0%)
[Episode 10, Step 75] Tasks: generated=2, local=0(0.0%), rsu=0(0.0%), uav=2(100.0%), dropped=0(0.0%)
[Episode 10, Step 77] Tasks: generated=0, local=0(0.0%), rsu=0(0.0%), uav=0(0.0%), dropped=0(0.0%)
[Episode 10, Step 79] Tasks: generated=3, local=0(0.0%), rsu=0(0.0%), uav=3(100.0%), dropped=0(0.0%)
[Episode 10, Step 81] Tasks: generated=5, local=1(20.0%), rsu=1(20.0%), uav=3(60.0%), dropped=0(0.0%)
[Episode 10, Step 83] Tasks: generated=5, local=0(0.0%), rsu=1(20.0%), uav=4(80.0%), dropped=1(20.0%)
[Episode 10, Step 85] Tasks: generated=3, local=1(33.3%), rsu=0(0.0%), uav=2(66.7%), dropped=1(33.3%)
[Episode 10, Step 87] Tasks: generated=2, local=0(0.0%), rsu=0(0.0%), uav=2(100.0%), dropped=0(0.0%)
[Episode 10, Step 89] Tasks: generated=2, local=0(0.0%), rsu=0(0.0%), uav=2(100.0%), dropped=0(0.0%)
[Episode 10, Step 91] Tasks: generated=0, local=0(0.0%), rsu=0(0.0%), uav=0(0.0%), dropped=0(0.0%)
[Episode 10, Step 93] Tasks: generated=2, local=0(0.0%), rsu=0(0.0%), uav=2(100.0%), dropped=0(0.0%)
[Episode 10, Step 95] Tasks: generated=3, local=0(0.0%), rsu=0(0.0%), uav=3(100.0%), dropped=0(0.0%)
[Episode 10, Step 97] Tasks: generated=2, local=0(0.0%), rsu=1(50.0%), uav=1(50.0%), dropped=0(0.0%)
[Episode 10, Step 99] Tasks: generated=0, local=0(0.0%), rsu=0(0.0%), uav=0(0.0%), dropped=0(0.0%)
[Episode 10, Step 101] Tasks: generated=2, local=0(0.0%), rsu=0(0.0%), uav=2(100.0%), dropped=0(0.0%)
[Episode 10, Step 103] Tasks: generated=0, local=0(0.0%), rsu=0(0.0%), uav=0(0.0%), dropped=0(0.0%)
[Episode 10, Step 105] Tasks: generated=2, local=0(0.0%), rsu=0(0.0%), uav=2(100.0%), dropped=0(0.0%)
[Episode 10, Step 107] Tasks: generated=3, local=0(0.0%), rsu=0(0.0%), uav=3(100.0%), dropped=0(0.0%)
[Episode 10, Step 109] Tasks: generated=4, local=1(25.0%), rsu=1(25.0%), uav=2(50.0%), dropped=0(0.0%)
[Episode 10, Step 111] Tasks: generated=4, local=1(25.0%), rsu=1(25.0%), uav=2(50.0%), dropped=0(0.0%)
[Episode 10, Step 113] Tasks: generated=1, local=0(0.0%), rsu=0(0.0%), uav=1(100.0%), dropped=0(0.0%)
[Episode 10, Step 115] Tasks: generated=2, local=0(0.0%), rsu=0(0.0%), uav=2(100.0%), dropped=0(0.0%)
[Episode 10, Step 117] Tasks: generated=1, local=0(0.0%), rsu=0(0.0%), uav=1(100.0%), dropped=0(0.0%)
[Episode 10, Step 119] Tasks: generated=2, local=1(50.0%), rsu=1(50.0%), uav=0(0.0%), dropped=0(0.0%)
[Episode 10, Step 121] Tasks: generated=1, local=0(0.0%), rsu=0(0.0%), uav=1(100.0%), dropped=0(0.0%)
[Episode 10, Step 123] Tasks: generated=2, local=1(50.0%), rsu=0(0.0%), uav=1(50.0%), dropped=0(0.0%)
[Episode 10, Step 125] Tasks: generated=2, local=0(0.0%), rsu=0(0.0%), uav=2(100.0%), dropped=0(0.0%)
[Episode 10, Step 127] Tasks: generated=1, local=0(0.0%), rsu=1(100.0%), uav=0(0.0%), dropped=0(0.0%)
[Episode 10, Step 129] Tasks: generated=2, local=0(0.0%), rsu=1(50.0%), uav=1(50.0%), dropped=1(50.0%)
[Episode 10, Step 131] Tasks: generated=1, local=0(0.0%), rsu=0(0.0%), uav=1(100.0%), dropped=0(0.0%)
[Episode 10, Step 133] Tasks: generated=0, local=0(0.0%), rsu=0(0.0%), uav=0(0.0%), dropped=0(0.0%)
[Episode 10, Step 135] Tasks: generated=2, local=0(0.0%), rsu=1(50.0%), uav=1(50.0%), dropped=0(0.0%)
[Episode 10, Step 137] Tasks: generated=2, local=1(50.0%), rsu=0(0.0%), uav=1(50.0%), dropped=0(0.0%)
[Episode 10, Step 139] Tasks: generated=2, local=0(0.0%), rsu=0(0.0%), uav=2(100.0%), dropped=0(0.0%)
[Episode 10, Step 141] Tasks: generated=1, local=0(0.0%), rsu=1(100.0%), uav=0(0.0%), dropped=0(0.0%)
[Episode 10, Step 143] Tasks: generated=2, local=0(0.0%), rsu=2(100.0%), uav=0(0.0%), dropped=1(50.0%)
[Episode 10, Step 145] Tasks: generated=2, local=0(0.0%), rsu=1(50.0%), uav=1(50.0%), dropped=0(0.0%)
[Episode 10, Step 147] Tasks: generated=7, local=0(0.0%), rsu=5(71.4%), uav=2(28.6%), dropped=0(0.0%)
[Episode 10, Step 149] Tasks: generated=1, local=0(0.0%), rsu=0(0.0%), uav=1(100.0%), dropped=0(0.0%)
[Episode 10, Step 151] Tasks: generated=3, local=0(0.0%), rsu=1(33.3%), uav=2(66.7%), dropped=0(0.0%)
[Episode 10, Step 153] Tasks: generated=1, local=0(0.0%), rsu=1(100.0%), uav=0(0.0%), dropped=1(100.0%)
[Episode 10, Step 155] Tasks: generated=2, local=0(0.0%), rsu=0(0.0%), uav=2(100.0%), dropped=0(0.0%)
[Episode 10, Step 157] Tasks: generated=1, local=1(100.0%), rsu=0(0.0%), uav=0(0.0%), dropped=0(0.0%)
[Episode 10, Step 159] Tasks: generated=4, local=0(0.0%), rsu=4(100.0%), uav=0(0.0%), dropped=0(0.0%)
[Episode 10, Step 161] Tasks: generated=2, local=0(0.0%), rsu=1(50.0%), uav=1(50.0%), dropped=0(0.0%)
[Episode 10, Step 163] Tasks: generated=3, local=0(0.0%), rsu=1(33.3%), uav=2(66.7%), dropped=0(0.0%)
[Episode 10, Step 165] Tasks: generated=2, local=0(0.0%), rsu=1(50.0%), uav=1(50.0%), dropped=0(0.0%)
[Episode 10, Step 167] Tasks: generated=6, local=2(33.3%), rsu=2(33.3%), uav=2(33.3%), dropped=0(0.0%)
[Episode 10, Step 169] Tasks: generated=3, local=0(0.0%), rsu=1(33.3%), uav=2(66.7%), dropped=1(33.3%)
[Episode 10, Step 171] Tasks: generated=5, local=0(0.0%), rsu=3(60.0%), uav=2(40.0%), dropped=0(0.0%)
[Episode 10, Step 173] Tasks: generated=1, local=0(0.0%), rsu=1(100.0%), uav=0(0.0%), dropped=0(0.0%)
[Episode 10, Step 175] Tasks: generated=4, local=0(0.0%), rsu=3(75.0%), uav=1(25.0%), dropped=0(0.0%)
[Episode 10, Step 177] Tasks: generated=2, local=0(0.0%), rsu=2(100.0%), uav=0(0.0%), dropped=0(0.0%)
[Episode 10, Step 179] Tasks: generated=4, local=1(25.0%), rsu=2(50.0%), uav=1(25.0%), dropped=0(0.0%)
[Episode 10, Step 181] Tasks: generated=4, local=0(0.0%), rsu=1(25.0%), uav=3(75.0%), dropped=0(0.0%)
[Episode 10, Step 183] Tasks: generated=5, local=0(0.0%), rsu=1(20.0%), uav=4(80.0%), dropped=0(0.0%)
[Episode 10, Step 185] Tasks: generated=3, local=0(0.0%), rsu=1(33.3%), uav=2(66.7%), dropped=0(0.0%)
[Episode 10, Step 187] Tasks: generated=2, local=0(0.0%), rsu=2(100.0%), uav=0(0.0%), dropped=0(0.0%)
[Episode 10, Step 189] Tasks: generated=8, local=0(0.0%), rsu=4(50.0%), uav=4(50.0%), dropped=0(0.0%)
[Episode 10, Step 191] Tasks: generated=3, local=0(0.0%), rsu=3(100.0%), uav=0(0.0%), dropped=0(0.0%)
[Episode 10, Step 193] Tasks: generated=2, local=0(0.0%), rsu=1(50.0%), uav=1(50.0%), dropped=0(0.0%)
[Episode 10, Step 195] Tasks: generated=6, local=0(0.0%), rsu=6(100.0%), uav=0(0.0%), dropped=0(0.0%)
[Episode 10, Step 197] Tasks: generated=3, local=1(33.3%), rsu=2(66.7%), uav=0(0.0%), dropped=0(0.0%)
[Episode 10, Step 199] Tasks: generated=0, local=0(0.0%), rsu=0(0.0%), uav=0(0.0%), dropped=1(0.0%)

================================================================================
馃搳 Episode 10 浠诲姟澶勭悊鏂瑰紡鍒嗗竷缁熻
================================================================================
鎬绘鏁? 200
鎬荤敓鎴愪换鍔℃暟: 538

浠诲姟鍒嗗竷鍗犳瘮:
  鉁?鏈湴澶勭悊:     54 浠诲姟 ( 10.0%)
  鉁?RSU澶勭悊:     203 浠诲姟 ( 37.7%)
  鉁?UAV澶勭悊:     281 浠诲姟 ( 52.2%)
  鉁?琚涪寮?       16 浠诲姟 (  3.0%)

琛ュ厖鎸囨爣:
  浠诲姟鎴愬姛鐜? 97.0%
  RSU缂撳瓨鍛戒腑鐜? 27.3%
  骞冲潎鏈湴鍗犳瘮: 9.0%
  骞冲潎RSU鍗犳瘮: 34.5%
  骞冲潎UAV鍗犳瘮: 48.5%
================================================================================

杞   10/50:
  骞冲潎姣忔濂栧姳:   -5.033
  骞冲潎鏃跺欢:    1.843s
  瀹屾垚鐜?      97.1%
  杞鐢ㄦ椂:  9.026s
杞﹁締鍒濆鍖栧畬鎴愶細涓诲共閬撳弻璺彛鍦烘櫙
鍒涘缓浜?12 杞﹁締, 4 RSU, 2 UAV
涓ぎRSU璋冨害鍣ㄥ凡鍚敤: RSU_2
[Topology] Central RSU configured as RSU_2 for coordination.
鍒濆鍖栦簡 6 涓紦瀛樼鐞嗗櫒
[璋冭瘯] Episode 0010: 寤惰繜 0.218s, 鑳借€?0.00J, 瀹屾垚鐜?100.0%, 杩佺Щ鎴愬姛鐜?0.0%, 缂撳瓨鍛戒腑 27.1%, 鏁版嵁鎹熷け 0.0%, 缂撳瓨娣樻卑鐜?0.0%
[璋冭瘯] Episode 0010: 寤惰繜 0.875s, 鑳借€?0.08J, 瀹屾垚鐜?50.0%, 杩佺Щ鎴愬姛鐜?0.0%, 缂撳瓨鍛戒腑 27.1%, 鏁版嵁鎹熷け 0.0%, 缂撳瓨娣樻卑鐜?0.0%
[VehicleMigration] handover #1: vehicle V_8 task task_4 RSU_1 -> RSU_2
   Trigger: distance 287.7m > threshold 281.6m (speed 12.2 m/s)
   Score: 447.7 -> 187.8 (improvement 58.0%)
   Queue trend: RSU_1: 2 -> 1, RSU_2: 0 -> 1
[Migration] Executed 1 vehicle-following migrations.
馃攳 杩佺Щ缁熻: 鎵ц1娆? 鎴愬姛1娆? 鎴愬姛鐜?00.0%
[璋冭瘯] Episode 0010: 寤惰繜 1.663s, 鑳借€?0.22J, 瀹屾垚鐜?50.0%, 杩佺Щ鎴愬姛鐜?100.0%, 缂撳瓨鍛戒腑 27.1%, 鏁版嵁鎹熷け 0.0%, 缂撳瓨娣樻卑鐜?0.0%
馃攳 杩佺Щ缁熻: 鎵ц1娆? 鎴愬姛1娆? 鎴愬姛鐜?00.0%
[璋冭瘯] Episode 0010: 寤惰繜 4.073s, 鑳借€?0.58J, 瀹屾垚鐜?50.0%, 杩佺Щ鎴愬姛鐜?100.0%, 缂撳瓨鍛戒腑 27.0%, 鏁版嵁鎹熷け 0.0%, 缂撳瓨娣樻卑鐜?0.0%
馃攳 杩佺Щ缁熻: 鎵ц1娆? 鎴愬姛1娆? 鎴愬姛鐜?00.0%
[璋冭瘯] Episode 0010: 寤惰繜 2.742s, 鑳借€?16.59J, 瀹屾垚鐜?100.0%, 杩佺Щ鎴愬姛鐜?100.0%, 缂撳瓨鍛戒腑 27.0%, 鏁版嵁鎹熷け 0.0%, 缂撳瓨娣樻卑鐜?0.0%
馃攳 杩佺Щ缁熻: 鎵ц1娆? 鎴愬姛1娆? 鎴愬姛鐜?00.0%
[璋冭瘯] Episode 0010: 寤惰繜 1.039s, 鑳借€?77.58J, 瀹屾垚鐜?75.0%, 杩佺Щ鎴愬姛鐜?100.0%, 缂撳瓨鍛戒腑 27.0%, 鏁版嵁鎹熷け 6.4%, 缂撳瓨娣樻卑鐜?0.0%
馃攳 杩佺Щ缁熻: 鎵ц1娆? 鎴愬姛1娆? 鎴愬姛鐜?00.0%
[璋冭瘯] Episode 0010: 寤惰繜 0.913s, 鑳借€?94.49J, 瀹屾垚鐜?77.8%, 杩佺Щ鎴愬姛鐜?100.0%, 缂撳瓨鍛戒腑 27.0%, 鏁版嵁鎹熷け 5.0%, 缂撳瓨娣樻卑鐜?0.0%
馃攳 杩佺Щ缁熻: 鎵ц1娆? 鎴愬姛1娆? 鎴愬姛鐜?00.0%
[璋冭瘯] Episode 0010: 寤惰繜 0.759s, 鑳借€?118.85J, 瀹屾垚鐜?83.3%, 杩佺Щ鎴愬姛鐜?100.0%, 缂撳瓨鍛戒腑 27.0%, 鏁版嵁鎹熷け 3.9%, 缂撳瓨娣樻卑鐜?0.0%
馃攳 杩佺Щ缁熻: 鎵ц1娆? 鎴愬姛1娆? 鎴愬姛鐜?00.0%
[璋冭瘯] Episode 0010: 寤惰繜 0.731s, 鑳借€?122.75J, 瀹屾垚鐜?84.6%, 杩佺Щ鎴愬姛鐜?100.0%, 缂撳瓨鍛戒腑 27.0%, 鏁版嵁鎹熷け 3.4%, 缂撳瓨娣樻卑鐜?0.0%
馃攳 杩佺Щ缁熻: 鎵ц1娆? 鎴愬姛1娆? 鎴愬姛鐜?00.0%
[璋冭瘯] Episode 0010: 寤惰繜 0.766s, 鑳借€?139.79J, 瀹屾垚鐜?85.7%, 杩佺Щ鎴愬姛鐜?100.0%, 缂撳瓨鍛戒腑 26.9%, 鏁版嵁鎹熷け 3.1%, 缂撳瓨娣樻卑鐜?0.0%
馃攳 杩佺Щ缁熻: 鎵ц1娆? 鎴愬姛1娆? 鎴愬姛鐜?00.0%
[璋冭瘯] Episode 0010: 寤惰繜 0.662s, 鑳借€?186.62J, 瀹屾垚鐜?88.9%, 杩佺Щ鎴愬姛鐜?100.0%, 缂撳瓨鍛戒腑 26.9%, 鏁版嵁鎹熷け 2.5%, 缂撳瓨娣樻卑鐜?0.0%
馃攳 杩佺Щ缁熻: 鎵ц1娆? 鎴愬姛1娆? 鎴愬姛鐜?00.0%
[璋冭瘯] Episode 0010: 寤惰繜 0.552s, 鑳借€?224.87J, 瀹屾垚鐜?90.9%, 杩佺Щ鎴愬姛鐜?100.0%, 缂撳瓨鍛戒腑 26.9%, 鏁版嵁鎹熷け 2.5%, 缂撳瓨娣樻卑鐜?0.0%
馃攳 杩佺Щ缁熻: 鎵ц1娆? 鎴愬姛1娆? 鎴愬姛鐜?00.0%
[璋冭瘯] Episode 0010: 寤惰繜 0.575s, 鑳借€?239.30J, 瀹屾垚鐜?92.0%, 杩佺Щ鎴愬姛鐜?100.0%, 缂撳瓨鍛戒腑 26.9%, 鏁版嵁鎹熷け 2.2%, 缂撳瓨娣樻卑鐜?0.0%
馃攳 杩佺Щ缁熻: 鎵ц1娆? 鎴愬姛1娆? 鎴愬姛鐜?00.0%
[璋冭瘯] Episode 0010: 寤惰繜 0.559s, 鑳借€?260.70J, 瀹屾垚鐜?92.6%, 杩佺Щ鎴愬姛鐜?100.0%, 缂撳瓨鍛戒腑 26.9%, 鏁版嵁鎹熷け 2.1%, 缂撳瓨娣樻卑鐜?0.0%
馃攳 杩佺Щ缁熻: 鎵ц1娆? 鎴愬姛1娆? 鎴愬姛鐜?00.0%
[璋冭瘯] Episode 0010: 寤惰繜 0.546s, 鑳借€?272.02J, 瀹屾垚鐜?92.9%, 杩佺Щ鎴愬姛鐜?100.0%, 缂撳瓨鍛戒腑 26.9%, 鏁版嵁鎹熷け 2.0%, 缂撳瓨娣樻卑鐜?0.0%
馃攳 杩佺Щ缁熻: 鎵ц1娆? 鎴愬姛1娆? 鎴愬姛鐜?00.0%
[璋冭瘯] Episode 0010: 寤惰繜 1.492s, 鑳借€?457.91J, 瀹屾垚鐜?93.5%, 杩佺Щ鎴愬姛鐜?100.0%, 缂撳瓨鍛戒腑 26.9%, 鏁版嵁鎹熷け 0.3%, 缂撳瓨娣樻卑鐜?0.0%
馃攳 杩佺Щ缁熻: 鎵ц1娆? 鎴愬姛1娆? 鎴愬姛鐜?00.0%
[璋冭瘯] Episode 0010: 寤惰繜 1.391s, 鑳借€?497.76J, 瀹屾垚鐜?94.1%, 杩佺Щ鎴愬姛鐜?100.0%, 缂撳瓨鍛戒腑 26.8%, 鏁版嵁鎹熷け 0.2%, 缂撳瓨娣樻卑鐜?0.0%
馃攳 杩佺Щ缁熻: 鎵ц1娆? 鎴愬姛1娆? 鎴愬姛鐜?00.0%
[璋冭瘯] Episode 0010: 寤惰繜 1.311s, 鑳借€?521.81J, 瀹屾垚鐜?92.1%, 杩佺Щ鎴愬姛鐜?100.0%, 缂撳瓨鍛戒腑 26.8%, 鏁版嵁鎹熷け 0.4%, 缂撳瓨娣樻卑鐜?0.0%
馃攳 杩佺Щ缁熻: 鎵ц1娆? 鎴愬姛1娆? 鎴愬姛鐜?00.0%
[璋冭瘯] Episode 0010: 寤惰繜 1.216s, 鑳借€?578.20J, 瀹屾垚鐜?92.7%, 杩佺Щ鎴愬姛鐜?100.0%, 缂撳瓨鍛戒腑 26.8%, 鏁版嵁鎹熷け 0.4%, 缂撳瓨娣樻卑鐜?0.0%
馃攳 杩佺Щ缁熻: 鎵ц1娆? 鎴愬姛1娆? 鎴愬姛鐜?00.0%
[璋冭瘯] Episode 0010: 寤惰繜 1.225s, 鑳借€?595.09J, 瀹屾垚鐜?92.9%, 杩佺Щ鎴愬姛鐜?100.0%, 缂撳瓨鍛戒腑 26.8%, 鏁版嵁鎹熷け 0.3%, 缂撳瓨娣樻卑鐜?0.0%
[VehicleMigration] handover #1: vehicle V_0 task task_60 RSU_2 -> RSU_1
   Trigger: distance 289.4m > threshold 277.9m (speed 14.8 m/s)
   Score: 449.4 -> 219.4 (improvement 51.2%)
   Queue trend: RSU_2: 2 -> 1, RSU_1: 1 -> 2
[Migration] Executed 1 vehicle-following migrations.
馃攳 杩佺Щ缁熻: 鎵ц2娆? 鎴愬姛2娆? 鎴愬姛鐜?00.0%
[璋冭瘯] Episode 0010: 寤惰繜 1.200s, 鑳借€?596.10J, 瀹屾垚鐜?93.0%, 杩佺Щ鎴愬姛鐜?100.0%, 缂撳瓨鍛戒腑 26.8%, 鏁版嵁鎹熷け 0.3%, 缂撳瓨娣樻卑鐜?0.0%
馃攳 杩佺Щ缁熻: 鎵ц2娆? 鎴愬姛2娆? 鎴愬姛鐜?00.0%
[璋冭瘯] Episode 0010: 寤惰繜 1.143s, 鑳借€?631.57J, 瀹屾垚鐜?93.5%, 杩佺Щ鎴愬姛鐜?100.0%, 缂撳瓨鍛戒腑 26.7%, 鏁版嵁鎹熷け 0.3%, 缂撳瓨娣樻卑鐜?0.0%
馃攳 杩佺Щ缁熻: 鎵ц2娆? 鎴愬姛2娆? 鎴愬姛鐜?00.0%
[璋冭瘯] Episode 0010: 寤惰繜 1.123s, 鑳借€?643.62J, 瀹屾垚鐜?93.6%, 杩佺Щ鎴愬姛鐜?100.0%, 缂撳瓨鍛戒腑 26.7%, 鏁版嵁鎹熷け 0.2%, 缂撳瓨娣樻卑鐜?0.0%
馃攳 杩佺Щ缁熻: 鎵ц2娆? 鎴愬姛2娆? 鎴愬姛鐜?00.0%
[璋冭瘯] Episode 0010: 寤惰繜 1.111s, 鑳借€?649.02J, 瀹屾垚鐜?93.9%, 杩佺Щ鎴愬姛鐜?100.0%, 缂撳瓨鍛戒腑 26.7%, 鏁版嵁鎹熷け 0.2%, 缂撳瓨娣樻卑鐜?0.0%
馃攳 杩佺Щ缁熻: 鎵ц2娆? 鎴愬姛2娆? 鎴愬姛鐜?00.0%
[璋冭瘯] Episode 0010: 寤惰繜 1.111s, 鑳借€?649.02J, 瀹屾垚鐜?92.0%, 杩佺Щ鎴愬姛鐜?100.0%, 缂撳瓨鍛戒腑 26.7%, 鏁版嵁鎹熷け 0.2%, 缂撳瓨娣樻卑鐜?0.0%
馃攳 杩佺Щ缁熻: 鎵ц2娆? 鎴愬姛2娆? 鎴愬姛鐜?00.0%
[璋冭瘯] Episode 0010: 寤惰繜 1.139s, 鑳借€?654.17J, 瀹屾垚鐜?92.3%, 杩佺Щ鎴愬姛鐜?100.0%, 缂撳瓨鍛戒腑 26.7%, 鏁版嵁鎹熷け 0.2%, 缂撳瓨娣樻卑鐜?0.0%
馃攳 杩佺Щ缁熻: 鎵ц2娆? 鎴愬姛2娆? 鎴愬姛鐜?00.0%
[璋冭瘯] Episode 0010: 寤惰繜 1.164s, 鑳借€?656.97J, 瀹屾垚鐜?92.3%, 杩佺Щ鎴愬姛鐜?100.0%, 缂撳瓨鍛戒腑 26.7%, 鏁版嵁鎹熷け 0.2%, 缂撳瓨娣樻卑鐜?0.0%
馃攳 杩佺Щ缁熻: 鎵ц2娆? 鎴愬姛2娆? 鎴愬姛鐜?00.0%
[璋冭瘯] Episode 0010: 寤惰繜 1.143s, 鑳借€?676.78J, 瀹屾垚鐜?92.5%, 杩佺Щ鎴愬姛鐜?100.0%, 缂撳瓨鍛戒腑 26.7%, 鏁版嵁鎹熷け 0.2%, 缂撳瓨娣樻卑鐜?0.0%
馃攳 杩佺Щ缁熻: 鎵ц2娆? 鎴愬姛2娆? 鎴愬姛鐜?00.0%
[璋冭瘯] Episode 0010: 寤惰繜 1.183s, 鑳借€?681.13J, 瀹屾垚鐜?92.6%, 杩佺Щ鎴愬姛鐜?100.0%, 缂撳瓨鍛戒腑 26.7%, 鏁版嵁鎹熷け 0.2%, 缂撳瓨娣樻卑鐜?0.0%
馃攳 杩佺Щ缁熻: 鎵ц2娆? 鎴愬姛2娆? 鎴愬姛鐜?00.0%
[璋冭瘯] Episode 0010: 寤惰繜 1.161s, 鑳借€?690.58J, 瀹屾垚鐜?93.0%, 杩佺Щ鎴愬姛鐜?100.0%, 缂撳瓨鍛戒腑 26.7%, 鏁版嵁鎹熷け 0.2%, 缂撳瓨娣樻卑鐜?0.0%
馃攳 杩佺Щ缁熻: 鎵ц2娆? 鎴愬姛2娆? 鎴愬姛鐜?00.0%
[璋冭瘯] Episode 0010: 寤惰繜 1.148s, 鑳借€?710.47J, 瀹屾垚鐜?91.5%, 杩佺Щ鎴愬姛鐜?100.0%, 缂撳瓨鍛戒腑 26.6%, 鏁版嵁鎹熷け 5.2%, 缂撳瓨娣樻卑鐜?0.0%
馃攳 杩佺Щ缁熻: 鎵ц2娆? 鎴愬姛2娆? 鎴愬姛鐜?00.0%
[璋冭瘯] Episode 0010: 寤惰繜 1.146s, 鑳借€?731.07J, 瀹屾垚鐜?90.3%, 杩佺Щ鎴愬姛鐜?100.0%, 缂撳瓨鍛戒腑 26.6%, 鏁版嵁鎹熷け 5.3%, 缂撳瓨娣樻卑鐜?0.0%
馃攳 杩佺Щ缁熻: 鎵ц2娆? 鎴愬姛2娆? 鎴愬姛鐜?00.0%
[璋冭瘯] Episode 0010: 寤惰繜 1.173s, 鑳借€?774.82J, 瀹屾垚鐜?90.9%, 杩佺Щ鎴愬姛鐜?100.0%, 缂撳瓨鍛戒腑 26.6%, 鏁版嵁鎹熷け 5.2%, 缂撳瓨娣樻卑鐜?0.0%
馃攳 杩佺Щ缁熻: 鎵ц2娆? 鎴愬姛2娆? 鎴愬姛鐜?00.0%
[璋冭瘯] Episode 0010: 寤惰繜 1.149s, 鑳借€?814.24J, 瀹屾垚鐜?91.5%, 杩佺Щ鎴愬姛鐜?100.0%, 缂撳瓨鍛戒腑 26.6%, 鏁版嵁鎹熷け 5.2%, 缂撳瓨娣樻卑鐜?0.0%
馃攳 杩佺Щ缁熻: 鎵ц2娆? 鎴愬姛2娆? 鎴愬姛鐜?00.0%
[璋冭瘯] Episode 0010: 寤惰繜 1.183s, 鑳借€?819.15J, 瀹屾垚鐜?91.8%, 杩佺Щ鎴愬姛鐜?100.0%, 缂撳瓨鍛戒腑 26.6%, 鏁版嵁鎹熷け 5.2%, 缂撳瓨娣樻卑鐜?0.0%
馃攳 杩佺Щ缁熻: 鎵ц2娆? 鎴愬姛2娆? 鎴愬姛鐜?00.0%
[璋冭瘯] Episode 0010: 寤惰繜 1.183s, 鑳借€?819.15J, 瀹屾垚鐜?89.3%, 杩佺Щ鎴愬姛鐜?100.0%, 缂撳瓨鍛戒腑 26.6%, 鏁版嵁鎹熷け 34.4%, 缂撳瓨娣樻卑鐜?0.0%
馃攳 杩佺Щ缁熻: 鎵ц2娆? 鎴愬姛2娆? 鎴愬姛鐜?00.0%
[璋冭瘯] Episode 0010: 寤惰繜 1.132s, 鑳借€?867.87J, 瀹屾垚鐜?88.9%, 杩佺Щ鎴愬姛鐜?100.0%, 缂撳瓨鍛戒腑 26.6%, 鏁版嵁鎹熷け 34.4%, 缂撳瓨娣樻卑鐜?0.0%
馃攳 杩佺Щ缁熻: 鎵ц2娆? 鎴愬姛2娆? 鎴愬姛鐜?00.0%
[璋冭瘯] Episode 0010: 寤惰繜 1.128s, 鑳借€?887.77J, 瀹屾垚鐜?89.0%, 杩佺Щ鎴愬姛鐜?100.0%, 缂撳瓨鍛戒腑 26.6%, 鏁版嵁鎹熷け 34.4%, 缂撳瓨娣樻卑鐜?0.0%
馃攳 杩佺Щ缁熻: 鎵ц2娆? 鎴愬姛2娆? 鎴愬姛鐜?00.0%
[璋冭瘯] Episode 0010: 寤惰繜 1.084s, 鑳借€?907.59J, 瀹屾垚鐜?89.4%, 杩佺Щ鎴愬姛鐜?100.0%, 缂撳瓨鍛戒腑 1.8%, 鏁版嵁鎹熷け 34.2%, 缂撳瓨娣樻卑鐜?0.0%
浠诲姟鍒嗙被缁熻(100): 绫诲瀷1=0.0%, 绫诲瀷2=11.0%, 绫诲瀷3=40.0%, 绫诲瀷4=49.0%
   褰撳墠浠诲姟: safety_alert, 0.28s 鈫?绫诲瀷4, 鏁版嵁0.05MB
   馃捑 缂撳瓨缁熻: 鍛戒腑鐜?2.41% (鎬诲懡涓?4, 鏈湴:0, 鏈懡涓?162)
馃攳 杩佺Щ缁熻: 鎵ц2娆? 鎴愬姛2娆? 鎴愬姛鐜?00.0%
[璋冭瘯] Episode 0010: 寤惰繜 1.104s, 鑳借€?919.67J, 瀹屾垚鐜?89.7%, 杩佺Щ鎴愬姛鐜?100.0%, 缂撳瓨鍛戒腑 2.3%, 鏁版嵁鎹熷け 34.0%, 缂撳瓨娣樻卑鐜?0.0%
馃攳 杩佺Щ缁熻: 鎵ц2娆? 鎴愬姛2娆? 鎴愬姛鐜?00.0%
[璋冭瘯] Episode 0010: 寤惰繜 1.524s, 鑳借€?1138.14J, 瀹屾垚鐜?88.9%, 杩佺Щ鎴愬姛鐜?100.0%, 缂撳瓨鍛戒腑 2.3%, 鏁版嵁鎹熷け 32.3%, 缂撳瓨娣樻卑鐜?0.0%
馃攳 杩佺Щ缁熻: 鎵ц2娆? 鎴愬姛2娆? 鎴愬姛鐜?00.0%
[璋冭瘯] Episode 0010: 寤惰繜 1.511s, 鑳借€?1150.85J, 瀹屾垚鐜?89.4%, 杩佺Щ鎴愬姛鐜?100.0%, 缂撳瓨鍛戒腑 3.4%, 鏁版嵁鎹熷け 31.9%, 缂撳瓨娣樻卑鐜?0.0%
馃攳 杩佺Щ缁熻: 鎵ц2娆? 鎴愬姛2娆? 鎴愬姛鐜?00.0%
[璋冭瘯] Episode 0010: 寤惰繜 1.485s, 鑳借€?1181.41J, 瀹屾垚鐜?89.6%, 杩佺Щ鎴愬姛鐜?100.0%, 缂撳瓨鍛戒腑 3.2%, 鏁版嵁鎹熷け 31.9%, 缂撳瓨娣樻卑鐜?0.0%
馃攳 杩佺Щ缁熻: 鎵ц2娆? 鎴愬姛2娆? 鎴愬姛鐜?00.0%
[璋冭瘯] Episode 0010: 寤惰繜 1.453s, 鑳借€?1214.09J, 瀹屾垚鐜?87.1%, 杩佺Щ鎴愬姛鐜?100.0%, 缂撳瓨鍛戒腑 3.2%, 鏁版嵁鎹熷け 32.3%, 缂撳瓨娣樻卑鐜?0.0%
馃攳 杩佺Щ缁熻: 鎵ц2娆? 鎴愬姛2娆? 鎴愬姛鐜?00.0%
[璋冭瘯] Episode 0010: 寤惰繜 1.442s, 鑳借€?1214.16J, 瀹屾垚鐜?87.3%, 杩佺Щ鎴愬姛鐜?100.0%, 缂撳瓨鍛戒腑 4.1%, 鏁版嵁鎹熷け 32.3%, 缂撳瓨娣樻卑鐜?0.0%
馃攳 杩佺Щ缁熻: 鎵ц2娆? 鎴愬姛2娆? 鎴愬姛鐜?00.0%
[璋冭瘯] Episode 0010: 寤惰繜 1.415s, 鑳借€?1253.79J, 瀹屾垚鐜?85.8%, 杩佺Щ鎴愬姛鐜?100.0%, 缂撳瓨鍛戒腑 4.1%, 鏁版嵁鎹熷け 32.5%, 缂撳瓨娣樻卑鐜?0.0%
馃攳 杩佺Щ缁熻: 鎵ц2娆? 鎴愬姛2娆? 鎴愬姛鐜?00.0%
[璋冭瘯] Episode 0010: 寤惰繜 1.429s, 鑳借€?1257.56J, 瀹屾垚鐜?86.0%, 杩佺Щ鎴愬姛鐜?100.0%, 缂撳瓨鍛戒腑 4.0%, 鏁版嵁鎹熷け 32.4%, 缂撳瓨娣樻卑鐜?0.0%
馃攳 杩佺Щ缁熻: 鎵ц2娆? 鎴愬姛2娆? 鎴愬姛鐜?00.0%
[璋冭瘯] Episode 0010: 寤惰繜 1.442s, 鑳借€?1257.78J, 瀹屾垚鐜?86.0%, 杩佺Щ鎴愬姛鐜?100.0%, 缂撳瓨鍛戒腑 3.9%, 鏁版嵁鎹熷け 31.0%, 缂撳瓨娣樻卑鐜?0.0%
馃攳 杩佺Щ缁熻: 鎵ц2娆? 鎴愬姛2娆? 鎴愬姛鐜?00.0%
[璋冭瘯] Episode 0010: 寤惰繜 1.427s, 鑳借€?1261.27J, 瀹屾垚鐜?85.3%, 杩佺Щ鎴愬姛鐜?100.0%, 缂撳瓨鍛戒腑 3.8%, 鏁版嵁鎹熷け 31.0%, 缂撳瓨娣樻卑鐜?0.0%
[VehicleMigration] handover #1: vehicle V_4 task task_65 RSU_0 -> RSU_2
   Trigger: distance 273.6m > threshold 273.2m (speed 17.9 m/s)
   Score: 613.6 -> 226.5 (improvement 63.1%)
   Queue trend: RSU_0: 8 -> 7, RSU_2: 0 -> 1
[Migration] Executed 1 vehicle-following migrations.
馃攳 杩佺Щ缁熻: 鎵ц3娆? 鎴愬姛3娆? 鎴愬姛鐜?00.0%
[璋冭瘯] Episode 0010: 寤惰繜 1.414s, 鑳借€?1281.08J, 瀹屾垚鐜?85.5%, 杩佺Щ鎴愬姛鐜?100.0%, 缂撳瓨鍛戒腑 3.8%, 鏁版嵁鎹熷け 31.0%, 缂撳瓨娣樻卑鐜?0.0%
馃攳 杩佺Щ缁熻: 鎵ц3娆? 鎴愬姛3娆? 鎴愬姛鐜?00.0%
[璋冭瘯] Episode 0010: 寤惰繜 1.390s, 鑳借€?1313.22J, 瀹屾垚鐜?85.7%, 杩佺Щ鎴愬姛鐜?100.0%, 缂撳瓨鍛戒腑 3.8%, 鏁版嵁鎹熷け 30.9%, 缂撳瓨娣樻卑鐜?0.0%
馃攳 杩佺Щ缁熻: 鎵ц3娆? 鎴愬姛3娆? 鎴愬姛鐜?00.0%
[璋冭瘯] Episode 0010: 寤惰繜 1.379s, 鑳借€?1314.71J, 瀹屾垚鐜?85.8%, 杩佺Щ鎴愬姛鐜?100.0%, 缂撳瓨鍛戒腑 3.8%, 鏁版嵁鎹熷け 30.9%, 缂撳瓨娣樻卑鐜?0.0%
馃攳 杩佺Щ缁熻: 鎵ц3娆? 鎴愬姛3娆? 鎴愬姛鐜?00.0%
[璋冭瘯] Episode 0010: 寤惰繜 1.359s, 鑳借€?1338.23J, 瀹屾垚鐜?86.1%, 杩佺Щ鎴愬姛鐜?100.0%, 缂撳瓨鍛戒腑 3.8%, 鏁版嵁鎹熷け 30.9%, 缂撳瓨娣樻卑鐜?0.0%
[VehicleMigration] handover #1: vehicle V_4 task task_129 RSU_0 -> RSU_1
   Trigger: distance 281.3m > threshold 270.0m (speed 20.0 m/s)
   Score: 621.3 -> 211.4 (improvement 66.0%)
   Queue trend: RSU_0: 8 -> 7, RSU_1: 1 -> 2
[Migration] Executed 1 vehicle-following migrations.
馃攳 杩佺Щ缁熻: 鎵ц4娆? 鎴愬姛4娆? 鎴愬姛鐜?00.0%
[璋冭瘯] Episode 0010: 寤惰繜 1.361s, 鑳借€?1349.64J, 瀹屾垚鐜?86.4%, 杩佺Щ鎴愬姛鐜?100.0%, 缂撳瓨鍛戒腑 3.7%, 鏁版嵁鎹熷け 30.8%, 缂撳瓨娣樻卑鐜?0.0%
馃攳 杩佺Щ缁熻: 鎵ц4娆? 鎴愬姛4娆? 鎴愬姛鐜?00.0%
[璋冭瘯] Episode 0010: 寤惰繜 1.361s, 鑳借€?1349.65J, 瀹屾垚鐜?85.7%, 杩佺Щ鎴愬姛鐜?100.0%, 缂撳瓨鍛戒腑 3.7%, 鏁版嵁鎹熷け 30.8%, 缂撳瓨娣樻卑鐜?0.0%
馃攳 杩佺Щ缁熻: 鎵ц4娆? 鎴愬姛4娆? 鎴愬姛鐜?00.0%
[璋冭瘯] Episode 0010: 寤惰繜 1.373s, 鑳借€?1357.68J, 瀹屾垚鐜?85.8%, 杩佺Щ鎴愬姛鐜?100.0%, 缂撳瓨鍛戒腑 3.6%, 鏁版嵁鎹熷け 30.6%, 缂撳瓨娣樻卑鐜?0.0%
馃攳 杩佺Щ缁熻: 鎵ц4娆? 鎴愬姛4娆? 鎴愬姛鐜?00.0%
[璋冭瘯] Episode 0010: 寤惰繜 1.355s, 鑳借€?1391.59J, 瀹屾垚鐜?86.2%, 杩佺Щ鎴愬姛鐜?100.0%, 缂撳瓨鍛戒腑 3.5%, 鏁版嵁鎹熷け 30.5%, 缂撳瓨娣樻卑鐜?0.0%
馃攳 杩佺Щ缁熻: 鎵ц4娆? 鎴愬姛4娆? 鎴愬姛鐜?00.0%
[璋冭瘯] Episode 0010: 寤惰繜 1.311s, 鑳借€?1439.06J, 瀹屾垚鐜?86.9%, 杩佺Щ鎴愬姛鐜?100.0%, 缂撳瓨鍛戒腑 3.8%, 鏁版嵁鎹熷け 25.6%, 缂撳瓨娣樻卑鐜?0.0%
馃攳 杩佺Щ缁熻: 鎵ц4娆? 鎴愬姛4娆? 鎴愬姛鐜?00.0%
[璋冭瘯] Episode 0010: 寤惰繜 1.276s, 鑳借€?1490.73J, 瀹屾垚鐜?86.7%, 杩佺Щ鎴愬姛鐜?100.0%, 缂撳瓨鍛戒腑 4.1%, 鏁版嵁鎹熷け 25.6%, 缂撳瓨娣樻卑鐜?0.0%
馃攳 杩佺Щ缁熻: 鎵ц4娆? 鎴愬姛4娆? 鎴愬姛鐜?00.0%
[璋冭瘯] Episode 0010: 寤惰繜 1.250s, 鑳借€?1508.53J, 瀹屾垚鐜?87.0%, 杩佺Щ鎴愬姛鐜?100.0%, 缂撳瓨鍛戒腑 5.5%, 鏁版嵁鎹熷け 25.5%, 缂撳瓨娣樻卑鐜?0.0%
馃攳 杩佺Щ缁熻: 鎵ц4娆? 鎴愬姛4娆? 鎴愬姛鐜?00.0%
[璋冭瘯] Episode 0010: 寤惰繜 1.216s, 鑳借€?1550.40J, 瀹屾垚鐜?86.7%, 杩佺Щ鎴愬姛鐜?100.0%, 缂撳瓨鍛戒腑 5.7%, 鏁版嵁鎹熷け 25.6%, 缂撳瓨娣樻卑鐜?0.0%
馃攳 杩佺Щ缁熻: 鎵ц4娆? 鎴愬姛4娆? 鎴愬姛鐜?00.0%
[璋冭瘯] Episode 0010: 寤惰繜 1.210s, 鑳借€?1553.04J, 瀹屾垚鐜?86.8%, 杩佺Щ鎴愬姛鐜?100.0%, 缂撳瓨鍛戒腑 6.0%, 鏁版嵁鎹熷け 25.5%, 缂撳瓨娣樻卑鐜?0.0%
馃攳 杩佺Щ缁熻: 鎵ц4娆? 鎴愬姛4娆? 鎴愬姛鐜?00.0%
[璋冭瘯] Episode 0010: 寤惰繜 1.179s, 鑳借€?1613.03J, 瀹屾垚鐜?87.3%, 杩佺Щ鎴愬姛鐜?100.0%, 缂撳瓨鍛戒腑 5.8%, 鏁版嵁鎹熷け 25.5%, 缂撳瓨娣樻卑鐜?0.0%
馃攳 杩佺Щ缁熻: 鎵ц4娆? 鎴愬姛4娆? 鎴愬姛鐜?00.0%
[璋冭瘯] Episode 0010: 寤惰繜 1.187s, 鑳借€?1629.42J, 瀹屾垚鐜?87.4%, 杩佺Щ鎴愬姛鐜?100.0%, 缂撳瓨鍛戒腑 5.7%, 鏁版嵁鎹熷け 25.4%, 缂撳瓨娣樻卑鐜?0.0%
馃攳 杩佺Щ缁熻: 鎵ц4娆? 鎴愬姛4娆? 鎴愬姛鐜?00.0%
[璋冭瘯] Episode 0010: 寤惰繜 1.146s, 鑳借€?1698.97J, 瀹屾垚鐜?87.9%, 杩佺Щ鎴愬姛鐜?100.0%, 缂撳瓨鍛戒腑 5.6%, 鏁版嵁鎹熷け 25.3%, 缂撳瓨娣樻卑鐜?0.0%
馃攳 杩佺Щ缁熻: 鎵ц4娆? 鎴愬姛4娆? 鎴愬姛鐜?00.0%
[璋冭瘯] Episode 0010: 寤惰繜 1.124s, 鑳借€?1780.92J, 瀹屾垚鐜?88.3%, 杩佺Щ鎴愬姛鐜?100.0%, 缂撳瓨鍛戒腑 5.6%, 鏁版嵁鎹熷け 25.3%, 缂撳瓨娣樻卑鐜?0.0%
馃攳 杩佺Щ缁熻: 鎵ц4娆? 鎴愬姛4娆? 鎴愬姛鐜?00.0%
[璋冭瘯] Episode 0010: 寤惰繜 1.104s, 鑳借€?1786.06J, 瀹屾垚鐜?88.5%, 杩佺Щ鎴愬姛鐜?100.0%, 缂撳瓨鍛戒腑 6.4%, 鏁版嵁鎹熷け 25.2%, 缂撳瓨娣樻卑鐜?0.0%
馃攳 杩佺Щ缁熻: 鎵ц4娆? 鎴愬姛4娆? 鎴愬姛鐜?00.0%
[璋冭瘯] Episode 0010: 寤惰繜 1.090s, 鑳借€?1808.73J, 瀹屾垚鐜?88.7%, 杩佺Щ鎴愬姛鐜?100.0%, 缂撳瓨鍛戒腑 6.7%, 鏁版嵁鎹熷け 25.1%, 缂撳瓨娣樻卑鐜?0.0%
馃攳 杩佺Щ缁熻: 鎵ц4娆? 鎴愬姛4娆? 鎴愬姛鐜?00.0%
[璋冭瘯] Episode 0010: 寤惰繜 1.076s, 鑳借€?1831.32J, 瀹屾垚鐜?88.4%, 杩佺Щ鎴愬姛鐜?100.0%, 缂撳瓨鍛戒腑 7.0%, 鏁版嵁鎹熷け 25.2%, 缂撳瓨娣樻卑鐜?0.0%
馃攳 杩佺Щ缁熻: 鎵ц4娆? 鎴愬姛4娆? 鎴愬姛鐜?00.0%
[璋冭瘯] Episode 0010: 寤惰繜 1.077s, 鑳借€?1836.84J, 瀹屾垚鐜?88.5%, 杩佺Щ鎴愬姛鐜?100.0%, 缂撳瓨鍛戒腑 7.9%, 鏁版嵁鎹熷け 25.1%, 缂撳瓨娣樻卑鐜?0.0%
馃攳 杩佺Щ缁熻: 鎵ц4娆? 鎴愬姛4娆? 鎴愬姛鐜?00.0%
[璋冭瘯] Episode 0010: 寤惰繜 1.074s, 鑳借€?1836.97J, 瀹屾垚鐜?88.6%, 杩佺Щ鎴愬姛鐜?100.0%, 缂撳瓨鍛戒腑 8.1%, 鏁版嵁鎹熷け 25.0%, 缂撳瓨娣樻卑鐜?0.0%
馃攳 杩佺Щ缁熻: 鎵ц4娆? 鎴愬姛4娆? 鎴愬姛鐜?00.0%
[璋冭瘯] Episode 0010: 寤惰繜 1.064s, 鑳借€?1854.55J, 瀹屾垚鐜?88.8%, 杩佺Щ鎴愬姛鐜?100.0%, 缂撳瓨鍛戒腑 9.4%, 鏁版嵁鎹熷け 24.2%, 缂撳瓨娣樻卑鐜?0.0%
馃攳 杩佺Щ缁熻: 鎵ц4娆? 鎴愬姛4娆? 鎴愬姛鐜?00.0%
[璋冭瘯] Episode 0010: 寤惰繜 1.041s, 鑳借€?1895.51J, 瀹屾垚鐜?89.0%, 杩佺Щ鎴愬姛鐜?100.0%, 缂撳瓨鍛戒腑 9.7%, 鏁版嵁鎹熷け 24.2%, 缂撳瓨娣樻卑鐜?0.0%
馃攳 杩佺Щ缁熻: 鎵ц4娆? 鎴愬姛4娆? 鎴愬姛鐜?00.0%
[璋冭瘯] Episode 0010: 寤惰繜 1.037s, 鑳借€?1908.51J, 瀹屾垚鐜?89.1%, 杩佺Щ鎴愬姛鐜?100.0%, 缂撳瓨鍛戒腑 9.8%, 鏁版嵁鎹熷け 24.2%, 缂撳瓨娣樻卑鐜?0.0%
馃攳 杩佺Щ缁熻: 鎵ц4娆? 鎴愬姛4娆? 鎴愬姛鐜?00.0%
[璋冭瘯] Episode 0010: 寤惰繜 1.040s, 鑳借€?1920.11J, 瀹屾垚鐜?89.2%, 杩佺Щ鎴愬姛鐜?100.0%, 缂撳瓨鍛戒腑 9.8%, 鏁版嵁鎹熷け 24.2%, 缂撳瓨娣樻卑鐜?0.0%
馃攳 杩佺Щ缁熻: 鎵ц4娆? 鎴愬姛4娆? 鎴愬姛鐜?00.0%
[璋冭瘯] Episode 0010: 寤惰繜 1.022s, 鑳借€?1979.55J, 瀹屾垚鐜?89.4%, 杩佺Щ鎴愬姛鐜?100.0%, 缂撳瓨鍛戒腑 9.8%, 鏁版嵁鎹熷け 24.2%, 缂撳瓨娣樻卑鐜?0.0%
馃攳 杩佺Щ缁熻: 鎵ц4娆? 鎴愬姛4娆? 鎴愬姛鐜?00.0%
[璋冭瘯] Episode 0010: 寤惰繜 1.016s, 鑳借€?1979.55J, 瀹屾垚鐜?89.4%, 杩佺Щ鎴愬姛鐜?100.0%, 缂撳瓨鍛戒腑 9.9%, 鏁版嵁鎹熷け 24.2%, 缂撳瓨娣樻卑鐜?0.0%
馃攳 杩佺Щ缁熻: 鎵ц4娆? 鎴愬姛4娆? 鎴愬姛鐜?00.0%
[璋冭瘯] Episode 0010: 寤惰繜 1.008s, 鑳借€?1998.04J, 瀹屾垚鐜?89.5%, 杩佺Щ鎴愬姛鐜?100.0%, 缂撳瓨鍛戒腑 10.1%, 鏁版嵁鎹熷け 24.1%, 缂撳瓨娣樻卑鐜?0.0%
浠诲姟鍒嗙被缁熻(200): 绫诲瀷1=0.0%, 绫诲瀷2=9.0%, 绫诲瀷3=40.0%, 绫诲瀷4=51.0%
   褰撳墠浠诲姟: navigation_0016, 1.67s 鈫?绫诲瀷3, 鏁版嵁0.47MB
   馃捑 缂撳瓨缁熻: 鍛戒腑鐜?10.06% (鎬诲懡涓?34, 鏈湴:0, 鏈懡涓?304)
馃攳 杩佺Щ缁熻: 鎵ц4娆? 鎴愬姛4娆? 鎴愬姛鐜?00.0%
[璋冭瘯] Episode 0010: 寤惰繜 0.997s, 鑳借€?2003.68J, 瀹屾垚鐜?89.6%, 杩佺Щ鎴愬姛鐜?100.0%, 缂撳瓨鍛戒腑 10.3%, 鏁版嵁鎹熷け 24.1%, 缂撳瓨娣樻卑鐜?0.0%
馃攳 杩佺Щ缁熻: 鎵ц4娆? 鎴愬姛4娆? 鎴愬姛鐜?00.0%
[璋冭瘯] Episode 0010: 寤惰繜 0.976s, 鑳借€?2009.72J, 瀹屾垚鐜?89.4%, 杩佺Щ鎴愬姛鐜?100.0%, 缂撳瓨鍛戒腑 11.4%, 鏁版嵁鎹熷け 26.9%, 缂撳瓨娣樻卑鐜?0.0%
馃攳 杩佺Щ缁熻: 鎵ц4娆? 鎴愬姛4娆? 鎴愬姛鐜?00.0%
[璋冭瘯] Episode 0010: 寤惰繜 0.971s, 鑳借€?2009.72J, 瀹屾垚鐜?89.4%, 杩佺Щ鎴愬姛鐜?100.0%, 缂撳瓨鍛戒腑 11.8%, 鏁版嵁鎹熷け 26.9%, 缂撳瓨娣樻卑鐜?0.0%
馃攳 杩佺Щ缁熻: 鎵ц4娆? 鎴愬姛4娆? 鎴愬姛鐜?00.0%
[璋冭瘯] Episode 0010: 寤惰繜 0.966s, 鑳借€?2009.72J, 瀹屾垚鐜?89.5%, 杩佺Щ鎴愬姛鐜?100.0%, 缂撳瓨鍛戒腑 12.5%, 鏁版嵁鎹熷け 26.9%, 缂撳瓨娣樻卑鐜?0.0%
馃攳 杩佺Щ缁熻: 鎵ц4娆? 鎴愬姛4娆? 鎴愬姛鐜?00.0%
[璋冭瘯] Episode 0010: 寤惰繜 0.954s, 鑳借€?2031.14J, 瀹屾垚鐜?89.3%, 杩佺Щ鎴愬姛鐜?100.0%, 缂撳瓨鍛戒腑 13.4%, 鏁版嵁鎹熷け 26.8%, 缂撳瓨娣樻卑鐜?0.0%
馃攳 杩佺Щ缁熻: 鎵ц4娆? 鎴愬姛4娆? 鎴愬姛鐜?00.0%
[璋冭瘯] Episode 0010: 寤惰繜 0.955s, 鑳借€?2031.14J, 瀹屾垚鐜?89.3%, 杩佺Щ鎴愬姛鐜?100.0%, 缂撳瓨鍛戒腑 13.3%, 鏁版嵁鎹熷け 26.7%, 缂撳瓨娣樻卑鐜?0.0%
馃攳 杩佺Щ缁熻: 鎵ц4娆? 鎴愬姛4娆? 鎴愬姛鐜?00.0%
[璋冭瘯] Episode 0010: 寤惰繜 0.944s, 鑳借€?2031.14J, 瀹屾垚鐜?89.4%, 杩佺Щ鎴愬姛鐜?100.0%, 缂撳瓨鍛戒腑 14.0%, 鏁版嵁鎹熷け 26.7%, 缂撳瓨娣樻卑鐜?0.0%
馃攳 杩佺Щ缁熻: 鎵ц4娆? 鎴愬姛4娆? 鎴愬姛鐜?00.0%
[璋冭瘯] Episode 0010: 寤惰繜 0.934s, 鑳借€?2079.65J, 瀹屾垚鐜?89.5%, 杩佺Щ鎴愬姛鐜?100.0%, 缂撳瓨鍛戒腑 14.0%, 鏁版嵁鎹熷け 26.7%, 缂撳瓨娣樻卑鐜?0.0%
馃攳 杩佺Щ缁熻: 鎵ц4娆? 鎴愬姛4娆? 鎴愬姛鐜?00.0%
[璋冭瘯] Episode 0010: 寤惰繜 0.944s, 鑳借€?2085.93J, 瀹屾垚鐜?89.6%, 杩佺Щ鎴愬姛鐜?100.0%, 缂撳瓨鍛戒腑 13.9%, 鏁版嵁鎹熷け 25.9%, 缂撳瓨娣樻卑鐜?0.0%
馃攳 杩佺Щ缁熻: 鎵ц4娆? 鎴愬姛4娆? 鎴愬姛鐜?00.0%
[璋冭瘯] Episode 0010: 寤惰繜 0.944s, 鑳借€?2085.93J, 瀹屾垚鐜?89.2%, 杩佺Щ鎴愬姛鐜?100.0%, 缂撳瓨鍛戒腑 13.7%, 鏁版嵁鎹熷け 22.9%, 缂撳瓨娣樻卑鐜?0.0%
馃攳 杩佺Щ缁熻: 鎵ц4娆? 鎴愬姛4娆? 鎴愬姛鐜?00.0%
[璋冭瘯] Episode 0010: 寤惰繜 0.947s, 鑳借€?2087.57J, 瀹屾垚鐜?88.8%, 杩佺Щ鎴愬姛鐜?100.0%, 缂撳瓨鍛戒腑 13.5%, 鏁版嵁鎹熷け 35.3%, 缂撳瓨娣樻卑鐜?0.0%
馃攳 杩佺Щ缁熻: 鎵ц4娆? 鎴愬姛4娆? 鎴愬姛鐜?00.0%
[璋冭瘯] Episode 0010: 寤惰繜 0.937s, 鑳借€?2087.58J, 瀹屾垚鐜?88.9%, 杩佺Щ鎴愬姛鐜?100.0%, 缂撳瓨鍛戒腑 14.0%, 鏁版嵁鎹熷け 35.2%, 缂撳瓨娣樻卑鐜?0.0%
馃攳 杩佺Щ缁熻: 鎵ц4娆? 鎴愬姛4娆? 鎴愬姛鐜?00.0%
[璋冭瘯] Episode 0010: 寤惰繜 0.910s, 鑳借€?2170.33J, 瀹屾垚鐜?88.8%, 杩佺Щ鎴愬姛鐜?100.0%, 缂撳瓨鍛戒腑 14.4%, 鏁版嵁鎹熷け 35.2%, 缂撳瓨娣樻卑鐜?0.0%
馃攳 杩佺Щ缁熻: 鎵ц4娆? 鎴愬姛4娆? 鎴愬姛鐜?00.0%
[璋冭瘯] Episode 0010: 寤惰繜 0.899s, 鑳借€?2201.68J, 瀹屾垚鐜?88.6%, 杩佺Щ鎴愬姛鐜?100.0%, 缂撳瓨鍛戒腑 14.7%, 鏁版嵁鎹熷け 35.2%, 缂撳瓨娣樻卑鐜?0.0%
馃攳 杩佺Щ缁熻: 鎵ц4娆? 鎴愬姛4娆? 鎴愬姛鐜?00.0%
[璋冭瘯] Episode 0010: 寤惰繜 0.894s, 鑳借€?2201.83J, 瀹屾垚鐜?88.7%, 杩佺Щ鎴愬姛鐜?100.0%, 缂撳瓨鍛戒腑 15.5%, 鏁版嵁鎹熷け 35.1%, 缂撳瓨娣樻卑鐜?0.0%
馃攳 杩佺Щ缁熻: 鎵ц4娆? 鎴愬姛4娆? 鎴愬姛鐜?00.0%
[璋冭瘯] Episode 0010: 寤惰繜 0.887s, 鑳借€?2241.61J, 瀹屾垚鐜?88.8%, 杩佺Щ鎴愬姛鐜?100.0%, 缂撳瓨鍛戒腑 15.8%, 鏁版嵁鎹熷け 35.1%, 缂撳瓨娣樻卑鐜?0.0%
馃攳 杩佺Щ缁熻: 鎵ц4娆? 鎴愬姛4娆? 鎴愬姛鐜?00.0%
[璋冭瘯] Episode 0010: 寤惰繜 0.864s, 鑳借€?2294.07J, 瀹屾垚鐜?89.1%, 杩佺Щ鎴愬姛鐜?100.0%, 缂撳瓨鍛戒腑 16.7%, 鏁版嵁鎹熷け 35.1%, 缂撳瓨娣樻卑鐜?0.0%
馃攳 杩佺Щ缁熻: 鎵ц4娆? 鎴愬姛4娆? 鎴愬姛鐜?00.0%
[璋冭瘯] Episode 0010: 寤惰繜 0.857s, 鑳借€?2311.14J, 瀹屾垚鐜?89.2%, 杩佺Щ鎴愬姛鐜?100.0%, 缂撳瓨鍛戒腑 17.0%, 鏁版嵁鎹熷け 35.0%, 缂撳瓨娣樻卑鐜?0.0%
馃攳 杩佺Щ缁熻: 鎵ц4娆? 鎴愬姛4娆? 鎴愬姛鐜?00.0%
[璋冭瘯] Episode 0010: 寤惰繜 0.853s, 鑳借€?2322.40J, 瀹屾垚鐜?89.3%, 杩佺Щ鎴愬姛鐜?100.0%, 缂撳瓨鍛戒腑 17.0%, 鏁版嵁鎹熷け 35.0%, 缂撳瓨娣樻卑鐜?0.0%
馃攳 杩佺Щ缁熻: 鎵ц4娆? 鎴愬姛4娆? 鎴愬姛鐜?00.0%
[璋冭瘯] Episode 0010: 寤惰繜 0.850s, 鑳借€?2337.98J, 瀹屾垚鐜?89.3%, 杩佺Щ鎴愬姛鐜?100.0%, 缂撳瓨鍛戒腑 17.0%, 鏁版嵁鎹熷け 35.0%, 缂撳瓨娣樻卑鐜?0.0%
馃攳 杩佺Щ缁熻: 鎵ц4娆? 鎴愬姛4娆? 鎴愬姛鐜?00.0%
[璋冭瘯] Episode 0010: 寤惰繜 0.850s, 鑳借€?2337.98J, 瀹屾垚鐜?89.3%, 杩佺Щ鎴愬姛鐜?100.0%, 缂撳瓨鍛戒腑 17.0%, 鏁版嵁鎹熷け 35.0%, 缂撳瓨娣樻卑鐜?0.0%
馃攳 杩佺Щ缁熻: 鎵ц4娆? 鎴愬姛4娆? 鎴愬姛鐜?00.0%
[璋冭瘯] Episode 0010: 寤惰繜 0.848s, 鑳借€?2340.41J, 瀹屾垚鐜?89.3%, 杩佺Щ鎴愬姛鐜?100.0%, 缂撳瓨鍛戒腑 17.2%, 鏁版嵁鎹熷け 35.0%, 缂撳瓨娣樻卑鐜?0.0%
馃攳 杩佺Щ缁熻: 鎵ц4娆? 鎴愬姛4娆? 鎴愬姛鐜?00.0%
[璋冭瘯] Episode 0010: 寤惰繜 0.848s, 鑳借€?2340.41J, 瀹屾垚鐜?89.3%, 杩佺Щ鎴愬姛鐜?100.0%, 缂撳瓨鍛戒腑 17.2%, 鏁版嵁鎹熷け 35.0%, 缂撳瓨娣樻卑鐜?0.0%
馃攳 杩佺Щ缁熻: 鎵ц4娆? 鎴愬姛4娆? 鎴愬姛鐜?00.0%
[璋冭瘯] Episode 0010: 寤惰繜 0.849s, 鑳借€?2340.42J, 瀹屾垚鐜?89.3%, 杩佺Щ鎴愬姛鐜?100.0%, 缂撳瓨鍛戒腑 17.1%, 鏁版嵁鎹熷け 35.0%, 缂撳瓨娣樻卑鐜?0.0%
馃攳 杩佺Щ缁熻: 鎵ц4娆? 鎴愬姛4娆? 鎴愬姛鐜?00.0%
[璋冭瘯] Episode 0010: 寤惰繜 0.842s, 鑳借€?2357.39J, 瀹屾垚鐜?89.4%, 杩佺Щ鎴愬姛鐜?100.0%, 缂撳瓨鍛戒腑 17.2%, 鏁版嵁鎹熷け 34.9%, 缂撳瓨娣樻卑鐜?0.0%
馃攳 杩佺Щ缁熻: 鎵ц4娆? 鎴愬姛4娆? 鎴愬姛鐜?00.0%
[璋冭瘯] Episode 0010: 寤惰繜 0.837s, 鑳借€?2376.02J, 瀹屾垚鐜?89.6%, 杩佺Щ鎴愬姛鐜?100.0%, 缂撳瓨鍛戒腑 17.4%, 鏁版嵁鎹熷け 34.8%, 缂撳瓨娣樻卑鐜?0.0%
馃攳 杩佺Щ缁熻: 鎵ц4娆? 鎴愬姛4娆? 鎴愬姛鐜?00.0%
[璋冭瘯] Episode 0010: 寤惰繜 0.834s, 鑳借€?2391.58J, 瀹屾垚鐜?89.6%, 杩佺Щ鎴愬姛鐜?100.0%, 缂撳瓨鍛戒腑 17.4%, 鏁版嵁鎹熷け 34.8%, 缂撳瓨娣樻卑鐜?0.0%
馃攳 杩佺Щ缁熻: 鎵ц4娆? 鎴愬姛4娆? 鎴愬姛鐜?00.0%
[璋冭瘯] Episode 0010: 寤惰繜 0.826s, 鑳借€?2409.23J, 瀹屾垚鐜?89.7%, 杩佺Щ鎴愬姛鐜?100.0%, 缂撳瓨鍛戒腑 17.6%, 鏁版嵁鎹熷け 34.8%, 缂撳瓨娣樻卑鐜?0.0%
馃攳 杩佺Щ缁熻: 鎵ц4娆? 鎴愬姛4娆? 鎴愬姛鐜?00.0%
[璋冭瘯] Episode 0010: 寤惰繜 0.820s, 鑳借€?2429.05J, 瀹屾垚鐜?89.5%, 杩佺Щ鎴愬姛鐜?100.0%, 缂撳瓨鍛戒腑 18.0%, 鏁版嵁鎹熷け 37.2%, 缂撳瓨娣樻卑鐜?0.0%
馃攳 杩佺Щ缁熻: 鎵ц4娆? 鎴愬姛4娆? 鎴愬姛鐜?00.0%
[璋冭瘯] Episode 0010: 寤惰繜 0.820s, 鑳借€?2437.58J, 瀹屾垚鐜?89.5%, 杩佺Щ鎴愬姛鐜?100.0%, 缂撳瓨鍛戒腑 18.5%, 鏁版嵁鎹熷け 37.0%, 缂撳瓨娣樻卑鐜?0.0%
馃攳 杩佺Щ缁熻: 鎵ц4娆? 鎴愬姛4娆? 鎴愬姛鐜?00.0%
[璋冭瘯] Episode 0010: 寤惰繜 0.813s, 鑳借€?2437.58J, 瀹屾垚鐜?89.6%, 杩佺Щ鎴愬姛鐜?100.0%, 缂撳瓨鍛戒腑 19.0%, 鏁版嵁鎹熷け 37.0%, 缂撳瓨娣樻卑鐜?0.0%
馃攳 杩佺Щ缁熻: 鎵ц4娆? 鎴愬姛4娆? 鎴愬姛鐜?00.0%
[璋冭瘯] Episode 0010: 寤惰繜 0.818s, 鑳借€?2437.72J, 瀹屾垚鐜?89.6%, 杩佺Щ鎴愬姛鐜?100.0%, 缂撳瓨鍛戒腑 19.1%, 鏁版嵁鎹熷け 36.9%, 缂撳瓨娣樻卑鐜?0.0%
[VehicleMigration] handover #1: vehicle V_7 task task_266 RSU_0 -> RSU_1
   Trigger: distance 282.5m > threshold 270.2m (speed 19.9 m/s)
   Score: 442.5 -> 182.7 (improvement 58.7%)
   Queue trend: RSU_0: 2 -> 1, RSU_1: 0 -> 1
[Migration] Executed 1 vehicle-following migrations.
馃攳 杩佺Щ缁熻: 鎵ц5娆? 鎴愬姛5娆? 鎴愬姛鐜?00.0%
[璋冭瘯] Episode 0010: 寤惰繜 0.816s, 鑳借€?2459.34J, 瀹屾垚鐜?89.7%, 杩佺Щ鎴愬姛鐜?100.0%, 缂撳瓨鍛戒腑 19.1%, 鏁版嵁鎹熷け 36.9%, 缂撳瓨娣樻卑鐜?0.0%
馃攳 杩佺Щ缁熻: 鎵ц5娆? 鎴愬姛5娆? 鎴愬姛鐜?00.0%
[璋冭瘯] Episode 0010: 寤惰繜 0.816s, 鑳借€?2459.34J, 瀹屾垚鐜?89.7%, 杩佺Щ鎴愬姛鐜?100.0%, 缂撳瓨鍛戒腑 19.1%, 鏁版嵁鎹熷け 36.9%, 缂撳瓨娣樻卑鐜?0.0%
馃攳 杩佺Щ缁熻: 鎵ц5娆? 鎴愬姛5娆? 鎴愬姛鐜?00.0%
[璋冭瘯] Episode 0010: 寤惰繜 0.814s, 鑳借€?2459.56J, 瀹屾垚鐜?89.8%, 杩佺Щ鎴愬姛鐜?100.0%, 缂撳瓨鍛戒腑 19.9%, 鏁版嵁鎹熷け 35.7%, 缂撳瓨娣樻卑鐜?0.0%
馃攳 杩佺Щ缁熻: 鎵ц5娆? 鎴愬姛5娆? 鎴愬姛鐜?00.0%
[璋冭瘯] Episode 0010: 寤惰繜 0.807s, 鑳借€?2459.57J, 瀹屾垚鐜?89.9%, 杩佺Щ鎴愬姛鐜?100.0%, 缂撳瓨鍛戒腑 20.3%, 鏁版嵁鎹熷け 35.7%, 缂撳瓨娣樻卑鐜?0.0%
[VehicleMigration] handover #1: vehicle V_10 task task_279 UAV_1 -> RSU_0
   Trigger: distance 492.5m > threshold 486.5m (speed 5.4 m/s)
   Score: 652.5 -> 267.8 (improvement 59.0%)
   Queue trend: UAV_1: 2 -> 1, RSU_0: 3 -> 4
[Migration] Executed 1 vehicle-following migrations.
馃攳 杩佺Щ缁熻: 鎵ц6娆? 鎴愬姛6娆? 鎴愬姛鐜?00.0%
[璋冭瘯] Episode 0010: 寤惰繜 0.809s, 鑳借€?2471.25J, 瀹屾垚鐜?90.0%, 杩佺Щ鎴愬姛鐜?100.0%, 缂撳瓨鍛戒腑 21.0%, 鏁版嵁鎹熷け 35.3%, 缂撳瓨娣樻卑鐜?0.0%
馃攳 杩佺Щ缁熻: 鎵ц6娆? 鎴愬姛6娆? 鎴愬姛鐜?00.0%
[璋冭瘯] Episode 0010: 寤惰繜 0.807s, 鑳借€?2514.68J, 瀹屾垚鐜?90.1%, 杩佺Щ鎴愬姛鐜?100.0%, 缂撳瓨鍛戒腑 21.0%, 鏁版嵁鎹熷け 35.3%, 缂撳瓨娣樻卑鐜?0.0%
馃攳 杩佺Щ缁熻: 鎵ц6娆? 鎴愬姛6娆? 鎴愬姛鐜?00.0%
[璋冭瘯] Episode 0010: 寤惰繜 0.806s, 鑳借€?2521.61J, 瀹屾垚鐜?90.2%, 杩佺Щ鎴愬姛鐜?100.0%, 缂撳瓨鍛戒腑 21.0%, 鏁版嵁鎹熷け 35.2%, 缂撳瓨娣樻卑鐜?0.0%
馃攳 杩佺Щ缁熻: 鎵ц6娆? 鎴愬姛6娆? 鎴愬姛鐜?00.0%
[璋冭瘯] Episode 0010: 寤惰繜 0.803s, 鑳借€?2538.53J, 瀹屾垚鐜?90.3%, 杩佺Щ鎴愬姛鐜?100.0%, 缂撳瓨鍛戒腑 20.9%, 鏁版嵁鎹熷け 35.1%, 缂撳瓨娣樻卑鐜?0.0%
馃攳 杩佺Щ缁熻: 鎵ц6娆? 鎴愬姛6娆? 鎴愬姛鐜?00.0%
[璋冭瘯] Episode 0010: 寤惰繜 0.799s, 鑳借€?2562.23J, 瀹屾垚鐜?90.4%, 杩佺Щ鎴愬姛鐜?100.0%, 缂撳瓨鍛戒腑 21.1%, 鏁版嵁鎹熷け 35.0%, 缂撳瓨娣樻卑鐜?0.0%
馃攳 杩佺Щ缁熻: 鎵ц6娆? 鎴愬姛6娆? 鎴愬姛鐜?00.0%
[璋冭瘯] Episode 0010: 寤惰繜 0.784s, 鑳借€?2625.47J, 瀹屾垚鐜?90.6%, 杩佺Щ鎴愬姛鐜?100.0%, 缂撳瓨鍛戒腑 21.5%, 鏁版嵁鎹熷け 35.0%, 缂撳瓨娣樻卑鐜?0.0%
馃攳 杩佺Щ缁熻: 鎵ц6娆? 鎴愬姛6娆? 鎴愬姛鐜?00.0%
[璋冭瘯] Episode 0010: 寤惰繜 0.779s, 鑳借€?2642.00J, 瀹屾垚鐜?90.3%, 杩佺Щ鎴愬姛鐜?100.0%, 缂撳瓨鍛戒腑 21.5%, 鏁版嵁鎹熷け 45.9%, 缂撳瓨娣樻卑鐜?0.0%
馃攳 杩佺Щ缁熻: 鎵ц6娆? 鎴愬姛6娆? 鎴愬姛鐜?00.0%
[璋冭瘯] Episode 0010: 寤惰繜 0.773s, 鑳借€?2642.01J, 瀹屾垚鐜?90.4%, 杩佺Щ鎴愬姛鐜?100.0%, 缂撳瓨鍛戒腑 22.1%, 鏁版嵁鎹熷け 45.8%, 缂撳瓨娣樻卑鐜?0.0%
馃攳 杩佺Щ缁熻: 鎵ц6娆? 鎴愬姛6娆? 鎴愬姛鐜?00.0%
[璋冭瘯] Episode 0010: 寤惰繜 0.778s, 鑳借€?2642.22J, 瀹屾垚鐜?90.4%, 杩佺Щ鎴愬姛鐜?100.0%, 缂撳瓨鍛戒腑 22.1%, 鏁版嵁鎹熷け 45.8%, 缂撳瓨娣樻卑鐜?0.0%
浠诲姟鍒嗙被缁熻(300): 绫诲瀷1=0.0%, 绫诲瀷2=9.0%, 绫诲瀷3=40.7%, 绫诲瀷4=50.3%
   褰撳墠浠诲姟: navigation_0007, 3.31s 鈫?绫诲瀷3, 鏁版嵁0.43MB
   馃捑 缂撳瓨缁熻: 鍛戒腑鐜?22.05% (鎬诲懡涓?116, 鏈湴:0, 鏈懡涓?410)
馃攳 杩佺Щ缁熻: 鎵ц6娆? 鎴愬姛6娆? 鎴愬姛鐜?00.0%
[璋冭瘯] Episode 0010: 寤惰繜 0.774s, 鑳借€?2647.41J, 瀹屾垚鐜?90.5%, 杩佺Щ鎴愬姛鐜?100.0%, 缂撳瓨鍛戒腑 22.0%, 鏁版嵁鎹熷け 45.7%, 缂撳瓨娣樻卑鐜?0.0%
馃攳 杩佺Щ缁熻: 鎵ц6娆? 鎴愬姛6娆? 鎴愬姛鐜?00.0%
[璋冭瘯] Episode 0010: 寤惰繜 0.772s, 鑳借€?2649.00J, 瀹屾垚鐜?90.6%, 杩佺Щ鎴愬姛鐜?100.0%, 缂撳瓨鍛戒腑 22.4%, 鏁版嵁鎹熷け 45.6%, 缂撳瓨娣樻卑鐜?0.0%
馃攳 杩佺Щ缁熻: 鎵ц6娆? 鎴愬姛6娆? 鎴愬姛鐜?00.0%
[璋冭瘯] Episode 0010: 寤惰繜 0.764s, 鑳借€?2668.47J, 瀹屾垚鐜?90.7%, 杩佺Щ鎴愬姛鐜?100.0%, 缂撳瓨鍛戒腑 22.8%, 鏁版嵁鎹熷け 45.6%, 缂撳瓨娣樻卑鐜?0.0%
馃攳 杩佺Щ缁熻: 鎵ц6娆? 鎴愬姛6娆? 鎴愬姛鐜?00.0%
[璋冭瘯] Episode 0010: 寤惰繜 0.768s, 鑳借€?2685.72J, 瀹屾垚鐜?90.8%, 杩佺Щ鎴愬姛鐜?100.0%, 缂撳瓨鍛戒腑 22.7%, 鏁版嵁鎹熷け 45.5%, 缂撳瓨娣樻卑鐜?0.0%
[VehicleMigration] handover #1: vehicle V_7 task task_312 RSU_3 -> RSU_2
   Trigger: distance 284.7m > threshold 273.5m (speed 17.7 m/s)
   Score: 444.7 -> 184.8 (improvement 58.4%)
   Queue trend: RSU_3: 2 -> 1, RSU_2: 0 -> 1
[Migration] Executed 1 vehicle-following migrations.
馃攳 杩佺Щ缁熻: 鎵ц7娆? 鎴愬姛7娆? 鎴愬姛鐜?00.0%
[璋冭瘯] Episode 0010: 寤惰繜 0.772s, 鑳借€?2686.07J, 瀹屾垚鐜?90.8%, 杩佺Щ鎴愬姛鐜?100.0%, 缂撳瓨鍛戒腑 23.0%, 鏁版嵁鎹熷け 45.5%, 缂撳瓨娣樻卑鐜?0.0%
馃攳 杩佺Щ缁熻: 鎵ц7娆? 鎴愬姛7娆? 鎴愬姛鐜?00.0%
[璋冭瘯] Episode 0010: 寤惰繜 0.777s, 鑳借€?2693.15J, 瀹屾垚鐜?90.8%, 杩佺Щ鎴愬姛鐜?100.0%, 缂撳瓨鍛戒腑 22.9%, 鏁版嵁鎹熷け 45.4%, 缂撳瓨娣樻卑鐜?0.0%
馃攳 杩佺Щ缁熻: 鎵ц7娆? 鎴愬姛7娆? 鎴愬姛鐜?00.0%
[璋冭瘯] Episode 0010: 寤惰繜 0.762s, 鑳借€?2739.53J, 瀹屾垚鐜?91.0%, 杩佺Щ鎴愬姛鐜?100.0%, 缂撳瓨鍛戒腑 23.1%, 鏁版嵁鎹熷け 45.3%, 缂撳瓨娣樻卑鐜?0.0%
馃攳 杩佺Щ缁熻: 鎵ц7娆? 鎴愬姛7娆? 鎴愬姛鐜?00.0%
[璋冭瘯] Episode 0010: 寤惰繜 0.756s, 鑳借€?2777.94J, 瀹屾垚鐜?91.1%, 杩佺Щ鎴愬姛鐜?100.0%, 缂撳瓨鍛戒腑 23.0%, 鏁版嵁鎹熷け 45.3%, 缂撳瓨娣樻卑鐜?0.0%
馃攳 杩佺Щ缁熻: 鎵ц7娆? 鎴愬姛7娆? 鎴愬姛鐜?00.0%
[璋冭瘯] Episode 0010: 寤惰繜 0.755s, 鑳借€?2789.12J, 瀹屾垚鐜?91.1%, 杩佺Щ鎴愬姛鐜?100.0%, 缂撳瓨鍛戒腑 23.1%, 鏁版嵁鎹熷け 45.3%, 缂撳瓨娣樻卑鐜?0.0%
馃攳 杩佺Щ缁熻: 鎵ц7娆? 鎴愬姛7娆? 鎴愬姛鐜?00.0%
[璋冭瘯] Episode 0010: 寤惰繜 0.745s, 鑳借€?2822.91J, 瀹屾垚鐜?91.2%, 杩佺Щ鎴愬姛鐜?100.0%, 缂撳瓨鍛戒腑 23.5%, 鏁版嵁鎹熷け 45.2%, 缂撳瓨娣樻卑鐜?0.0%
馃攳 杩佺Щ缁熻: 鎵ц7娆? 鎴愬姛7娆? 鎴愬姛鐜?00.0%
[璋冭瘯] Episode 0010: 寤惰繜 0.742s, 鑳借€?2844.53J, 瀹屾垚鐜?91.3%, 杩佺Щ鎴愬姛鐜?100.0%, 缂撳瓨鍛戒腑 23.7%, 鏁版嵁鎹熷け 40.5%, 缂撳瓨娣樻卑鐜?0.0%
馃攳 杩佺Щ缁熻: 鎵ц7娆? 鎴愬姛7娆? 鎴愬姛鐜?00.0%
[璋冭瘯] Episode 0010: 寤惰繜 0.742s, 鑳借€?2844.53J, 瀹屾垚鐜?91.3%, 杩佺Щ鎴愬姛鐜?100.0%, 缂撳瓨鍛戒腑 23.7%, 鏁版嵁鎹熷け 40.5%, 缂撳瓨娣樻卑鐜?0.0%
馃攳 杩佺Щ缁熻: 鎵ц7娆? 鎴愬姛7娆? 鎴愬姛鐜?00.0%
[璋冭瘯] Episode 0010: 寤惰繜 0.733s, 鑳借€?2881.25J, 瀹屾垚鐜?91.4%, 杩佺Щ鎴愬姛鐜?100.0%, 缂撳瓨鍛戒腑 24.0%, 鏁版嵁鎹熷け 40.5%, 缂撳瓨娣樻卑鐜?0.0%
馃攳 杩佺Щ缁熻: 鎵ц7娆? 鎴愬姛7娆? 鎴愬姛鐜?00.0%
[璋冭瘯] Episode 0010: 寤惰繜 0.733s, 鑳借€?2881.25J, 瀹屾垚鐜?91.4%, 杩佺Щ鎴愬姛鐜?100.0%, 缂撳瓨鍛戒腑 24.0%, 鏁版嵁鎹熷け 40.5%, 缂撳瓨娣樻卑鐜?0.0%
馃攳 杩佺Щ缁熻: 鎵ц7娆? 鎴愬姛7娆? 鎴愬姛鐜?00.0%
[璋冭瘯] Episode 0010: 寤惰繜 0.731s, 鑳借€?2881.25J, 瀹屾垚鐜?91.5%, 杩佺Щ鎴愬姛鐜?100.0%, 缂撳瓨鍛戒腑 24.3%, 鏁版嵁鎹熷け 40.5%, 缂撳瓨娣樻卑鐜?0.0%
馃攳 杩佺Щ缁熻: 鎵ц7娆? 鎴愬姛7娆? 鎴愬姛鐜?00.0%
[璋冭瘯] Episode 0010: 寤惰繜 0.732s, 鑳借€?2881.45J, 瀹屾垚鐜?91.5%, 杩佺Щ鎴愬姛鐜?100.0%, 缂撳瓨鍛戒腑 24.4%, 鏁版嵁鎹熷け 40.4%, 缂撳瓨娣樻卑鐜?0.0%
馃攳 杩佺Щ缁熻: 鎵ц7娆? 鎴愬姛7娆? 鎴愬姛鐜?00.0%
[璋冭瘯] Episode 0010: 寤惰繜 0.728s, 鑳借€?2882.59J, 瀹屾垚鐜?91.5%, 杩佺Щ鎴愬姛鐜?100.0%, 缂撳瓨鍛戒腑 24.6%, 鏁版嵁鎹熷け 40.4%, 缂撳瓨娣樻卑鐜?0.0%
馃攳 杩佺Щ缁熻: 鎵ц7娆? 鎴愬姛7娆? 鎴愬姛鐜?00.0%
[璋冭瘯] Episode 0010: 寤惰繜 0.719s, 鑳借€?2916.33J, 瀹屾垚鐜?91.6%, 杩佺Щ鎴愬姛鐜?100.0%, 缂撳瓨鍛戒腑 25.1%, 鏁版嵁鎹熷け 40.3%, 缂撳瓨娣樻卑鐜?0.0%
馃攳 杩佺Щ缁熻: 鎵ц7娆? 鎴愬姛7娆? 鎴愬姛鐜?00.0%
[璋冭瘯] Episode 0010: 寤惰繜 0.724s, 鑳借€?2916.62J, 瀹屾垚鐜?91.6%, 杩佺Щ鎴愬姛鐜?100.0%, 缂撳瓨鍛戒腑 25.0%, 鏁版嵁鎹熷け 39.2%, 缂撳瓨娣樻卑鐜?0.0%
馃攳 杩佺Щ缁熻: 鎵ц7娆? 鎴愬姛7娆? 鎴愬姛鐜?00.0%
[璋冭瘯] Episode 0010: 寤惰繜 0.719s, 鑳借€?2916.63J, 瀹屾垚鐜?91.7%, 杩佺Щ鎴愬姛鐜?100.0%, 缂撳瓨鍛戒腑 25.5%, 鏁版嵁鎹熷け 39.2%, 缂撳瓨娣樻卑鐜?0.0%
馃攳 杩佺Щ缁熻: 鎵ц7娆? 鎴愬姛7娆? 鎴愬姛鐜?00.0%
[璋冭瘯] Episode 0010: 寤惰繜 0.719s, 鑳借€?2916.63J, 瀹屾垚鐜?91.7%, 杩佺Щ鎴愬姛鐜?100.0%, 缂撳瓨鍛戒腑 25.5%, 鏁版嵁鎹熷け 39.2%, 缂撳瓨娣樻卑鐜?0.0%
[VehicleMigration] handover #1: vehicle V_8 task task_4 RSU_2 -> RSU_3
   Trigger: distance 279.7m > threshold 278.6m (speed 14.2 m/s)
   Score: 409.7 -> 179.8 (improvement 56.1%)
   Queue trend: RSU_2: 1 -> 1, RSU_3: 0 -> 1
[Migration] Executed 1 vehicle-following migrations.
馃攳 杩佺Щ缁熻: 鎵ц8娆? 鎴愬姛8娆? 鎴愬姛鐜?00.0%
[璋冭瘯] Episode 0010: 寤惰繜 0.715s, 鑳借€?2940.51J, 瀹屾垚鐜?91.5%, 杩佺Щ鎴愬姛鐜?100.0%, 缂撳瓨鍛戒腑 25.4%, 鏁版嵁鎹熷け 39.1%, 缂撳瓨娣樻卑鐜?0.0%
馃攳 杩佺Щ缁熻: 鎵ц8娆? 鎴愬姛8娆? 鎴愬姛鐜?00.0%
[璋冭瘯] Episode 0010: 寤惰繜 0.711s, 鑳借€?2960.47J, 瀹屾垚鐜?91.5%, 杩佺Щ鎴愬姛鐜?100.0%, 缂撳瓨鍛戒腑 25.4%, 鏁版嵁鎹熷け 39.1%, 缂撳瓨娣樻卑鐜?0.0%
馃攳 杩佺Щ缁熻: 鎵ц8娆? 鎴愬姛8娆? 鎴愬姛鐜?00.0%
[璋冭瘯] Episode 0010: 寤惰繜 0.711s, 鑳借€?2960.47J, 瀹屾垚鐜?91.5%, 杩佺Щ鎴愬姛鐜?100.0%, 缂撳瓨鍛戒腑 25.4%, 鏁版嵁鎹熷け 39.1%, 缂撳瓨娣樻卑鐜?0.0%
馃攳 杩佺Щ缁熻: 鎵ц8娆? 鎴愬姛8娆? 鎴愬姛鐜?00.0%
[璋冭瘯] Episode 0010: 寤惰繜 0.708s, 鑳借€?3005.11J, 瀹屾垚鐜?91.4%, 杩佺Щ鎴愬姛鐜?100.0%, 缂撳瓨鍛戒腑 25.5%, 鏁版嵁鎹熷け 39.0%, 缂撳瓨娣樻卑鐜?0.0%
馃攳 杩佺Щ缁熻: 鎵ц8娆? 鎴愬姛8娆? 鎴愬姛鐜?00.0%
[璋冭瘯] Episode 0010: 寤惰繜 0.710s, 鑳借€?3016.37J, 瀹屾垚鐜?91.4%, 杩佺Щ鎴愬姛鐜?100.0%, 缂撳瓨鍛戒腑 25.3%, 鏁版嵁鎹熷け 38.9%, 缂撳瓨娣樻卑鐜?0.0%
馃攳 杩佺Щ缁熻: 鎵ц8娆? 鎴愬姛8娆? 鎴愬姛鐜?00.0%
[璋冭瘯] Episode 0010: 寤惰繜 0.708s, 鑳借€?3036.34J, 瀹屾垚鐜?91.5%, 杩佺Щ鎴愬姛鐜?100.0%, 缂撳瓨鍛戒腑 25.3%, 鏁版嵁鎹熷け 38.9%, 缂撳瓨娣樻卑鐜?0.0%
馃攳 杩佺Щ缁熻: 鎵ц8娆? 鎴愬姛8娆? 鎴愬姛鐜?00.0%
[璋冭瘯] Episode 0010: 寤惰繜 0.706s, 鑳借€?3066.89J, 瀹屾垚鐜?91.5%, 杩佺Щ鎴愬姛鐜?100.0%, 缂撳瓨鍛戒腑 25.4%, 鏁版嵁鎹熷け 35.2%, 缂撳瓨娣樻卑鐜?0.0%
馃攳 杩佺Щ缁熻: 鎵ц8娆? 鎴愬姛8娆? 鎴愬姛鐜?00.0%
[璋冭瘯] Episode 0010: 寤惰繜 0.700s, 鑳借€?3078.05J, 瀹屾垚鐜?91.6%, 杩佺Щ鎴愬姛鐜?100.0%, 缂撳瓨鍛戒腑 25.3%, 鏁版嵁鎹熷け 35.2%, 缂撳瓨娣樻卑鐜?0.0%
馃攳 杩佺Щ缁熻: 鎵ц8娆? 鎴愬姛8娆? 鎴愬姛鐜?00.0%
[璋冭瘯] Episode 0010: 寤惰繜 0.692s, 鑳借€?3125.07J, 瀹屾垚鐜?91.8%, 杩佺Щ鎴愬姛鐜?100.0%, 缂撳瓨鍛戒腑 25.7%, 鏁版嵁鎹熷け 35.1%, 缂撳瓨娣樻卑鐜?0.0%
馃攳 杩佺Щ缁熻: 鎵ц8娆? 鎴愬姛8娆? 鎴愬姛鐜?00.0%
[璋冭瘯] Episode 0010: 寤惰繜 0.684s, 鑳借€?3147.45J, 瀹屾垚鐜?91.8%, 杩佺Щ鎴愬姛鐜?100.0%, 缂撳瓨鍛戒腑 26.2%, 鏁版嵁鎹熷け 35.1%, 缂撳瓨娣樻卑鐜?0.0%
[VehicleMigration] handover #1: vehicle V_8 task task_375 RSU_2 -> RSU_3
   Trigger: distance 292.5m > threshold 281.2m (speed 12.5 m/s)
   Score: 422.5 -> 222.6 (improvement 47.3%)
   Queue trend: RSU_2: 1 -> 0, RSU_3: 1 -> 2
[Migration] Executed 1 vehicle-following migrations.
馃攳 杩佺Щ缁熻: 鎵ц9娆? 鎴愬姛9娆? 鎴愬姛鐜?00.0%
[璋冭瘯] Episode 0010: 寤惰繜 0.683s, 鑳借€?3167.26J, 瀹屾垚鐜?91.9%, 杩佺Щ鎴愬姛鐜?100.0%, 缂撳瓨鍛戒腑 26.2%, 鏁版嵁鎹熷け 35.0%, 缂撳瓨娣樻卑鐜?0.0%
[VehicleMigration] handover #1: vehicle V_8 task task_380 RSU_2 -> RSU_3
   Trigger: distance 293.7m > threshold 281.0m (speed 12.7 m/s)
   Score: 423.7 -> 253.8 (improvement 40.1%)
   Queue trend: RSU_2: 1 -> 0, RSU_3: 2 -> 3
[Migration] Executed 1 vehicle-following migrations.
馃攳 杩佺Щ缁熻: 鎵ц10娆? 鎴愬姛10娆? 鎴愬姛鐜?00.0%
[璋冭瘯] Episode 0010: 寤惰繜 0.674s, 鑳借€?3197.46J, 瀹屾垚鐜?91.7%, 杩佺Щ鎴愬姛鐜?100.0%, 缂撳瓨鍛戒腑 26.7%, 鏁版嵁鎹熷け 37.2%, 缂撳瓨娣樻卑鐜?0.0%
馃攳 杩佺Щ缁熻: 鎵ц10娆? 鎴愬姛10娆? 鎴愬姛鐜?00.0%
[璋冭瘯] Episode 0010: 寤惰繜 0.670s, 鑳借€?3197.47J, 瀹屾垚鐜?91.5%, 杩佺Щ鎴愬姛鐜?100.0%, 缂撳瓨鍛戒腑 27.0%, 鏁版嵁鎹熷け 41.3%, 缂撳瓨娣樻卑鐜?0.0%
馃攳 杩佺Щ缁熻: 鎵ц10娆? 鎴愬姛10娆? 鎴愬姛鐜?00.0%
[璋冭瘯] Episode 0010: 寤惰繜 0.673s, 鑳借€?3197.63J, 瀹屾垚鐜?91.5%, 杩佺Щ鎴愬姛鐜?100.0%, 缂撳瓨鍛戒腑 26.8%, 鏁版嵁鎹熷け 41.2%, 缂撳瓨娣樻卑鐜?0.0%
馃攳 杩佺Щ缁熻: 鎵ц10娆? 鎴愬姛10娆? 鎴愬姛鐜?00.0%
[璋冭瘯] Episode 0010: 寤惰繜 0.669s, 鑳借€?3225.18J, 瀹屾垚鐜?91.6%, 杩佺Щ鎴愬姛鐜?100.0%, 缂撳瓨鍛戒腑 26.8%, 鏁版嵁鎹熷け 41.2%, 缂撳瓨娣樻卑鐜?0.0%
馃攳 杩佺Щ缁熻: 鎵ц10娆? 鎴愬姛10娆? 鎴愬姛鐜?00.0%
[璋冭瘯] Episode 0010: 寤惰繜 0.664s, 鑳借€?3263.07J, 瀹屾垚鐜?91.7%, 杩佺Щ鎴愬姛鐜?100.0%, 缂撳瓨鍛戒腑 26.8%, 鏁版嵁鎹熷け 41.2%, 缂撳瓨娣樻卑鐜?0.0%
馃攳 杩佺Щ缁熻: 鎵ц10娆? 鎴愬姛10娆? 鎴愬姛鐜?00.0%
[璋冭瘯] Episode 0010: 寤惰繜 1.093s, 鑳借€?4139.57J, 瀹屾垚鐜?91.8%, 杩佺Щ鎴愬姛鐜?100.0%, 缂撳瓨鍛戒腑 27.2%, 鏁版嵁鎹熷け 37.2%, 缂撳瓨娣樻卑鐜?0.0%
[VehicleMigration] handover #1: vehicle V_8 task task_4 RSU_3 -> RSU_0
   Trigger: distance 899.1m > threshold 281.4m (speed 12.4 m/s)
   Score: 1029.1 -> 549.1 (improvement 46.6%)
   Queue trend: RSU_3: 1 -> 1, RSU_0: 5 -> 6
[VehicleMigration] handover #2: vehicle V_8 task task_375 RSU_3 -> RSU_0
   Trigger: distance 899.1m > threshold 281.4m (speed 12.4 m/s)
   Score: 1029.1 -> 579.1 (improvement 43.7%)
   Queue trend: RSU_3: 1 -> 1, RSU_0: 6 -> 7
[VehicleMigration] handover #3: vehicle V_8 task task_380 RSU_3 -> RSU_0
   Trigger: distance 899.1m > threshold 281.4m (speed 12.4 m/s)
   Score: 1029.1 -> 609.1 (improvement 40.8%)
   Queue trend: RSU_3: 1 -> 1, RSU_0: 7 -> 8
[Migration] Executed 3 vehicle-following migrations.
馃攳 杩佺Щ缁熻: 鎵ц13娆? 鎴愬姛13娆? 鎴愬姛鐜?00.0%
[璋冭瘯] Episode 0010: 寤惰繜 1.094s, 鑳借€?4140.26J, 瀹屾垚鐜?91.6%, 杩佺Щ鎴愬姛鐜?100.0%, 缂撳瓨鍛戒腑 27.1%, 鏁版嵁鎹熷け 37.1%, 缂撳瓨娣樻卑鐜?0.0%
浠诲姟鍒嗙被缁熻(400): 绫诲瀷1=0.0%, 绫诲瀷2=9.0%, 绫诲瀷3=38.5%, 绫诲瀷4=52.5%
   褰撳墠浠诲姟: navigation_0005, 1.88s 鈫?绫诲瀷3, 鏁版嵁0.45MB
   馃捑 缂撳瓨缁熻: 鍛戒腑鐜?27.01% (鎬诲懡涓?188, 鏈湴:0, 鏈懡涓?508)
馃攳 杩佺Щ缁熻: 鎵ц13娆? 鎴愬姛13娆? 鎴愬姛鐜?00.0%
[璋冭瘯] Episode 0010: 寤惰繜 1.086s, 鑳借€?4174.68J, 瀹屾垚鐜?91.6%, 杩佺Щ鎴愬姛鐜?100.0%, 缂撳瓨鍛戒腑 27.1%, 鏁版嵁鎹熷け 37.1%, 缂撳瓨娣樻卑鐜?0.0%
[VehicleMigration] handover #1: vehicle V_2 task task_396 RSU_0 -> RSU_1
   Trigger: distance 291.0m > threshold 290.3m (speed 6.5 m/s)
   Score: 601.0 -> 191.0 (improvement 68.2%)
   Queue trend: RSU_0: 7 -> 6, RSU_1: 0 -> 1
[Migration] Executed 1 vehicle-following migrations.
馃攳 杩佺Щ缁熻: 鎵ц14娆? 鎴愬姛14娆? 鎴愬姛鐜?00.0%
[璋冭瘯] Episode 0010: 寤惰繜 1.080s, 鑳借€?4189.39J, 瀹屾垚鐜?91.5%, 杩佺Щ鎴愬姛鐜?100.0%, 缂撳瓨鍛戒腑 27.3%, 鏁版嵁鎹熷け 37.1%, 缂撳瓨娣樻卑鐜?0.0%
馃攳 杩佺Щ缁熻: 鎵ц14娆? 鎴愬姛14娆? 鎴愬姛鐜?00.0%
INFO:werkzeug:127.0.0.1 - - [26/Nov/2025 14:44:19] "GET /socket.io/?EIO=4&transport=
polling&t=Pg-v-5g HTTP/1.1" 200 -
[璋冭瘯] Episode 0010: 寤惰繜 1.077s, 鑳借€?4189.61J, 瀹屾垚鐜?91.5%, 杩佺Щ鎴愬姛鐜?100.0%, 缂撳瓨鍛戒腑 27.8%, 鏁版嵁鎹熷け 37.0%, 缂撳瓨娣樻卑鐜?0.0%
馃攳 杩佺Щ缁熻: 鎵ц14娆? 鎴愬姛14娆? 鎴愬姛鐜?00.0%
[璋冭瘯] Episode 0010: 寤惰繜 1.072s, 鑳借€?4201.42J, 瀹屾垚鐜?91.3%, 杩佺Щ鎴愬姛鐜?100.0%, 缂撳瓨鍛戒腑 27.8%, 鏁版嵁鎹熷け 38.1%, 缂撳瓨娣樻卑鐜?0.0%
馃攳 杩佺Щ缁熻: 鎵ц14娆? 鎴愬姛14娆? 鎴愬姛鐜?00.0%
[璋冭瘯] Episode 0010: 寤惰繜 1.072s, 鑳借€?4201.51J, 瀹屾垚鐜?91.1%, 杩佺Щ鎴愬姛鐜?100.0%, 缂撳瓨鍛戒腑 27.8%, 鏁版嵁鎹熷け 45.4%, 缂撳瓨娣樻卑鐜?0.0%
馃攳 杩佺Щ缁熻: 鎵ц14娆? 鎴愬姛14娆? 鎴愬姛鐜?00.0%
[璋冭瘯] Episode 0010: 寤惰繜 1.060s, 鑳借€?4237.43J, 瀹屾垚鐜?91.2%, 杩佺Щ鎴愬姛鐜?100.0%, 缂撳瓨鍛戒腑 28.1%, 鏁版嵁鎹熷け 45.3%, 缂撳瓨娣樻卑鐜?0.0%
[VehicleMigration] handover #1: vehicle V_2 task task_414 RSU_0 -> RSU_1
   Trigger: distance 294.4m > threshold 289.9m (speed 6.7 m/s)
   Score: 484.4 -> 194.4 (improvement 59.9%)
   Queue trend: RSU_0: 3 -> 2, RSU_1: 0 -> 1
[Migration] Executed 1 vehicle-following migrations.
馃攳 杩佺Щ缁熻: 鎵ц15娆? 鎴愬姛15娆? 鎴愬姛鐜?00.0%
[璋冭瘯] Episode 0010: 寤惰繜 1.052s, 鑳借€?4264.67J, 瀹屾垚鐜?91.3%, 杩佺Щ鎴愬姛鐜?100.0%, 缂撳瓨鍛戒腑 28.1%, 鏁版嵁鎹熷け 45.3%, 缂撳瓨娣樻卑鐜?0.0%
馃攳 杩佺Щ缁熻: 鎵ц15娆? 鎴愬姛15娆? 鎴愬姛鐜?00.0%
[璋冭瘯] Episode 0010: 寤惰繜 1.039s, 鑳借€?4264.67J, 瀹屾垚鐜?91.4%, 杩佺Щ鎴愬姛鐜?100.0%, 缂撳瓨鍛戒腑 29.1%, 鏁版嵁鎹熷け 45.2%, 缂撳瓨娣樻卑鐜?0.0%
馃攳 杩佺Щ缁熻: 鎵ц15娆? 鎴愬姛15娆? 鎴愬姛鐜?00.0%
[璋冭瘯] Episode 0010: 寤惰繜 1.034s, 鑳借€?4284.49J, 瀹屾垚鐜?91.4%, 杩佺Щ鎴愬姛鐜?100.0%, 缂撳瓨鍛戒腑 29.3%, 鏁版嵁鎹熷け 45.1%, 缂撳瓨娣樻卑鐜?0.0%
馃攳 杩佺Щ缁熻: 鎵ц15娆? 鎴愬姛15娆? 鎴愬姛鐜?00.0%
[璋冭瘯] Episode 0010: 寤惰繜 1.031s, 鑳借€?4298.63J, 瀹屾垚鐜?91.5%, 杩佺Щ鎴愬姛鐜?100.0%, 缂撳瓨鍛戒腑 29.2%, 鏁版嵁鎹熷け 45.1%, 缂撳瓨娣樻卑鐜?0.0%
馃攳 杩佺Щ缁熻: 鎵ц15娆? 鎴愬姛15娆? 鎴愬姛鐜?00.0%
[璋冭瘯] Episode 0010: 寤惰繜 1.016s, 鑳借€?4316.05J, 瀹屾垚鐜?91.6%, 杩佺Щ鎴愬姛鐜?100.0%, 缂撳瓨鍛戒腑 29.7%, 鏁版嵁鎹熷け 45.1%, 缂撳瓨娣樻卑鐜?0.0%
馃攳 杩佺Щ缁熻: 鎵ц15娆? 鎴愬姛15娆? 鎴愬姛鐜?00.0%
[璋冭瘯] Episode 0010: 寤惰繜 1.013s, 鑳借€?4338.05J, 瀹屾垚鐜?91.7%, 杩佺Щ鎴愬姛鐜?100.0%, 缂撳瓨鍛戒腑 29.6%, 鏁版嵁鎹熷け 45.0%, 缂撳瓨娣樻卑鐜?0.0%
馃攳 杩佺Щ缁熻: 鎵ц15娆? 鎴愬姛15娆? 鎴愬姛鐜?00.0%
[璋冭瘯] Episode 0010: 寤惰繜 1.011s, 鑳借€?4345.58J, 瀹屾垚鐜?91.7%, 杩佺Щ鎴愬姛鐜?100.0%, 缂撳瓨鍛戒腑 29.6%, 鏁版嵁鎹熷け 45.0%, 缂撳瓨娣樻卑鐜?0.0%
馃攳 杩佺Щ缁熻: 鎵ц15娆? 鎴愬姛15娆? 鎴愬姛鐜?00.0%
[璋冭瘯] Episode 0010: 寤惰繜 1.009s, 鑳借€?4352.04J, 瀹屾垚鐜?91.7%, 杩佺Щ鎴愬姛鐜?100.0%, 缂撳瓨鍛戒腑 29.6%, 鏁版嵁鎹熷け 44.9%, 缂撳瓨娣樻卑鐜?0.0%
馃攳 杩佺Щ缁熻: 鎵ц15娆? 鎴愬姛15娆? 鎴愬姛鐜?00.0%
[璋冭瘯] Episode 0010: 寤惰繜 1.000s, 鑳借€?4372.83J, 瀹屾垚鐜?91.8%, 杩佺Щ鎴愬姛鐜?100.0%, 缂撳瓨鍛戒腑 29.9%, 鏁版嵁鎹熷け 44.2%, 缂撳瓨娣樻卑鐜?0.0%
馃攳 杩佺Щ缁熻: 鎵ц15娆? 鎴愬姛15娆? 鎴愬姛鐜?00.0%
[璋冭瘯] Episode 0010: 寤惰繜 0.996s, 鑳借€?4392.65J, 瀹屾垚鐜?91.9%, 杩佺Щ鎴愬姛鐜?100.0%, 缂撳瓨鍛戒腑 29.9%, 鏁版嵁鎹熷け 44.1%, 缂撳瓨娣樻卑鐜?0.0%
馃攳 杩佺Щ缁熻: 鎵ц15娆? 鎴愬姛15娆? 鎴愬姛鐜?00.0%
[璋冭瘯] Episode 0010: 寤惰繜 0.990s, 鑳借€?4409.95J, 瀹屾垚鐜?91.7%, 杩佺Щ鎴愬姛鐜?100.0%, 缂撳瓨鍛戒腑 29.9%, 鏁版嵁鎹熷け 43.4%, 缂撳瓨娣樻卑鐜?0.0%
馃攳 杩佺Щ缁熻: 鎵ц15娆? 鎴愬姛15娆? 鎴愬姛鐜?00.0%
[璋冭瘯] Episode 0010: 寤惰繜 0.985s, 鑳借€?4425.05J, 瀹屾垚鐜?91.8%, 杩佺Щ鎴愬姛鐜?100.0%, 缂撳瓨鍛戒腑 30.1%, 鏁版嵁鎹熷け 43.4%, 缂撳瓨娣樻卑鐜?0.0%
馃攳 杩佺Щ缁熻: 鎵ц15娆? 鎴愬姛15娆? 鎴愬姛鐜?00.0%
[璋冭瘯] Episode 0010: 寤惰繜 0.980s, 鑳借€?4425.06J, 瀹屾垚鐜?91.8%, 杩佺Щ鎴愬姛鐜?100.0%, 缂撳瓨鍛戒腑 30.4%, 鏁版嵁鎹熷け 43.4%, 缂撳瓨娣樻卑鐜?0.0%
馃攳 杩佺Щ缁熻: 鎵ц15娆? 鎴愬姛15娆? 鎴愬姛鐜?00.0%
[璋冭瘯] Episode 0010: 寤惰繜 0.973s, 鑳借€?4425.06J, 瀹屾垚鐜?91.6%, 杩佺Щ鎴愬姛鐜?100.0%, 缂撳瓨鍛戒腑 30.9%, 鏁版嵁鎹熷け 52.0%, 缂撳瓨娣樻卑鐜?0.0%
馃攳 杩佺Щ缁熻: 鎵ц15娆? 鎴愬姛15娆? 鎴愬姛鐜?00.0%
[璋冭瘯] Episode 0010: 寤惰繜 0.970s, 鑳借€?4453.83J, 瀹屾垚鐜?91.7%, 杩佺Щ鎴愬姛鐜?100.0%, 缂撳瓨鍛戒腑 30.8%, 鏁版嵁鎹熷け 51.1%, 缂撳瓨娣樻卑鐜?0.0%
馃攳 杩佺Щ缁熻: 鎵ц15娆? 鎴愬姛15娆? 鎴愬姛鐜?00.0%
[璋冭瘯] Episode 0010: 寤惰繜 0.969s, 鑳借€?4454.05J, 瀹屾垚鐜?91.7%, 杩佺Щ鎴愬姛鐜?100.0%, 缂撳瓨鍛戒腑 30.9%, 鏁版嵁鎹熷け 47.4%, 缂撳瓨娣樻卑鐜?0.0%
馃攳 杩佺Щ缁熻: 鎵ц15娆? 鎴愬姛15娆? 鎴愬姛鐜?00.0%
[璋冭瘯] Episode 0010: 寤惰繜 0.965s, 鑳借€?4461.69J, 瀹屾垚鐜?91.8%, 杩佺Щ鎴愬姛鐜?100.0%, 缂撳瓨鍛戒腑 31.0%, 鏁版嵁鎹熷け 47.4%, 缂撳瓨娣樻卑鐜?0.0%
[VehicleMigration] handover #1: vehicle V_2 task task_466 RSU_3 -> RSU_2
   Trigger: distance 296.1m > threshold 292.1m (speed 5.3 m/s)
   Score: 426.1 -> 226.1 (improvement 46.9%)
   Queue trend: RSU_3: 1 -> 0, RSU_2: 1 -> 2
[Migration] Executed 1 vehicle-following migrations.
馃攳 杩佺Щ缁熻: 鎵ц16娆? 鎴愬姛16娆? 鎴愬姛鐜?00.0%
[璋冭瘯] Episode 0010: 寤惰繜 0.967s, 鑳借€?4478.02J, 瀹屾垚鐜?91.8%, 杩佺Щ鎴愬姛鐜?100.0%, 缂撳瓨鍛戒腑 31.1%, 鏁版嵁鎹熷け 47.4%, 缂撳瓨娣樻卑鐜?0.0%
馃攳 杩佺Щ缁熻: 鎵ц16娆? 鎴愬姛16娆? 鎴愬姛鐜?00.0%
[璋冭瘯] Episode 0010: 寤惰繜 1.246s, 鑳借€?5151.67J, 瀹屾垚鐜?91.8%, 杩佺Щ鎴愬姛鐜?100.0%, 缂撳瓨鍛戒腑 31.3%, 鏁版嵁鎹熷け 44.5%, 缂撳瓨娣樻卑鐜?0.0%
馃攳 杩佺Щ缁熻: 鎵ц16娆? 鎴愬姛16娆? 鎴愬姛鐜?00.0%
[璋冭瘯] Episode 0010: 寤惰繜 1.236s, 鑳借€?5177.70J, 瀹屾垚鐜?91.9%, 杩佺Щ鎴愬姛鐜?100.0%, 缂撳瓨鍛戒腑 31.7%, 鏁版嵁鎹熷け 44.5%, 缂撳瓨娣樻卑鐜?0.0%
馃攳 杩佺Щ缁熻: 鎵ц16娆? 鎴愬姛16娆? 鎴愬姛鐜?00.0%
[璋冭瘯] Episode 0010: 寤惰繜 1.231s, 鑳借€?5187.70J, 瀹屾垚鐜?91.9%, 杩佺Щ鎴愬姛鐜?100.0%, 缂撳瓨鍛戒腑 31.8%, 鏁版嵁鎹熷け 44.5%, 缂撳瓨娣樻卑鐜?0.0%
馃攳 杩佺Щ缁熻: 鎵ц16娆? 鎴愬姛16娆? 鎴愬姛鐜?00.0%
[璋冭瘯] Episode 0010: 寤惰繜 1.226s, 鑳借€?5200.05J, 瀹屾垚鐜?92.0%, 杩佺Щ鎴愬姛鐜?100.0%, 缂撳瓨鍛戒腑 31.9%, 鏁版嵁鎹熷け 43.9%, 缂撳瓨娣樻卑鐜?0.0%
[VehicleMigration] handover #1: vehicle V_2 task task_481 RSU_3 -> RSU_2
   Trigger: distance 293.6m > threshold 292.5m (speed 5.0 m/s)
   Score: 483.6 -> 193.6 (improvement 60.0%)
   Queue trend: RSU_3: 3 -> 2, RSU_2: 0 -> 1
[VehicleMigration] handover #2: vehicle V_2 task task_482 RSU_3 -> RSU_2
   Trigger: distance 293.6m > threshold 292.5m (speed 5.0 m/s)
   Score: 453.6 -> 223.6 (improvement 50.7%)
   Queue trend: RSU_3: 2 -> 1, RSU_2: 1 -> 2
[Migration] Executed 2 vehicle-following migrations.
馃攳 杩佺Щ缁熻: 鎵ц18娆? 鎴愬姛18娆? 鎴愬姛鐜?00.0%
[璋冭瘯] Episode 0010: 寤惰繜 1.215s, 鑳借€?5209.96J, 瀹屾垚鐜?92.1%, 杩佺Щ鎴愬姛鐜?100.0%, 缂撳瓨鍛戒腑 32.2%, 鏁版嵁鎹熷け 43.8%, 缂撳瓨娣樻卑鐜?0.0%
馃攳 杩佺Щ缁熻: 鎵ц18娆? 鎴愬姛18娆? 鎴愬姛鐜?00.0%
[璋冭瘯] Episode 0010: 寤惰繜 1.207s, 鑳借€?5238.34J, 瀹屾垚鐜?92.1%, 杩佺Щ鎴愬姛鐜?100.0%, 缂撳瓨鍛戒腑 32.2%, 鏁版嵁鎹熷け 43.8%, 缂撳瓨娣樻卑鐜?0.0%
馃攳 杩佺Щ缁熻: 鎵ц18娆? 鎴愬姛18娆? 鎴愬姛鐜?00.0%
[璋冭瘯] Episode 0010: 寤惰繜 1.205s, 鑳借€?5245.17J, 瀹屾垚鐜?92.1%, 杩佺Щ鎴愬姛鐜?100.0%, 缂撳瓨鍛戒腑 32.2%, 鏁版嵁鎹熷け 43.7%, 缂撳瓨娣樻卑鐜?0.0%
馃攳 杩佺Щ缁熻: 鎵ц18娆? 鎴愬姛18娆? 鎴愬姛鐜?00.0%
[璋冭瘯] Episode 0010: 寤惰繜 1.190s, 鑳借€?5290.98J, 瀹屾垚鐜?92.2%, 杩佺Щ鎴愬姛鐜?100.0%, 缂撳瓨鍛戒腑 32.3%, 鏁版嵁鎹熷け 43.6%, 缂撳瓨娣樻卑鐜?0.0%
馃攳 杩佺Щ缁熻: 鎵ц18娆? 鎴愬姛18娆? 鎴愬姛鐜?00.0%
[璋冭瘯] Episode 0010: 寤惰繜 1.185s, 鑳借€?5321.18J, 瀹屾垚鐜?92.3%, 杩佺Щ鎴愬姛鐜?100.0%, 缂撳瓨鍛戒腑 32.4%, 鏁版嵁鎹熷け 43.6%, 缂撳瓨娣樻卑鐜?0.0%
馃攳 杩佺Щ缁熻: 鎵ц18娆? 鎴愬姛18娆? 鎴愬姛鐜?00.0%
[璋冭瘯] Episode 0010: 寤惰繜 1.185s, 鑳借€?5321.18J, 瀹屾垚鐜?92.3%, 杩佺Щ鎴愬姛鐜?100.0%, 缂撳瓨鍛戒腑 32.4%, 鏁版嵁鎹熷け 39.0%, 缂撳瓨娣樻卑鐜?0.0%
浠诲姟鍒嗙被缁熻(500): 绫诲瀷1=0.0%, 绫诲瀷2=9.4%, 绫诲瀷3=39.4%, 绫诲瀷4=51.2%
   褰撳墠浠诲姟: navigation_0010, 2.26s 鈫?绫诲瀷3, 鏁版嵁0.47MB
   馃捑 缂撳瓨缁熻: 鍛戒腑鐜?32.35% (鎬诲懡涓?284, 鏈湴:0, 鏈懡涓?594)
INFO:werkzeug:127.0.0.1 - - [26/Nov/2025 14:44:19] "POST /socket.io/?EIO=4&transport
=polling&t=Pg-v-Ag&sid=NfqTXdSFB-YwdK49AAAA HTTP/1.1" 200 -
INFO:werkzeug:127.0.0.1 - - [26/Nov/2025 14:44:19] "GET /socket.io/?EIO=4&transport=
polling&t=Pg-v-Ag.0&sid=NfqTXdSFB-YwdK49AAAA HTTP/1.1" 200 -
INFO:werkzeug:127.0.0.1 - - [26/Nov/2025 14:44:19] "GET /socket.io/?EIO=4&transport=
polling&t=Pg-v-BE HTTP/1.1" 200 -
INFO:werkzeug:127.0.0.1 - - [26/Nov/2025 14:44:19] "GET /socket.io/?EIO=4&transport=
polling&t=Pg-v-Fd&sid=NfqTXdSFB-YwdK49AAAA HTTP/1.1" 200 -
馃攳 杩佺Щ缁熻: 鎵ц18娆? 鎴愬姛18娆? 鎴愬姛鐜?00.0%
[璋冭瘯] Episode 0010: 寤惰繜 1.183s, 鑳借€?5335.16J, 瀹屾垚鐜?92.3%, 杩佺Щ鎴愬姛鐜?100.0%, 缂撳瓨鍛戒腑 32.3%, 鏁版嵁鎹熷け 38.6%, 缂撳瓨娣樻卑鐜?0.0%
瀹㈡埛绔凡杩炴帴
馃攳 杩佺Щ缁熻: 鎵ц18娆? 鎴愬姛18娆? 鎴愬姛鐜?00.0%
[璋冭瘯] Episode 0010: 寤惰繜 1.178s, 鑳借€?5349.00J, 瀹屾垚鐜?92.4%, 杩佺Щ鎴愬姛鐜?100.0%, 缂撳瓨鍛戒腑 32.4%, 鏁版嵁鎹熷け 38.6%, 缂撳瓨娣樻卑鐜?0.0%
馃攳 杩佺Щ缁熻: 鎵ц18娆? 鎴愬姛18娆? 鎴愬姛鐜?00.0%
[璋冭瘯] Episode 0010: 寤惰繜 1.169s, 鑳借€?5372.78J, 瀹屾垚鐜?92.4%, 杩佺Щ鎴愬姛鐜?100.0%, 缂撳瓨鍛戒腑 32.6%, 鏁版嵁鎹熷け 38.6%, 缂撳瓨娣樻卑鐜?0.0%
馃攳 杩佺Щ缁熻: 鎵ц18娆? 鎴愬姛18娆? 鎴愬姛鐜?00.0%
[璋冭瘯] Episode 0010: 寤惰繜 1.159s, 鑳借€?5372.78J, 瀹屾垚鐜?92.5%, 杩佺Щ鎴愬姛鐜?100.0%, 缂撳瓨鍛戒腑 33.1%, 鏁版嵁鎹熷け 38.5%, 缂撳瓨娣樻卑鐜?0.0%
杞﹁締鍒濆鍖栧畬鎴愶細涓诲共閬撳弻璺彛鍦烘櫙
鍒涘缓浜?12 杞﹁締, 4 RSU, 2 UAV
涓ぎRSU璋冨害鍣ㄥ凡鍚敤: RSU_2
[Topology] Central RSU configured as RSU_2 for coordination.
鍒濆鍖栦簡 6 涓紦瀛樼鐞嗗櫒
[璋冭瘯] Episode 0010: 寤惰繜 0.040s, 鑳借€?0.00J, 瀹屾垚鐜?50.0%, 杩佺Щ鎴愬姛鐜?0.0%, 缂撳瓨鍛戒腑 27.7%, 鏁版嵁鎹熷け 0.0%, 缂撳瓨娣樻卑鐜?0.0%
[璋冭瘯] Episode 0010: 寤惰繜 1.157s, 鑳借€?41.07J, 瀹屾垚鐜?100.0%, 杩佺Щ鎴愬姛鐜?0.0%, 缂撳瓨鍛戒腑 27.7%, 鏁版嵁鎹熷け 0.0%, 缂撳瓨娣樻卑鐜?0.0%
[璋冭瘯] Episode 0010: 寤惰繜 0.718s, 鑳借€?77.86J, 瀹屾垚鐜?100.0%, 杩佺Щ鎴愬姛鐜?0.0%, 缂撳瓨鍛戒腑 27.7%, 鏁版嵁鎹熷け 0.0%, 缂撳瓨娣樻卑鐜?0.0%
[璋冭瘯] Episode 0010: 寤惰繜 0.471s, 鑳借€?115.58J, 瀹屾垚鐜?100.0%, 杩佺Щ鎴愬姛鐜?0.0%, 缂撳瓨鍛戒腑 27.6%, 鏁版嵁鎹熷け 0.0%, 缂撳瓨娣樻卑鐜?0.0%
[VehicleMigration] handover #1: vehicle V_7 task task_16 RSU_0 -> RSU_1
   Trigger: distance 283.8m > threshold 283.7m (speed 10.8 m/s)
   Score: 503.8 -> 183.9 (improvement 63.5%)
   Queue trend: RSU_0: 4 -> 3, RSU_1: 0 -> 1
[Migration] Executed 1 vehicle-following migrations.
馃攳 杩佺Щ缁熻: 鎵ц1娆? 鎴愬姛1娆? 鎴愬姛鐜?00.0%
[璋冭瘯] Episode 0010: 寤惰繜 0.519s, 鑳借€?132.77J, 瀹屾垚鐜?100.0%, 杩佺Щ鎴愬姛鐜?100.0%, 缂撳瓨鍛戒腑 27.6%, 鏁版嵁鎹熷け 0.0%, 缂撳瓨娣樻卑鐜?0.0%
馃攳 杩佺Щ缁熻: 鎵ц1娆? 鎴愬姛1娆? 鎴愬姛鐜?00.0%
[璋冭瘯] Episode 0010: 寤惰繜 0.494s, 鑳借€?152.59J, 瀹屾垚鐜?100.0%, 杩佺Щ鎴愬姛鐜?100.0%, 缂撳瓨鍛戒腑 27.6%, 鏁版嵁鎹熷け 0.0%, 缂撳瓨娣樻卑鐜?0.0%
馃攳 杩佺Щ缁熻: 鎵ц1娆? 鎴愬姛1娆? 鎴愬姛鐜?00.0%
[璋冭瘯] Episode 0010: 寤惰繜 0.507s, 鑳借€?163.88J, 瀹屾垚鐜?100.0%, 杩佺Щ鎴愬姛鐜?100.0%, 缂撳瓨鍛戒腑 27.6%, 鏁版嵁鎹熷け 0.0%, 缂撳瓨娣樻卑鐜?0.0%
馃攳 杩佺Щ缁熻: 鎵ц1娆? 鎴愬姛1娆? 鎴愬姛鐜?00.0%
[璋冭瘯] Episode 0010: 寤惰繜 0.480s, 鑳借€?188.51J, 瀹屾垚鐜?100.0%, 杩佺Щ鎴愬姛鐜?100.0%, 缂撳瓨鍛戒腑 27.6%, 鏁版嵁鎹熷け 0.0%, 缂撳瓨娣樻卑鐜?0.0%
馃攳 杩佺Щ缁熻: 鎵ц1娆? 鎴愬姛1娆? 鎴愬姛鐜?00.0%
[璋冭瘯] Episode 0010: 寤惰繜 0.423s, 鑳借€?243.20J, 瀹屾垚鐜?100.0%, 杩佺Щ鎴愬姛鐜?100.0%, 缂撳瓨鍛戒腑 27.6%, 鏁版嵁鎹熷け 0.0%, 缂撳瓨娣樻卑鐜?0.0%
馃攳 杩佺Щ缁熻: 鎵ц1娆? 鎴愬姛1娆? 鎴愬姛鐜?00.0%
[璋冭瘯] Episode 0010: 寤惰繜 0.407s, 鑳借€?274.12J, 瀹屾垚鐜?95.2%, 杩佺Щ鎴愬姛鐜?100.0%, 缂撳瓨鍛戒腑 27.5%, 鏁版嵁鎹熷け 0.1%, 缂撳瓨娣樻卑鐜?0.0%
馃攳 杩佺Щ缁熻: 鎵ц1娆? 鎴愬姛1娆? 鎴愬姛鐜?00.0%
[璋冭瘯] Episode 0010: 寤惰繜 0.394s, 鑳借€?293.94J, 瀹屾垚鐜?95.5%, 杩佺Щ鎴愬姛鐜?100.0%, 缂撳瓨鍛戒腑 27.5%, 鏁版嵁鎹熷け 0.1%, 缂撳瓨娣樻卑鐜?0.0%
馃攳 杩佺Щ缁熻: 鎵ц1娆? 鎴愬姛1娆? 鎴愬姛鐜?00.0%
[璋冭瘯] Episode 0010: 寤惰繜 0.382s, 鑳借€?311.30J, 瀹屾垚鐜?95.7%, 杩佺Щ鎴愬姛鐜?100.0%, 缂撳瓨鍛戒腑 27.5%, 鏁版嵁鎹熷け 0.1%, 缂撳瓨娣樻卑鐜?0.0%
[VehicleMigration] handover #1: vehicle V_7 task task_36 RSU_0 -> RSU_2
   Trigger: distance 293.1m > threshold 281.2m (speed 12.6 m/s)
   Score: 723.1 -> 237.0 (improvement 67.2%)
   Queue trend: RSU_0: 11 -> 10, RSU_2: 1 -> 2
[Migration] Executed 1 vehicle-following migrations.
馃攳 杩佺Щ缁熻: 鎵ц2娆? 鎴愬姛2娆? 鎴愬姛鐜?00.0%
[璋冭瘯] Episode 0010: 寤惰繜 0.457s, 鑳借€?327.60J, 瀹屾垚鐜?96.2%, 杩佺Щ鎴愬姛鐜?100.0%, 缂撳瓨鍛戒腑 27.5%, 鏁版嵁鎹熷け 0.1%, 缂撳瓨娣樻卑鐜?0.0%
馃攳 杩佺Щ缁熻: 鎵ц2娆? 鎴愬姛2娆? 鎴愬姛鐜?00.0%
[璋冭瘯] Episode 0010: 寤惰繜 0.477s, 鑳借€?358.46J, 瀹屾垚鐜?96.6%, 杩佺Щ鎴愬姛鐜?100.0%, 缂撳瓨鍛戒腑 27.5%, 鏁版嵁鎹熷け 0.1%, 缂撳瓨娣樻卑鐜?0.0%
馃攳 杩佺Щ缁熻: 鎵ц2娆? 鎴愬姛2娆? 鎴愬姛鐜?00.0%
[璋冭瘯] Episode 0010: 寤惰繜 0.496s, 鑳借€?374.97J, 瀹屾垚鐜?96.8%, 杩佺Щ鎴愬姛鐜?100.0%, 缂撳瓨鍛戒腑 27.5%, 鏁版嵁鎹熷け 0.1%, 缂撳瓨娣樻卑鐜?0.0%
馃攳 杩佺Щ缁熻: 鎵ц2娆? 鎴愬姛2娆? 鎴愬姛鐜?00.0%
[璋冭瘯] Episode 0010: 寤惰繜 0.477s, 鑳借€?438.40J, 瀹屾垚鐜?97.3%, 杩佺Щ鎴愬姛鐜?100.0%, 缂撳瓨鍛戒腑 27.5%, 鏁版嵁鎹熷け 0.1%, 缂撳瓨娣樻卑鐜?0.0%
[VehicleMigration] handover #1: vehicle V_7 task task_50 RSU_0 -> RSU_1
   Trigger: distance 298.4m > threshold 280.2m (speed 13.2 m/s)
   Score: 638.4 -> 258.4 (improvement 59.5%)
   Queue trend: RSU_0: 8 -> 7, RSU_1: 2 -> 3
[Migration] Executed 1 vehicle-following migrations.
馃攳 杩佺Щ缁熻: 鎵ц3娆? 鎴愬姛3娆? 鎴愬姛鐜?00.0%
[璋冭瘯] Episode 0010: 寤惰繜 0.524s, 鑳借€?469.77J, 瀹屾垚鐜?97.4%, 杩佺Щ鎴愬姛鐜?100.0%, 缂撳瓨鍛戒腑 27.4%, 鏁版嵁鎹熷け 0.0%, 缂撳瓨娣樻卑鐜?0.0%
馃攳 杩佺Щ缁熻: 鎵ц3娆? 鎴愬姛3娆? 鎴愬姛鐜?00.0%
[璋冭瘯] Episode 0010: 寤惰繜 0.542s, 鑳借€?487.27J, 瀹屾垚鐜?95.1%, 杩佺Щ鎴愬姛鐜?100.0%, 缂撳瓨鍛戒腑 27.4%, 鏁版嵁鎹熷け 9.7%, 缂撳瓨娣樻卑鐜?0.0%
馃攳 杩佺Щ缁熻: 鎵ц3娆? 鎴愬姛3娆? 鎴愬姛鐜?00.0%
[璋冭瘯] Episode 0010: 寤惰繜 0.550s, 鑳借€?512.37J, 瀹屾垚鐜?95.3%, 杩佺Щ鎴愬姛鐜?100.0%, 缂撳瓨鍛戒腑 27.4%, 鏁版嵁鎹熷け 9.6%, 缂撳瓨娣樻卑鐜?0.0%
[VehicleMigration] handover #1: vehicle V_6 task task_43 RSU_0 -> RSU_2
   Trigger: distance 275.0m > threshold 273.5m (speed 17.7 m/s)
   Score: 585.0 -> 225.0 (improvement 61.5%)
   Queue trend: RSU_0: 7 -> 6, RSU_2: 0 -> 1
[VehicleMigration] handover #2: vehicle V_6 task task_49 RSU_0 -> RSU_1
   Trigger: distance 275.0m > threshold 273.5m (speed 17.7 m/s)
   Score: 555.0 -> 235.0 (improvement 57.7%)
   Queue trend: RSU_0: 6 -> 5, RSU_1: 2 -> 3
[Migration] Executed 2 vehicle-following migrations.
馃攳 杩佺Щ缁熻: 鎵ц5娆? 鎴愬姛5娆? 鎴愬姛鐜?00.0%
[璋冭瘯] Episode 0010: 寤惰繜 0.563s, 鑳借€?531.33J, 瀹屾垚鐜?95.6%, 杩佺Щ鎴愬姛鐜?100.0%, 缂撳瓨鍛戒腑 27.4%, 鏁版嵁鎹熷け 6.7%, 缂撳瓨娣樻卑鐜?0.0%
[VehicleMigration] handover #1: vehicle V_7 task task_62 RSU_3 -> RSU_2
   Trigger: distance 296.7m > threshold 282.2m (speed 11.9 m/s)
   Score: 486.7 -> 226.8 (improvement 53.4%)
   Queue trend: RSU_3: 3 -> 2, RSU_2: 1 -> 2
[Migration] Executed 1 vehicle-following migrations.
馃攳 杩佺Щ缁熻: 鎵ц6娆? 鎴愬姛6娆? 鎴愬姛鐜?00.0%
[璋冭瘯] Episode 0010: 寤惰繜 0.541s, 鑳借€?629.91J, 瀹屾垚鐜?96.1%, 杩佺Щ鎴愬姛鐜?100.0%, 缂撳瓨鍛戒腑 27.4%, 鏁版嵁鎹熷け 6.7%, 缂撳瓨娣樻卑鐜?0.0%
馃攳 杩佺Щ缁熻: 鎵ц6娆? 鎴愬姛6娆? 鎴愬姛鐜?00.0%
[璋冭瘯] Episode 0010: 寤惰繜 0.503s, 鑳借€?674.86J, 瀹屾垚鐜?94.6%, 杩佺Щ鎴愬姛鐜?100.0%, 缂撳瓨鍛戒腑 1.7%, 鏁版嵁鎹熷け 6.7%, 缂撳瓨娣樻卑鐜?0.0%
馃攳 杩佺Щ缁熻: 鎵ц6娆? 鎴愬姛6娆? 鎴愬姛鐜?00.0%
[璋冭瘯] Episode 0010: 寤惰繜 0.512s, 鑳借€?697.21J, 瀹屾垚鐜?94.8%, 杩佺Щ鎴愬姛鐜?100.0%, 缂撳瓨鍛戒腑 1.6%, 鏁版嵁鎹熷け 6.6%, 缂撳瓨娣樻卑鐜?0.0%
馃攳 杩佺Щ缁熻: 鎵ц6娆? 鎴愬姛6娆? 鎴愬姛鐜?00.0%
[璋冭瘯] Episode 0010: 寤惰繜 0.509s, 鑳借€?739.88J, 瀹屾垚鐜?95.1%, 杩佺Щ鎴愬姛鐜?100.0%, 缂撳瓨鍛戒腑 1.5%, 鏁版嵁鎹熷け 6.6%, 缂撳瓨娣樻卑鐜?0.0%
馃攳 杩佺Щ缁熻: 鎵ц6娆? 鎴愬姛6娆? 鎴愬姛鐜?00.0%
[璋冭瘯] Episode 0010: 寤惰繜 1.119s, 鑳借€?960.78J, 瀹屾垚鐜?95.2%, 杩佺Щ鎴愬姛鐜?100.0%, 缂撳瓨鍛戒腑 1.5%, 鏁版嵁鎹熷け 6.2%, 缂撳瓨娣樻卑鐜?0.0%
[VehicleMigration] handover #1: vehicle V_6 task task_77 RSU_0 -> RSU_2
   Trigger: distance 285.5m > threshold 274.6m (speed 16.9 m/s)
   Score: 595.5 -> 304.5 (improvement 48.9%)
   Queue trend: RSU_0: 7 -> 6, RSU_2: 3 -> 4
[Migration] Executed 1 vehicle-following migrations.
INFO:werkzeug:127.0.0.1 - - [26/Nov/2025 14:44:19] "POST /socket.io/?EIO=4&transport
=polling&t=Pg-v-Fi&sid=SknL04A7m6Dwk521AAAC HTTP/1.1" 200 -
INFO:werkzeug:127.0.0.1 - - [26/Nov/2025 14:44:19] "GET /socket.io/?EIO=4&transport=
polling&t=Pg-v-Fi.0&sid=SknL04A7m6Dwk521AAAC HTTP/1.1" 200 -
INFO:werkzeug:127.0.0.1 - - [26/Nov/2025 14:44:19] "GET /socket.io/?EIO=4&transport=
polling&t=Pg-v-KV&sid=SknL04A7m6Dwk521AAAC HTTP/1.1" 200 -
馃攳 杩佺Щ缁熻: 鎵ц7娆? 鎴愬姛7娆? 鎴愬姛鐜?00.0%
